[DAP SERVER] | 2023-11-20 01:18:15.501 | [Info] (DapParamParser.cpp, ParseDebugOption, line: 142) | current channel type is socket.
[DAP SERVER] | 2023-11-20 01:18:15.501 | [Info] (DapParamParser.cpp, ParseDebugOption, line: 151) | current debugger is lldbapi.
[DAP SERVER] | 2023-11-20 01:18:15.597 | [Info] (SocketServer.cpp, OnChannelAccepted, line: 64) | SocketServer Accepted, channelServerId: 0, channelId: 0
[DAP SERVER] | 2023-11-20 01:18:15.666 | [Info] (TimeTravelDebugManager.cpp, TimeTravelDebugManager, line: 26) | Time travel debug manager initialized successfully.
[DAP SERVER] | 2023-11-20 01:18:15.667 | [Info] (DebugSession.cpp, OnMessageBuffer, line: 52) | OnMessageThread start.
[DAP SERVER] | 2023-11-20 01:18:15.667 | [Info] (DebugSession.cpp, Start, line: 186) | Session start, sessionId = 1
[DAP SERVER] | 2023-11-20 01:18:15.719 | [Info] (DebugSession.cpp, OnChannelData, line: 45) | channel 0 receive data: 
Content-Length: 523

{"command":"initialize","arguments":{"clientID":"vscode","clientName":"Visual Studio Code","adapterID":"cangjieDebug","pathFormat":"path","linesStartAt1":true,"columnsStartAt1":true,"supportsVariableType":true,"supportsVariablePaging":true,"supportsRunInTerminalRequest":true,"locale":"zh-cn","supportsProgressReporting":true,"supportsInvalidatedEvent":true,"supportsMemoryReferences":true,"supportsArgsCanBeInterpretedByShell":true,"supportsMemoryEvent":true,"supportsStartDebuggingRequest":true},"type":"request","seq":1}
[DAP SERVER] | 2023-11-20 01:18:15.720 | [Info] (MessageBuffer.cpp, GetBodyLength, line: 42) | Head length string: Content-Length: 523
[DAP SERVER] | 2023-11-20 01:18:15.720 | [Info] (MessageBuffer.cpp, GetBodyLength, line: 57) | Get body length from head = 523
[DAP SERVER] | 2023-11-20 01:18:15.720 | [Info] (MessageBuffer.cpp, Pop, line: 116) | Head length = 19, body length = 523
[DAP SERVER] | 2023-11-20 01:18:15.720 | [Info] (MessageBuffer.cpp, GetMessageType, line: 74) | Body string: 
{
    "arguments": {
        "adapterID": "cangjieDebug",
        "clientID": "vscode",
        "clientName": "Visual Studio Code",
        "columnsStartAt1": true,
        "linesStartAt1": true,
        "locale": "zh-cn",
        "pathFormat": "path",
        "supportsArgsCanBeInterpretedByShell": true,
        "supportsInvalidatedEvent": true,
        "supportsMemoryEvent": true,
        "supportsMemoryReferences": true,
        "supportsProgressReporting": true,
        "supportsRunInTerminalRequest": true,
        "supportsStartDebuggingRequest": true,
        "supportsVariablePaging": true,
        "supportsVariableType": true
    },
    "command": "initialize",
    "seq": 1,
    "type": "request"
}
[DAP SERVER] | 2023-11-20 01:18:15.721 | [Info] (DebugSession.cpp, OnMessageBuffer, line: 69) | Pop request, command = initialize, seq = 1
[DAP SERVER] | 2023-11-20 01:18:15.721 | [Info] (LLDBApiDebugger.cpp, OnDapRequest, line: 178) | request = initialize, seq = 1
[DAP SERVER] | 2023-11-20 01:18:15.721 | [Info] (LLDBApiEventHandler.cpp, ListenEvent, line: 67) | Event listener started.
[DAP SERVER] | 2023-11-20 01:18:15.721 | [Info] (DebugSession.cpp, OnDebuggerResponse, line: 152) | send response: 
{
    "body": {
        "additionalModuleColumns": [],
        "exceptionBreakpointFilters": [],
        "supportTerminateDebuggee": true,
        "supportedChecksumAlgorithms": [],
        "supportedTimeTravelRecordPointTypes": [
            "step",
            "breakpoint",
            "function breakpoint",
            "instruction breakpoint",
            "data breakpoint",
            "exception"
        ],
        "supportsConditionalBreakpoints": true,
        "supportsConfigurationDoneRequest": true,
        "supportsDataBreakpoints": true,
        "supportsDisassembleRequest": true,
        "supportsFunctionBreakpoints": true,
        "supportsHitConditionalBreakpoints": true,
        "supportsInstructionBreakpoints": true,
        "supportsReadMemoryRequest": true,
        "supportsSetExecutionPoint": true,
        "supportsSetVariable": true,
        "supportsSteppingGranularity": true,
        "supportsTimeTravelDebugging": false,
        "supportsWriteMemoryRequest": true
    },
    "command": "initialize",
    "request_seq": 1,
    "seq": 1,
    "success": true,
    "type": "response"
}
[DAP SERVER] | 2023-11-20 01:18:15.721 | [Info] (LLDBApiDebugger.cpp, OnDapRequest, line: 213) | handle request end!
[DAP SERVER] | 2023-11-20 01:18:15.738 | [Info] (DebugSession.cpp, OnChannelData, line: 45) | channel 0 receive data: 
Content-Length: 315

{"command":"launch","arguments":{"name":"Cangjie Debug (cjdb): launch","program":"d:/Code/Cj/cjtest/build/bin/main.exe","request":"launch","type":"cangjieDebug","externalConsole":false,"buildBeforeLaunch":true,"__configurationTarget":6,"__sessionId":"a7df4f9c-5b41-4772-8c10-e6baba19ee2d"},"type":"request","seq":2}
[DAP SERVER] | 2023-11-20 01:18:15.738 | [Info] (MessageBuffer.cpp, GetBodyLength, line: 42) | Head length string: Content-Length: 315
[DAP SERVER] | 2023-11-20 01:18:15.738 | [Info] (MessageBuffer.cpp, GetBodyLength, line: 57) | Get body length from head = 315
[DAP SERVER] | 2023-11-20 01:18:15.738 | [Info] (MessageBuffer.cpp, Pop, line: 116) | Head length = 19, body length = 315
[DAP SERVER] | 2023-11-20 01:18:15.738 | [Info] (MessageBuffer.cpp, GetMessageType, line: 74) | Body string: 
{
    "arguments": {
        "__configurationTarget": 6,
        "__sessionId": "a7df4f9c-5b41-4772-8c10-e6baba19ee2d",
        "buildBeforeLaunch": true,
        "externalConsole": false,
        "name": "Cangjie Debug (cjdb): launch",
        "program": "d:/Code/Cj/cjtest/build/bin/main.exe",
        "request": "launch",
        "type": "cangjieDebug"
    },
    "command": "launch",
    "seq": 2,
    "type": "request"
}
[DAP SERVER] | 2023-11-20 01:18:15.739 | [Info] (DebugSession.cpp, OnMessageBuffer, line: 69) | Pop request, command = launch, seq = 2
[DAP SERVER] | 2023-11-20 01:18:15.739 | [Info] (LLDBApiDebugger.cpp, OnDapRequest, line: 178) | request = launch, seq = 2
[DAP SERVER] | 2023-11-20 01:18:15.739 | [Info] (LaunchHelper.cpp, ParseParameters, line: 66) | Launch params:
 program: d:/Code/Cj/cjtest/build/bin/main.exe
 remote: NO_REMOTE
[DAP SERVER] | 2023-11-20 01:18:15.757 | [Info] (LLDBApiEventHandler.cpp, ListenEvent, line: 80) | Description of event: 000000000452f6b0 Event: broadcaster = 00000000045eb1c0 (lldb.target), type = 0x00000002 (modules-loaded), data = {main.exe}
[DAP SERVER] | 2023-11-20 01:18:15.759 | [Info] (LLDBApiEventHandler.cpp, HandleTargetEvent, line: 422) | A target event occurred!
[DAP SERVER] | 2023-11-20 01:18:15.762 | [Info] (DebugSession.cpp, OnDebuggerEvent, line: 134) | send event: 
{
    "body": {
        "category": "console",
        "output": "library-loaded,target-name=\"d:\\Code\\Cj\\cjtest\\build\\bin\\main.exe\",host-name=\"d:\\Code\\Cj\\cjtest\\build\\bin\\main.exe\",loaded_addr=\"-\",codeRange=\"-~-\"\n"
    },
    "event": "output",
    "seq": 2,
    "type": "event"
}
[DAP SERVER] | 2023-11-20 01:18:15.762 | [Info] (LLDBApiEventHandler.cpp, HandleTargetEvent, line: 445) | Target event handle finished, event type is eBroadcastBitModulesLoaded
[DAP SERVER] | 2023-11-20 01:18:15.773 | [Info] (DebugSession.cpp, OnDebuggerRequest, line: 166) | send request: 
{
    "arguments": {
        "args": [],
        "cwd": "",
        "env": {},
        "kind": "integrated",
        "title": "cangjieDebug: main.exe"
    },
    "command": "runInTerminal",
    "seq": 3,
    "type": "request"
}
[DAP SERVER] | 2023-11-20 01:18:15.773 | [Info] (LLDBApiDebugger.cpp, OnDapRequest, line: 213) | handle request end!
[DAP SERVER] | 2023-11-20 01:18:15.805 | [Info] (DebugSession.cpp, OnChannelData, line: 45) | channel 0 receive data: 
Content-Length: 116

{"type":"response","seq":3,"command":"runInTerminal","request_seq":3,"success":true,"body":{"shellProcessId":16640}}
[DAP SERVER] | 2023-11-20 01:18:15.805 | [Info] (MessageBuffer.cpp, GetBodyLength, line: 42) | Head length string: Content-Length: 116
[DAP SERVER] | 2023-11-20 01:18:15.805 | [Info] (MessageBuffer.cpp, GetBodyLength, line: 57) | Get body length from head = 116
[DAP SERVER] | 2023-11-20 01:18:15.805 | [Info] (MessageBuffer.cpp, Pop, line: 116) | Head length = 19, body length = 116
[DAP SERVER] | 2023-11-20 01:18:15.805 | [Info] (MessageBuffer.cpp, GetMessageType, line: 74) | Body string: 
{
    "body": {
        "shellProcessId": 16640
    },
    "command": "runInTerminal",
    "request_seq": 3,
    "seq": 3,
    "success": true,
    "type": "response"
}
[DAP SERVER] | 2023-11-20 01:18:15.805 | [Info] (DebugSession.cpp, OnMessageBuffer, line: 82) | Pop response, command = runInTerminal, seq = 3, request_seq = 3
[DAP SERVER] | 2023-11-20 01:18:15.805 | [Info] (LLDBApiDebugger.cpp, OnDapResponse, line: 223) | response = runInTerminal, success = 1
[DAP SERVER] | 2023-11-20 01:18:15.827 | [Info] (DebugSession.cpp, OnDebuggerResponse, line: 152) | send response: 
{
    "command": "launch",
    "request_seq": 2,
    "seq": 4,
    "success": true,
    "type": "response"
}
[DAP SERVER] | 2023-11-20 01:18:15.827 | [Info] (DebugSession.cpp, OnDebuggerEvent, line: 134) | send event: 
{
    "event": "initialized",
    "seq": 5,
    "type": "event"
}
[DAP SERVER] | 2023-11-20 01:18:15.842 | [Info] (DebugSession.cpp, OnChannelData, line: 45) | channel 0 receive data: 
Content-Length: 201

{"command":"setBreakpoints","arguments":{"source":{"name":"main.cj","path":"d:\\Code\\Cj\\cjtest\\src\\main.cj"},"lines":[5],"breakpoints":[{"line":5}],"sourceModified":false},"type":"request","seq":4}
[DAP SERVER] | 2023-11-20 01:18:15.842 | [Info] (MessageBuffer.cpp, GetBodyLength, line: 42) | Head length string: Content-Length: 201
[DAP SERVER] | 2023-11-20 01:18:15.842 | [Info] (MessageBuffer.cpp, GetBodyLength, line: 57) | Get body length from head = 201
[DAP SERVER] | 2023-11-20 01:18:15.842 | [Info] (MessageBuffer.cpp, Pop, line: 116) | Head length = 19, body length = 201
[DAP SERVER] | 2023-11-20 01:18:15.842 | [Info] (MessageBuffer.cpp, GetMessageType, line: 74) | Body string: 
{
    "arguments": {
        "breakpoints": [
            {
                "line": 5
            }
        ],
        "lines": [
            5
        ],
        "source": {
            "name": "main.cj",
            "path": "d:\\Code\\Cj\\cjtest\\src\\main.cj"
        },
        "sourceModified": false
    },
    "command": "setBreakpoints",
    "seq": 4,
    "type": "request"
}
[DAP SERVER] | 2023-11-20 01:18:15.843 | [Info] (DebugSession.cpp, OnChannelData, line: 45) | channel 0 receive data: 
Content-Length: 92

{"command":"setFunctionBreakpoints","arguments":{"breakpoints":[]},"type":"request","seq":5}
[DAP SERVER] | 2023-11-20 01:18:15.843 | [Info] (DebugSession.cpp, OnMessageBuffer, line: 69) | Pop request, command = setBreakpoints, seq = 4
[DAP SERVER] | 2023-11-20 01:18:15.843 | [Info] (LLDBApiDebugger.cpp, OnDapRequest, line: 178) | request = setBreakpoints, seq = 4
[DAP SERVER] | 2023-11-20 01:18:15.843 | [Warn] (SetBreakpointsApiHandler.cpp, RemoveBreakpoints, line: 95) | WARN: No file path exist, filePath: D:/Code/Cj/cjtest/src/main.cj
[DAP SERVER] | 2023-11-20 01:18:15.843 | [Info] (DebugSession.cpp, OnChannelData, line: 45) | channel 0 receive data: 
Content-Length: 88

{"command":"setDataBreakpoints","arguments":{"breakpoints":[]},"type":"request","seq":6}
[DAP SERVER] | 2023-11-20 01:18:15.843 | [Info] (DebugSession.cpp, OnChannelData, line: 45) | channel 0 receive data: 
Content-Length: 95

{"command":"setInstructionBreakpoints","arguments":{"breakpoints":[]},"type":"request","seq":7}
[DAP SERVER] | 2023-11-20 01:18:15.845 | [Info] (LLDBApiEventHandler.cpp, ListenEvent, line: 80) | Description of event: 0000000004ac6cb0 Event: broadcaster = 00000000045eb1c0 (lldb.target), type = 0x00000001 (breakpoint-changed), data = {bkpt: 1 type: breakpoint added}
[DAP SERVER] | 2023-11-20 01:18:15.845 | [Info] (LLDBApiEventHandler.cpp, HandleBreakpointEvent, line: 509) | A breakpoint event occurred!
[DAP SERVER] | 2023-11-20 01:18:15.871 | [Info] (DebugSession.cpp, OnDebuggerResponse, line: 152) | send response: 
{
    "body": {
        "breakpoints": [
            {
                "id": 1,
                "line": 5,
                "source": {
                    "path": "d:/Code/Cj/cjtest/src/main.cj"
                },
                "verified": true
            }
        ]
    },
    "command": "setBreakpoints",
    "request_seq": 4,
    "seq": 6,
    "success": true,
    "type": "response"
}
[DAP SERVER] | 2023-11-20 01:18:15.871 | [Info] (LLDBApiDebugger.cpp, OnDapRequest, line: 213) | handle request end!
[DAP SERVER] | 2023-11-20 01:18:15.871 | [Info] (MessageBuffer.cpp, GetBodyLength, line: 42) | Head length string: Content-Length: 92
[DAP SERVER] | 2023-11-20 01:18:15.871 | [Info] (MessageBuffer.cpp, GetBodyLength, line: 57) | Get body length from head = 92
[DAP SERVER] | 2023-11-20 01:18:15.871 | [Info] (MessageBuffer.cpp, Pop, line: 116) | Head length = 18, body length = 92
[DAP SERVER] | 2023-11-20 01:18:15.871 | [Info] (MessageBuffer.cpp, GetMessageType, line: 74) | Body string: 
{
    "arguments": {
        "breakpoints": []
    },
    "command": "setFunctionBreakpoints",
    "seq": 5,
    "type": "request"
}
[DAP SERVER] | 2023-11-20 01:18:15.871 | [Info] (DebugSession.cpp, OnMessageBuffer, line: 69) | Pop request, command = setFunctionBreakpoints, seq = 5
[DAP SERVER] | 2023-11-20 01:18:15.871 | [Info] (LLDBApiDebugger.cpp, OnDapRequest, line: 178) | request = setFunctionBreakpoints, seq = 5
[DAP SERVER] | 2023-11-20 01:18:15.872 | [Info] (DebugSession.cpp, OnDebuggerResponse, line: 152) | send response: 
{
    "body": {
        "breakpoints": []
    },
    "command": "setFunctionBreakpoints",
    "request_seq": 5,
    "seq": 7,
    "success": true,
    "type": "response"
}
[DAP SERVER] | 2023-11-20 01:18:15.872 | [Info] (LLDBApiDebugger.cpp, OnDapRequest, line: 213) | handle request end!
[DAP SERVER] | 2023-11-20 01:18:15.872 | [Info] (MessageBuffer.cpp, GetBodyLength, line: 42) | Head length string: Content-Length: 88
[DAP SERVER] | 2023-11-20 01:18:15.872 | [Info] (MessageBuffer.cpp, GetBodyLength, line: 57) | Get body length from head = 88
[DAP SERVER] | 2023-11-20 01:18:15.872 | [Info] (MessageBuffer.cpp, Pop, line: 116) | Head length = 18, body length = 88
[DAP SERVER] | 2023-11-20 01:18:15.872 | [Info] (MessageBuffer.cpp, GetMessageType, line: 74) | Body string: 
{
    "arguments": {
        "breakpoints": []
    },
    "command": "setDataBreakpoints",
    "seq": 6,
    "type": "request"
}
[DAP SERVER] | 2023-11-20 01:18:15.872 | [Info] (DebugSession.cpp, OnMessageBuffer, line: 69) | Pop request, command = setDataBreakpoints, seq = 6
[DAP SERVER] | 2023-11-20 01:18:15.872 | [Info] (LLDBApiDebugger.cpp, OnDapRequest, line: 178) | request = setDataBreakpoints, seq = 6
[DAP SERVER] | 2023-11-20 01:18:15.872 | [Info] (DebugSession.cpp, OnDebuggerResponse, line: 152) | send response: 
{
    "body": {
        "breakpoints": []
    },
    "command": "setDataBreakpoints",
    "request_seq": 6,
    "seq": 8,
    "success": true,
    "type": "response"
}
[DAP SERVER] | 2023-11-20 01:18:15.872 | [Info] (LLDBApiDebugger.cpp, OnDapRequest, line: 213) | handle request end!
[DAP SERVER] | 2023-11-20 01:18:15.872 | [Info] (MessageBuffer.cpp, GetBodyLength, line: 42) | Head length string: Content-Length: 95
[DAP SERVER] | 2023-11-20 01:18:15.872 | [Info] (MessageBuffer.cpp, GetBodyLength, line: 57) | Get body length from head = 95
[DAP SERVER] | 2023-11-20 01:18:15.872 | [Info] (MessageBuffer.cpp, Pop, line: 116) | Head length = 18, body length = 95
[DAP SERVER] | 2023-11-20 01:18:15.872 | [Info] (MessageBuffer.cpp, GetMessageType, line: 74) | Body string: 
{
    "arguments": {
        "breakpoints": []
    },
    "command": "setInstructionBreakpoints",
    "seq": 7,
    "type": "request"
}
[DAP SERVER] | 2023-11-20 01:18:15.872 | [Info] (DebugSession.cpp, OnMessageBuffer, line: 69) | Pop request, command = setInstructionBreakpoints, seq = 7
[DAP SERVER] | 2023-11-20 01:18:15.872 | [Info] (LLDBApiDebugger.cpp, OnDapRequest, line: 178) | request = setInstructionBreakpoints, seq = 7
[DAP SERVER] | 2023-11-20 01:18:15.872 | [Info] (DebugSession.cpp, OnDebuggerResponse, line: 152) | send response: 
{
    "body": {
        "breakpoints": []
    },
    "command": "setInstructionBreakpoints",
    "request_seq": 7,
    "seq": 9,
    "success": true,
    "type": "response"
}
[DAP SERVER] | 2023-11-20 01:18:15.872 | [Info] (LLDBApiDebugger.cpp, OnDapRequest, line: 213) | handle request end!
[DAP SERVER] | 2023-11-20 01:18:15.872 | [Info] (DebugSession.cpp, OnDebuggerEvent, line: 134) | send event: 
{
    "body": {
        "breakpoint": {
            "id": 1,
            "instructionReference": "0x000000014002a6c2",
            "line": 5,
            "message": "Breakpoint",
            "source": {
                "name": "test/default::main()",
                "path": "D:/Code/Cj/cjtest/src/test/default"
            },
            "verified": true
        },
        "hitCount": 0,
        "ignoreCount": 0,
        "reason": "new"
    },
    "event": "breakpoint",
    "seq": 10,
    "type": "event"
}
[DAP SERVER] | 2023-11-20 01:18:15.874 | [Info] (LLDBApiEventHandler.cpp, HandleBreakpointEvent, line: 559) | Breakpoint event handle finished, event type is eBreakpointEventTypeAdded
[DAP SERVER] | 2023-11-20 01:18:15.879 | [Info] (DebugSession.cpp, OnChannelData, line: 45) | channel 0 receive data: 
Content-Length: 56

{"command":"configurationDone","type":"request","seq":8}
[DAP SERVER] | 2023-11-20 01:18:15.879 | [Info] (MessageBuffer.cpp, GetBodyLength, line: 42) | Head length string: Content-Length: 56
[DAP SERVER] | 2023-11-20 01:18:15.879 | [Info] (MessageBuffer.cpp, GetBodyLength, line: 57) | Get body length from head = 56
[DAP SERVER] | 2023-11-20 01:18:15.879 | [Info] (MessageBuffer.cpp, Pop, line: 116) | Head length = 18, body length = 56
[DAP SERVER] | 2023-11-20 01:18:15.879 | [Info] (MessageBuffer.cpp, GetMessageType, line: 74) | Body string: 
{
    "command": "configurationDone",
    "seq": 8,
    "type": "request"
}
[DAP SERVER] | 2023-11-20 01:18:15.879 | [Info] (DebugSession.cpp, OnMessageBuffer, line: 69) | Pop request, command = configurationDone, seq = 8
[DAP SERVER] | 2023-11-20 01:18:15.879 | [Info] (LLDBApiDebugger.cpp, OnDapRequest, line: 178) | request = configurationDone, seq = 8
[DAP SERVER] | 2023-11-20 01:18:15.890 | [Info] (LLDBApiEventHandler.cpp, ListenEvent, line: 80) | Description of event: 0000000004ac3f70 Event: broadcaster = 00000000045eb1c0 (lldb.target), type = 0x00000001 (breakpoint-changed), data = {bkpt: 1 type: locations resolved}
[DAP SERVER] | 2023-11-20 01:18:15.890 | [Info] (LLDBApiEventHandler.cpp, HandleBreakpointEvent, line: 509) | A breakpoint event occurred!
[DAP SERVER] | 2023-11-20 01:18:15.890 | [Info] (LLDBApiEventHandler.cpp, HandleBreakpointEvent, line: 559) | Breakpoint event handle finished, event type is eBreakpointEventTypeLocationsResolved
[DAP SERVER] | 2023-11-20 01:18:15.891 | [Info] (LLDBApiEventHandler.cpp, ListenEvent, line: 80) | Description of event: 0000000004ac3fb0 Event: broadcaster = 00000000045eb1c0 (lldb.target), type = 0x00000002 (modules-loaded), data = {main.exe}
[DAP SERVER] | 2023-11-20 01:18:15.892 | [Info] (LLDBApiEventHandler.cpp, HandleTargetEvent, line: 422) | A target event occurred!
[DAP SERVER] | 2023-11-20 01:18:15.982 | [Info] (DebugSession.cpp, OnDebuggerEvent, line: 134) | send event: 
{
    "body": {
        "category": "console",
        "output": "library-loaded,target-name=\"d:\\Code\\Cj\\cjtest\\build\\bin\\main.exe\",host-name=\"d:\\Code\\Cj\\cjtest\\build\\bin\\main.exe\",loaded_addr=\"0x00007ff79edb0000\",codeRange=\"0x00007ff79edb1000~0x00007ff79edde8a8\"\n"
    },
    "event": "output",
    "seq": 11,
    "type": "event"
}
[DAP SERVER] | 2023-11-20 01:18:15.982 | [Info] (DebugSession.cpp, OnDebuggerResponse, line: 152) | send response: 
{
    "command": "configurationDone",
    "request_seq": 8,
    "seq": 12,
    "success": true,
    "type": "response"
}
[DAP SERVER] | 2023-11-20 01:18:15.982 | [Info] (LLDBApiEventHandler.cpp, HandleTargetEvent, line: 445) | Target event handle finished, event type is eBroadcastBitModulesLoaded
[DAP SERVER] | 2023-11-20 01:18:15.982 | [Info] (LLDBApiEventHandler.cpp, ListenEvent, line: 80) | Description of event: 0000000004ac3f70 Event: broadcaster = 00000000045eb1c0 (lldb.target), type = 0x00000002 (modules-loaded), data = {ntdll.dll}
[DAP SERVER] | 2023-11-20 01:18:15.982 | [Info] (LLDBApiEventHandler.cpp, HandleTargetEvent, line: 422) | A target event occurred!
[DAP SERVER] | 2023-11-20 01:18:15.982 | [Info] (LLDBApiDebugger.cpp, OnDapRequest, line: 213) | handle request end!
[DAP SERVER] | 2023-11-20 01:18:15.982 | [Info] (DebugSession.cpp, OnDebuggerEvent, line: 134) | send event: 
{
    "body": {
        "category": "console",
        "output": "library-loaded,target-name=\"C:\\Windows\\System32\\ntdll.dll\",host-name=\"C:\\Windows\\System32\\ntdll.dll\",loaded_addr=\"0x00007ffb5e270000\",codeRange=\"0x00007ffb5e271000~0x00007ffb5e39e22e\"\n"
    },
    "event": "output",
    "seq": 13,
    "type": "event"
}
[DAP SERVER] | 2023-11-20 01:18:15.982 | [Info] (LLDBApiEventHandler.cpp, HandleTargetEvent, line: 445) | Target event handle finished, event type is eBroadcastBitModulesLoaded
[DAP SERVER] | 2023-11-20 01:18:15.982 | [Info] (LLDBApiEventHandler.cpp, ListenEvent, line: 80) | Description of event: 0000000004bfbff0 Event: broadcaster = 00000000045eb1c0 (lldb.target), type = 0x00000002 (modules-loaded), data = {ntdll.dll}
[DAP SERVER] | 2023-11-20 01:18:15.982 | [Info] (LLDBApiEventHandler.cpp, HandleTargetEvent, line: 422) | A target event occurred!
[DAP SERVER] | 2023-11-20 01:18:15.982 | [Info] (DebugSession.cpp, OnDebuggerEvent, line: 134) | send event: 
{
    "body": {
        "category": "console",
        "output": "library-loaded,target-name=\"C:\\Windows\\System32\\ntdll.dll\",host-name=\"C:\\Windows\\System32\\ntdll.dll\",loaded_addr=\"0x00007ffb5e270000\",codeRange=\"0x00007ffb5e271000~0x00007ffb5e39e22e\"\n"
    },
    "event": "output",
    "seq": 14,
    "type": "event"
}
[DAP SERVER] | 2023-11-20 01:18:15.982 | [Info] (LLDBApiEventHandler.cpp, HandleTargetEvent, line: 445) | Target event handle finished, event type is eBroadcastBitModulesLoaded
[DAP SERVER] | 2023-11-20 01:18:15.982 | [Info] (LLDBApiEventHandler.cpp, ListenEvent, line: 80) | Description of event: 0000000004bfbe70 Event: broadcaster = 00000000045eb1c0 (lldb.target), type = 0x00000002 (modules-loaded), data = {kernel32.dll}
[DAP SERVER] | 2023-11-20 01:18:15.982 | [Info] (LLDBApiEventHandler.cpp, HandleTargetEvent, line: 422) | A target event occurred!
[DAP SERVER] | 2023-11-20 01:18:15.982 | [Info] (DebugSession.cpp, OnDebuggerEvent, line: 134) | send event: 
{
    "body": {
        "category": "console",
        "output": "library-loaded,target-name=\"C:\\Windows\\System32\\kernel32.dll\",host-name=\"C:\\Windows\\System32\\kernel32.dll\",loaded_addr=\"0x00007ffb5d7b0000\",codeRange=\"0x00007ffb5d7b1000~0x00007ffb5d8313cd\"\n"
    },
    "event": "output",
    "seq": 15,
    "type": "event"
}
[DAP SERVER] | 2023-11-20 01:18:15.982 | [Info] (LLDBApiEventHandler.cpp, HandleTargetEvent, line: 445) | Target event handle finished, event type is eBroadcastBitModulesLoaded
[DAP SERVER] | 2023-11-20 01:18:15.982 | [Info] (LLDBApiEventHandler.cpp, ListenEvent, line: 80) | Description of event: 0000000004bfc3b0 Event: broadcaster = 00000000045eb1c0 (lldb.target), type = 0x00000002 (modules-loaded), data = {kernel32.dll}
[DAP SERVER] | 2023-11-20 01:18:15.982 | [Info] (LLDBApiEventHandler.cpp, HandleTargetEvent, line: 422) | A target event occurred!
[DAP SERVER] | 2023-11-20 01:18:15.982 | [Info] (DebugSession.cpp, OnDebuggerEvent, line: 134) | send event: 
{
    "body": {
        "category": "console",
        "output": "library-loaded,target-name=\"C:\\Windows\\System32\\kernel32.dll\",host-name=\"C:\\Windows\\System32\\kernel32.dll\",loaded_addr=\"0x00007ffb5d7b0000\",codeRange=\"0x00007ffb5d7b1000~0x00007ffb5d8313cd\"\n"
    },
    "event": "output",
    "seq": 16,
    "type": "event"
}
[DAP SERVER] | 2023-11-20 01:18:15.984 | [Info] (LLDBApiEventHandler.cpp, HandleTargetEvent, line: 445) | Target event handle finished, event type is eBroadcastBitModulesLoaded
[DAP SERVER] | 2023-11-20 01:18:15.984 | [Info] (LLDBApiEventHandler.cpp, ListenEvent, line: 80) | Description of event: 0000000004bfc570 Event: broadcaster = 00000000045eb1c0 (lldb.target), type = 0x00000002 (modules-loaded), data = {KernelBase.dll}
[DAP SERVER] | 2023-11-20 01:18:15.984 | [Info] (LLDBApiEventHandler.cpp, HandleTargetEvent, line: 422) | A target event occurred!
[DAP SERVER] | 2023-11-20 01:18:15.984 | [Info] (DebugSession.cpp, OnDebuggerEvent, line: 134) | send event: 
{
    "body": {
        "category": "console",
        "output": "library-loaded,target-name=\"C:\\Windows\\System32\\KernelBase.dll\",host-name=\"C:\\Windows\\System32\\KernelBase.dll\",loaded_addr=\"0x00007ffb5b750000\",codeRange=\"0x00007ffb5b751000~0x00007ffb5b8e0109\"\n"
    },
    "event": "output",
    "seq": 17,
    "type": "event"
}
[DAP SERVER] | 2023-11-20 01:18:15.984 | [Info] (LLDBApiEventHandler.cpp, HandleTargetEvent, line: 445) | Target event handle finished, event type is eBroadcastBitModulesLoaded
[DAP SERVER] | 2023-11-20 01:18:15.984 | [Info] (LLDBApiEventHandler.cpp, ListenEvent, line: 80) | Description of event: 0000000004bfcbb0 Event: broadcaster = 00000000045eb1c0 (lldb.target), type = 0x00000002 (modules-loaded), data = {KernelBase.dll}
[DAP SERVER] | 2023-11-20 01:18:15.984 | [Info] (LLDBApiEventHandler.cpp, HandleTargetEvent, line: 422) | A target event occurred!
[DAP SERVER] | 2023-11-20 01:18:15.984 | [Info] (DebugSession.cpp, OnDebuggerEvent, line: 134) | send event: 
{
    "body": {
        "category": "console",
        "output": "library-loaded,target-name=\"C:\\Windows\\System32\\KernelBase.dll\",host-name=\"C:\\Windows\\System32\\KernelBase.dll\",loaded_addr=\"0x00007ffb5b750000\",codeRange=\"0x00007ffb5b751000~0x00007ffb5b8e0109\"\n"
    },
    "event": "output",
    "seq": 18,
    "type": "event"
}
[DAP SERVER] | 2023-11-20 01:18:15.984 | [Info] (LLDBApiEventHandler.cpp, HandleTargetEvent, line: 445) | Target event handle finished, event type is eBroadcastBitModulesLoaded
[DAP SERVER] | 2023-11-20 01:18:15.984 | [Info] (LLDBApiEventHandler.cpp, ListenEvent, line: 80) | Description of event: 0000000004bfc0f0 Event: broadcaster = 00000000045eb1c0 (lldb.target), type = 0x00000002 (modules-loaded), data = {advapi32.dll}
[DAP SERVER] | 2023-11-20 01:18:15.984 | [Info] (LLDBApiEventHandler.cpp, HandleTargetEvent, line: 422) | A target event occurred!
[DAP SERVER] | 2023-11-20 01:18:15.984 | [Info] (DebugSession.cpp, OnDebuggerEvent, line: 134) | send event: 
{
    "body": {
        "category": "console",
        "output": "library-loaded,target-name=\"C:\\Windows\\System32\\advapi32.dll\",host-name=\"C:\\Windows\\System32\\advapi32.dll\",loaded_addr=\"0x00007ffb5c930000\",codeRange=\"0x00007ffb5c931000~0x00007ffb5c99ac17\"\n"
    },
    "event": "output",
    "seq": 19,
    "type": "event"
}
[DAP SERVER] | 2023-11-20 01:18:15.984 | [Info] (LLDBApiEventHandler.cpp, HandleTargetEvent, line: 445) | Target event handle finished, event type is eBroadcastBitModulesLoaded
[DAP SERVER] | 2023-11-20 01:18:15.984 | [Info] (LLDBApiEventHandler.cpp, ListenEvent, line: 80) | Description of event: 0000000004bfc7f0 Event: broadcaster = 00000000045eb1c0 (lldb.target), type = 0x00000002 (modules-loaded), data = {advapi32.dll}
[DAP SERVER] | 2023-11-20 01:18:15.984 | [Info] (LLDBApiEventHandler.cpp, HandleTargetEvent, line: 422) | A target event occurred!
[DAP SERVER] | 2023-11-20 01:18:15.984 | [Info] (DebugSession.cpp, OnDebuggerEvent, line: 134) | send event: 
{
    "body": {
        "category": "console",
        "output": "library-loaded,target-name=\"C:\\Windows\\System32\\advapi32.dll\",host-name=\"C:\\Windows\\System32\\advapi32.dll\",loaded_addr=\"0x00007ffb5c930000\",codeRange=\"0x00007ffb5c931000~0x00007ffb5c99ac17\"\n"
    },
    "event": "output",
    "seq": 20,
    "type": "event"
}
[DAP SERVER] | 2023-11-20 01:18:15.984 | [Info] (LLDBApiEventHandler.cpp, HandleTargetEvent, line: 445) | Target event handle finished, event type is eBroadcastBitModulesLoaded
[DAP SERVER] | 2023-11-20 01:18:15.984 | [Info] (LLDBApiEventHandler.cpp, ListenEvent, line: 80) | Description of event: 0000000004bfe270 Event: broadcaster = 00000000045eb1c0 (lldb.target), type = 0x00000002 (modules-loaded), data = {msvcrt.dll}
[DAP SERVER] | 2023-11-20 01:18:15.984 | [Info] (LLDBApiEventHandler.cpp, HandleTargetEvent, line: 422) | A target event occurred!
[DAP SERVER] | 2023-11-20 01:18:15.984 | [Info] (DebugSession.cpp, OnDebuggerEvent, line: 134) | send event: 
{
    "body": {
        "category": "console",
        "output": "library-loaded,target-name=\"C:\\Windows\\System32\\msvcrt.dll\",host-name=\"C:\\Windows\\System32\\msvcrt.dll\",loaded_addr=\"0x00007ffb5d250000\",codeRange=\"0x00007ffb5d251000~0x00007ffb5d2cb62f\"\n"
    },
    "event": "output",
    "seq": 21,
    "type": "event"
}
[DAP SERVER] | 2023-11-20 01:18:15.984 | [Info] (LLDBApiEventHandler.cpp, HandleTargetEvent, line: 445) | Target event handle finished, event type is eBroadcastBitModulesLoaded
[DAP SERVER] | 2023-11-20 01:18:15.984 | [Info] (LLDBApiEventHandler.cpp, ListenEvent, line: 80) | Description of event: 0000000004bff270 Event: broadcaster = 00000000045eb1c0 (lldb.target), type = 0x00000002 (modules-loaded), data = {msvcrt.dll}
[DAP SERVER] | 2023-11-20 01:18:15.984 | [Info] (LLDBApiEventHandler.cpp, HandleTargetEvent, line: 422) | A target event occurred!
[DAP SERVER] | 2023-11-20 01:18:15.984 | [Info] (DebugSession.cpp, OnDebuggerEvent, line: 134) | send event: 
{
    "body": {
        "category": "console",
        "output": "library-loaded,target-name=\"C:\\Windows\\System32\\msvcrt.dll\",host-name=\"C:\\Windows\\System32\\msvcrt.dll\",loaded_addr=\"0x00007ffb5d250000\",codeRange=\"0x00007ffb5d251000~0x00007ffb5d2cb62f\"\n"
    },
    "event": "output",
    "seq": 22,
    "type": "event"
}
[DAP SERVER] | 2023-11-20 01:18:15.984 | [Info] (LLDBApiEventHandler.cpp, HandleTargetEvent, line: 445) | Target event handle finished, event type is eBroadcastBitModulesLoaded
[DAP SERVER] | 2023-11-20 01:18:15.985 | [Info] (LLDBApiEventHandler.cpp, ListenEvent, line: 80) | Description of event: 0000000004bff1b0 Event: broadcaster = 00000000045eb1c0 (lldb.target), type = 0x00000002 (modules-loaded), data = {sechost.dll}
[DAP SERVER] | 2023-11-20 01:18:15.985 | [Info] (LLDBApiEventHandler.cpp, HandleTargetEvent, line: 422) | A target event occurred!
[DAP SERVER] | 2023-11-20 01:18:15.985 | [Info] (DebugSession.cpp, OnDebuggerEvent, line: 134) | send event: 
{
    "body": {
        "category": "console",
        "output": "library-loaded,target-name=\"C:\\Windows\\System32\\sechost.dll\",host-name=\"C:\\Windows\\System32\\sechost.dll\",loaded_addr=\"0x00007ffb5da00000\",codeRange=\"0x00007ffb5da01000~0x00007ffb5da6ecbd\"\n"
    },
    "event": "output",
    "seq": 23,
    "type": "event"
}
[DAP SERVER] | 2023-11-20 01:18:15.985 | [Info] (LLDBApiEventHandler.cpp, HandleTargetEvent, line: 445) | Target event handle finished, event type is eBroadcastBitModulesLoaded
[DAP SERVER] | 2023-11-20 01:18:15.985 | [Info] (LLDBApiEventHandler.cpp, ListenEvent, line: 80) | Description of event: 0000000004bff070 Event: broadcaster = 00000000045eb1c0 (lldb.target), type = 0x00000002 (modules-loaded), data = {sechost.dll}
[DAP SERVER] | 2023-11-20 01:18:15.985 | [Info] (LLDBApiEventHandler.cpp, HandleTargetEvent, line: 422) | A target event occurred!
[DAP SERVER] | 2023-11-20 01:18:15.985 | [Info] (DebugSession.cpp, OnDebuggerEvent, line: 134) | send event: 
{
    "body": {
        "category": "console",
        "output": "library-loaded,target-name=\"C:\\Windows\\System32\\sechost.dll\",host-name=\"C:\\Windows\\System32\\sechost.dll\",loaded_addr=\"0x00007ffb5da00000\",codeRange=\"0x00007ffb5da01000~0x00007ffb5da6ecbd\"\n"
    },
    "event": "output",
    "seq": 24,
    "type": "event"
}
[DAP SERVER] | 2023-11-20 01:18:15.985 | [Info] (LLDBApiEventHandler.cpp, HandleTargetEvent, line: 445) | Target event handle finished, event type is eBroadcastBitModulesLoaded
[DAP SERVER] | 2023-11-20 01:18:15.985 | [Info] (LLDBApiEventHandler.cpp, ListenEvent, line: 80) | Description of event: 0000000004bfef30 Event: broadcaster = 00000000045eb1c0 (lldb.target), type = 0x00000002 (modules-loaded), data = {rpcrt4.dll}
[DAP SERVER] | 2023-11-20 01:18:15.985 | [Info] (LLDBApiEventHandler.cpp, HandleTargetEvent, line: 422) | A target event occurred!
[DAP SERVER] | 2023-11-20 01:18:15.985 | [Info] (DebugSession.cpp, OnDebuggerEvent, line: 134) | send event: 
{
    "body": {
        "category": "console",
        "output": "library-loaded,target-name=\"C:\\Windows\\System32\\rpcrt4.dll\",host-name=\"C:\\Windows\\System32\\rpcrt4.dll\",loaded_addr=\"0x00007ffb5c810000\",codeRange=\"0x00007ffb5c811000~0x00007ffb5c8e07cb\"\n"
    },
    "event": "output",
    "seq": 25,
    "type": "event"
}
[DAP SERVER] | 2023-11-20 01:18:15.985 | [Info] (LLDBApiEventHandler.cpp, HandleTargetEvent, line: 445) | Target event handle finished, event type is eBroadcastBitModulesLoaded
[DAP SERVER] | 2023-11-20 01:18:15.985 | [Info] (LLDBApiEventHandler.cpp, ListenEvent, line: 80) | Description of event: 0000000004bff7f0 Event: broadcaster = 00000000045eb1c0 (lldb.target), type = 0x00000002 (modules-loaded), data = {rpcrt4.dll}
[DAP SERVER] | 2023-11-20 01:18:15.985 | [Info] (LLDBApiEventHandler.cpp, HandleTargetEvent, line: 422) | A target event occurred!
[DAP SERVER] | 2023-11-20 01:18:15.985 | [Info] (DebugSession.cpp, OnDebuggerEvent, line: 134) | send event: 
{
    "body": {
        "category": "console",
        "output": "library-loaded,target-name=\"C:\\Windows\\System32\\rpcrt4.dll\",host-name=\"C:\\Windows\\System32\\rpcrt4.dll\",loaded_addr=\"0x00007ffb5c810000\",codeRange=\"0x00007ffb5c811000~0x00007ffb5c8e07cb\"\n"
    },
    "event": "output",
    "seq": 26,
    "type": "event"
}
[DAP SERVER] | 2023-11-20 01:18:15.985 | [Info] (LLDBApiEventHandler.cpp, HandleTargetEvent, line: 445) | Target event handle finished, event type is eBroadcastBitModulesLoaded
[DAP SERVER] | 2023-11-20 01:18:15.985 | [Info] (LLDBApiEventHandler.cpp, ListenEvent, line: 80) | Description of event: 0000000004bff830 Event: broadcaster = 00000000045eb1c0 (lldb.target), type = 0x00000002 (modules-loaded), data = {libcangjie-runtime.dll}
[DAP SERVER] | 2023-11-20 01:18:15.985 | [Info] (LLDBApiEventHandler.cpp, HandleTargetEvent, line: 422) | A target event occurred!
[DAP SERVER] | 2023-11-20 01:18:15.985 | [Info] (DebugSession.cpp, OnDebuggerEvent, line: 134) | send event: 
{
    "body": {
        "category": "console",
        "output": "library-loaded,target-name=\"C:\\Users\\27439\\.sdk\\cangjie\\runtime\\lib\\windows_x86_64_llvm\\libcangjie-runtime.dll\",host-name=\"C:\\Users\\27439\\.sdk\\cangjie\\runtime\\lib\\windows_x86_64_llvm\\libcangjie-runtime.dll\",loaded_addr=\"0x00007ffae05b0000\",codeRange=\"0x00007ffae05b1000~0x00007ffae061dd00\"\n"
    },
    "event": "output",
    "seq": 27,
    "type": "event"
}
[DAP SERVER] | 2023-11-20 01:18:15.985 | [Info] (LLDBApiEventHandler.cpp, HandleTargetEvent, line: 445) | Target event handle finished, event type is eBroadcastBitModulesLoaded
[DAP SERVER] | 2023-11-20 01:18:15.985 | [Info] (LLDBApiEventHandler.cpp, ListenEvent, line: 80) | Description of event: 0000000004bff730 Event: broadcaster = 00000000045eb1c0 (lldb.target), type = 0x00000002 (modules-loaded), data = {libcangjie-runtime.dll}
[DAP SERVER] | 2023-11-20 01:18:15.985 | [Info] (LLDBApiEventHandler.cpp, HandleTargetEvent, line: 422) | A target event occurred!
[DAP SERVER] | 2023-11-20 01:18:15.985 | [Info] (DebugSession.cpp, OnDebuggerEvent, line: 134) | send event: 
{
    "body": {
        "category": "console",
        "output": "library-loaded,target-name=\"C:\\Users\\27439\\.sdk\\cangjie\\runtime\\lib\\windows_x86_64_llvm\\libcangjie-runtime.dll\",host-name=\"C:\\Users\\27439\\.sdk\\cangjie\\runtime\\lib\\windows_x86_64_llvm\\libcangjie-runtime.dll\",loaded_addr=\"0x00007ffae05b0000\",codeRange=\"0x00007ffae05b1000~0x00007ffae061dd00\"\n"
    },
    "event": "output",
    "seq": 28,
    "type": "event"
}
[DAP SERVER] | 2023-11-20 01:18:15.985 | [Info] (LLDBApiEventHandler.cpp, HandleTargetEvent, line: 445) | Target event handle finished, event type is eBroadcastBitModulesLoaded
[DAP SERVER] | 2023-11-20 01:18:15.985 | [Info] (LLDBApiEventHandler.cpp, ListenEvent, line: 80) | Description of event: 0000000004bff770 Event: broadcaster = 00000000045eb1c0 (lldb.target), type = 0x00000002 (modules-loaded), data = {libboundscheck.dll}
[DAP SERVER] | 2023-11-20 01:18:15.985 | [Info] (LLDBApiEventHandler.cpp, HandleTargetEvent, line: 422) | A target event occurred!
[DAP SERVER] | 2023-11-20 01:18:15.985 | [Info] (DebugSession.cpp, OnDebuggerEvent, line: 134) | send event: 
{
    "body": {
        "category": "console",
        "output": "library-loaded,target-name=\"C:\\Users\\27439\\.sdk\\cangjie\\runtime\\lib\\windows_x86_64_llvm\\libboundscheck.dll\",host-name=\"C:\\Users\\27439\\.sdk\\cangjie\\runtime\\lib\\windows_x86_64_llvm\\libboundscheck.dll\",loaded_addr=\"0x00007ffb2b150000\",codeRange=\"0x00007ffb2b151000~0x00007ffb2b1590b0\"\n"
    },
    "event": "output",
    "seq": 29,
    "type": "event"
}
[DAP SERVER] | 2023-11-20 01:18:15.985 | [Info] (LLDBApiEventHandler.cpp, HandleTargetEvent, line: 445) | Target event handle finished, event type is eBroadcastBitModulesLoaded
[DAP SERVER] | 2023-11-20 01:18:15.985 | [Info] (LLDBApiEventHandler.cpp, ListenEvent, line: 80) | Description of event: 0000000004c008f0 Event: broadcaster = 00000000045eb1c0 (lldb.target), type = 0x00000002 (modules-loaded), data = {libboundscheck.dll}
[DAP SERVER] | 2023-11-20 01:18:15.985 | [Info] (LLDBApiEventHandler.cpp, HandleTargetEvent, line: 422) | A target event occurred!
[DAP SERVER] | 2023-11-20 01:18:15.985 | [Info] (DebugSession.cpp, OnDebuggerEvent, line: 134) | send event: 
{
    "body": {
        "category": "console",
        "output": "library-loaded,target-name=\"C:\\Users\\27439\\.sdk\\cangjie\\runtime\\lib\\windows_x86_64_llvm\\libboundscheck.dll\",host-name=\"C:\\Users\\27439\\.sdk\\cangjie\\runtime\\lib\\windows_x86_64_llvm\\libboundscheck.dll\",loaded_addr=\"0x00007ffb2b150000\",codeRange=\"0x00007ffb2b151000~0x00007ffb2b1590b0\"\n"
    },
    "event": "output",
    "seq": 30,
    "type": "event"
}
[DAP SERVER] | 2023-11-20 01:18:15.985 | [Info] (LLDBApiEventHandler.cpp, HandleTargetEvent, line: 445) | Target event handle finished, event type is eBroadcastBitModulesLoaded
[DAP SERVER] | 2023-11-20 01:18:15.985 | [Info] (LLDBApiEventHandler.cpp, ListenEvent, line: 80) | Description of event: 0000000004c00770 Event: broadcaster = 00000000045eb1c0 (lldb.target), type = 0x00000002 (modules-loaded), data = {shlwapi.dll}
[DAP SERVER] | 2023-11-20 01:18:15.985 | [Info] (LLDBApiEventHandler.cpp, HandleTargetEvent, line: 422) | A target event occurred!
[DAP SERVER] | 2023-11-20 01:18:15.985 | [Info] (DebugSession.cpp, OnDebuggerEvent, line: 134) | send event: 
{
    "body": {
        "category": "console",
        "output": "library-loaded,target-name=\"C:\\Windows\\System32\\shlwapi.dll\",host-name=\"C:\\Windows\\System32\\shlwapi.dll\",loaded_addr=\"0x00007ffb5c660000\",codeRange=\"0x00007ffb5c661000~0x00007ffb5c69437d\"\n"
    },
    "event": "output",
    "seq": 31,
    "type": "event"
}
[DAP SERVER] | 2023-11-20 01:18:15.985 | [Info] (LLDBApiEventHandler.cpp, HandleTargetEvent, line: 445) | Target event handle finished, event type is eBroadcastBitModulesLoaded
[DAP SERVER] | 2023-11-20 01:18:15.985 | [Info] (LLDBApiEventHandler.cpp, ListenEvent, line: 80) | Description of event: 0000000004c008b0 Event: broadcaster = 00000000045eb1c0 (lldb.target), type = 0x00000002 (modules-loaded), data = {shlwapi.dll}
[DAP SERVER] | 2023-11-20 01:18:15.986 | [Info] (LLDBApiEventHandler.cpp, HandleTargetEvent, line: 422) | A target event occurred!
[DAP SERVER] | 2023-11-20 01:18:15.986 | [Info] (DebugSession.cpp, OnDebuggerEvent, line: 134) | send event: 
{
    "body": {
        "category": "console",
        "output": "library-loaded,target-name=\"C:\\Windows\\System32\\shlwapi.dll\",host-name=\"C:\\Windows\\System32\\shlwapi.dll\",loaded_addr=\"0x00007ffb5c660000\",codeRange=\"0x00007ffb5c661000~0x00007ffb5c69437d\"\n"
    },
    "event": "output",
    "seq": 32,
    "type": "event"
}
[DAP SERVER] | 2023-11-20 01:18:15.986 | [Info] (LLDBApiEventHandler.cpp, HandleTargetEvent, line: 445) | Target event handle finished, event type is eBroadcastBitModulesLoaded
[DAP SERVER] | 2023-11-20 01:18:15.986 | [Info] (LLDBApiEventHandler.cpp, ListenEvent, line: 80) | Description of event: 0000000004c00830 Event: broadcaster = 00000000045eb1c0 (lldb.target), type = 0x00000002 (modules-loaded), data = {dbghelp.dll}
[DAP SERVER] | 2023-11-20 01:18:15.986 | [Info] (LLDBApiEventHandler.cpp, HandleTargetEvent, line: 422) | A target event occurred!
[DAP SERVER] | 2023-11-20 01:18:15.986 | [Info] (DebugSession.cpp, OnDebuggerEvent, line: 134) | send event: 
{
    "body": {
        "category": "console",
        "output": "library-loaded,target-name=\"C:\\Windows\\System32\\dbghelp.dll\",host-name=\"C:\\Windows\\System32\\dbghelp.dll\",loaded_addr=\"0x00007ffb51c90000\",codeRange=\"0x00007ffb51c91000~0x00007ffb51e22028\"\n"
    },
    "event": "output",
    "seq": 33,
    "type": "event"
}
[DAP SERVER] | 2023-11-20 01:18:15.986 | [Info] (LLDBApiEventHandler.cpp, HandleTargetEvent, line: 445) | Target event handle finished, event type is eBroadcastBitModulesLoaded
[DAP SERVER] | 2023-11-20 01:18:15.986 | [Info] (LLDBApiEventHandler.cpp, ListenEvent, line: 80) | Description of event: 0000000004c000f0 Event: broadcaster = 00000000045eb1c0 (lldb.target), type = 0x00000002 (modules-loaded), data = {dbghelp.dll}
[DAP SERVER] | 2023-11-20 01:18:15.986 | [Info] (LLDBApiEventHandler.cpp, HandleTargetEvent, line: 422) | A target event occurred!
[DAP SERVER] | 2023-11-20 01:18:15.986 | [Info] (DebugSession.cpp, OnDebuggerEvent, line: 134) | send event: 
{
    "body": {
        "category": "console",
        "output": "library-loaded,target-name=\"C:\\Windows\\System32\\dbghelp.dll\",host-name=\"C:\\Windows\\System32\\dbghelp.dll\",loaded_addr=\"0x00007ffb51c90000\",codeRange=\"0x00007ffb51c91000~0x00007ffb51e22028\"\n"
    },
    "event": "output",
    "seq": 34,
    "type": "event"
}
[DAP SERVER] | 2023-11-20 01:18:15.986 | [Info] (LLDBApiEventHandler.cpp, HandleTargetEvent, line: 445) | Target event handle finished, event type is eBroadcastBitModulesLoaded
[DAP SERVER] | 2023-11-20 01:18:15.986 | [Info] (LLDBApiEventHandler.cpp, ListenEvent, line: 80) | Description of event: 0000000004c004f0 Event: broadcaster = 00000000045eb1c0 (lldb.target), type = 0x00000002 (modules-loaded), data = {ws2_32.dll}
[DAP SERVER] | 2023-11-20 01:18:15.986 | [Info] (LLDBApiEventHandler.cpp, HandleTargetEvent, line: 422) | A target event occurred!
[DAP SERVER] | 2023-11-20 01:18:15.986 | [Info] (DebugSession.cpp, OnDebuggerEvent, line: 134) | send event: 
{
    "body": {
        "category": "console",
        "output": "library-loaded,target-name=\"C:\\Windows\\System32\\ws2_32.dll\",host-name=\"C:\\Windows\\System32\\ws2_32.dll\",loaded_addr=\"0x00007ffb5c550000\",codeRange=\"0x00007ffb5c551000~0x00007ffb5c593a30\"\n"
    },
    "event": "output",
    "seq": 35,
    "type": "event"
}
[DAP SERVER] | 2023-11-20 01:18:15.986 | [Info] (LLDBApiEventHandler.cpp, HandleTargetEvent, line: 445) | Target event handle finished, event type is eBroadcastBitModulesLoaded
[DAP SERVER] | 2023-11-20 01:18:15.986 | [Info] (LLDBApiEventHandler.cpp, ListenEvent, line: 80) | Description of event: 0000000004c00270 Event: broadcaster = 00000000045eb1c0 (lldb.target), type = 0x00000002 (modules-loaded), data = {ws2_32.dll}
[DAP SERVER] | 2023-11-20 01:18:15.986 | [Info] (LLDBApiEventHandler.cpp, HandleTargetEvent, line: 422) | A target event occurred!
[DAP SERVER] | 2023-11-20 01:18:15.986 | [Info] (DebugSession.cpp, OnDebuggerEvent, line: 134) | send event: 
{
    "body": {
        "category": "console",
        "output": "library-loaded,target-name=\"C:\\Windows\\System32\\ws2_32.dll\",host-name=\"C:\\Windows\\System32\\ws2_32.dll\",loaded_addr=\"0x00007ffb5c550000\",codeRange=\"0x00007ffb5c551000~0x00007ffb5c593a30\"\n"
    },
    "event": "output",
    "seq": 36,
    "type": "event"
}
[DAP SERVER] | 2023-11-20 01:18:15.986 | [Info] (LLDBApiEventHandler.cpp, HandleTargetEvent, line: 445) | Target event handle finished, event type is eBroadcastBitModulesLoaded
[DAP SERVER] | 2023-11-20 01:18:15.986 | [Info] (LLDBApiEventHandler.cpp, ListenEvent, line: 80) | Description of event: 0000000004c00af0 Event: broadcaster = 00000000045eb1c0 (lldb.target), type = 0x00000002 (modules-loaded), data = {ucrtbase.dll}
[DAP SERVER] | 2023-11-20 01:18:15.986 | [Info] (LLDBApiEventHandler.cpp, HandleTargetEvent, line: 422) | A target event occurred!
[DAP SERVER] | 2023-11-20 01:18:15.986 | [Info] (DebugSession.cpp, OnDebuggerEvent, line: 134) | send event: 
{
    "body": {
        "category": "console",
        "output": "library-loaded,target-name=\"C:\\Windows\\System32\\ucrtbase.dll\",host-name=\"C:\\Windows\\System32\\ucrtbase.dll\",loaded_addr=\"0x00007ffb5bb00000\",codeRange=\"0x00007ffb5bb01000~0x00007ffb5bbc3565\"\n"
    },
    "event": "output",
    "seq": 37,
    "type": "event"
}
[DAP SERVER] | 2023-11-20 01:18:15.986 | [Info] (LLDBApiEventHandler.cpp, HandleTargetEvent, line: 445) | Target event handle finished, event type is eBroadcastBitModulesLoaded
[DAP SERVER] | 2023-11-20 01:18:15.986 | [Info] (LLDBApiEventHandler.cpp, ListenEvent, line: 80) | Description of event: 0000000004c00b30 Event: broadcaster = 00000000045eb1c0 (lldb.target), type = 0x00000002 (modules-loaded), data = {ucrtbase.dll}
[DAP SERVER] | 2023-11-20 01:18:15.986 | [Info] (LLDBApiEventHandler.cpp, HandleTargetEvent, line: 422) | A target event occurred!
[DAP SERVER] | 2023-11-20 01:18:15.986 | [Info] (DebugSession.cpp, OnDebuggerEvent, line: 134) | send event: 
{
    "body": {
        "category": "console",
        "output": "library-loaded,target-name=\"C:\\Windows\\System32\\ucrtbase.dll\",host-name=\"C:\\Windows\\System32\\ucrtbase.dll\",loaded_addr=\"0x00007ffb5bb00000\",codeRange=\"0x00007ffb5bb01000~0x00007ffb5bbc3565\"\n"
    },
    "event": "output",
    "seq": 38,
    "type": "event"
}
[DAP SERVER] | 2023-11-20 01:18:15.986 | [Info] (LLDBApiEventHandler.cpp, HandleTargetEvent, line: 445) | Target event handle finished, event type is eBroadcastBitModulesLoaded
[DAP SERVER] | 2023-11-20 01:18:15.986 | [Info] (LLDBApiEventHandler.cpp, ListenEvent, line: 80) | Description of event: 0000000004c00b70 Event: broadcaster = 00000000045eb1c0 (lldb.target), type = 0x00000002 (modules-loaded), data = {combase.dll}
[DAP SERVER] | 2023-11-20 01:18:15.986 | [Info] (LLDBApiEventHandler.cpp, HandleTargetEvent, line: 422) | A target event occurred!
[DAP SERVER] | 2023-11-20 01:18:15.986 | [Info] (DebugSession.cpp, OnDebuggerEvent, line: 134) | send event: 
{
    "body": {
        "category": "console",
        "output": "library-loaded,target-name=\"C:\\Windows\\System32\\combase.dll\",host-name=\"C:\\Windows\\System32\\combase.dll\",loaded_addr=\"0x00007ffb5bff0000\",codeRange=\"0x00007ffb5bff1000~0x00007ffb5c256f8c\"\n"
    },
    "event": "output",
    "seq": 39,
    "type": "event"
}
[DAP SERVER] | 2023-11-20 01:18:15.987 | [Info] (LLDBApiEventHandler.cpp, HandleTargetEvent, line: 445) | Target event handle finished, event type is eBroadcastBitModulesLoaded
[DAP SERVER] | 2023-11-20 01:18:15.987 | [Info] (LLDBApiEventHandler.cpp, ListenEvent, line: 80) | Description of event: 0000000004c006b0 Event: broadcaster = 00000000045eb1c0 (lldb.target), type = 0x00000002 (modules-loaded), data = {combase.dll}
[DAP SERVER] | 2023-11-20 01:18:15.987 | [Info] (LLDBApiEventHandler.cpp, HandleTargetEvent, line: 422) | A target event occurred!
[DAP SERVER] | 2023-11-20 01:18:15.987 | [Info] (DebugSession.cpp, OnDebuggerEvent, line: 134) | send event: 
{
    "body": {
        "category": "console",
        "output": "library-loaded,target-name=\"C:\\Windows\\System32\\combase.dll\",host-name=\"C:\\Windows\\System32\\combase.dll\",loaded_addr=\"0x00007ffb5bff0000\",codeRange=\"0x00007ffb5bff1000~0x00007ffb5c256f8c\"\n"
    },
    "event": "output",
    "seq": 40,
    "type": "event"
}
[DAP SERVER] | 2023-11-20 01:18:15.987 | [Info] (LLDBApiEventHandler.cpp, HandleTargetEvent, line: 445) | Target event handle finished, event type is eBroadcastBitModulesLoaded
[DAP SERVER] | 2023-11-20 01:18:15.987 | [Info] (LLDBApiEventHandler.cpp, ListenEvent, line: 80) | Description of event: 0000000004c00070 Event: broadcaster = 00000000045eb1c0 (lldb.target), type = 0x00000002 (modules-loaded), data = {oleaut32.dll}
[DAP SERVER] | 2023-11-20 01:18:15.987 | [Info] (LLDBApiEventHandler.cpp, HandleTargetEvent, line: 422) | A target event occurred!
[DAP SERVER] | 2023-11-20 01:18:15.987 | [Info] (DebugSession.cpp, OnDebuggerEvent, line: 134) | send event: 
{
    "body": {
        "category": "console",
        "output": "library-loaded,target-name=\"C:\\Windows\\System32\\oleaut32.dll\",host-name=\"C:\\Windows\\System32\\oleaut32.dll\",loaded_addr=\"0x00007ffb5d440000\",codeRange=\"0x00007ffb5d441000~0x00007ffb5d4de8cf\"\n"
    },
    "event": "output",
    "seq": 41,
    "type": "event"
}
[DAP SERVER] | 2023-11-20 01:18:15.987 | [Info] (LLDBApiEventHandler.cpp, HandleTargetEvent, line: 445) | Target event handle finished, event type is eBroadcastBitModulesLoaded
[DAP SERVER] | 2023-11-20 01:18:15.987 | [Info] (LLDBApiEventHandler.cpp, ListenEvent, line: 80) | Description of event: 0000000004c01470 Event: broadcaster = 00000000045eb1c0 (lldb.target), type = 0x00000002 (modules-loaded), data = {oleaut32.dll}
[DAP SERVER] | 2023-11-20 01:18:15.987 | [Info] (LLDBApiEventHandler.cpp, HandleTargetEvent, line: 422) | A target event occurred!
[DAP SERVER] | 2023-11-20 01:18:15.987 | [Info] (DebugSession.cpp, OnDebuggerEvent, line: 134) | send event: 
{
    "body": {
        "category": "console",
        "output": "library-loaded,target-name=\"C:\\Windows\\System32\\oleaut32.dll\",host-name=\"C:\\Windows\\System32\\oleaut32.dll\",loaded_addr=\"0x00007ffb5d440000\",codeRange=\"0x00007ffb5d441000~0x00007ffb5d4de8cf\"\n"
    },
    "event": "output",
    "seq": 42,
    "type": "event"
}
[DAP SERVER] | 2023-11-20 01:18:15.987 | [Info] (LLDBApiEventHandler.cpp, HandleTargetEvent, line: 445) | Target event handle finished, event type is eBroadcastBitModulesLoaded
[DAP SERVER] | 2023-11-20 01:18:15.987 | [Info] (LLDBApiEventHandler.cpp, ListenEvent, line: 80) | Description of event: 0000000004c01030 Event: broadcaster = 00000000045eb1c0 (lldb.target), type = 0x00000002 (modules-loaded), data = {msvcp_win.dll}
[DAP SERVER] | 2023-11-20 01:18:15.987 | [Info] (LLDBApiEventHandler.cpp, HandleTargetEvent, line: 422) | A target event occurred!
[DAP SERVER] | 2023-11-20 01:18:15.987 | [Info] (DebugSession.cpp, OnDebuggerEvent, line: 134) | send event: 
{
    "body": {
        "category": "console",
        "output": "library-loaded,target-name=\"C:\\Windows\\System32\\msvcp_win.dll\",host-name=\"C:\\Windows\\System32\\msvcp_win.dll\",loaded_addr=\"0x00007ffb5bc20000\",codeRange=\"0x00007ffb5bc21000~0x00007ffb5bc72e82\"\n"
    },
    "event": "output",
    "seq": 43,
    "type": "event"
}
[DAP SERVER] | 2023-11-20 01:18:15.987 | [Info] (LLDBApiEventHandler.cpp, HandleTargetEvent, line: 445) | Target event handle finished, event type is eBroadcastBitModulesLoaded
[DAP SERVER] | 2023-11-20 01:18:15.987 | [Info] (LLDBApiEventHandler.cpp, ListenEvent, line: 80) | Description of event: 0000000004c019f0 Event: broadcaster = 00000000045eb1c0 (lldb.target), type = 0x00000002 (modules-loaded), data = {msvcp_win.dll}
[DAP SERVER] | 2023-11-20 01:18:15.987 | [Info] (LLDBApiEventHandler.cpp, HandleTargetEvent, line: 422) | A target event occurred!
[DAP SERVER] | 2023-11-20 01:18:15.987 | [Info] (DebugSession.cpp, OnDebuggerEvent, line: 134) | send event: 
{
    "body": {
        "category": "console",
        "output": "library-loaded,target-name=\"C:\\Windows\\System32\\msvcp_win.dll\",host-name=\"C:\\Windows\\System32\\msvcp_win.dll\",loaded_addr=\"0x00007ffb5bc20000\",codeRange=\"0x00007ffb5bc21000~0x00007ffb5bc72e82\"\n"
    },
    "event": "output",
    "seq": 44,
    "type": "event"
}
[DAP SERVER] | 2023-11-20 01:18:15.987 | [Info] (LLDBApiEventHandler.cpp, HandleTargetEvent, line: 445) | Target event handle finished, event type is eBroadcastBitModulesLoaded
[DAP SERVER] | 2023-11-20 01:18:15.987 | [Info] (LLDBApiEventHandler.cpp, ListenEvent, line: 80) | Description of event: 0000000004c01270 Event: broadcaster = 00000000045eb1c0 (lldb.target), type = 0x00000002 (modules-loaded), data = {main.exe}
[DAP SERVER] | 2023-11-20 01:18:15.987 | [Info] (LLDBApiEventHandler.cpp, HandleTargetEvent, line: 422) | A target event occurred!
[DAP SERVER] | 2023-11-20 01:18:15.987 | [Info] (DebugSession.cpp, OnDebuggerEvent, line: 134) | send event: 
{
    "body": {
        "category": "console",
        "output": "library-loaded,target-name=\"d:\\Code\\Cj\\cjtest\\build\\bin\\main.exe\",host-name=\"d:\\Code\\Cj\\cjtest\\build\\bin\\main.exe\",loaded_addr=\"0x00007ff79edb0000\",codeRange=\"0x00007ff79edb1000~0x00007ff79edde8a8\"\n"
    },
    "event": "output",
    "seq": 45,
    "type": "event"
}
[DAP SERVER] | 2023-11-20 01:18:15.987 | [Info] (LLDBApiEventHandler.cpp, HandleTargetEvent, line: 445) | Target event handle finished, event type is eBroadcastBitModulesLoaded
[DAP SERVER] | 2023-11-20 01:18:15.987 | [Info] (LLDBApiEventHandler.cpp, ListenEvent, line: 80) | Description of event: 0000000004bd5a10 Event: broadcaster = 0000000004b97b38 (lldb.process), type = 0x00000001 (state-changed), data = { process = 0000000004b97b00 (pid = 27652), state = running}
[DAP SERVER] | 2023-11-20 01:18:15.988 | [Info] (LLDBApiEventHandler.cpp, HandleProcessEvent, line: 110) | A process event occurred!
[DAP SERVER] | 2023-11-20 01:18:15.988 | [Info] (LLDBApiEventHandler.cpp, HandleProcessStateChangedEvent, line: 143) | Process state changed!
[DAP SERVER] | 2023-11-20 01:18:15.988 | [Info] (DebugSession.cpp, OnDebuggerEvent, line: 134) | send event: 
{
    "body": {
        "allThreadsContinued": true,
        "threadId": 0
    },
    "event": "continued",
    "seq": 46,
    "type": "event"
}
[DAP SERVER] | 2023-11-20 01:18:15.988 | [Info] (LLDBApiEventHandler.cpp, HandleProcessStateChangedEvent, line: 189) | Process state changed event handler finished, process state changed toeStateRunning
[DAP SERVER] | 2023-11-20 01:18:15.988 | [Info] (LLDBApiEventHandler.cpp, HandleProcessEvent, line: 138) | Process event handle finished, event type is eBroadcastBitStateChanged
[DAP SERVER] | 2023-11-20 01:18:15.988 | [Info] (LLDBApiEventHandler.cpp, ListenEvent, line: 80) | Description of event: 0000000004c00770 Event: broadcaster = 00000000045eb1c0 (lldb.target), type = 0x00000002 (modules-loaded), data = {cryptsp.dll}
[DAP SERVER] | 2023-11-20 01:18:15.988 | [Info] (LLDBApiEventHandler.cpp, HandleTargetEvent, line: 422) | A target event occurred!
[DAP SERVER] | 2023-11-20 01:18:15.988 | [Info] (DebugSession.cpp, OnDebuggerEvent, line: 134) | send event: 
{
    "body": {
        "category": "console",
        "output": "library-loaded,target-name=\"C:\\Windows\\System32\\cryptsp.dll\",host-name=\"C:\\Windows\\System32\\cryptsp.dll\",loaded_addr=\"0x00007ffb5ad90000\",codeRange=\"0x00007ffb5ad91000~0x00007ffb5ad9e99c\"\n"
    },
    "event": "output",
    "seq": 47,
    "type": "event"
}
[DAP SERVER] | 2023-11-20 01:18:15.988 | [Info] (LLDBApiEventHandler.cpp, HandleTargetEvent, line: 445) | Target event handle finished, event type is eBroadcastBitModulesLoaded
[DAP SERVER] | 2023-11-20 01:18:15.988 | [Info] (LLDBApiEventHandler.cpp, ListenEvent, line: 80) | Description of event: 0000000004c010b0 Event: broadcaster = 00000000045eb1c0 (lldb.target), type = 0x00000002 (modules-loaded), data = {cryptsp.dll}
[DAP SERVER] | 2023-11-20 01:18:15.988 | [Info] (LLDBApiEventHandler.cpp, HandleTargetEvent, line: 422) | A target event occurred!
[DAP SERVER] | 2023-11-20 01:18:15.988 | [Info] (DebugSession.cpp, OnDebuggerEvent, line: 134) | send event: 
{
    "body": {
        "category": "console",
        "output": "library-loaded,target-name=\"C:\\Windows\\System32\\cryptsp.dll\",host-name=\"C:\\Windows\\System32\\cryptsp.dll\",loaded_addr=\"0x00007ffb5ad90000\",codeRange=\"0x00007ffb5ad91000~0x00007ffb5ad9e99c\"\n"
    },
    "event": "output",
    "seq": 48,
    "type": "event"
}
[DAP SERVER] | 2023-11-20 01:18:15.988 | [Info] (LLDBApiEventHandler.cpp, HandleTargetEvent, line: 445) | Target event handle finished, event type is eBroadcastBitModulesLoaded
[DAP SERVER] | 2023-11-20 01:18:15.989 | [Info] (LLDBApiEventHandler.cpp, ListenEvent, line: 80) | Description of event: 0000000004c004f0 Event: broadcaster = 00000000045eb1c0 (lldb.target), type = 0x00000002 (modules-loaded), data = {rsaenh.dll}
[DAP SERVER] | 2023-11-20 01:18:15.989 | [Info] (LLDBApiEventHandler.cpp, HandleTargetEvent, line: 422) | A target event occurred!
[DAP SERVER] | 2023-11-20 01:18:15.989 | [Info] (DebugSession.cpp, OnDebuggerEvent, line: 134) | send event: 
{
    "body": {
        "category": "console",
        "output": "library-loaded,target-name=\"C:\\Windows\\System32\\rsaenh.dll\",host-name=\"C:\\Windows\\System32\\rsaenh.dll\",loaded_addr=\"0x00007ffb5a5f0000\",codeRange=\"0x00007ffb5a5f1000~0x00007ffb5a614022\"\n"
    },
    "event": "output",
    "seq": 49,
    "type": "event"
}
[DAP SERVER] | 2023-11-20 01:18:15.990 | [Info] (LLDBApiEventHandler.cpp, HandleTargetEvent, line: 445) | Target event handle finished, event type is eBroadcastBitModulesLoaded
[DAP SERVER] | 2023-11-20 01:18:15.990 | [Info] (LLDBApiEventHandler.cpp, ListenEvent, line: 80) | Description of event: 0000000004c01770 Event: broadcaster = 00000000045eb1c0 (lldb.target), type = 0x00000002 (modules-loaded), data = {rsaenh.dll}
[DAP SERVER] | 2023-11-20 01:18:15.990 | [Info] (LLDBApiEventHandler.cpp, HandleTargetEvent, line: 422) | A target event occurred!
[DAP SERVER] | 2023-11-20 01:18:15.990 | [Info] (DebugSession.cpp, OnDebuggerEvent, line: 134) | send event: 
{
    "body": {
        "category": "console",
        "output": "library-loaded,target-name=\"C:\\Windows\\System32\\rsaenh.dll\",host-name=\"C:\\Windows\\System32\\rsaenh.dll\",loaded_addr=\"0x00007ffb5a5f0000\",codeRange=\"0x00007ffb5a5f1000~0x00007ffb5a614022\"\n"
    },
    "event": "output",
    "seq": 50,
    "type": "event"
}
[DAP SERVER] | 2023-11-20 01:18:15.990 | [Info] (LLDBApiEventHandler.cpp, HandleTargetEvent, line: 445) | Target event handle finished, event type is eBroadcastBitModulesLoaded
[DAP SERVER] | 2023-11-20 01:18:15.991 | [Info] (DebugSession.cpp, OnChannelData, line: 45) | channel 0 receive data: 
Content-Length: 133

{"command":"debugInConsole","arguments":{"debugCommand":"process handle -p true -s false -n false SIGSEGV"},"type":"request","seq":9}
[DAP SERVER] | 2023-11-20 01:18:15.991 | [Info] (MessageBuffer.cpp, GetBodyLength, line: 42) | Head length string: Content-Length: 133
[DAP SERVER] | 2023-11-20 01:18:15.991 | [Info] (MessageBuffer.cpp, GetBodyLength, line: 57) | Get body length from head = 133
[DAP SERVER] | 2023-11-20 01:18:15.991 | [Info] (MessageBuffer.cpp, Pop, line: 116) | Head length = 19, body length = 133
[DAP SERVER] | 2023-11-20 01:18:15.991 | [Info] (MessageBuffer.cpp, GetMessageType, line: 74) | Body string: 
{
    "arguments": {
        "debugCommand": "process handle -p true -s false -n false SIGSEGV"
    },
    "command": "debugInConsole",
    "seq": 9,
    "type": "request"
}
[DAP SERVER] | 2023-11-20 01:18:15.992 | [Info] (DebugSession.cpp, OnMessageBuffer, line: 69) | Pop request, command = debugInConsole, seq = 9
[DAP SERVER] | 2023-11-20 01:18:15.992 | [Info] (LLDBApiDebugger.cpp, OnDapRequest, line: 178) | request = debugInConsole, seq = 9
[DAP SERVER] | 2023-11-20 01:18:15.992 | [Info] (LLDBApiDebugger.cpp, ExecCommand, line: 530) | Send Command to Debugger : process handle -p true -s false -n false SIGSEGV
[DAP SERVER] | 2023-11-20 01:18:15.992 | [Info] (DebugSession.cpp, OnChannelData, line: 45) | channel 0 receive data: 
Content-Length: 47

{"command":"threads","type":"request","seq":10}
[DAP SERVER] | 2023-11-20 01:18:15.992 | [Info] (LLDBApiEventHandler.cpp, ListenEvent, line: 80) | Description of event: 0000000004c01ab0 Event: broadcaster = 00000000045eb1c0 (lldb.target), type = 0x00000002 (modules-loaded), data = {cryptbase.dll}
[DAP SERVER] | 2023-11-20 01:18:15.992 | [Info] (LLDBApiEventHandler.cpp, HandleTargetEvent, line: 422) | A target event occurred!
[DAP SERVER] | 2023-11-20 01:18:15.992 | [Info] (DebugSession.cpp, OnDebuggerEvent, line: 134) | send event: 
{
    "body": {
        "category": "console",
        "output": "library-loaded,target-name=\"C:\\Windows\\System32\\cryptbase.dll\",host-name=\"C:\\Windows\\System32\\cryptbase.dll\",loaded_addr=\"0x00007ffb5ad80000\",codeRange=\"0x00007ffb5ad81000~0x00007ffb5ad83903\"\n"
    },
    "event": "output",
    "seq": 52,
    "type": "event"
}
[DAP SERVER] | 2023-11-20 01:18:15.992 | [Info] (LLDBApiEventHandler.cpp, HandleTargetEvent, line: 445) | Target event handle finished, event type is eBroadcastBitModulesLoaded
[DAP SERVER] | 2023-11-20 01:18:15.992 | [Info] (LLDBApiEventHandler.cpp, ListenEvent, line: 80) | Description of event: 0000000004c00f70 Event: broadcaster = 00000000045eb1c0 (lldb.target), type = 0x00000002 (modules-loaded), data = {cryptbase.dll}
[DAP SERVER] | 2023-11-20 01:18:15.992 | [Info] (LLDBApiEventHandler.cpp, HandleTargetEvent, line: 422) | A target event occurred!
[DAP SERVER] | 2023-11-20 01:18:15.992 | [Info] (DebugSession.cpp, OnDebuggerEvent, line: 134) | send event: 
{
    "body": {
        "category": "console",
        "output": "library-loaded,target-name=\"C:\\Windows\\System32\\cryptbase.dll\",host-name=\"C:\\Windows\\System32\\cryptbase.dll\",loaded_addr=\"0x00007ffb5ad80000\",codeRange=\"0x00007ffb5ad81000~0x00007ffb5ad83903\"\n"
    },
    "event": "output",
    "seq": 53,
    "type": "event"
}
[DAP SERVER] | 2023-11-20 01:18:15.992 | [Info] (LLDBApiEventHandler.cpp, HandleTargetEvent, line: 445) | Target event handle finished, event type is eBroadcastBitModulesLoaded
[DAP SERVER] | 2023-11-20 01:18:15.994 | [Info] (LLDBApiDebugger.cpp, ExecCommand, line: 556) | Result of Command : Success, NAME         PASS   STOP   NOTIFY
===========  =====  =====  ======
SIGSEGV      true   false  false

[DAP SERVER] | 2023-11-20 01:18:15.994 | [Info] (DebugSession.cpp, OnDebuggerResponse, line: 152) | send response: 
{
    "body": {
        "output": "NAME         PASS   STOP   NOTIFY\n===========  =====  =====  ======\nSIGSEGV      true   false  false\n"
    },
    "command": "debugInConsole",
    "request_seq": 9,
    "seq": 51,
    "success": true,
    "type": "response"
}
[DAP SERVER] | 2023-11-20 01:18:15.994 | [Info] (LLDBApiDebugger.cpp, OnDapRequest, line: 213) | handle request end!
[DAP SERVER] | 2023-11-20 01:18:15.994 | [Info] (MessageBuffer.cpp, GetBodyLength, line: 42) | Head length string: Content-Length: 47
[DAP SERVER] | 2023-11-20 01:18:15.994 | [Info] (MessageBuffer.cpp, GetBodyLength, line: 57) | Get body length from head = 47
[DAP SERVER] | 2023-11-20 01:18:15.994 | [Info] (MessageBuffer.cpp, Pop, line: 116) | Head length = 18, body length = 47
[DAP SERVER] | 2023-11-20 01:18:15.995 | [Info] (MessageBuffer.cpp, GetMessageType, line: 74) | Body string: 
{
    "command": "threads",
    "seq": 10,
    "type": "request"
}
[DAP SERVER] | 2023-11-20 01:18:15.995 | [Info] (DebugSession.cpp, OnMessageBuffer, line: 69) | Pop request, command = threads, seq = 10
[DAP SERVER] | 2023-11-20 01:18:15.995 | [Info] (LLDBApiDebugger.cpp, OnDapRequest, line: 178) | request = threads, seq = 10
[DAP SERVER] | 2023-11-20 01:18:15.995 | [Info] (DebugSession.cpp, OnDebuggerResponse, line: 152) | send response: 
{
    "body": {
        "threads": []
    },
    "command": "threads",
    "request_seq": 10,
    "seq": 54,
    "success": true,
    "type": "response"
}
[DAP SERVER] | 2023-11-20 01:18:15.995 | [Info] (LLDBApiDebugger.cpp, OnDapRequest, line: 213) | handle request end!
[DAP SERVER] | 2023-11-20 01:18:15.997 | [Info] (LLDBApiEventHandler.cpp, ListenEvent, line: 80) | Description of event: 0000000004c00ef0 Event: broadcaster = 00000000045eb1c0 (lldb.target), type = 0x00000002 (modules-loaded), data = {bcryptprimitives.dll}
[DAP SERVER] | 2023-11-20 01:18:15.997 | [Info] (LLDBApiEventHandler.cpp, HandleTargetEvent, line: 422) | A target event occurred!
[DAP SERVER] | 2023-11-20 01:18:15.997 | [Info] (DebugSession.cpp, OnDebuggerEvent, line: 134) | send event: 
{
    "body": {
        "category": "console",
        "output": "library-loaded,target-name=\"C:\\Windows\\System32\\bcryptprimitives.dll\",host-name=\"C:\\Windows\\System32\\bcryptprimitives.dll\",loaded_addr=\"0x00007ffb5bf40000\",codeRange=\"0x00007ffb5bf41000~0x00007ffb5bf9cfbc\"\n"
    },
    "event": "output",
    "seq": 55,
    "type": "event"
}
[DAP SERVER] | 2023-11-20 01:18:15.997 | [Info] (LLDBApiEventHandler.cpp, HandleTargetEvent, line: 445) | Target event handle finished, event type is eBroadcastBitModulesLoaded
[DAP SERVER] | 2023-11-20 01:18:15.997 | [Info] (LLDBApiEventHandler.cpp, ListenEvent, line: 80) | Description of event: 0000000004c01770 Event: broadcaster = 00000000045eb1c0 (lldb.target), type = 0x00000002 (modules-loaded), data = {bcryptprimitives.dll}
[DAP SERVER] | 2023-11-20 01:18:15.997 | [Info] (LLDBApiEventHandler.cpp, HandleTargetEvent, line: 422) | A target event occurred!
[DAP SERVER] | 2023-11-20 01:18:15.997 | [Info] (DebugSession.cpp, OnDebuggerEvent, line: 134) | send event: 
{
    "body": {
        "category": "console",
        "output": "library-loaded,target-name=\"C:\\Windows\\System32\\bcryptprimitives.dll\",host-name=\"C:\\Windows\\System32\\bcryptprimitives.dll\",loaded_addr=\"0x00007ffb5bf40000\",codeRange=\"0x00007ffb5bf41000~0x00007ffb5bf9cfbc\"\n"
    },
    "event": "output",
    "seq": 56,
    "type": "event"
}
[DAP SERVER] | 2023-11-20 01:18:15.997 | [Info] (LLDBApiEventHandler.cpp, HandleTargetEvent, line: 445) | Target event handle finished, event type is eBroadcastBitModulesLoaded
[DAP SERVER] | 2023-11-20 01:18:16.032 | [Info] (LLDBApiEventHandler.cpp, ListenEvent, line: 80) | Description of event: 0000000004c4b380 Event: broadcaster = 0000000004b97b38 (lldb.process), type = 0x00000001 (state-changed), data = { process = 0000000004b97b00 (pid = 27652), state = stopped}
[DAP SERVER] | 2023-11-20 01:18:16.032 | [Info] (LLDBApiEventHandler.cpp, HandleProcessEvent, line: 110) | A process event occurred!
[DAP SERVER] | 2023-11-20 01:18:16.032 | [Info] (LLDBApiEventHandler.cpp, HandleProcessStateChangedEvent, line: 143) | Process state changed!
[DAP SERVER] | 2023-11-20 01:18:16.032 | [Info] (DebugSession.cpp, OnDebuggerEvent, line: 134) | send event: 
{
    "body": {
        "allThreadsStopped": true,
        "hitBreakpointIds": [
            1
        ],
        "reason": "breakpoint",
        "threadId": 1
    },
    "event": "stopped",
    "seq": 57,
    "type": "event"
}
[DAP SERVER] | 2023-11-20 01:18:16.034 | [Info] (TimeTravelDebugManager.cpp, SetRecordNodeContainer, line: 224) | Number of record points is 1
[DAP SERVER] | 2023-11-20 01:18:16.034 | [Info] (LLDBApiEventHandler.cpp, HandleProcessStateChangedEvent, line: 189) | Process state changed event handler finished, process state changed toeStateStopped
[DAP SERVER] | 2023-11-20 01:18:16.034 | [Info] (LLDBApiEventHandler.cpp, HandleProcessEvent, line: 138) | Process event handle finished, event type is eBroadcastBitStateChanged
[DAP SERVER] | 2023-11-20 01:18:16.036 | [Info] (DebugSession.cpp, OnChannelData, line: 45) | channel 0 receive data: 
Content-Length: 47

{"command":"threads","type":"request","seq":11}
[DAP SERVER] | 2023-11-20 01:18:16.036 | [Info] (MessageBuffer.cpp, GetBodyLength, line: 42) | Head length string: Content-Length: 47
[DAP SERVER] | 2023-11-20 01:18:16.036 | [Info] (MessageBuffer.cpp, GetBodyLength, line: 57) | Get body length from head = 47
[DAP SERVER] | 2023-11-20 01:18:16.036 | [Info] (MessageBuffer.cpp, Pop, line: 116) | Head length = 18, body length = 47
[DAP SERVER] | 2023-11-20 01:18:16.036 | [Info] (MessageBuffer.cpp, GetMessageType, line: 74) | Body string: 
{
    "command": "threads",
    "seq": 11,
    "type": "request"
}
[DAP SERVER] | 2023-11-20 01:18:16.036 | [Info] (DebugSession.cpp, OnMessageBuffer, line: 69) | Pop request, command = threads, seq = 11
[DAP SERVER] | 2023-11-20 01:18:16.036 | [Info] (LLDBApiDebugger.cpp, OnDapRequest, line: 178) | request = threads, seq = 11
[DAP SERVER] | 2023-11-20 01:18:16.036 | [Info] (DebugSession.cpp, OnDebuggerResponse, line: 152) | send response: 
{
    "body": {
        "threads": [
            {
                "id": 1,
                "name": "Thread 1"
            },
            {
                "id": 2,
                "name": "Thread 2"
            },
            {
                "id": 3,
                "name": "Thread 3"
            },
            {
                "id": 4,
                "name": "Thread 4"
            },
            {
                "id": 5,
                "name": "Thread 5"
            },
            {
                "id": 6,
                "name": "Thread 6"
            },
            {
                "id": 7,
                "name": "Thread 7"
            },
            {
                "id": 8,
                "name": "Thread 8"
            }
        ]
    },
    "command": "threads",
    "request_seq": 11,
    "seq": 58,
    "success": true,
    "type": "response"
}
[DAP SERVER] | 2023-11-20 01:18:16.037 | [Info] (LLDBApiDebugger.cpp, OnDapRequest, line: 213) | handle request end!
[DAP SERVER] | 2023-11-20 01:18:16.042 | [Info] (DebugSession.cpp, OnChannelData, line: 45) | channel 0 receive data: 
Content-Length: 104

{"command":"stackTrace","arguments":{"threadId":1,"startFrame":0,"levels":20},"type":"request","seq":12}
[DAP SERVER] | 2023-11-20 01:18:16.042 | [Info] (MessageBuffer.cpp, GetBodyLength, line: 42) | Head length string: Content-Length: 104
[DAP SERVER] | 2023-11-20 01:18:16.042 | [Info] (MessageBuffer.cpp, GetBodyLength, line: 57) | Get body length from head = 104
[DAP SERVER] | 2023-11-20 01:18:16.042 | [Info] (MessageBuffer.cpp, Pop, line: 116) | Head length = 19, body length = 104
[DAP SERVER] | 2023-11-20 01:18:16.042 | [Info] (MessageBuffer.cpp, GetMessageType, line: 74) | Body string: 
{
    "arguments": {
        "levels": 20,
        "startFrame": 0,
        "threadId": 1
    },
    "command": "stackTrace",
    "seq": 12,
    "type": "request"
}
[DAP SERVER] | 2023-11-20 01:18:16.042 | [Info] (DebugSession.cpp, OnMessageBuffer, line: 69) | Pop request, command = stackTrace, seq = 12
[DAP SERVER] | 2023-11-20 01:18:16.042 | [Info] (LLDBApiDebugger.cpp, OnDapRequest, line: 178) | request = stackTrace, seq = 12
[DAP SERVER] | 2023-11-20 01:18:16.064 | [Info] (DebugSession.cpp, OnDebuggerResponse, line: 152) | send response: 
{
    "body": {
        "stackFrames": [
            {
                "column": 0,
                "id": 1000,
                "instructionPointerReference": "0x00007ff79edda6c2",
                "line": 5,
                "name": "test/default::main()",
                "source": {
                    "path": "D:/Code/Cj/cjtest/src/main.cj"
                }
            },
            {
                "column": 0,
                "id": 1001,
                "instructionPointerReference": "0x00007ff79edda792",
                "line": 15,
                "name": "user.main",
                "source": {
                    "name": "@user.main",
                    "sourceReference": 1000
                }
            },
            {
                "column": 0,
                "id": 1002,
                "instructionPointerReference": "0x00007ff79edda84e",
                "line": 17,
                "name": "cj_entry$",
                "source": {
                    "name": "@cj_entry$",
                    "sourceReference": 1001
                }
            },
            {
                "column": 0,
                "id": 1003,
                "instructionPointerReference": "0x00007ffae05b15df",
                "line": 118,
                "name": "CJ_MCC_N2CStub",
                "source": {
                    "name": "@CJ_MCC_N2CStub",
                    "sourceReference": 1002
                }
            },
            {
                "column": 0,
                "id": 1004,
                "instructionPointerReference": "0x00007ffae05d0d52",
                "line": 277,
                "name": "RunCJTask",
                "source": {
                    "name": "@RunCJTask",
                    "sourceReference": 1003
                }
            },
            {
                "column": 0,
                "id": 1005,
                "instructionPointerReference": "0x00007ffae05b2c90",
                "line": 10,
                "name": "CJ_CJThreadEntry",
                "source": {
                    "name": "@CJ_CJThreadEntry",
                    "sourceReference": 1004
                }
            }
        ],
        "totalFrames": 6
    },
    "command": "stackTrace",
    "request_seq": 12,
    "seq": 59,
    "success": true,
    "type": "response"
}
[DAP SERVER] | 2023-11-20 01:18:16.064 | [Info] (LLDBApiDebugger.cpp, OnDapRequest, line: 213) | handle request end!
[DAP SERVER] | 2023-11-20 01:18:16.159 | [Info] (DebugSession.cpp, OnChannelData, line: 45) | channel 0 receive data: 
Content-Length: 114

{"command":"evaluate","arguments":{"expression":"1+1","frameId":1000,"context":"watch"},"type":"request","seq":13}
[DAP SERVER] | 2023-11-20 01:18:16.159 | [Info] (MessageBuffer.cpp, GetBodyLength, line: 42) | Head length string: Content-Length: 114
[DAP SERVER] | 2023-11-20 01:18:16.159 | [Info] (MessageBuffer.cpp, GetBodyLength, line: 57) | Get body length from head = 114
[DAP SERVER] | 2023-11-20 01:18:16.159 | [Info] (MessageBuffer.cpp, Pop, line: 116) | Head length = 19, body length = 114
[DAP SERVER] | 2023-11-20 01:18:16.159 | [Info] (MessageBuffer.cpp, GetMessageType, line: 74) | Body string: 
{
    "arguments": {
        "context": "watch",
        "expression": "1+1",
        "frameId": 1000
    },
    "command": "evaluate",
    "seq": 13,
    "type": "request"
}
[DAP SERVER] | 2023-11-20 01:18:16.159 | [Info] (DebugSession.cpp, OnMessageBuffer, line: 69) | Pop request, command = evaluate, seq = 13
[DAP SERVER] | 2023-11-20 01:18:16.159 | [Info] (LLDBApiDebugger.cpp, OnDapRequest, line: 178) | request = evaluate, seq = 13
[DAP SERVER] | 2023-11-20 01:18:16.168 | [Error] (LLDBApiDebugger.h, CompleteFailureResponse, line: 204) | error: No value
[DAP SERVER] | 2023-11-20 01:18:16.168 | [Info] (DebugSession.cpp, OnDebuggerResponse, line: 152) | send response: 
{
    "body": {
        "result": "",
        "variablesReference": 0
    },
    "command": "evaluate",
    "message": "error: No value",
    "request_seq": 13,
    "seq": 60,
    "success": false,
    "type": "response"
}
[DAP SERVER] | 2023-11-20 01:18:16.169 | [Info] (LLDBApiDebugger.cpp, OnDapRequest, line: 213) | handle request end!
[DAP SERVER] | 2023-11-20 01:18:16.500 | [Info] (DebugSession.cpp, OnChannelData, line: 45) | channel 0 receive data: 
Content-Length: 75

{"command":"scopes","arguments":{"frameId":1000},"type":"request","seq":14}
[DAP SERVER] | 2023-11-20 01:18:16.500 | [Info] (MessageBuffer.cpp, GetBodyLength, line: 42) | Head length string: Content-Length: 75
[DAP SERVER] | 2023-11-20 01:18:16.500 | [Info] (MessageBuffer.cpp, GetBodyLength, line: 57) | Get body length from head = 75
[DAP SERVER] | 2023-11-20 01:18:16.500 | [Info] (MessageBuffer.cpp, Pop, line: 116) | Head length = 18, body length = 75
[DAP SERVER] | 2023-11-20 01:18:16.500 | [Info] (MessageBuffer.cpp, GetMessageType, line: 74) | Body string: 
{
    "arguments": {
        "frameId": 1000
    },
    "command": "scopes",
    "seq": 14,
    "type": "request"
}
[DAP SERVER] | 2023-11-20 01:18:16.500 | [Info] (DebugSession.cpp, OnMessageBuffer, line: 69) | Pop request, command = scopes, seq = 14
[DAP SERVER] | 2023-11-20 01:18:16.500 | [Info] (LLDBApiDebugger.cpp, OnDapRequest, line: 178) | request = scopes, seq = 14
[DAP SERVER] | 2023-11-20 01:18:16.501 | [Info] (DebugSession.cpp, OnDebuggerResponse, line: 152) | send response: 
{
    "body": {
        "scopes": [
            {
                "expensive": false,
                "name": "Locals",
                "presentationHint": "locals",
                "variablesReference": 1006
            },
            {
                "expensive": false,
                "name": "Statics",
                "presentationHint": "statics",
                "variablesReference": 1007
            },
            {
                "expensive": false,
                "name": "Globals",
                "presentationHint": "globals",
                "variablesReference": 1008
            },
            {
                "expensive": false,
                "name": "Registers",
                "presentationHint": "registers",
                "variablesReference": 1009
            }
        ]
    },
    "command": "scopes",
    "request_seq": 14,
    "seq": 61,
    "success": true,
    "type": "response"
}
[DAP SERVER] | 2023-11-20 01:18:16.501 | [Info] (LLDBApiDebugger.cpp, OnDapRequest, line: 213) | handle request end!
[DAP SERVER] | 2023-11-20 01:18:16.506 | [Info] (DebugSession.cpp, OnChannelData, line: 45) | channel 0 receive data: 
Content-Length: 112

{"command":"variables","arguments":{"variablesReference":1006,"start":0,"count":1000},"type":"request","seq":15}
[DAP SERVER] | 2023-11-20 01:18:16.506 | [Info] (MessageBuffer.cpp, GetBodyLength, line: 42) | Head length string: Content-Length: 112
[DAP SERVER] | 2023-11-20 01:18:16.506 | [Info] (MessageBuffer.cpp, GetBodyLength, line: 57) | Get body length from head = 112
[DAP SERVER] | 2023-11-20 01:18:16.506 | [Info] (MessageBuffer.cpp, Pop, line: 116) | Head length = 19, body length = 112
[DAP SERVER] | 2023-11-20 01:18:16.506 | [Info] (MessageBuffer.cpp, GetMessageType, line: 74) | Body string: 
{
    "arguments": {
        "count": 1000,
        "start": 0,
        "variablesReference": 1006
    },
    "command": "variables",
    "seq": 15,
    "type": "request"
}
[DAP SERVER] | 2023-11-20 01:18:16.506 | [Info] (DebugSession.cpp, OnMessageBuffer, line: 69) | Pop request, command = variables, seq = 15
[DAP SERVER] | 2023-11-20 01:18:16.506 | [Info] (LLDBApiDebugger.cpp, OnDapRequest, line: 178) | request = variables, seq = 15
[DAP SERVER] | 2023-11-20 01:18:16.527 | [Info] (DebugSession.cpp, OnDebuggerResponse, line: 152) | send response: 
{
    "body": {
        "variables": []
    },
    "command": "variables",
    "request_seq": 15,
    "seq": 62,
    "success": true,
    "type": "response"
}
[DAP SERVER] | 2023-11-20 01:18:16.527 | [Info] (LLDBApiDebugger.cpp, OnDapRequest, line: 213) | handle request end!
