#
# There is insufficient memory for the Java Runtime Environment to continue.
# Native memory allocation (malloc) failed to allocate 65552 bytes for Chunk::new
# Possible reasons:
#   The system is out of physical RAM or swap space
#   The process is running with CompressedOops enabled, and the Java Heap may be blocking the growth of the native heap
# Possible solutions:
#   Reduce memory load on the system
#   Increase physical memory or swap space
#   Check if swap backing store is full
#   Decrease Java heap size (-Xmx/-Xms)
#   Decrease number of Java threads
#   Decrease Java thread stack sizes (-Xss)
#   Set larger code cache with -XX:ReservedCodeCacheSize=
#   JVM is running with Zero Based Compressed Oops mode in which the Java heap is
#     placed in the first 32GB address space. The Java Heap base address is the
#     maximum limit for the native heap growth. Please use -XX:HeapBaseMinAddress
#     to set the Java Heap base and to place the Java Heap above 32GB virtual address.
# This output file may be truncated or incomplete.
#
#  Out of Memory Error (arena.cpp:191), pid=21072, tid=20924
#
# JRE version: OpenJDK Runtime Environment Zulu17.46+19-CA (17.0.9+8) (build 17.0.9+8-LTS)
# Java VM: OpenJDK 64-Bit Server VM Zulu17.46+19-CA (17.0.9+8-LTS, mixed mode, sharing, tiered, compressed oops, compressed class ptrs, g1 gc, windows-amd64)
# No core dump will be written. Minidumps are not enabled by default on client versions of Windows
#

---------------  S U M M A R Y ------------

Command Line: --add-opens=java.base/java.util.concurrent.atomic=ALL-UNNAMED -agentlib:jdwp=transport=dt_socket,server=n,suspend=y,address=127.0.0.1:51588 --add-opens=java.base/java.util=ALL-UNNAMED --add-opens=java.base/java.lang=ALL-UNNAMED --add-opens=java.base/java.lang.invoke=ALL-UNNAMED --add-opens=java.prefs/java.util.prefs=ALL-UNNAMED --add-opens=java.base/java.nio.charset=ALL-UNNAMED --add-opens=java.base/java.net=ALL-UNNAMED --add-opens=java.base/java.util.concurrent.atomic=ALL-UNNAMED -Xmx3g -Dfile.encoding=GBK -Duser.country=CN -Duser.language=zh -Duser.variant -javaagent:C:\Users\27439\.gradle\wrapper\dists\gradle-8.2-bin\bbg7u40eoinfdyxsxr3z4i7ta\gradle-8.2\lib\agents\gradle-instrumentation-agent-8.2.jar org.gradle.launcher.daemon.bootstrap.GradleDaemon 8.2

Host: AMD Ryzen 7 6800H with Radeon Graphics         , 16 cores, 15G,  Windows 11 , 64 bit Build 22621 (10.0.22621.2506)
Time: Wed Dec 13 15:25:15 2023  Windows 11 , 64 bit Build 22621 (10.0.22621.2506) elapsed time: 19.440495 seconds (0d 0h 0m 19s)

---------------  T H R E A D  ---------------

Current thread (0x000001f2ff9a5610):  JavaThread "C2 CompilerThread0" daemon [_thread_in_native, id=20924, stack(0x0000003d83500000,0x0000003d83600000)]


Current CompileTask:
C2:  19440 10430       4       org.gradle.internal.logging.text.AbstractLineChoppingStyledTextOutput::doAppend (43 bytes)

Stack: [0x0000003d83500000,0x0000003d83600000]
Native frames: (J=compiled Java code, j=interpreted, Vv=VM code, C=native code)
V  [jvm.dll+0x681239]
V  [jvm.dll+0x838dba]
V  [jvm.dll+0x83a87e]
V  [jvm.dll+0x83aee3]
V  [jvm.dll+0x24b92f]
V  [jvm.dll+0xac43c]
V  [jvm.dll+0xaca8c]
V  [jvm.dll+0xac54b]
V  [jvm.dll+0x65e88c]
V  [jvm.dll+0x2219c9]
V  [jvm.dll+0x6a4578]
V  [jvm.dll+0x21bbd4]
V  [jvm.dll+0x219a11]
V  [jvm.dll+0x1a58ad]
V  [jvm.dll+0x229909]
V  [jvm.dll+0x227acc]
V  [jvm.dll+0x7edea7]
V  [jvm.dll+0x7e825a]
V  [jvm.dll+0x680125]
C  [ucrtbase.dll+0x29363]
C  [KERNEL32.DLL+0x1257d]
C  [ntdll.dll+0x5aa58]


---------------  P R O C E S S  ---------------

Threads class SMR info:
_java_thread_list=0x000001f2cb7ce940, length=154, elements={
0x000001f2e336c120, 0x000001f2ff9840b0, 0x000001f2ff984af0, 0x000001f2ff9a0890,
0x000001f2ff9a3180, 0x000001f2ff9a3a60, 0x000001f2ff9a4340, 0x000001f2ff9a5610,
0x000001f2ff9a5fe0, 0x000001f2ff9aa920, 0x000001f2ff0d6ab0, 0x000001f2ffc53230,
0x000001f2ffc69200, 0x000001f2ffc6e4b0, 0x000001f2ffca18c0, 0x000001f2cbcc6830,
0x000001f2cbcc8ba0, 0x000001f2cbcc6d40, 0x000001f2cbcc53f0, 0x000001f2cbcc7760,
0x000001f2cbcc7c70, 0x000001f2cbcc8180, 0x000001f2cbcc8690, 0x000001f2cbcc5900,
0x000001f2cbcc5e10, 0x000001f2cbcc6320, 0x000001f2cc29d390, 0x000001f2cc2a2490,
0x000001f2cc29ba40, 0x000001f2cc2a1f80, 0x000001f2cc2a1560, 0x000001f2cc29ce80,
0x000001f2cc29f1f0, 0x000001f2cc2a29a0, 0x000001f2cc29e2c0, 0x000001f2cc29d8a0,
0x000001f2cc29ddb0, 0x000001f2cc2a0b40, 0x000001f2cc2a0120, 0x000001f2cc2a1050,
0x000001f2cc2a0630, 0x000001f2cc2a1a70, 0x000001f2cc29bf50, 0x000001f2cc29c460,
0x000001f2ce055f10, 0x000001f2ce0591b0, 0x000001f2ce054fe0, 0x000001f2ce0540b0,
0x000001f2ce058ca0, 0x000001f2ce0545c0, 0x000001f2ce054ad0, 0x000001f2ce0596c0,
0x000001f2ce05ab00, 0x000001f2ce059bd0, 0x000001f2ce05a0e0, 0x000001f2ce0554f0,
0x000001f2ce055a00, 0x000001f2ce058280, 0x000001f2ce05b010, 0x000001f2ce057d70,
0x000001f2ce056420, 0x000001f2ce057350, 0x000001f2ce056930, 0x000001f2ce057860,
0x000001f2ce05a5f0, 0x000001f2ce056e40, 0x000001f2ce053ba0, 0x000001f2ce058790,
0x000001f2ce05b520, 0x000001f2d1454940, 0x000001f2d1451bb0, 0x000001f2d1453500,
0x000001f2d1455870, 0x000001f2d1452ff0, 0x000001f2d14516a0, 0x000001f2d14525d0,
0x000001f2d1450c80, 0x000001f2d144e400, 0x000001f2d144ee20, 0x000001f2d1452ae0,
0x000001f2d144fd50, 0x000001f2d1450260, 0x000001f2ce262a00, 0x000001f2ce2624f0,
0x000001f2ce265790, 0x000001f2ce264860, 0x000001f2ce264d70, 0x000001f2ce263930,
0x000001f2ce265ca0, 0x000001f2ce262f10, 0x000001f2ce263420, 0x000001f2ce264350,
0x000001f2ce263e40, 0x000001f2ce265280, 0x000001f2d1f46f60, 0x000001f2d1f492d0,
0x000001f2d1f47470, 0x000001f2d1f4cf90, 0x000001f2d1f4ca80, 0x000001f2d1f48dc0,
0x000001f2d1f497e0, 0x000001f2d1f47980, 0x000001f2d1f49cf0, 0x000001f2d1f46030,
0x000001f2d1f4a710, 0x000001f2d1f4b640, 0x000001f2d1f4a200, 0x000001f2d1f4ac20,
0x000001f2d1f4b130, 0x000001f2d1f46540, 0x000001f2d1f47e90, 0x000001f2d1f4d4a0,
0x000001f2d1f4bb50, 0x000001f2d1f4d9b0, 0x000001f2d1f4c060, 0x000001f2d1f46a50,
0x000001f2d1f483a0, 0x000001f2d1f4c570, 0x000001f2d1f488b0, 0x000001f2d42f8190,
0x000001f2d42fe1c0, 0x000001f2d42fe6d0, 0x000001f2d42fd290, 0x000001f2d42f95d0,
0x000001f2d42febe0, 0x000001f2d42f9ff0, 0x000001f2d42fc870, 0x000001f2d42fbe50,
0x000001f2d42faf20, 0x000001f2d42faa10, 0x000001f2d42fa500, 0x000001f2d42f90c0,
0x000001f2d42fc360, 0x000001f2d42ff0f0, 0x000001f2d42fcd80, 0x000001f2d42fb940,
0x000001f2d42fb430, 0x000001f2d42fd7a0, 0x000001f2d42fdcb0, 0x000001f2d42f7c80,
0x000001f2d42ff600, 0x000001f2d42f86a0, 0x000001f2d42f8bb0, 0x000001f2d2caaed0,
0x000001f2d2caeb90, 0x000001f2d2cac310, 0x000001f2d2cabe00, 0x000001f2d2caf0a0,
0x000001f2d2cafac0, 0x000001f2d2ca9a90, 0x000001f2d2cab8f0, 0x000001f2d2cac820,
0x000001f2d2cacd30, 0x000001f2d2ca9fa0
}

Java Threads: ( => current thread )
  0x000001f2e336c120 JavaThread "main" [_thread_blocked, id=23000, stack(0x0000003d82800000,0x0000003d82900000)]
  0x000001f2ff9840b0 JavaThread "Reference Handler" daemon [_thread_blocked, id=11960, stack(0x0000003d82f00000,0x0000003d83000000)]
  0x000001f2ff984af0 JavaThread "Finalizer" daemon [_thread_blocked, id=8300, stack(0x0000003d83000000,0x0000003d83100000)]
  0x000001f2ff9a0890 JavaThread "Signal Dispatcher" daemon [_thread_blocked, id=3840, stack(0x0000003d83100000,0x0000003d83200000)]
  0x000001f2ff9a3180 JavaThread "Attach Listener" daemon [_thread_blocked, id=6716, stack(0x0000003d83200000,0x0000003d83300000)]
  0x000001f2ff9a3a60 JavaThread "Service Thread" daemon [_thread_blocked, id=1612, stack(0x0000003d83300000,0x0000003d83400000)]
  0x000001f2ff9a4340 JavaThread "Monitor Deflation Thread" daemon [_thread_blocked, id=2656, stack(0x0000003d83400000,0x0000003d83500000)]
=>0x000001f2ff9a5610 JavaThread "C2 CompilerThread0" daemon [_thread_in_native, id=20924, stack(0x0000003d83500000,0x0000003d83600000)]
  0x000001f2ff9a5fe0 JavaThread "C1 CompilerThread0" daemon [_thread_blocked, id=8360, stack(0x0000003d83600000,0x0000003d83700000)]
  0x000001f2ff9aa920 JavaThread "Sweeper thread" daemon [_thread_blocked, id=7756, stack(0x0000003d83700000,0x0000003d83800000)]
  0x000001f2ff0d6ab0 JavaThread "Common-Cleaner" daemon [_thread_blocked, id=11064, stack(0x0000003d83800000,0x0000003d83900000)]
  0x000001f2ffc53230 JavaThread "JDWP Transport Listener: dt_socket" daemon [_thread_blocked, id=17148, stack(0x0000003d83e00000,0x0000003d83f00000)]
  0x000001f2ffc69200 JavaThread "JDWP Event Helper Thread" daemon [_thread_blocked, id=1872, stack(0x0000003d83f00000,0x0000003d84000000)]
  0x000001f2ffc6e4b0 JavaThread "JDWP Command Reader" daemon [_thread_in_native, id=22184, stack(0x0000003d84000000,0x0000003d84100000)]
  0x000001f2ffca18c0 JavaThread "Notification Thread" daemon [_thread_blocked, id=22740, stack(0x0000003d84100000,0x0000003d84200000)]
  0x000001f2cbcc6830 JavaThread "Daemon health stats" [_thread_blocked, id=15852, stack(0x0000003d84d00000,0x0000003d84e00000)]
  0x000001f2cbcc8ba0 JavaThread "Incoming local TCP Connector on port 51591" [_thread_in_native, id=16436, stack(0x0000003d84c00000,0x0000003d84d00000)]
  0x000001f2cbcc6d40 JavaThread "Daemon periodic checks" [_thread_blocked, id=22396, stack(0x0000003d84e00000,0x0000003d84f00000)]
  0x000001f2cbcc53f0 JavaThread "Daemon" [_thread_blocked, id=20132, stack(0x0000003d84f00000,0x0000003d85000000)]
  0x000001f2cbcc7760 JavaThread "Handler for socket connection from /127.0.0.1:51591 to /127.0.0.1:51592" [_thread_in_native, id=22064, stack(0x0000003d85000000,0x0000003d85100000)]
  0x000001f2cbcc7c70 JavaThread "Cancel handler" [_thread_blocked, id=6284, stack(0x0000003d85100000,0x0000003d85200000)]
  0x000001f2cbcc8180 JavaThread "Daemon worker" [_thread_blocked, id=13852, stack(0x0000003d85200000,0x0000003d85300000)]
  0x000001f2cbcc8690 JavaThread "Asynchronous log dispatcher for DefaultDaemonConnection: socket connection from /127.0.0.1:51591 to /127.0.0.1:51592" [_thread_blocked, id=22492, stack(0x0000003d85300000,0x0000003d85400000)]
  0x000001f2cbcc5900 JavaThread "Stdin handler" [_thread_blocked, id=20028, stack(0x0000003d85400000,0x0000003d85500000)]
  0x000001f2cbcc5e10 JavaThread "Daemon client event forwarder" [_thread_blocked, id=6332, stack(0x0000003d85500000,0x0000003d85600000)]
  0x000001f2cbcc6320 JavaThread "Cache worker for journal cache (C:\Users\27439\.gradle\caches\journal-1)" [_thread_blocked, id=9644, stack(0x0000003d85600000,0x0000003d85700000)]
  0x000001f2cc29d390 JavaThread "File lock request listener" [_thread_in_native, id=14712, stack(0x0000003d85700000,0x0000003d85800000)]
  0x000001f2cc2a2490 JavaThread "Cache worker for file hash cache (C:\Users\27439\.gradle\caches\8.2\fileHashes)" [_thread_blocked, id=12632, stack(0x0000003d85800000,0x0000003d85900000)]
  0x000001f2cc29ba40 JavaThread "File watcher server" daemon [_thread_in_native, id=19700, stack(0x0000003d85a00000,0x0000003d85b00000)]
  0x000001f2cc2a1f80 JavaThread "File watcher consumer" daemon [_thread_blocked, id=15928, stack(0x0000003d85b00000,0x0000003d85c00000)]
  0x000001f2cc2a1560 JavaThread "Cache worker for checksums cache (D:\Code\idea\intellij-cangjie\.gradle\8.2\checksums)" [_thread_blocked, id=11892, stack(0x0000003d85900000,0x0000003d85a00000)]
  0x000001f2cc29ce80 JavaThread "Cache worker for cache directory md-rule (C:\Users\27439\.gradle\caches\8.2\md-rule)" [_thread_blocked, id=5356, stack(0x0000003d86100000,0x0000003d86200000)]
  0x000001f2cc29f1f0 JavaThread "Cache worker for file content cache (C:\Users\27439\.gradle\caches\8.2\fileContent)" [_thread_blocked, id=11180, stack(0x0000003d86200000,0x0000003d86300000)]
  0x000001f2cc2a29a0 JavaThread "Cache worker for file hash cache (D:\Code\idea\intellij-cangjie\.gradle\8.2\fileHashes)" [_thread_blocked, id=21868, stack(0x0000003d86300000,0x0000003d86400000)]
  0x000001f2cc29e2c0 JavaThread "Cache worker for cache directory md-supplier (C:\Users\27439\.gradle\caches\8.2\md-supplier)" [_thread_blocked, id=17560, stack(0x0000003d86400000,0x0000003d86500000)]
  0x000001f2cc29d8a0 JavaThread "Cache worker for execution history cache (C:\Users\27439\.gradle\caches\8.2\executionHistory)" [_thread_blocked, id=8716, stack(0x0000003d83d00000,0x0000003d83e00000)]
  0x000001f2cc29ddb0 JavaThread "jar transforms" [_thread_blocked, id=2924, stack(0x0000003d86500000,0x0000003d86600000)]
  0x000001f2cc2a0b40 JavaThread "jar transforms Thread 2" [_thread_blocked, id=21976, stack(0x0000003d86600000,0x0000003d86700000)]
  0x000001f2cc2a0120 JavaThread "jar transforms Thread 3" [_thread_blocked, id=11032, stack(0x0000003d86a00000,0x0000003d86b00000)]
  0x000001f2cc2a1050 JavaThread "jar transforms Thread 4" [_thread_blocked, id=16664, stack(0x0000003d86b00000,0x0000003d86c00000)]
  0x000001f2cc2a0630 JavaThread "jar transforms Thread 5" [_thread_blocked, id=20684, stack(0x0000003d86c00000,0x0000003d86d00000)]
  0x000001f2cc2a1a70 JavaThread "jar transforms Thread 6" [_thread_blocked, id=22320, stack(0x0000003d86d00000,0x0000003d86e00000)]
  0x000001f2cc29bf50 JavaThread "Cache worker for kotlin-dsl (C:\Users\27439\.gradle\caches\8.2\kotlin-dsl)" [_thread_blocked, id=20368, stack(0x0000003d86e00000,0x0000003d86f00000)]
  0x000001f2cc29c460 JavaThread "jar transforms Thread 7" [_thread_blocked, id=22680, stack(0x0000003d86f00000,0x0000003d87000000)]
  0x000001f2ce055f10 JavaThread "jar transforms Thread 8" [_thread_blocked, id=356, stack(0x0000003d87000000,0x0000003d87100000)]
  0x000001f2ce0591b0 JavaThread "jar transforms Thread 9" [_thread_blocked, id=19972, stack(0x0000003d87100000,0x0000003d87200000)]
  0x000001f2ce054fe0 JavaThread "jar transforms Thread 10" [_thread_blocked, id=23512, stack(0x0000003d87200000,0x0000003d87300000)]
  0x000001f2ce0540b0 JavaThread "Cache worker for dependencies-accessors (D:\Code\idea\intellij-cangjie\.gradle\8.2\dependencies-accessors)" [_thread_blocked, id=12596, stack(0x0000003d87300000,0x0000003d87400000)]
  0x000001f2ce058ca0 JavaThread "Cache worker for Build Output Cleanup Cache (D:\Code\idea\intellij-cangjie\.gradle\buildOutputCleanup)" [_thread_blocked, id=6984, stack(0x0000003d87400000,0x0000003d87500000)]
  0x000001f2ce0545c0 JavaThread "jar transforms Thread 11" [_thread_blocked, id=4132, stack(0x0000003d87500000,0x0000003d87600000)]
  0x000001f2ce054ad0 JavaThread "jar transforms Thread 12" [_thread_blocked, id=16244, stack(0x0000003d87600000,0x0000003d87700000)]
  0x000001f2ce0596c0 JavaThread "Unconstrained build operations" [_thread_blocked, id=22864, stack(0x0000003d87800000,0x0000003d87900000)]
  0x000001f2ce05ab00 JavaThread "Unconstrained build operations Thread 2" [_thread_blocked, id=7056, stack(0x0000003d87900000,0x0000003d87a00000)]
  0x000001f2ce059bd0 JavaThread "Unconstrained build operations Thread 3" [_thread_blocked, id=5376, stack(0x0000003d87a00000,0x0000003d87b00000)]
  0x000001f2ce05a0e0 JavaThread "Unconstrained build operations Thread 4" [_thread_blocked, id=20180, stack(0x0000003d87b00000,0x0000003d87c00000)]
  0x000001f2ce0554f0 JavaThread "Unconstrained build operations Thread 5" [_thread_blocked, id=9512, stack(0x0000003d87c00000,0x0000003d87d00000)]
  0x000001f2ce055a00 JavaThread "Unconstrained build operations Thread 6" [_thread_blocked, id=8304, stack(0x0000003d87d00000,0x0000003d87e00000)]
  0x000001f2ce058280 JavaThread "Unconstrained build operations Thread 7" [_thread_blocked, id=21040, stack(0x0000003d87e00000,0x0000003d87f00000)]
  0x000001f2ce05b010 JavaThread "Unconstrained build operations Thread 8" [_thread_blocked, id=4544, stack(0x0000003d87f00000,0x0000003d88000000)]
  0x000001f2ce057d70 JavaThread "Unconstrained build operations Thread 9" [_thread_blocked, id=21108, stack(0x0000003d88000000,0x0000003d88100000)]
  0x000001f2ce056420 JavaThread "Unconstrained build operations Thread 10" [_thread_blocked, id=8960, stack(0x0000003d88100000,0x0000003d88200000)]
  0x000001f2ce057350 JavaThread "Unconstrained build operations Thread 11" [_thread_blocked, id=11200, stack(0x0000003d88200000,0x0000003d88300000)]
  0x000001f2ce056930 JavaThread "Unconstrained build operations Thread 12" [_thread_blocked, id=21920, stack(0x0000003d88300000,0x0000003d88400000)]
  0x000001f2ce057860 JavaThread "Unconstrained build operations Thread 13" [_thread_blocked, id=6420, stack(0x0000003d88400000,0x0000003d88500000)]
  0x000001f2ce05a5f0 JavaThread "Unconstrained build operations Thread 14" [_thread_blocked, id=20840, stack(0x0000003d88500000,0x0000003d88600000)]
  0x000001f2ce056e40 JavaThread "Unconstrained build operations Thread 15" [_thread_blocked, id=9076, stack(0x0000003d88600000,0x0000003d88700000)]
  0x000001f2ce053ba0 JavaThread "jar transforms Thread 13" [_thread_blocked, id=15040, stack(0x0000003d88700000,0x0000003d88800000)]
  0x000001f2ce058790 JavaThread "jar transforms Thread 14" [_thread_blocked, id=17308, stack(0x0000003d88800000,0x0000003d88900000)]
  0x000001f2ce05b520 JavaThread "jar transforms Thread 15" [_thread_blocked, id=8732, stack(0x0000003d88900000,0x0000003d88a00000)]
  0x000001f2d1454940 JavaThread "jar transforms Thread 16" [_thread_blocked, id=21044, stack(0x0000003d88a00000,0x0000003d88b00000)]
  0x000001f2d1451bb0 JavaThread "build event listener" [_thread_blocked, id=13796, stack(0x0000003d88b00000,0x0000003d88c00000)]
  0x000001f2d1453500 JavaThread "Memory manager" [_thread_blocked, id=18652, stack(0x0000003d86900000,0x0000003d86a00000)]
  0x000001f2d1455870 JavaThread "Unconstrained build operations Thread 16" [_thread_blocked, id=13180, stack(0x0000003d86800000,0x0000003d86900000)]
  0x000001f2d1452ff0 JavaThread "Unconstrained build operations Thread 17" [_thread_blocked, id=23448, stack(0x0000003d87700000,0x0000003d87800000)]
  0x000001f2d14516a0 JavaThread "Unconstrained build operations Thread 18" [_thread_blocked, id=4216, stack(0x0000003d88d00000,0x0000003d88e00000)]
  0x000001f2d14525d0 JavaThread "Unconstrained build operations Thread 19" [_thread_blocked, id=22372, stack(0x0000003d88e00000,0x0000003d88f00000)]
  0x000001f2d1450c80 JavaThread "Unconstrained build operations Thread 20" [_thread_blocked, id=3236, stack(0x0000003d88f00000,0x0000003d89000000)]
  0x000001f2d144e400 JavaThread "Unconstrained build operations Thread 21" [_thread_blocked, id=23508, stack(0x0000003d89000000,0x0000003d89100000)]
  0x000001f2d144ee20 JavaThread "Unconstrained build operations Thread 22" [_thread_blocked, id=21144, stack(0x0000003d89100000,0x0000003d89200000)]
  0x000001f2d1452ae0 JavaThread "Unconstrained build operations Thread 23" [_thread_blocked, id=5460, stack(0x0000003d89200000,0x0000003d89300000)]
  0x000001f2d144fd50 JavaThread "Unconstrained build operations Thread 24" [_thread_blocked, id=13344, stack(0x0000003d89300000,0x0000003d89400000)]
  0x000001f2d1450260 JavaThread "Unconstrained build operations Thread 25" [_thread_blocked, id=10140, stack(0x0000003d89400000,0x0000003d89500000)]
  0x000001f2ce262a00 JavaThread "Unconstrained build operations Thread 26" [_thread_blocked, id=7212, stack(0x0000003d89500000,0x0000003d89600000)]
  0x000001f2ce2624f0 JavaThread "Unconstrained build operations Thread 27" [_thread_blocked, id=23532, stack(0x0000003d89600000,0x0000003d89700000)]
  0x000001f2ce265790 JavaThread "Unconstrained build operations Thread 28" [_thread_blocked, id=3844, stack(0x0000003d89700000,0x0000003d89800000)]
  0x000001f2ce264860 JavaThread "Unconstrained build operations Thread 29" [_thread_blocked, id=23520, stack(0x0000003d89800000,0x0000003d89900000)]
  0x000001f2ce264d70 JavaThread "Unconstrained build operations Thread 30" [_thread_blocked, id=17060, stack(0x0000003d89900000,0x0000003d89a00000)]
  0x000001f2ce263930 JavaThread "Unconstrained build operations Thread 31" [_thread_blocked, id=12844, stack(0x0000003d89a00000,0x0000003d89b00000)]
  0x000001f2ce265ca0 JavaThread "Unconstrained build operations Thread 32" [_thread_blocked, id=20620, stack(0x0000003d89b00000,0x0000003d89c00000)]
  0x000001f2ce262f10 JavaThread "Unconstrained build operations Thread 33" [_thread_blocked, id=22596, stack(0x0000003d89c00000,0x0000003d89d00000)]
  0x000001f2ce263420 JavaThread "Exec process" [_thread_in_native, id=19684, stack(0x0000003d89d00000,0x0000003d89e00000)]
  0x000001f2ce264350 JavaThread "Exec process Thread 2" [_thread_in_native, id=20612, stack(0x0000003d89e00000,0x0000003d89f00000)]
  0x000001f2ce263e40 JavaThread "Exec process Thread 3" [_thread_in_native, id=20708, stack(0x0000003d89f00000,0x0000003d8a000000)]
  0x000001f2ce265280 JavaThread "Unconstrained build operations Thread 34" [_thread_blocked, id=21716, stack(0x0000003d8a000000,0x0000003d8a100000)]
  0x000001f2d1f46f60 JavaThread "Unconstrained build operations Thread 35" [_thread_blocked, id=18352, stack(0x0000003d8a100000,0x0000003d8a200000)]
  0x000001f2d1f492d0 JavaThread "Unconstrained build operations Thread 36" [_thread_blocked, id=22948, stack(0x0000003d8a200000,0x0000003d8a300000)]
  0x000001f2d1f47470 JavaThread "Unconstrained build operations Thread 37" [_thread_blocked, id=22912, stack(0x0000003d8a300000,0x0000003d8a400000)]
  0x000001f2d1f4cf90 JavaThread "Unconstrained build operations Thread 38" [_thread_blocked, id=4076, stack(0x0000003d8a400000,0x0000003d8a500000)]
  0x000001f2d1f4ca80 JavaThread "Unconstrained build operations Thread 39" [_thread_blocked, id=22380, stack(0x0000003d8a500000,0x0000003d8a600000)]
  0x000001f2d1f48dc0 JavaThread "Unconstrained build operations Thread 40" [_thread_blocked, id=13340, stack(0x0000003d8a600000,0x0000003d8a700000)]
  0x000001f2d1f497e0 JavaThread "Unconstrained build operations Thread 41" [_thread_blocked, id=17420, stack(0x0000003d8a700000,0x0000003d8a800000)]
  0x000001f2d1f47980 JavaThread "Unconstrained build operations Thread 42" [_thread_blocked, id=11836, stack(0x0000003d8a800000,0x0000003d8a900000)]
  0x000001f2d1f49cf0 JavaThread "Unconstrained build operations Thread 43" [_thread_blocked, id=21268, stack(0x0000003d8a900000,0x0000003d8aa00000)]
  0x000001f2d1f46030 JavaThread "Unconstrained build operations Thread 44" [_thread_blocked, id=17776, stack(0x0000003d8aa00000,0x0000003d8ab00000)]
  0x000001f2d1f4a710 JavaThread "Unconstrained build operations Thread 45" [_thread_blocked, id=21188, stack(0x0000003d8ab00000,0x0000003d8ac00000)]
  0x000001f2d1f4b640 JavaThread "Unconstrained build operations Thread 46" [_thread_blocked, id=13224, stack(0x0000003d8ac00000,0x0000003d8ad00000)]
  0x000001f2d1f4a200 JavaThread "Unconstrained build operations Thread 47" [_thread_blocked, id=23544, stack(0x0000003d8ad00000,0x0000003d8ae00000)]
  0x000001f2d1f4ac20 JavaThread "Unconstrained build operations Thread 48" [_thread_blocked, id=1428, stack(0x0000003d8ae00000,0x0000003d8af00000)]
  0x000001f2d1f4b130 JavaThread "ForkJoinPool.commonPool-worker-1" daemon [_thread_blocked, id=22652, stack(0x0000003d8af00000,0x0000003d8b000000)]
  0x000001f2d1f46540 JavaThread "ForkJoinPool.commonPool-worker-2" daemon [_thread_blocked, id=14192, stack(0x0000003d8b000000,0x0000003d8b100000)]
  0x000001f2d1f47e90 JavaThread "ForkJoinPool.commonPool-worker-3" daemon [_thread_blocked, id=3084, stack(0x0000003d8b100000,0x0000003d8b200000)]
  0x000001f2d1f4d4a0 JavaThread "ForkJoinPool.commonPool-worker-4" daemon [_thread_blocked, id=1484, stack(0x0000003d8b200000,0x0000003d8b300000)]
  0x000001f2d1f4bb50 JavaThread "ForkJoinPool.commonPool-worker-5" daemon [_thread_blocked, id=22504, stack(0x0000003d8b300000,0x0000003d8b400000)]
  0x000001f2d1f4d9b0 JavaThread "ForkJoinPool.commonPool-worker-6" daemon [_thread_blocked, id=20884, stack(0x0000003d8b400000,0x0000003d8b500000)]
  0x000001f2d1f4c060 JavaThread "ForkJoinPool.commonPool-worker-7" daemon [_thread_blocked, id=23424, stack(0x0000003d8b500000,0x0000003d8b600000)]
  0x000001f2d1f46a50 JavaThread "ForkJoinPool.commonPool-worker-8" daemon [_thread_blocked, id=3828, stack(0x0000003d8b600000,0x0000003d8b700000)]
  0x000001f2d1f483a0 JavaThread "ForkJoinPool.commonPool-worker-9" daemon [_thread_blocked, id=20296, stack(0x0000003d8b700000,0x0000003d8b800000)]
  0x000001f2d1f4c570 JavaThread "ForkJoinPool.commonPool-worker-10" daemon [_thread_blocked, id=19208, stack(0x0000003d8b800000,0x0000003d8b900000)]
  0x000001f2d1f488b0 JavaThread "ForkJoinPool.commonPool-worker-11" daemon [_thread_blocked, id=22136, stack(0x0000003d8b900000,0x0000003d8ba00000)]
  0x000001f2d42f8190 JavaThread "ForkJoinPool.commonPool-worker-12" daemon [_thread_blocked, id=4360, stack(0x0000003d8ba00000,0x0000003d8bb00000)]
  0x000001f2d42fe1c0 JavaThread "ForkJoinPool.commonPool-worker-13" daemon [_thread_blocked, id=7084, stack(0x0000003d8bb00000,0x0000003d8bc00000)]
  0x000001f2d42fe6d0 JavaThread "ForkJoinPool.commonPool-worker-14" daemon [_thread_blocked, id=14660, stack(0x0000003d8bc00000,0x0000003d8bd00000)]
  0x000001f2d42fd290 JavaThread "ForkJoinPool.commonPool-worker-15" daemon [_thread_blocked, id=1204, stack(0x0000003d86700000,0x0000003d86800000)]
  0x000001f2d42f95d0 JavaThread "included builds" [_thread_blocked, id=3880, stack(0x0000003d8c300000,0x0000003d8c400000)]
  0x000001f2d42febe0 JavaThread "Execution worker" [_thread_blocked, id=15896, stack(0x0000003d8c400000,0x0000003d8c500000)]
  0x000001f2d42f9ff0 JavaThread "Execution worker Thread 2" [_thread_blocked, id=21344, stack(0x0000003d8c500000,0x0000003d8c600000)]
  0x000001f2d42fc870 JavaThread "Execution worker Thread 3" [_thread_blocked, id=18648, stack(0x0000003d8c600000,0x0000003d8c700000)]
  0x000001f2d42fbe50 JavaThread "Execution worker Thread 4" [_thread_blocked, id=3848, stack(0x0000003d8c700000,0x0000003d8c800000)]
  0x000001f2d42faf20 JavaThread "Execution worker Thread 5" [_thread_blocked, id=18640, stack(0x0000003d8c800000,0x0000003d8c900000)]
  0x000001f2d42faa10 JavaThread "Execution worker Thread 6" [_thread_blocked, id=12388, stack(0x0000003d8c900000,0x0000003d8ca00000)]
  0x000001f2d42fa500 JavaThread "Execution worker Thread 7" [_thread_blocked, id=13776, stack(0x0000003d8ca00000,0x0000003d8cb00000)]
  0x000001f2d42f90c0 JavaThread "Execution worker Thread 8" [_thread_blocked, id=19676, stack(0x0000003d8cb00000,0x0000003d8cc00000)]
  0x000001f2d42fc360 JavaThread "Execution worker Thread 9" [_thread_blocked, id=7432, stack(0x0000003d8cc00000,0x0000003d8cd00000)]
  0x000001f2d42ff0f0 JavaThread "Execution worker Thread 10" [_thread_blocked, id=20792, stack(0x0000003d8cd00000,0x0000003d8ce00000)]
  0x000001f2d42fcd80 JavaThread "Execution worker Thread 11" [_thread_blocked, id=10496, stack(0x0000003d8ce00000,0x0000003d8cf00000)]
  0x000001f2d42fb940 JavaThread "Execution worker Thread 12" [_thread_blocked, id=15600, stack(0x0000003d8cf00000,0x0000003d8d000000)]
  0x000001f2d42fb430 JavaThread "Execution worker Thread 13" [_thread_blocked, id=21304, stack(0x0000003d8d000000,0x0000003d8d100000)]
  0x000001f2d42fd7a0 JavaThread "Execution worker Thread 14" [_thread_blocked, id=13232, stack(0x0000003d8d100000,0x0000003d8d200000)]
  0x000001f2d42fdcb0 JavaThread "Execution worker Thread 15" [_thread_blocked, id=16408, stack(0x0000003d8d200000,0x0000003d8d300000)]
  0x000001f2d42f7c80 JavaThread "Cache worker for execution history cache (D:\Code\idea\intellij-cangjie\.gradle\8.2\executionHistory)" [_thread_blocked, id=1792, stack(0x0000003d8d300000,0x0000003d8d400000)]
  0x000001f2d42ff600 JavaThread "Unconstrained build operations Thread 49" [_thread_blocked, id=22548, stack(0x0000003d8d400000,0x0000003d8d500000)]
  0x000001f2d42f86a0 JavaThread "Unconstrained build operations Thread 50" [_thread_blocked, id=18916, stack(0x0000003d8d500000,0x0000003d8d600000)]
  0x000001f2d42f8bb0 JavaThread "Unconstrained build operations Thread 51" [_thread_blocked, id=15076, stack(0x0000003d8d600000,0x0000003d8d700000)]
  0x000001f2d2caaed0 JavaThread "Unconstrained build operations Thread 52" [_thread_blocked, id=22824, stack(0x0000003d8d700000,0x0000003d8d800000)]
  0x000001f2d2caeb90 JavaThread "Unconstrained build operations Thread 53" [_thread_blocked, id=16212, stack(0x0000003d8d800000,0x0000003d8d900000)]
  0x000001f2d2cac310 JavaThread "Unconstrained build operations Thread 54" [_thread_blocked, id=22060, stack(0x0000003d8d900000,0x0000003d8da00000)]
  0x000001f2d2cabe00 JavaThread "Unconstrained build operations Thread 55" [_thread_blocked, id=20324, stack(0x0000003d8da00000,0x0000003d8db00000)]
  0x000001f2d2caf0a0 JavaThread "Unconstrained build operations Thread 56" [_thread_blocked, id=19196, stack(0x0000003d8db00000,0x0000003d8dc00000)]
  0x000001f2d2cafac0 JavaThread "Unconstrained build operations Thread 57" [_thread_blocked, id=12584, stack(0x0000003d8dc00000,0x0000003d8dd00000)]
  0x000001f2d2ca9a90 JavaThread "Unconstrained build operations Thread 58" [_thread_blocked, id=16172, stack(0x0000003d8dd00000,0x0000003d8de00000)]
  0x000001f2d2cab8f0 JavaThread "Unconstrained build operations Thread 59" [_thread_blocked, id=20512, stack(0x0000003d8de00000,0x0000003d8df00000)]
  0x000001f2d2cac820 JavaThread "Unconstrained build operations Thread 60" [_thread_blocked, id=22540, stack(0x0000003d8df00000,0x0000003d8e000000)]
  0x000001f2d2cacd30 JavaThread "Unconstrained build operations Thread 61" [_thread_blocked, id=21248, stack(0x0000003d8e000000,0x0000003d8e100000)]
  0x000001f2d2ca9fa0 JavaThread "Unconstrained build operations Thread 62" [_thread_blocked, id=11340, stack(0x0000003d8e100000,0x0000003d8e200000)]

Other Threads:
  0x000001f2ff0e9580 VMThread "VM Thread" [stack: 0x0000003d82e00000,0x0000003d82f00000] [id=21160]
  0x000001f2ffca29c0 WatcherThread [stack: 0x0000003d84200000,0x0000003d84300000] [id=22732]
  0x000001f2e33c6300 GCTaskThread "GC Thread#0" [stack: 0x0000003d82900000,0x0000003d82a00000] [id=10060]
  0x000001f2caad1860 GCTaskThread "GC Thread#1" [stack: 0x0000003d84300000,0x0000003d84400000] [id=22720]
  0x000001f2caad12c0 GCTaskThread "GC Thread#2" [stack: 0x0000003d84400000,0x0000003d84500000] [id=1248]
  0x000001f2caad1e00 GCTaskThread "GC Thread#3" [stack: 0x0000003d84500000,0x0000003d84600000] [id=7920]
  0x000001f2caad1b30 GCTaskThread "GC Thread#4" [stack: 0x0000003d84600000,0x0000003d84700000] [id=22892]
  0x000001f2caad1590 GCTaskThread "GC Thread#5" [stack: 0x0000003d84700000,0x0000003d84800000] [id=8432]
  0x000001f2caad2ee0 GCTaskThread "GC Thread#6" [stack: 0x0000003d84800000,0x0000003d84900000] [id=3016]
  0x000001f2caad20d0 GCTaskThread "GC Thread#7" [stack: 0x0000003d84900000,0x0000003d84a00000] [id=18696]
  0x000001f2caad23a0 GCTaskThread "GC Thread#8" [stack: 0x0000003d84a00000,0x0000003d84b00000] [id=22816]
  0x000001f2caad2940 GCTaskThread "GC Thread#9" [stack: 0x0000003d84b00000,0x0000003d84c00000] [id=17428]
  0x000001f2cb8d0100 GCTaskThread "GC Thread#10" [stack: 0x0000003d85c00000,0x0000003d85d00000] [id=13704]
  0x000001f2cb8cf2f0 GCTaskThread "GC Thread#11" [stack: 0x0000003d85d00000,0x0000003d85e00000] [id=16008]
  0x000001f2cb8d22c0 GCTaskThread "GC Thread#12" [stack: 0x0000003d85e00000,0x0000003d85f00000] [id=19584]
  0x000001f2e33d3260 ConcurrentGCThread "G1 Main Marker" [stack: 0x0000003d82a00000,0x0000003d82b00000] [id=20872]
  0x000001f2e33d3c80 ConcurrentGCThread "G1 Conc#0" [stack: 0x0000003d82b00000,0x0000003d82c00000] [id=7548]
  0x000001f2cb8d2860 ConcurrentGCThread "G1 Conc#1" [stack: 0x0000003d85f00000,0x0000003d86000000] [id=21264]
  0x000001f2cb8cf5c0 ConcurrentGCThread "G1 Conc#2" [stack: 0x0000003d86000000,0x0000003d86100000] [id=1960]
  0x000001f2fef86cc0 ConcurrentGCThread "G1 Refine#0" [stack: 0x0000003d82c00000,0x0000003d82d00000] [id=21580]
  0x000001f2cd66eda0 ConcurrentGCThread "G1 Refine#1" [stack: 0x0000003d8bf00000,0x0000003d8c000000] [id=14808]
  0x000001f2fef88620 ConcurrentGCThread "G1 Service" [stack: 0x0000003d82d00000,0x0000003d82e00000] [id=10124]

Threads with active compile tasks:
C2 CompilerThread0    19463 10430       4       org.gradle.internal.logging.text.AbstractLineChoppingStyledTextOutput::doAppend (43 bytes)

VM state: not at safepoint (normal execution)

VM Mutex/Monitor currently owned by a thread: None

Heap address: 0x0000000740000000, size: 3072 MB, Compressed Oops mode: Zero based, Oop shift amount: 3

CDS archive(s) mapped at: [0x000001f285000000-0x000001f285bd0000-0x000001f285bd0000), size 12386304, SharedBaseAddress: 0x000001f285000000, ArchiveRelocationMode: 1.
Compressed class space mapped at: 0x000001f286000000-0x000001f2c6000000, reserved size: 1073741824
Narrow klass base: 0x000001f285000000, Narrow klass shift: 0, Narrow klass range: 0x100000000

GC Precious Log:
 CPUs: 16 total, 16 available
 Memory: 15612M
 Large Page Support: Disabled
 NUMA Support: Disabled
 Compressed Oops: Enabled (Zero based)
 Heap Region Size: 2M
 Heap Min Capacity: 8M
 Heap Initial Capacity: 244M
 Heap Max Capacity: 3G
 Pre-touch: Disabled
 Parallel Workers: 13
 Concurrent Workers: 3
 Concurrent Refinement Workers: 13
 Periodic GC: Disabled

Heap:
 garbage-first heap   total 198656K, used 122072K [0x0000000740000000, 0x0000000800000000)
  region size 2048K, 22 young (45056K), 3 survivors (6144K)
 Metaspace       used 77316K, committed 78144K, reserved 1179648K
  class space    used 10766K, committed 11136K, reserved 1048576K

Heap Regions: E=young(eden), S=young(survivor), O=old, HS=humongous(starts), HC=humongous(continues), CS=collection set, F=free, OA=open archive, CA=closed archive, TAMS=top-at-mark-start (previous, next)
|   0|0x0000000740000000, 0x0000000740200000, 0x0000000740200000|100%|HS|  |TAMS 0x0000000740200000, 0x0000000740000000| Complete 
|   1|0x0000000740200000, 0x0000000740400000, 0x0000000740400000|100%|HC|  |TAMS 0x0000000740400000, 0x0000000740200000| Complete 
|   2|0x0000000740400000, 0x0000000740600000, 0x0000000740600000|100%| O|  |TAMS 0x0000000740600000, 0x0000000740400000| Untracked 
|   3|0x0000000740600000, 0x0000000740800000, 0x0000000740800000|100%| O|  |TAMS 0x0000000740800000, 0x0000000740600000| Untracked 
|   4|0x0000000740800000, 0x0000000740a00000, 0x0000000740a00000|100%| O|  |TAMS 0x0000000740a00000, 0x0000000740800000| Untracked 
|   5|0x0000000740a00000, 0x0000000740c00000, 0x0000000740c00000|100%| O|  |TAMS 0x0000000740c00000, 0x0000000740a00000| Untracked 
|   6|0x0000000740c00000, 0x0000000740e00000, 0x0000000740e00000|100%| O|  |TAMS 0x0000000740e00000, 0x0000000740c00000| Untracked 
|   7|0x0000000740e00000, 0x0000000741000000, 0x0000000741000000|100%| O|  |TAMS 0x0000000741000000, 0x0000000740e00000| Untracked 
|   8|0x0000000741000000, 0x0000000741200000, 0x0000000741200000|100%| O|  |TAMS 0x0000000741200000, 0x0000000741000000| Untracked 
|   9|0x0000000741200000, 0x0000000741400000, 0x0000000741400000|100%| O|  |TAMS 0x0000000741400000, 0x0000000741200000| Untracked 
|  10|0x0000000741400000, 0x0000000741600000, 0x0000000741600000|100%| O|  |TAMS 0x0000000741600000, 0x0000000741400000| Untracked 
|  11|0x0000000741600000, 0x0000000741800000, 0x0000000741800000|100%| O|  |TAMS 0x0000000741800000, 0x0000000741600000| Untracked 
|  12|0x0000000741800000, 0x0000000741a00000, 0x0000000741a00000|100%|HS|  |TAMS 0x0000000741a00000, 0x0000000741800000| Complete 
|  13|0x0000000741a00000, 0x0000000741c00000, 0x0000000741c00000|100%| O|  |TAMS 0x0000000741c00000, 0x0000000741a00000| Untracked 
|  14|0x0000000741c00000, 0x0000000741e00000, 0x0000000741e00000|100%| O|  |TAMS 0x0000000741e00000, 0x0000000741c00000| Untracked 
|  15|0x0000000741e00000, 0x0000000742000000, 0x0000000742000000|100%| O|  |TAMS 0x0000000742000000, 0x0000000741e00000| Untracked 
|  16|0x0000000742000000, 0x0000000742200000, 0x0000000742200000|100%| O|  |TAMS 0x0000000742200000, 0x0000000742000000| Untracked 
|  17|0x0000000742200000, 0x0000000742400000, 0x0000000742400000|100%|HS|  |TAMS 0x0000000742400000, 0x0000000742200000| Complete 
|  18|0x0000000742400000, 0x0000000742600000, 0x0000000742600000|100%|HS|  |TAMS 0x0000000742600000, 0x0000000742400000| Complete 
|  19|0x0000000742600000, 0x0000000742800000, 0x0000000742800000|100%|HC|  |TAMS 0x0000000742800000, 0x0000000742600000| Complete 
|  20|0x0000000742800000, 0x0000000742a00000, 0x0000000742a00000|100%|HS|  |TAMS 0x0000000742a00000, 0x0000000742800000| Complete 
|  21|0x0000000742a00000, 0x0000000742c00000, 0x0000000742c00000|100%|HC|  |TAMS 0x0000000742c00000, 0x0000000742a00000| Complete 
|  22|0x0000000742c00000, 0x0000000742e00000, 0x0000000742e00000|100%| O|  |TAMS 0x0000000742e00000, 0x0000000742c00000| Untracked 
|  23|0x0000000742e00000, 0x0000000743000000, 0x0000000743000000|100%| O|  |TAMS 0x0000000743000000, 0x0000000742e00000| Untracked 
|  24|0x0000000743000000, 0x0000000743200000, 0x0000000743200000|100%| O|  |TAMS 0x0000000743200000, 0x0000000743000000| Untracked 
|  25|0x0000000743200000, 0x0000000743400000, 0x0000000743400000|100%| O|  |TAMS 0x0000000743400000, 0x0000000743200000| Untracked 
|  26|0x0000000743400000, 0x0000000743600000, 0x0000000743600000|100%| O|  |TAMS 0x0000000743600000, 0x0000000743400000| Untracked 
|  27|0x0000000743600000, 0x0000000743800000, 0x0000000743800000|100%| O|  |TAMS 0x0000000743800000, 0x0000000743600000| Untracked 
|  28|0x0000000743800000, 0x0000000743a00000, 0x0000000743a00000|100%| O|  |TAMS 0x0000000743a00000, 0x0000000743800000| Untracked 
|  29|0x0000000743a00000, 0x0000000743c00000, 0x0000000743c00000|100%| O|  |TAMS 0x0000000743c00000, 0x0000000743a00000| Untracked 
|  30|0x0000000743c00000, 0x0000000743e00000, 0x0000000743e00000|100%| O|  |TAMS 0x0000000743e00000, 0x0000000743c00000| Untracked 
|  31|0x0000000743e00000, 0x0000000744000000, 0x0000000744000000|100%| O|  |TAMS 0x0000000743e00000, 0x0000000743e00000| Untracked 
|  32|0x0000000744000000, 0x0000000744200000, 0x0000000744200000|100%| O|  |TAMS 0x0000000744200000, 0x0000000744000000| Untracked 
|  33|0x0000000744200000, 0x0000000744400000, 0x0000000744400000|100%| O|  |TAMS 0x0000000744400000, 0x0000000744200000| Untracked 
|  34|0x0000000744400000, 0x0000000744600000, 0x0000000744600000|100%| O|  |TAMS 0x000000074449b600, 0x0000000744400000| Untracked 
|  35|0x0000000744600000, 0x0000000744800000, 0x0000000744800000|100%| O|  |TAMS 0x0000000744600000, 0x0000000744600000| Untracked 
|  36|0x0000000744800000, 0x0000000744a00000, 0x0000000744a00000|100%| O|  |TAMS 0x0000000744800000, 0x0000000744800000| Untracked 
|  37|0x0000000744a00000, 0x0000000744c00000, 0x0000000744c00000|100%| O|  |TAMS 0x0000000744a00000, 0x0000000744a00000| Untracked 
|  38|0x0000000744c00000, 0x0000000744e00000, 0x0000000744e00000|100%| O|  |TAMS 0x0000000744c00000, 0x0000000744c00000| Untracked 
|  39|0x0000000744e00000, 0x0000000744f70000, 0x0000000745000000| 71%| O|  |TAMS 0x0000000744e00000, 0x0000000744e00000| Untracked 
|  40|0x0000000745000000, 0x0000000745000000, 0x0000000745200000|  0%| F|  |TAMS 0x0000000745000000, 0x0000000745000000| Untracked 
|  41|0x0000000745200000, 0x0000000745200000, 0x0000000745400000|  0%| F|  |TAMS 0x0000000745200000, 0x0000000745200000| Untracked 
|  42|0x0000000745400000, 0x0000000745400000, 0x0000000745600000|  0%| F|  |TAMS 0x0000000745400000, 0x0000000745400000| Untracked 
|  43|0x0000000745600000, 0x0000000745600000, 0x0000000745800000|  0%| F|  |TAMS 0x0000000745600000, 0x0000000745600000| Untracked 
|  44|0x0000000745800000, 0x0000000745800000, 0x0000000745a00000|  0%| F|  |TAMS 0x0000000745800000, 0x0000000745800000| Untracked 
|  45|0x0000000745a00000, 0x0000000745a00000, 0x0000000745c00000|  0%| F|  |TAMS 0x0000000745a00000, 0x0000000745a00000| Untracked 
|  46|0x0000000745c00000, 0x0000000745c00000, 0x0000000745e00000|  0%| F|  |TAMS 0x0000000745c00000, 0x0000000745c00000| Untracked 
|  47|0x0000000745e00000, 0x0000000745e00000, 0x0000000746000000|  0%| F|  |TAMS 0x0000000745e00000, 0x0000000745e00000| Untracked 
|  48|0x0000000746000000, 0x0000000746000000, 0x0000000746200000|  0%| F|  |TAMS 0x0000000746000000, 0x0000000746000000| Untracked 
|  49|0x0000000746200000, 0x0000000746200000, 0x0000000746400000|  0%| F|  |TAMS 0x0000000746200000, 0x0000000746200000| Untracked 
|  50|0x0000000746400000, 0x00000007465c60a0, 0x0000000746600000| 88%| S|CS|TAMS 0x0000000746400000, 0x0000000746400000| Complete 
|  51|0x0000000746600000, 0x0000000746800000, 0x0000000746800000|100%| S|CS|TAMS 0x0000000746600000, 0x0000000746600000| Complete 
|  52|0x0000000746800000, 0x0000000746800000, 0x0000000746a00000|  0%| F|  |TAMS 0x0000000746800000, 0x0000000746800000| Untracked 
|  53|0x0000000746a00000, 0x0000000746a00000, 0x0000000746c00000|  0%| F|  |TAMS 0x0000000746a00000, 0x0000000746a00000| Untracked 
|  54|0x0000000746c00000, 0x0000000746e00000, 0x0000000746e00000|100%| S|CS|TAMS 0x0000000746c00000, 0x0000000746c00000| Complete 
|  55|0x0000000746e00000, 0x0000000746e00000, 0x0000000747000000|  0%| F|  |TAMS 0x0000000746e00000, 0x0000000746e00000| Untracked 
|  56|0x0000000747000000, 0x0000000747000000, 0x0000000747200000|  0%| F|  |TAMS 0x0000000747000000, 0x0000000747000000| Untracked 
|  57|0x0000000747200000, 0x0000000747200000, 0x0000000747400000|  0%| F|  |TAMS 0x0000000747200000, 0x0000000747200000| Untracked 
|  58|0x0000000747400000, 0x0000000747400000, 0x0000000747600000|  0%| F|  |TAMS 0x0000000747400000, 0x0000000747400000| Untracked 
|  59|0x0000000747600000, 0x0000000747600000, 0x0000000747800000|  0%| F|  |TAMS 0x0000000747600000, 0x0000000747600000| Untracked 
|  60|0x0000000747800000, 0x0000000747800000, 0x0000000747a00000|  0%| F|  |TAMS 0x0000000747800000, 0x0000000747800000| Untracked 
|  61|0x0000000747a00000, 0x0000000747a00000, 0x0000000747c00000|  0%| F|  |TAMS 0x0000000747a00000, 0x0000000747a00000| Untracked 
|  62|0x0000000747c00000, 0x0000000747c00000, 0x0000000747e00000|  0%| F|  |TAMS 0x0000000747c00000, 0x0000000747c00000| Untracked 
|  63|0x0000000747e00000, 0x0000000747e00000, 0x0000000748000000|  0%| F|  |TAMS 0x0000000747e00000, 0x0000000747e00000| Untracked 
|  64|0x0000000748000000, 0x0000000748000000, 0x0000000748200000|  0%| F|  |TAMS 0x0000000748000000, 0x0000000748000000| Untracked 
|  65|0x0000000748200000, 0x0000000748200000, 0x0000000748400000|  0%| F|  |TAMS 0x0000000748200000, 0x0000000748200000| Untracked 
|  66|0x0000000748400000, 0x0000000748400000, 0x0000000748600000|  0%| F|  |TAMS 0x0000000748400000, 0x0000000748400000| Untracked 
|  67|0x0000000748600000, 0x0000000748600000, 0x0000000748800000|  0%| F|  |TAMS 0x0000000748600000, 0x0000000748600000| Untracked 
|  68|0x0000000748800000, 0x0000000748800000, 0x0000000748a00000|  0%| F|  |TAMS 0x0000000748800000, 0x0000000748800000| Untracked 
|  69|0x0000000748a00000, 0x0000000748a00000, 0x0000000748c00000|  0%| F|  |TAMS 0x0000000748a00000, 0x0000000748a00000| Untracked 
|  70|0x0000000748c00000, 0x0000000748c00000, 0x0000000748e00000|  0%| F|  |TAMS 0x0000000748c00000, 0x0000000748c00000| Untracked 
|  71|0x0000000748e00000, 0x0000000748e00000, 0x0000000749000000|  0%| F|  |TAMS 0x0000000748e00000, 0x0000000748e00000| Untracked 
|  72|0x0000000749000000, 0x0000000749000000, 0x0000000749200000|  0%| F|  |TAMS 0x0000000749000000, 0x0000000749000000| Untracked 
|  73|0x0000000749200000, 0x0000000749200000, 0x0000000749400000|  0%| F|  |TAMS 0x0000000749200000, 0x0000000749200000| Untracked 
|  74|0x0000000749400000, 0x0000000749400000, 0x0000000749600000|  0%| F|  |TAMS 0x0000000749400000, 0x0000000749400000| Untracked 
|  75|0x0000000749600000, 0x0000000749600000, 0x0000000749800000|  0%| F|  |TAMS 0x0000000749600000, 0x0000000749600000| Untracked 
|  76|0x0000000749800000, 0x0000000749800000, 0x0000000749a00000|  0%| F|  |TAMS 0x0000000749800000, 0x0000000749800000| Untracked 
|  77|0x0000000749a00000, 0x0000000749a00000, 0x0000000749c00000|  0%| F|  |TAMS 0x0000000749a00000, 0x0000000749a00000| Untracked 
|  78|0x0000000749c00000, 0x0000000749d41628, 0x0000000749e00000| 62%| E|  |TAMS 0x0000000749c00000, 0x0000000749c00000| Complete 
|  79|0x0000000749e00000, 0x000000074a000000, 0x000000074a000000|100%| E|CS|TAMS 0x0000000749e00000, 0x0000000749e00000| Complete 
|  80|0x000000074a000000, 0x000000074a200000, 0x000000074a200000|100%| E|CS|TAMS 0x000000074a000000, 0x000000074a000000| Complete 
|  81|0x000000074a200000, 0x000000074a400000, 0x000000074a400000|100%| E|CS|TAMS 0x000000074a200000, 0x000000074a200000| Complete 
|  82|0x000000074a400000, 0x000000074a600000, 0x000000074a600000|100%| E|CS|TAMS 0x000000074a400000, 0x000000074a400000| Complete 
|  83|0x000000074a600000, 0x000000074a800000, 0x000000074a800000|100%| E|CS|TAMS 0x000000074a600000, 0x000000074a600000| Complete 
|  84|0x000000074a800000, 0x000000074aa00000, 0x000000074aa00000|100%| E|CS|TAMS 0x000000074a800000, 0x000000074a800000| Complete 
|  85|0x000000074aa00000, 0x000000074ac00000, 0x000000074ac00000|100%| E|CS|TAMS 0x000000074aa00000, 0x000000074aa00000| Complete 
|  86|0x000000074ac00000, 0x000000074ae00000, 0x000000074ae00000|100%| E|CS|TAMS 0x000000074ac00000, 0x000000074ac00000| Complete 
|  87|0x000000074ae00000, 0x000000074b000000, 0x000000074b000000|100%| E|CS|TAMS 0x000000074ae00000, 0x000000074ae00000| Complete 
|  88|0x000000074b000000, 0x000000074b200000, 0x000000074b200000|100%| E|CS|TAMS 0x000000074b000000, 0x000000074b000000| Complete 
|  89|0x000000074b200000, 0x000000074b400000, 0x000000074b400000|100%| E|CS|TAMS 0x000000074b200000, 0x000000074b200000| Complete 
|  90|0x000000074b400000, 0x000000074b600000, 0x000000074b600000|100%| E|CS|TAMS 0x000000074b400000, 0x000000074b400000| Complete 
|  91|0x000000074b600000, 0x000000074b800000, 0x000000074b800000|100%| E|  |TAMS 0x000000074b600000, 0x000000074b600000| Complete 
|  92|0x000000074b800000, 0x000000074ba00000, 0x000000074ba00000|100%| E|CS|TAMS 0x000000074b800000, 0x000000074b800000| Complete 
|  93|0x000000074ba00000, 0x000000074bc00000, 0x000000074bc00000|100%| E|CS|TAMS 0x000000074ba00000, 0x000000074ba00000| Complete 
|  94|0x000000074bc00000, 0x000000074be00000, 0x000000074be00000|100%| E|CS|TAMS 0x000000074bc00000, 0x000000074bc00000| Complete 
|  95|0x000000074be00000, 0x000000074c000000, 0x000000074c000000|100%| E|CS|TAMS 0x000000074be00000, 0x000000074be00000| Complete 
| 121|0x000000074f200000, 0x000000074f400000, 0x000000074f400000|100%| E|CS|TAMS 0x000000074f200000, 0x000000074f200000| Complete 

Card table byte_map: [0x000001f2fada0000,0x000001f2fb3a0000] _byte_map_base: 0x000001f2f73a0000

Marking Bits (Prev, Next): (CMBitMap*) 0x000001f2e33c6970, (CMBitMap*) 0x000001f2e33c6930
 Prev Bits: [0x000001f280000000, 0x000001f283000000)
 Next Bits: [0x000001f2fb9a0000, 0x000001f2fe9a0000)

Polling page: 0x000001f2e2b20000

Metaspace:

Usage:
  Non-class:     64.99 MB used.
      Class:     10.51 MB used.
       Both:     75.50 MB used.

Virtual space:
  Non-class space:      128.00 MB reserved,      65.44 MB ( 51%) committed,  2 nodes.
      Class space:        1.00 GB reserved,      10.88 MB (  1%) committed,  1 nodes.
             Both:        1.12 GB reserved,      76.31 MB (  7%) committed. 

Chunk freelists:
   Non-Class:  14.40 MB
       Class:  5.11 MB
        Both:  19.51 MB

MaxMetaspaceSize: unlimited
CompressedClassSpaceSize: 1.00 GB
Initial GC threshold: 21.00 MB
Current GC threshold: 119.94 MB
CDS: on
MetaspaceReclaimPolicy: balanced
 - commit_granule_bytes: 65536.
 - commit_granule_words: 8192.
 - virtual_space_node_default_size: 8388608.
 - enlarge_chunks_in_place: 1.
 - new_chunks_are_fully_committed: 0.
 - uncommit_free_chunks: 1.
 - use_allocation_guard: 0.
 - handle_deallocations: 1.


Internal statistics:

num_allocs_failed_limit: 6.
num_arena_births: 1004.
num_arena_deaths: 0.
num_vsnodes_births: 3.
num_vsnodes_deaths: 0.
num_space_committed: 1221.
num_space_uncommitted: 0.
num_chunks_returned_to_freelist: 6.
num_chunks_taken_from_freelist: 4180.
num_chunk_merges: 6.
num_chunk_splits: 2769.
num_chunks_enlarged: 1801.
num_inconsistent_stats: 0.

CodeHeap 'non-profiled nmethods': size=119168Kb used=6929Kb max_used=6929Kb free=112238Kb
 bounds [0x000001f2f2ac0000, 0x000001f2f3190000, 0x000001f2f9f20000]
CodeHeap 'profiled nmethods': size=119104Kb used=18052Kb max_used=18052Kb free=101051Kb
 bounds [0x000001f2eaf20000, 0x000001f2ec0d0000, 0x000001f2f2370000]
CodeHeap 'non-nmethods': size=7488Kb used=2460Kb max_used=4244Kb free=5027Kb
 bounds [0x000001f2f2370000, 0x000001f2f27b0000, 0x000001f2f2ac0000]
 total_blobs=9976 nmethods=9051 adapters=837
 compilation: enabled
              stopped_count=0, restarted_count=0
 full_count=0

Compilation events (20 events):
Event: 16.916 Thread 0x000001f2ff9a5fe0 nmethod 10420 0x000001f2ec0bb790 code [0x000001f2ec0bbb00, 0x000001f2ec0bd1b8]
Event: 16.916 Thread 0x000001f2ff9a5fe0 10421       3       java.util.Collections$EmptyList::spliterator (4 bytes)
Event: 16.916 Thread 0x000001f2ff9a5fe0 nmethod 10421 0x000001f2eb58bd90 code [0x000001f2eb58bf20, 0x000001f2eb58c098]
Event: 16.916 Thread 0x000001f2ff9a5fe0 10422       3       sun.management.MemoryPoolImpl::getType (15 bytes)
Event: 16.916 Thread 0x000001f2ff9a5fe0 nmethod 10422 0x000001f2ec0bd910 code [0x000001f2ec0bdaa0, 0x000001f2ec0bdc38]
Event: 18.874 Thread 0x000001f2ff9a5fe0 10423       3       org.gradle.internal.snapshot.AbstractIncompleteFileSystemNode::invalidate (65 bytes)
Event: 18.875 Thread 0x000001f2ff9a5fe0 nmethod 10423 0x000001f2ec0bdd10 code [0x000001f2ec0be020, 0x000001f2ec0bf538]
Event: 18.875 Thread 0x000001f2ff9a5fe0 10424       3       org.gradle.internal.snapshot.AbstractIncompleteFileSystemNode$1::<init> (20 bytes)
Event: 18.875 Thread 0x000001f2ff9a5fe0 nmethod 10424 0x000001f2ec0bfc10 code [0x000001f2ec0bfdc0, 0x000001f2ec0c0058]
Event: 18.875 Thread 0x000001f2ff9a5fe0 10425       3       org.gradle.internal.snapshot.AbstractListChildMap::invalidate (72 bytes)
Event: 18.876 Thread 0x000001f2ff9a5fe0 nmethod 10425 0x000001f2ec0c0110 code [0x000001f2ec0c0420, 0x000001f2ec0c19b8]
Event: 18.877 Thread 0x000001f2ff9a5fe0 10426       3       org.gradle.internal.snapshot.PartialDirectoryNode::withIncompleteChildren (2 bytes)
Event: 18.877 Thread 0x000001f2ff9a5fe0 nmethod 10426 0x000001f2ec0c2210 code [0x000001f2ec0c23a0, 0x000001f2ec0c24b8]
Event: 18.877 Thread 0x000001f2ff9a5fe0 10427       3       org.gradle.internal.snapshot.AbstractListChildMap$1::<init> (22 bytes)
Event: 18.877 Thread 0x000001f2ff9a5fe0 nmethod 10427 0x000001f2ec0c2590 code [0x000001f2ec0c2740, 0x000001f2ec0c2a38]
Event: 18.877 Thread 0x000001f2ff9a5fe0 10428       3       org.gradle.internal.snapshot.AbstractInvalidateChildHandler::<init> (10 bytes)
Event: 18.877 Thread 0x000001f2ff9a5fe0 nmethod 10428 0x000001f2ec0c2b10 code [0x000001f2ec0c2ca0, 0x000001f2ec0c2e58]
Event: 18.921 Thread 0x000001f2ff9a5610 10429       4       java.util.stream.ReferencePipeline::collect (124 bytes)
Event: 18.939 Thread 0x000001f2ff9a5610 nmethod 10429 0x000001f2f3182d10 code [0x000001f2f3182f80, 0x000001f2f3183ab0]
Event: 19.432 Thread 0x000001f2ff9a5610 10430       4       org.gradle.internal.logging.text.AbstractLineChoppingStyledTextOutput::doAppend (43 bytes)

GC Heap History (20 events):
Event: 6.889 GC heap before
{Heap before GC invocations=20 (full 0):
 garbage-first heap   total 108544K, used 86560K [0x0000000740000000, 0x0000000800000000)
  region size 2048K, 14 young (28672K), 2 survivors (4096K)
 Metaspace       used 61809K, committed 62464K, reserved 1114112K
  class space    used 8598K, committed 8896K, reserved 1048576K
}
Event: 6.892 GC heap after
{Heap after GC invocations=21 (full 0):
 garbage-first heap   total 108544K, used 64660K [0x0000000740000000, 0x0000000800000000)
  region size 2048K, 2 young (4096K), 2 survivors (4096K)
 Metaspace       used 61809K, committed 62464K, reserved 1114112K
  class space    used 8598K, committed 8896K, reserved 1048576K
}
Event: 7.113 GC heap before
{Heap before GC invocations=22 (full 0):
 garbage-first heap   total 116736K, used 85140K [0x0000000740000000, 0x0000000800000000)
  region size 2048K, 12 young (24576K), 2 survivors (4096K)
 Metaspace       used 62640K, committed 63296K, reserved 1114112K
  class space    used 8698K, committed 9024K, reserved 1048576K
}
Event: 7.115 GC heap after
{Heap after GC invocations=23 (full 0):
 garbage-first heap   total 116736K, used 67269K [0x0000000740000000, 0x0000000800000000)
  region size 2048K, 2 young (4096K), 2 survivors (4096K)
 Metaspace       used 62640K, committed 63296K, reserved 1114112K
  class space    used 8698K, committed 9024K, reserved 1048576K
}
Event: 7.386 GC heap before
{Heap before GC invocations=23 (full 0):
 garbage-first heap   total 116736K, used 93893K [0x0000000740000000, 0x0000000800000000)
  region size 2048K, 15 young (30720K), 2 survivors (4096K)
 Metaspace       used 65215K, committed 65856K, reserved 1114112K
  class space    used 9053K, committed 9344K, reserved 1048576K
}
Event: 7.389 GC heap after
{Heap after GC invocations=24 (full 0):
 garbage-first heap   total 116736K, used 68836K [0x0000000740000000, 0x0000000800000000)
  region size 2048K, 1 young (2048K), 1 survivors (2048K)
 Metaspace       used 65215K, committed 65856K, reserved 1114112K
  class space    used 9053K, committed 9344K, reserved 1048576K
}
Event: 7.662 GC heap before
{Heap before GC invocations=25 (full 0):
 garbage-first heap   total 120832K, used 93412K [0x0000000740000000, 0x0000000800000000)
  region size 2048K, 14 young (28672K), 1 survivors (2048K)
 Metaspace       used 68486K, committed 69184K, reserved 1114112K
  class space    used 9529K, committed 9856K, reserved 1048576K
}
Event: 7.664 GC heap after
{Heap after GC invocations=26 (full 0):
 garbage-first heap   total 145408K, used 69503K [0x0000000740000000, 0x0000000800000000)
  region size 2048K, 2 young (4096K), 2 survivors (4096K)
 Metaspace       used 68486K, committed 69184K, reserved 1114112K
  class space    used 9529K, committed 9856K, reserved 1048576K
}
Event: 7.682 GC heap before
{Heap before GC invocations=26 (full 0):
 garbage-first heap   total 145408K, used 71551K [0x0000000740000000, 0x0000000800000000)
  region size 2048K, 3 young (6144K), 2 survivors (4096K)
 Metaspace       used 68803K, committed 69504K, reserved 1114112K
  class space    used 9565K, committed 9920K, reserved 1048576K
}
Event: 7.684 GC heap after
{Heap after GC invocations=27 (full 0):
 garbage-first heap   total 145408K, used 69375K [0x0000000740000000, 0x0000000800000000)
  region size 2048K, 1 young (2048K), 1 survivors (2048K)
 Metaspace       used 68803K, committed 69504K, reserved 1114112K
  class space    used 9565K, committed 9920K, reserved 1048576K
}
Event: 8.309 GC heap before
{Heap before GC invocations=27 (full 0):
 garbage-first heap   total 145408K, used 114431K [0x0000000740000000, 0x0000000800000000)
  region size 2048K, 23 young (47104K), 1 survivors (2048K)
 Metaspace       used 72810K, committed 73472K, reserved 1114112K
  class space    used 10095K, committed 10432K, reserved 1048576K
}
Event: 8.311 GC heap after
{Heap after GC invocations=28 (full 0):
 garbage-first heap   total 145408K, used 71665K [0x0000000740000000, 0x0000000800000000)
  region size 2048K, 2 young (4096K), 2 survivors (4096K)
 Metaspace       used 72810K, committed 73472K, reserved 1114112K
  class space    used 10095K, committed 10432K, reserved 1048576K
}
Event: 9.301 GC heap before
{Heap before GC invocations=29 (full 0):
 garbage-first heap   total 145408K, used 116721K [0x0000000740000000, 0x0000000800000000)
  region size 2048K, 24 young (49152K), 2 survivors (4096K)
 Metaspace       used 73902K, committed 74688K, reserved 1114112K
  class space    used 10257K, committed 10624K, reserved 1048576K
}
Event: 9.305 GC heap after
{Heap after GC invocations=30 (full 0):
 garbage-first heap   total 145408K, used 76255K [0x0000000740000000, 0x0000000800000000)
  region size 2048K, 3 young (6144K), 3 survivors (6144K)
 Metaspace       used 73902K, committed 74688K, reserved 1114112K
  class space    used 10257K, committed 10624K, reserved 1048576K
}
Event: 9.745 GC heap before
{Heap before GC invocations=30 (full 0):
 garbage-first heap   total 145408K, used 117215K [0x0000000740000000, 0x0000000800000000)
  region size 2048K, 23 young (47104K), 3 survivors (6144K)
 Metaspace       used 75097K, committed 75904K, reserved 1114112K
  class space    used 10448K, committed 10816K, reserved 1048576K
}
Event: 9.749 GC heap after
{Heap after GC invocations=31 (full 0):
 garbage-first heap   total 145408K, used 81420K [0x0000000740000000, 0x0000000800000000)
  region size 2048K, 3 young (6144K), 3 survivors (6144K)
 Metaspace       used 75097K, committed 75904K, reserved 1114112K
  class space    used 10448K, committed 10816K, reserved 1048576K
}
Event: 10.070 GC heap before
{Heap before GC invocations=31 (full 0):
 garbage-first heap   total 145408K, used 114188K [0x0000000740000000, 0x0000000800000000)
  region size 2048K, 20 young (40960K), 3 survivors (6144K)
 Metaspace       used 76007K, committed 76736K, reserved 1179648K
  class space    used 10620K, committed 10944K, reserved 1048576K
}
Event: 10.074 GC heap after
{Heap after GC invocations=32 (full 0):
 garbage-first heap   total 145408K, used 84678K [0x0000000740000000, 0x0000000800000000)
  region size 2048K, 2 young (4096K), 2 survivors (4096K)
 Metaspace       used 76007K, committed 76736K, reserved 1179648K
  class space    used 10620K, committed 10944K, reserved 1048576K
}
Event: 10.349 GC heap before
{Heap before GC invocations=32 (full 0):
 garbage-first heap   total 145408K, used 115398K [0x0000000740000000, 0x0000000800000000)
  region size 2048K, 18 young (36864K), 2 survivors (4096K)
 Metaspace       used 76315K, committed 77056K, reserved 1179648K
  class space    used 10651K, committed 11008K, reserved 1048576K
}
Event: 10.352 GC heap after
{Heap after GC invocations=33 (full 0):
 garbage-first heap   total 198656K, used 87256K [0x0000000740000000, 0x0000000800000000)
  region size 2048K, 3 young (6144K), 3 survivors (6144K)
 Metaspace       used 76315K, committed 77056K, reserved 1179648K
  class space    used 10651K, committed 11008K, reserved 1048576K
}

Dll operation events (14 events):
Event: 0.007 Loaded shared library C:\Users\27439\.jdks\azul-17.0.9\bin\java.dll
Event: 0.019 Loaded shared library C:\Users\27439\.jdks\azul-17.0.9\bin\jsvml.dll
Event: 0.069 Loaded shared library C:\Users\27439\.jdks\azul-17.0.9\bin\zip.dll
Event: 0.072 Loaded shared library C:\Users\27439\.jdks\azul-17.0.9\bin\instrument.dll
Event: 0.075 Loaded shared library C:\Users\27439\.jdks\azul-17.0.9\bin\net.dll
Event: 0.076 Loaded shared library C:\Users\27439\.jdks\azul-17.0.9\bin\nio.dll
Event: 0.078 Loaded shared library C:\Users\27439\.jdks\azul-17.0.9\bin\zip.dll
Event: 0.186 Loaded shared library C:\Users\27439\.jdks\azul-17.0.9\bin\jimage.dll
Event: 0.229 Loaded shared library C:\Users\27439\.jdks\azul-17.0.9\bin\verify.dll
Event: 0.344 Loaded shared library C:\Users\27439\.gradle\native\68d5fa5c4cc2d200863cafc0d521ce42e7d3e7ee720ec0a83991735586a16f82\windows-amd64\native-platform.dll
Event: 0.348 Loaded shared library C:\Users\27439\.gradle\native\e376f236ea51e6404a007f0833ffe2c6e607c4080706a723a18a27aeea778392\windows-amd64\native-platform-file-events.dll
Event: 0.876 Loaded shared library C:\Users\27439\.jdks\azul-17.0.9\bin\management.dll
Event: 0.877 Loaded shared library C:\Users\27439\.jdks\azul-17.0.9\bin\management_ext.dll
Event: 1.297 Loaded shared library C:\Users\27439\.jdks\azul-17.0.9\bin\sunmscapi.dll

Deoptimization events (20 events):
Event: 11.288 Thread 0x000001f2cbcc6d40 DEOPT PACKING pc=0x000001f2f30354b0 sp=0x0000003d84efe370
Event: 11.288 Thread 0x000001f2cbcc6d40 DEOPT UNPACKING pc=0x000001f2f23c7143 sp=0x0000003d84efd838 mode 1
Event: 11.288 Thread 0x000001f2cbcc6d40 DEOPT PACKING pc=0x000001f2f30354b0 sp=0x0000003d84efe430
Event: 11.288 Thread 0x000001f2cbcc6d40 DEOPT UNPACKING pc=0x000001f2f23c7143 sp=0x0000003d84efd8f8 mode 1
Event: 11.291 Thread 0x000001f2cbcc6d40 DEOPT PACKING pc=0x000001f2f30354b0 sp=0x0000003d84efe620
Event: 11.291 Thread 0x000001f2cbcc6d40 DEOPT UNPACKING pc=0x000001f2f23c7143 sp=0x0000003d84efdae8 mode 1
Event: 11.291 Thread 0x000001f2cbcc6d40 DEOPT PACKING pc=0x000001f2f30354b0 sp=0x0000003d84efe6e0
Event: 11.291 Thread 0x000001f2cbcc6d40 DEOPT UNPACKING pc=0x000001f2f23c7143 sp=0x0000003d84efdba8 mode 1
Event: 11.292 Thread 0x000001f2cbcc6d40 DEOPT PACKING pc=0x000001f2f30354b0 sp=0x0000003d84efe5c0
Event: 11.292 Thread 0x000001f2cbcc6d40 DEOPT UNPACKING pc=0x000001f2f23c7143 sp=0x0000003d84efda88 mode 1
Event: 11.292 Thread 0x000001f2cbcc6d40 DEOPT PACKING pc=0x000001f2f30354b0 sp=0x0000003d84efe680
Event: 11.292 Thread 0x000001f2cbcc6d40 DEOPT UNPACKING pc=0x000001f2f23c7143 sp=0x0000003d84efdb48 mode 1
Event: 11.295 Thread 0x000001f2cbcc6d40 DEOPT PACKING pc=0x000001f2f30354b0 sp=0x0000003d84efe490
Event: 11.295 Thread 0x000001f2cbcc6d40 DEOPT UNPACKING pc=0x000001f2f23c7143 sp=0x0000003d84efd958 mode 1
Event: 11.295 Thread 0x000001f2cbcc6d40 DEOPT PACKING pc=0x000001f2f30354b0 sp=0x0000003d84efe550
Event: 11.295 Thread 0x000001f2cbcc6d40 DEOPT UNPACKING pc=0x000001f2f23c7143 sp=0x0000003d84efda18 mode 1
Event: 11.295 Thread 0x000001f2cbcc6d40 DEOPT PACKING pc=0x000001f2f30354b0 sp=0x0000003d84efcd80
Event: 11.295 Thread 0x000001f2cbcc6d40 DEOPT UNPACKING pc=0x000001f2f23c7143 sp=0x0000003d84efc248 mode 1
Event: 11.295 Thread 0x000001f2cbcc6d40 DEOPT PACKING pc=0x000001f2f30354b0 sp=0x0000003d84efce40
Event: 11.295 Thread 0x000001f2cbcc6d40 DEOPT UNPACKING pc=0x000001f2f23c7143 sp=0x0000003d84efc308 mode 1

Classes unloaded (0 events):
No events

Classes redefined (0 events):
No events

Internal exceptions (20 events):
Event: 10.767 Thread 0x000001f2d42faa10 Exception <a 'sun/nio/fs/WindowsException'{0x0000000749fad230}> (0x0000000749fad230) 
thrown [s\src\hotspot\share\prims\jni.cpp, line 516]
Event: 10.767 Thread 0x000001f2d42faa10 Exception <a 'sun/nio/fs/WindowsException'{0x0000000749fad4c8}> (0x0000000749fad4c8) 
thrown [s\src\hotspot\share\prims\jni.cpp, line 516]
Event: 10.769 Thread 0x000001f2d42faa10 Exception <a 'sun/nio/fs/WindowsException'{0x0000000749fd7780}> (0x0000000749fd7780) 
thrown [s\src\hotspot\share\prims\jni.cpp, line 516]
Event: 10.769 Thread 0x000001f2d42faa10 Exception <a 'sun/nio/fs/WindowsException'{0x0000000749fd7a68}> (0x0000000749fd7a68) 
thrown [s\src\hotspot\share\prims\jni.cpp, line 516]
Event: 10.769 Thread 0x000001f2d42faa10 Exception <a 'sun/nio/fs/WindowsException'{0x0000000749fd98c0}> (0x0000000749fd98c0) 
thrown [s\src\hotspot\share\prims\jni.cpp, line 516]
Event: 10.770 Thread 0x000001f2d42faa10 Exception <a 'sun/nio/fs/WindowsException'{0x0000000749fd9af8}> (0x0000000749fd9af8) 
thrown [s\src\hotspot\share\prims\jni.cpp, line 516]
Event: 10.770 Thread 0x000001f2d42faa10 Exception <a 'sun/nio/fs/WindowsException'{0x0000000749fdb958}> (0x0000000749fdb958) 
thrown [s\src\hotspot\share\prims\jni.cpp, line 516]
Event: 10.770 Thread 0x000001f2d42faa10 Exception <a 'sun/nio/fs/WindowsException'{0x0000000749fdbb98}> (0x0000000749fdbb98) 
thrown [s\src\hotspot\share\prims\jni.cpp, line 516]
Event: 10.771 Thread 0x000001f2d42faa10 Exception <a 'sun/nio/fs/WindowsException'{0x0000000749fddea0}> (0x0000000749fddea0) 
thrown [s\src\hotspot\share\prims\jni.cpp, line 516]
Event: 10.771 Thread 0x000001f2d42faa10 Exception <a 'sun/nio/fs/WindowsException'{0x0000000749fdebb8}> (0x0000000749fdebb8) 
thrown [s\src\hotspot\share\prims\jni.cpp, line 516]
Event: 10.771 Thread 0x000001f2d42faa10 Exception <a 'sun/nio/fs/WindowsException'{0x0000000749fdf440}> (0x0000000749fdf440) 
thrown [s\src\hotspot\share\prims\jni.cpp, line 516]
Event: 10.771 Thread 0x000001f2d42faa10 Exception <a 'sun/nio/fs/WindowsException'{0x0000000749fdf650}> (0x0000000749fdf650) 
thrown [s\src\hotspot\share\prims\jni.cpp, line 516]
Event: 10.771 Thread 0x000001f2d42faa10 Exception <a 'sun/nio/fs/WindowsException'{0x0000000749fe16d8}> (0x0000000749fe16d8) 
thrown [s\src\hotspot\share\prims\jni.cpp, line 516]
Event: 10.771 Thread 0x000001f2d42faa10 Exception <a 'sun/nio/fs/WindowsException'{0x0000000749fe18e8}> (0x0000000749fe18e8) 
thrown [s\src\hotspot\share\prims\jni.cpp, line 516]
Event: 10.771 Thread 0x000001f2d42faa10 Exception <a 'sun/nio/fs/WindowsException'{0x0000000749fe3710}> (0x0000000749fe3710) 
thrown [s\src\hotspot\share\prims\jni.cpp, line 516]
Event: 10.771 Thread 0x000001f2d42faa10 Exception <a 'sun/nio/fs/WindowsException'{0x0000000749fe3920}> (0x0000000749fe3920) 
thrown [s\src\hotspot\share\prims\jni.cpp, line 516]
Event: 10.771 Thread 0x000001f2d42faa10 Exception <a 'sun/nio/fs/WindowsException'{0x0000000749fe5738}> (0x0000000749fe5738) 
thrown [s\src\hotspot\share\prims\jni.cpp, line 516]
Event: 10.772 Thread 0x000001f2d42faa10 Exception <a 'sun/nio/fs/WindowsException'{0x0000000749fe5948}> (0x0000000749fe5948) 
thrown [s\src\hotspot\share\prims\jni.cpp, line 516]
Event: 10.772 Thread 0x000001f2d42faa10 Exception <a 'sun/nio/fs/WindowsException'{0x0000000749fe7780}> (0x0000000749fe7780) 
thrown [s\src\hotspot\share\prims\jni.cpp, line 516]
Event: 10.772 Thread 0x000001f2d42faa10 Exception <a 'sun/nio/fs/WindowsException'{0x0000000749fe79a0}> (0x0000000749fe79a0) 
thrown [s\src\hotspot\share\prims\jni.cpp, line 516]

VM Operations (20 events):
Event: 10.580 Executing VM operation: HandshakeAllThreads
Event: 10.580 Executing VM operation: HandshakeAllThreads done
Event: 10.652 Executing VM operation: ICBufferFull
Event: 10.652 Executing VM operation: ICBufferFull done
Event: 11.293 Executing VM operation: HandshakeAllThreads
Event: 11.294 Executing VM operation: HandshakeAllThreads done
Event: 11.294 Executing VM operation: HandshakeAllThreads
Event: 11.294 Executing VM operation: HandshakeAllThreads done
Event: 11.295 Executing VM operation: HandshakeAllThreads
Event: 11.295 Executing VM operation: HandshakeAllThreads done
Event: 12.301 Executing VM operation: Cleanup
Event: 12.301 Executing VM operation: Cleanup done
Event: 13.314 Executing VM operation: Cleanup
Event: 13.314 Executing VM operation: Cleanup done
Event: 17.338 Executing VM operation: Cleanup
Event: 17.338 Executing VM operation: Cleanup done
Event: 18.341 Executing VM operation: Cleanup
Event: 18.341 Executing VM operation: Cleanup done
Event: 19.354 Executing VM operation: Cleanup
Event: 19.355 Executing VM operation: Cleanup done

Events (20 events):
Event: 11.286 loading class java/util/concurrent/LinkedBlockingDeque$Itr
Event: 11.286 loading class java/util/concurrent/LinkedBlockingDeque$AbstractItr
Event: 11.287 loading class java/util/concurrent/LinkedBlockingDeque$AbstractItr done
Event: 11.287 loading class java/util/concurrent/LinkedBlockingDeque$Itr done
Event: 11.289 Thread 0x000001f2d2cb7eb0 Thread exited: 0x000001f2d2cb7eb0
Event: 11.289 Thread 0x000001f2ffabeb90 Thread exited: 0x000001f2ffabeb90
Event: 11.289 Thread 0x000001f2cbaf0900 Thread exited: 0x000001f2cbaf0900
Event: 11.289 Thread 0x000001f2ffabd650 Thread exited: 0x000001f2ffabd650
Event: 11.297 Thread 0x000001f2ff9aa920 flushing nmethod 0x000001f2f3018090
Event: 11.299 Thread 0x000001f2ff9aa920 flushing nmethod 0x000001f2eb17f590
Event: 11.300 Thread 0x000001f2ff9aa920 flushing nmethod 0x000001f2eb317910
Event: 11.300 Thread 0x000001f2ff9aa920 flushing nmethod 0x000001f2eb422910
Event: 11.301 Thread 0x000001f2ff9aa920 flushing nmethod 0x000001f2eb58bd90
Event: 11.302 Thread 0x000001f2ff9aa920 flushing nmethod 0x000001f2eb6dca10
Event: 11.307 Thread 0x000001f2ff9aa920 flushing nmethod 0x000001f2ebf06f10
Event: 11.489 Thread 0x000001f2cbaf03b0 Thread exited: 0x000001f2cbaf03b0
Event: 12.613 Thread 0x000001f2ff0d7570 Thread exited: 0x000001f2ff0d7570
Event: 12.613 Thread 0x000001f2cbaf18f0 Thread exited: 0x000001f2cbaf18f0
Event: 12.618 Thread 0x000001f2cbaef3c0 Thread exited: 0x000001f2cbaef3c0
Event: 13.175 Thread 0x000001f2cbaefe60 Thread exited: 0x000001f2cbaefe60


Dynamic libraries:
0x00007ff6313a0000 - 0x00007ff6313ae000 	C:\Users\27439\.jdks\azul-17.0.9\bin\java.exe
0x00007fffdda70000 - 0x00007fffddc87000 	C:\WINDOWS\SYSTEM32\ntdll.dll
0x00007fffdc8d0000 - 0x00007fffdc994000 	C:\WINDOWS\System32\KERNEL32.DLL
0x00007fffdb200000 - 0x00007fffdb5a6000 	C:\WINDOWS\System32\KERNELBASE.dll
0x00007fffdb620000 - 0x00007fffdb731000 	C:\WINDOWS\System32\ucrtbase.dll
0x00007fffba6d0000 - 0x00007fffba6eb000 	C:\Users\27439\.jdks\azul-17.0.9\bin\VCRUNTIME140.dll
0x00007fffba6f0000 - 0x00007fffba709000 	C:\Users\27439\.jdks\azul-17.0.9\bin\jli.dll
0x00007fffdcc30000 - 0x00007fffdcdde000 	C:\WINDOWS\System32\USER32.dll
0x00007fffdade0000 - 0x00007fffdae06000 	C:\WINDOWS\System32\win32u.dll
0x00007fffda020000 - 0x00007fffda2b3000 	C:\WINDOWS\WinSxS\amd64_microsoft.windows.common-controls_6595b64144ccf1df_6.0.22621.2506_none_270c5ae97388e100\COMCTL32.dll
0x00007fffdc0f0000 - 0x00007fffdc119000 	C:\WINDOWS\System32\GDI32.dll
0x00007fffdc020000 - 0x00007fffdc0c7000 	C:\WINDOWS\System32\msvcrt.dll
0x00007fffdaed0000 - 0x00007fffdafe8000 	C:\WINDOWS\System32\gdi32full.dll
0x00007fffdaff0000 - 0x00007fffdb08a000 	C:\WINDOWS\System32\msvcp_win.dll
0x00007fffdc170000 - 0x00007fffdc1a1000 	C:\WINDOWS\System32\IMM32.DLL
0x00007fffba6c0000 - 0x00007fffba6cc000 	C:\Users\27439\.jdks\azul-17.0.9\bin\vcruntime140_1.dll
0x00007fffba340000 - 0x00007fffba3cd000 	C:\Users\27439\.jdks\azul-17.0.9\bin\msvcp140.dll
0x00007fff5e030000 - 0x00007fff5ec97000 	C:\Users\27439\.jdks\azul-17.0.9\bin\server\jvm.dll
0x00007fffdc760000 - 0x00007fffdc811000 	C:\WINDOWS\System32\ADVAPI32.dll
0x00007fffdd880000 - 0x00007fffdd925000 	C:\WINDOWS\System32\sechost.dll
0x00007fffdc9a0000 - 0x00007fffdcab7000 	C:\WINDOWS\System32\RPCRT4.dll
0x00007fff87780000 - 0x00007fff87789000 	C:\WINDOWS\SYSTEM32\WSOCK32.dll
0x00007fffda700000 - 0x00007fffda74d000 	C:\WINDOWS\SYSTEM32\POWRPROF.dll
0x00007fffdc1b0000 - 0x00007fffdc221000 	C:\WINDOWS\System32\WS2_32.dll
0x00007fffd24b0000 - 0x00007fffd24e4000 	C:\WINDOWS\SYSTEM32\WINMM.dll
0x00007fffd1570000 - 0x00007fffd157a000 	C:\WINDOWS\SYSTEM32\VERSION.dll
0x00007fffda5a0000 - 0x00007fffda5b3000 	C:\WINDOWS\SYSTEM32\UMPDC.dll
0x00007fffd9560000 - 0x00007fffd9578000 	C:\WINDOWS\SYSTEM32\kernel.appcore.dll
0x00007fffba6b0000 - 0x00007fffba6ba000 	C:\Users\27439\.jdks\azul-17.0.9\bin\jimage.dll
0x00007fffda750000 - 0x00007fffda983000 	C:\WINDOWS\SYSTEM32\DBGHELP.DLL
0x00007fffdc3d0000 - 0x00007fffdc759000 	C:\WINDOWS\System32\combase.dll
0x00007fffdcb50000 - 0x00007fffdcc27000 	C:\WINDOWS\System32\OLEAUT32.dll
0x00007fffda5c0000 - 0x00007fffda5f2000 	C:\WINDOWS\SYSTEM32\dbgcore.DLL
0x00007fffdb740000 - 0x00007fffdb7ba000 	C:\WINDOWS\System32\bcryptPrimitives.dll
0x00007fffba3f0000 - 0x00007fffba42b000 	C:\Users\27439\.jdks\azul-17.0.9\bin\jdwp.dll
0x00007fffba6a0000 - 0x00007fffba6ae000 	C:\Users\27439\.jdks\azul-17.0.9\bin\instrument.dll
0x00007fffba1a0000 - 0x00007fffba1c5000 	C:\Users\27439\.jdks\azul-17.0.9\bin\java.dll
0x00007fff5df50000 - 0x00007fff5e027000 	C:\Users\27439\.jdks\azul-17.0.9\bin\jsvml.dll
0x00007fffdb7c0000 - 0x00007fffdc01a000 	C:\WINDOWS\System32\SHELL32.dll
0x00007fffd82d0000 - 0x00007fffd8bc6000 	C:\WINDOWS\SYSTEM32\windows.storage.dll
0x00007fffd8190000 - 0x00007fffd82ce000 	C:\WINDOWS\SYSTEM32\wintypes.dll
0x00007fffdd060000 - 0x00007fffdd153000 	C:\WINDOWS\System32\SHCORE.dll
0x00007fffdcdf0000 - 0x00007fffdce4e000 	C:\WINDOWS\System32\shlwapi.dll
0x00007fffdad10000 - 0x00007fffdad36000 	C:\WINDOWS\SYSTEM32\profapi.dll
0x00007fffd5320000 - 0x00007fffd532c000 	C:\Users\27439\.jdks\azul-17.0.9\bin\dt_socket.dll
0x00007fffd8f80000 - 0x00007fffd8fad000 	C:\WINDOWS\SYSTEM32\IPHLPAPI.DLL
0x00007fffd9a00000 - 0x00007fffd9a69000 	C:\WINDOWS\system32\mswsock.dll
0x00007fff5fcd0000 - 0x00007fff5fce8000 	C:\Users\27439\.jdks\azul-17.0.9\bin\zip.dll
0x00007fff5fb00000 - 0x00007fff5fb19000 	C:\Users\27439\.jdks\azul-17.0.9\bin\net.dll
0x00007fffd3660000 - 0x00007fffd3797000 	C:\WINDOWS\SYSTEM32\WINHTTP.dll
0x00007fff5df30000 - 0x00007fff5df46000 	C:\Users\27439\.jdks\azul-17.0.9\bin\nio.dll
0x00007fffd2780000 - 0x00007fffd2790000 	C:\Users\27439\.jdks\azul-17.0.9\bin\verify.dll
0x00007fffba710000 - 0x00007fffba737000 	C:\Users\27439\.gradle\native\68d5fa5c4cc2d200863cafc0d521ce42e7d3e7ee720ec0a83991735586a16f82\windows-amd64\native-platform.dll
0x00007fff5dde0000 - 0x00007fff5df24000 	C:\Users\27439\.gradle\native\e376f236ea51e6404a007f0833ffe2c6e607c4080706a723a18a27aeea778392\windows-amd64\native-platform-file-events.dll
0x00007fffd2770000 - 0x00007fffd2779000 	C:\Users\27439\.jdks\azul-17.0.9\bin\management.dll
0x00007fffd2760000 - 0x00007fffd276b000 	C:\Users\27439\.jdks\azul-17.0.9\bin\management_ext.dll
0x00007fffdcde0000 - 0x00007fffdcde8000 	C:\WINDOWS\System32\PSAPI.DLL
0x00007fffdaa80000 - 0x00007fffdaa9b000 	C:\WINDOWS\SYSTEM32\CRYPTSP.dll
0x00007fffd9730000 - 0x00007fffd9765000 	C:\WINDOWS\system32\rsaenh.dll
0x00007fffd9e30000 - 0x00007fffd9e5c000 	C:\WINDOWS\SYSTEM32\USERENV.dll
0x00007fffda600000 - 0x00007fffda628000 	C:\WINDOWS\SYSTEM32\bcrypt.dll
0x00007fffd9e60000 - 0x00007fffd9e6c000 	C:\WINDOWS\SYSTEM32\CRYPTBASE.dll
0x00007fffdcf00000 - 0x00007fffdcf09000 	C:\WINDOWS\System32\NSI.dll
0x00007fffd3640000 - 0x00007fffd3659000 	C:\WINDOWS\SYSTEM32\dhcpcsvc6.DLL
0x00007fffd34a0000 - 0x00007fffd34bf000 	C:\WINDOWS\SYSTEM32\dhcpcsvc.DLL
0x00007fffd8fb0000 - 0x00007fffd90a9000 	C:\WINDOWS\SYSTEM32\DNSAPI.dll
0x00007fffd6bc0000 - 0x00007fffd6bce000 	C:\Users\27439\.jdks\azul-17.0.9\bin\sunmscapi.dll
0x00007fffdb090000 - 0x00007fffdb1f6000 	C:\WINDOWS\System32\CRYPT32.dll
0x00007fffd9ff0000 - 0x00007fffda01d000 	C:\WINDOWS\SYSTEM32\ncrypt.dll
0x00007fffd9fb0000 - 0x00007fffd9fe7000 	C:\WINDOWS\SYSTEM32\NTASN1.dll
0x00007fff659f0000 - 0x00007fff659f8000 	C:\WINDOWS\system32\wshunix.dll
0x00007fffcd020000 - 0x00007fffcd037000 	C:\WINDOWS\system32\napinsp.dll
0x00007fffcd000000 - 0x00007fffcd01b000 	C:\WINDOWS\system32\pnrpnsp.dll
0x00007fffbd2b0000 - 0x00007fffbd2c1000 	C:\WINDOWS\System32\winrnr.dll
0x00007fffb8510000 - 0x00007fffb8525000 	C:\WINDOWS\system32\wshbth.dll
0x00007fffb5c80000 - 0x00007fffb5ca1000 	C:\WINDOWS\system32\nlansp_c.dll
0x00007fffd21c0000 - 0x00007fffd21ca000 	C:\Windows\System32\rasadhlp.dll
0x00007fffd25a0000 - 0x00007fffd2623000 	C:\WINDOWS\System32\fwpuclnt.dll

dbghelp: loaded successfully - version: 4.0.5 - missing functions: none
symbol engine: initialized successfully - sym options: 0x614 - pdb path: .;C:\Users\27439\.jdks\azul-17.0.9\bin;C:\WINDOWS\SYSTEM32;C:\WINDOWS\WinSxS\amd64_microsoft.windows.common-controls_6595b64144ccf1df_6.0.22621.2506_none_270c5ae97388e100;C:\Users\27439\.jdks\azul-17.0.9\bin\server;C:\Users\27439\.gradle\native\68d5fa5c4cc2d200863cafc0d521ce42e7d3e7ee720ec0a83991735586a16f82\windows-amd64;C:\Users\27439\.gradle\native\e376f236ea51e6404a007f0833ffe2c6e607c4080706a723a18a27aeea778392\windows-amd64

VM Arguments:
jvm_args: --add-opens=java.base/java.util.concurrent.atomic=ALL-UNNAMED -agentlib:jdwp=transport=dt_socket,server=n,suspend=y,address=127.0.0.1:51588 --add-opens=java.base/java.util=ALL-UNNAMED --add-opens=java.base/java.lang=ALL-UNNAMED --add-opens=java.base/java.lang.invoke=ALL-UNNAMED --add-opens=java.prefs/java.util.prefs=ALL-UNNAMED --add-opens=java.base/java.nio.charset=ALL-UNNAMED --add-opens=java.base/java.net=ALL-UNNAMED --add-opens=java.base/java.util.concurrent.atomic=ALL-UNNAMED -Xmx3g -Dfile.encoding=GBK -Duser.country=CN -Duser.language=zh -Duser.variant -javaagent:C:\Users\27439\.gradle\wrapper\dists\gradle-8.2-bin\bbg7u40eoinfdyxsxr3z4i7ta\gradle-8.2\lib\agents\gradle-instrumentation-agent-8.2.jar 
java_command: org.gradle.launcher.daemon.bootstrap.GradleDaemon 8.2
java_class_path (initial): C:\Users\27439\.gradle\wrapper\dists\gradle-8.2-bin\bbg7u40eoinfdyxsxr3z4i7ta\gradle-8.2\lib\gradle-launcher-8.2.jar
Launcher Type: SUN_STANDARD

[Global flags]
     intx CICompilerCount                          = 12                                        {product} {ergonomic}
     uint ConcGCThreads                            = 3                                         {product} {ergonomic}
     uint G1ConcRefinementThreads                  = 13                                        {product} {ergonomic}
   size_t G1HeapRegionSize                         = 2097152                                   {product} {ergonomic}
    uintx GCDrainStackTargetSize                   = 64                                        {product} {ergonomic}
   size_t InitialHeapSize                          = 255852544                                 {product} {ergonomic}
   size_t MarkStackSize                            = 4194304                                   {product} {ergonomic}
   size_t MaxHeapSize                              = 3221225472                                {product} {command line}
   size_t MaxNewSize                               = 1931476992                                {product} {ergonomic}
   size_t MinHeapDeltaBytes                        = 2097152                                   {product} {ergonomic}
   size_t MinHeapSize                              = 8388608                                   {product} {ergonomic}
    uintx NonNMethodCodeHeapSize                   = 7602480                                {pd product} {ergonomic}
    uintx NonProfiledCodeHeapSize                  = 122027880                              {pd product} {ergonomic}
    uintx ProfiledCodeHeapSize                     = 122027880                              {pd product} {ergonomic}
    uintx ReservedCodeCacheSize                    = 251658240                              {pd product} {ergonomic}
     bool SegmentedCodeCache                       = true                                      {product} {ergonomic}
   size_t SoftMaxHeapSize                          = 3221225472                             {manageable} {ergonomic}
     bool UseCompressedClassPointers               = true                           {product lp64_product} {ergonomic}
     bool UseCompressedOops                        = true                           {product lp64_product} {ergonomic}
     bool UseG1GC                                  = true                                      {product} {ergonomic}
     bool UseLargePagesIndividualAllocation        = false                                  {pd product} {ergonomic}

Logging:
Log output configuration:
 #0: stdout all=warning uptime,level,tags
 #1: stderr all=off uptime,level,tags

Environment Variables:
JAVA_HOME=C:\Users\27439\.jdks\corretto-11.0.21
CLASSPATH=C:\Users\27439\.jdks\corretto-11.0.21\lib\dt.jar;C:\Users\27439\.jdks\corretto-11.0.21\lib\tools.jar
PATH=C:\Program Files (x86)\VMware\VMware Workstation\bin\;C:\WINDOWS\system32;C:\WINDOWS;C:\WINDOWS\System32\Wbem;C:\WINDOWS\System32\WindowsPowerShell\v1.0\;C:\WINDOWS\System32\OpenSSH\;C:\Program Files\NVIDIA Corporation\NVIDIA NvDLISR;C:\Program Files (x86)\NVIDIA Corporation\PhysX\Common;C:\Program Files\Git\cmd;C:\ProgramData\chocolatey\bin;C:\Users\27439\AppData\Roaming\nvm;C:\Program Files\nodejs;;C:\Program Files\dotnet\;C:\Program Files\CMake\bin;C:\Users\27439\.cargo\bin;C:\Program Files\MySQL\MySQL Shell 8.0\bin\;C:\Users\27439\AppData\Local\pnpm;C:\Users\27439\AppData\Local\Microsoft\WindowsApps;C:\Users\27439\AppData\Local\JetBrains\Toolbox\scripts;C:\Users\27439\AppData\Roaming\npm;C:\Users\27439\AppData\Local\Android\Sdk\platform-tools;C:\Users\27439\AppData\Local\Android\Sdk\emulator;C:\Users\27439\AppData\Local\Android\Sdktools;C:\Users\27439\AppData\Local\Android\Sdktools\bin;C:\Users\27439\AppData\Local\Programs\Microsoft VS Code\bin;C:\Program Files\adb;C:\Users\27439\.jdks\corretto-11.0.21\jre\bin;C:\Users\27439\.jdks\corretto-11.0.21\bin;C:\Users\27439\AppData\Local\GitHubDesktop\bin;C:\Users\27439\AppData\Roaming\nvm;C:\Program Files\nodejs;C:\Program Files\gradle-6.5\bin;C:\Program Files\ffmpeg\bin;C:\Users\27439\AppData\Roaming\Pub\Cache\bin;C:\Users\27439\.sdk\flutter\bin;C:\Users\27439\.dotnet\tools;C:\Users\27439\.sdk\golib\bin;C:\Users\27439\.sdk\go\bin;C:\Users\27439\.sdk\hover-master;C:\Users\27439\.sdk\mingw64\bin;C:\Users\27439\.sdk\cangjie\bin;C:\Users\27439\.sdk\cangjie\lib\windows_x86_64_llvm;C:\Users\27439\.sdk\cangjie\tools\bin;C:\Users\27439\.sdk\cangjie\runtime\lib\windows_x86_64_llvm;C:\Users\27439\.sdk\cangjie\modules\windows_x86_64_llvm;C:\Program Files\MySQL\MySQL Server 8.0\bin;C:\Program Files\OpenSSL-Win64\bin;C:\Program Files\OpenSSL-Win64\lib;D:\Code\Cj\awt\lib;C:\Program Files\JetBrains\JetBrains Gateway 233.9102.97\bin;;C:\Users\27439\.cargo\bin;
USERNAME=27439
OS=Windows_NT
PROCESSOR_IDENTIFIER=AMD64 Family 25 Model 68 Stepping 1, AuthenticAMD
TMP=C:\Users\27439\AppData\Local\Temp
TEMP=C:\Users\27439\AppData\Local\Temp



Periodic native trim disabled


---------------  S Y S T E M  ---------------

OS:
 Windows 11 , 64 bit Build 22621 (10.0.22621.2506)
OS uptime: 0 days 1:07 hours
Hyper-V role detected

CPU: total 16 (initial active 16) (16 cores per cpu, 2 threads per core) family 25 model 68 stepping 1 microcode 0x0, cx8, cmov, fxsr, ht, mmx, 3dnowpref, sse, sse2, sse3, ssse3, sse4a, sse4.1, sse4.2, popcnt, lzcnt, tsc, tscinvbit, avx, avx2, aes, clmul, bmi1, bmi2, adx, sha, fma, vzeroupper, clflush, clflushopt, hv
Processor Information for all 16 processors :
  Max Mhz: 3201, Current Mhz: 3201, Mhz Limit: 3201

Memory: 4k page, system-wide physical 15612M (1633M free)
TotalPageFile size 24473M (AvailPageFile size 3M)
current process WorkingSet (physical memory assigned to process): 403M, peak: 491M
current process commit charge ("private bytes"): 501M, peak: 567M

vm_info: OpenJDK 64-Bit Server VM (17.0.9+8-LTS) for windows-amd64 JRE (17.0.9+8-LTS) (Zulu17.46+19-CA), built on Oct 11 2023 20:47:25 by "zulu_re" with MS VC++ 16.10 / 16.11 (VS2019)

END.
