#
# There is insufficient memory for the Java Runtime Environment to continue.
# Native memory allocation (malloc) failed to allocate 583456 bytes for Chunk::new
# Possible reasons:
#   The system is out of physical RAM or swap space
#   The process is running with CompressedOops enabled, and the Java Heap may be blocking the growth of the native heap
# Possible solutions:
#   Reduce memory load on the system
#   Increase physical memory or swap space
#   Check if swap backing store is full
#   Decrease Java heap size (-Xmx/-Xms)
#   Decrease number of Java threads
#   Decrease Java thread stack sizes (-Xss)
#   Set larger code cache with -XX:ReservedCodeCacheSize=
#   JVM is running with Zero Based Compressed Oops mode in which the Java heap is
#     placed in the first 32GB address space. The Java Heap base address is the
#     maximum limit for the native heap growth. Please use -XX:HeapBaseMinAddress
#     to set the Java Heap base and to place the Java Heap above 32GB virtual address.
# This output file may be truncated or incomplete.
#
#  Out of Memory Error (arena.cpp:191), pid=9332, tid=4956
#
# JRE version: OpenJDK Runtime Environment Corretto-17.0.10.7.1 (17.0.10+7) (build 17.0.10+7-LTS)
# Java VM: OpenJDK 64-Bit Server VM Corretto-17.0.10.7.1 (17.0.10+7-LTS, mixed mode, sharing, tiered, compressed oops, compressed class ptrs, g1 gc, windows-amd64)
# No core dump will be written. Minidumps are not enabled by default on client versions of Windows
#

---------------  S U M M A R Y ------------

Command Line: --add-opens=java.base/java.util.concurrent.atomic=ALL-UNNAMED -agentlib:jdwp=transport=dt_socket,server=n,suspend=y,address=127.0.0.1:50938 --add-opens=java.base/java.util=ALL-UNNAMED --add-opens=java.base/java.lang=ALL-UNNAMED --add-opens=java.base/java.lang.invoke=ALL-UNNAMED --add-opens=java.prefs/java.util.prefs=ALL-UNNAMED --add-opens=java.base/java.nio.charset=ALL-UNNAMED --add-opens=java.base/java.net=ALL-UNNAMED --add-opens=java.base/java.util.concurrent.atomic=ALL-UNNAMED -Xmx3g -Dfile.encoding=UTF-8 -Duser.country=CN -Duser.language=zh -Duser.variant -javaagent:C:\Users\27439\.gradle\wrapper\dists\gradle-8.2-all\2q3bs1ik8c4yxxdwn9pbenul9\gradle-8.2\lib\agents\gradle-instrumentation-agent-8.2.jar org.gradle.launcher.daemon.bootstrap.GradleDaemon 8.2

Host: AMD Ryzen 7 6800H with Radeon Graphics         , 16 cores, 15G,  Windows 11 , 64 bit Build 22621 (10.0.22621.4391)
Time: Wed Nov 13 19:42:17 2024  Windows 11 , 64 bit Build 22621 (10.0.22621.4391) elapsed time: 24.199244 seconds (0d 0h 0m 24s)

---------------  T H R E A D  ---------------

Current thread (0x000001bc260196e0):  JavaThread "C2 CompilerThread0" daemon [_thread_in_native, id=4956, stack(0x0000003446100000,0x0000003446200000)]


Current CompileTask:
C2:  24199 18287 %     4       java.io.OutputStream::write @ 11 (34 bytes)

Stack: [0x0000003446100000,0x0000003446200000]
Native frames: (J=compiled Java code, j=interpreted, Vv=VM code, C=native code)
V  [jvm.dll+0x67d2c9]
V  [jvm.dll+0x834b1a]
V  [jvm.dll+0x8365de]
V  [jvm.dll+0x836c43]
V  [jvm.dll+0x2477ff]
V  [jvm.dll+0xac514]
V  [jvm.dll+0xacb5c]
V  [jvm.dll+0x3667d7]
V  [jvm.dll+0x330bfa]
V  [jvm.dll+0x33009a]
V  [jvm.dll+0x219ef1]
V  [jvm.dll+0x219311]
V  [jvm.dll+0x1a502d]
V  [jvm.dll+0x2290de]
V  [jvm.dll+0x2272ac]
V  [jvm.dll+0x7e9bd7]
V  [jvm.dll+0x7e3fda]
V  [jvm.dll+0x67c1b5]
C  [ucrtbase.dll+0x29333]
C  [KERNEL32.DLL+0x1259d]
C  [ntdll.dll+0x5af38]


---------------  P R O C E S S  ---------------

Threads class SMR info:
_java_thread_list=0x000001bc3345b080, length=174, elements={
0x000001bbbf7f3bd0, 0x000001bbe0d539a0, 0x000001bbe0d54730, 0x000001bc26013e40,
0x000001bc26017890, 0x000001bc26018160, 0x000001bc26018a30, 0x000001bc260196e0,
0x000001bc2601a0a0, 0x000001bc2601e9d0, 0x000001bbe0d3d810, 0x000001bc261f30d0,
0x000001bc2615cab0, 0x000001bc2615cfb0, 0x000001bc262fd920, 0x000001bc278eba30,
0x000001bc28516ad0, 0x000001bc2839a860, 0x000001bc278eb020, 0x000001bc27291b30,
0x000001bc27bcd9d0, 0x000001bc27c10a30, 0x000001bc283b3690, 0x000001bc283b40b0,
0x000001bc283b5a00, 0x000001bc283b6e40, 0x000001bc283b45c0, 0x000001bc283b3ba0,
0x000001bc283b6930, 0x000001bc283b4fe0, 0x000001bc283b54f0, 0x000001bc283b6420,
0x000001bc2884fb80, 0x000001bc2884cdf0, 0x000001bc2884a060, 0x000001bc28850ab0,
0x000001bc2884e740, 0x000001bc2884ec50, 0x000001bc2884f670, 0x000001bc2884b4a0,
0x000001bc2884b9b0, 0x000001bc28850090, 0x000001bc288505a0, 0x000001bc288519e0,
0x000001bc2884bec0, 0x000001bc2884c8e0, 0x000001bc2884a570, 0x000001bc2884af90,
0x000001bc2884d810, 0x000001bc2884dd20, 0x000001bc2884e230, 0x000001bc283b4ad0,
0x000001bc2d820de0, 0x000001bc2d81ea70, 0x000001bc2d81ef80, 0x000001bc2d823660,
0x000001bc2d81f490, 0x000001bc2d8203c0, 0x000001bc2d81f9a0, 0x000001bc2d821d10,
0x000001bc2d81feb0, 0x000001bc2d81e560, 0x000001bc2d81d630, 0x000001bc2d822730,
0x000001bc2d8208d0, 0x000001bc2d8212f0, 0x000001bc2d821800, 0x000001bc2d822c40,
0x000001bc2d81d120, 0x000001bc2d81db40, 0x000001bc2d81e050, 0x000001bc2d822220,
0x000001bc2d81cc10, 0x000001bc2d823b70, 0x000001bc27f017c0, 0x000001bc27f021e0,
0x000001bc27efea30, 0x000001bc2de163d0, 0x000001bc2de18230, 0x000001bc2de19160,
0x000001bc2de1d330, 0x000001bc2de18740, 0x000001bc2de18c50, 0x000001bc2de1a090,
0x000001bc2de17300, 0x000001bc2de1a5a0, 0x000001bc2de1aab0, 0x000001bc2de17810,
0x000001bc2de19670, 0x000001bc2de1afc0, 0x000001bc2de1b4d0, 0x000001bc2de168e0,
0x000001bc2de1b9e0, 0x000001bc2de1c910, 0x000001bc2de19b80, 0x000001bc2de1bef0,
0x000001bc2de1c400, 0x000001bc2de1ce20, 0x000001bc2de1d840, 0x000001bc2de1dd50,
0x000001bc2de16df0, 0x000001bc2de17d20, 0x000001bc2b8c4ec0, 0x000001bc2b8c5df0,
0x000001bc2b8c3f90, 0x000001bc2b8c3570, 0x000001bc2b8c44a0, 0x000001bc2b8c3a80,
0x000001bc2b8c49b0, 0x000001bc2b8c6810, 0x000001bc2b8c58e0, 0x000001bc2b8c6300,
0x000001bc2b8c53d0, 0x000001bc2b8c3060, 0x000001bc31a56eb0, 0x000001bc31a582f0,
0x000001bc31a50e80, 0x000001bc31a56490, 0x000001bc31a51db0, 0x000001bc31a58800,
0x000001bc31a52ce0, 0x000001bc31a569a0, 0x000001bc31a531f0, 0x000001bc31a573c0,
0x000001bc31a527d0, 0x000001bc31a51390, 0x000001bc31a518a0, 0x000001bc31a53c10,
0x000001bc31a53700, 0x000001bc31a54120, 0x000001bc31a54630, 0x000001bc31a522c0,
0x000001bc31a54b40, 0x000001bc31a55050, 0x000001bc31a55560, 0x000001bc31a55a70,
0x000001bc31a55f80, 0x000001bc31a578d0, 0x000001bc31a57de0, 0x000001bc2b941480,
0x000001bc2b9423b0, 0x000001bc2b9432e0, 0x000001bc2b940a60, 0x000001bc2b941ea0,
0x000001bc2b946a90, 0x000001bc2b9437f0, 0x000001bc2b946070, 0x000001bc2b93fb30,
0x000001bc2b9474b0, 0x000001bc2b946580, 0x000001bc2b942dd0, 0x000001bc2b945650,
0x000001bc2b943d00, 0x000001bc2b945b60, 0x000001bc2b940f70, 0x000001bc2b9428c0,
0x000001bc2b944210, 0x000001bc2b944720, 0x000001bc2b944c30, 0x000001bc28850fc0,
0x000001bc34442c10, 0x000001bc34445490, 0x000001bc34442700, 0x000001bc34449150,
0x000001bc344459a0, 0x000001bc34448c40, 0x000001bc344468d0, 0x000001bc34446de0,
0x000001bc34443b40, 0x000001bc34447d10, 0x000001bc34448220, 0x000001bc3444a080,
0x000001bc28a38f30, 0x000001bc28a379f0
}

Java Threads: ( => current thread )
  0x000001bbbf7f3bd0 JavaThread "main" [_thread_blocked, id=22776, stack(0x0000003445400000,0x0000003445500000)]
  0x000001bbe0d539a0 JavaThread "Reference Handler" daemon [_thread_blocked, id=936, stack(0x0000003445b00000,0x0000003445c00000)]
  0x000001bbe0d54730 JavaThread "Finalizer" daemon [_thread_blocked, id=23912, stack(0x0000003445c00000,0x0000003445d00000)]
  0x000001bc26013e40 JavaThread "Signal Dispatcher" daemon [_thread_blocked, id=24196, stack(0x0000003445d00000,0x0000003445e00000)]
  0x000001bc26017890 JavaThread "Attach Listener" daemon [_thread_blocked, id=8124, stack(0x0000003445e00000,0x0000003445f00000)]
  0x000001bc26018160 JavaThread "Service Thread" daemon [_thread_blocked, id=19572, stack(0x0000003445f00000,0x0000003446000000)]
  0x000001bc26018a30 JavaThread "Monitor Deflation Thread" daemon [_thread_blocked, id=20044, stack(0x0000003446000000,0x0000003446100000)]
=>0x000001bc260196e0 JavaThread "C2 CompilerThread0" daemon [_thread_in_native, id=4956, stack(0x0000003446100000,0x0000003446200000)]
  0x000001bc2601a0a0 JavaThread "C1 CompilerThread0" daemon [_thread_blocked, id=23200, stack(0x0000003446200000,0x0000003446300000)]
  0x000001bc2601e9d0 JavaThread "Sweeper thread" daemon [_thread_blocked, id=11544, stack(0x0000003446300000,0x0000003446400000)]
  0x000001bbe0d3d810 JavaThread "Common-Cleaner" daemon [_thread_blocked, id=2628, stack(0x0000003446400000,0x0000003446500000)]
  0x000001bc261f30d0 JavaThread "JDWP Transport Listener: dt_socket" daemon [_thread_blocked, id=24216, stack(0x0000003446600000,0x0000003446700000)]
  0x000001bc2615cab0 JavaThread "JDWP Event Helper Thread" daemon [_thread_blocked, id=4088, stack(0x0000003446700000,0x0000003446800000)]
  0x000001bc2615cfb0 JavaThread "JDWP Command Reader" daemon [_thread_in_native, id=392, stack(0x0000003446800000,0x0000003446900000)]
  0x000001bc262fd920 JavaThread "Notification Thread" daemon [_thread_blocked, id=8412, stack(0x0000003446a00000,0x0000003446b00000)]
  0x000001bc278eba30 JavaThread "Daemon health stats" [_thread_blocked, id=14852, stack(0x0000003447900000,0x0000003447a00000)]
  0x000001bc28516ad0 JavaThread "Incoming local TCP Connector on port 50943" [_thread_in_native, id=22956, stack(0x0000003447a00000,0x0000003447b00000)]
  0x000001bc2839a860 JavaThread "Daemon periodic checks" [_thread_blocked, id=3004, stack(0x0000003447b00000,0x0000003447c00000)]
  0x000001bc278eb020 JavaThread "Daemon" [_thread_blocked, id=6916, stack(0x0000003447c00000,0x0000003447d00000)]
  0x000001bc27291b30 JavaThread "Handler for socket connection from /127.0.0.1:50943 to /127.0.0.1:50944" [_thread_in_native, id=23820, stack(0x0000003447d00000,0x0000003447e00000)]
  0x000001bc27bcd9d0 JavaThread "Cancel handler" [_thread_blocked, id=6608, stack(0x0000003447e00000,0x0000003447f00000)]
  0x000001bc27c10a30 JavaThread "Daemon worker" [_thread_blocked, id=4504, stack(0x0000003447f00000,0x0000003448000000)]
  0x000001bc283b3690 JavaThread "Asynchronous log dispatcher for DefaultDaemonConnection: socket connection from /127.0.0.1:50943 to /127.0.0.1:50944" [_thread_blocked, id=21580, stack(0x0000003448000000,0x0000003448100000)]
  0x000001bc283b40b0 JavaThread "Stdin handler" [_thread_blocked, id=10936, stack(0x0000003448100000,0x0000003448200000)]
  0x000001bc283b5a00 JavaThread "Daemon client event forwarder" [_thread_blocked, id=7608, stack(0x0000003448200000,0x0000003448300000)]
  0x000001bc283b6e40 JavaThread "Cache worker for journal cache (C:\Users\27439\.gradle\caches\journal-1)" [_thread_blocked, id=21916, stack(0x0000003447800000,0x0000003447900000)]
  0x000001bc283b45c0 JavaThread "File lock request listener" [_thread_in_native, id=10892, stack(0x0000003448300000,0x0000003448400000)]
  0x000001bc283b3ba0 JavaThread "Cache worker for file hash cache (C:\Users\27439\.gradle\caches\8.2\fileHashes)" [_thread_blocked, id=23620, stack(0x0000003448400000,0x0000003448500000)]
  0x000001bc283b6930 JavaThread "File watcher server" daemon [_thread_in_native, id=10116, stack(0x0000003448600000,0x0000003448700000)]
  0x000001bc283b4fe0 JavaThread "File watcher consumer" daemon [_thread_blocked, id=21464, stack(0x0000003448700000,0x0000003448800000)]
  0x000001bc283b54f0 JavaThread "Cache worker for checksums cache (D:\Code\intellij\intellij-cangjie\.gradle\8.2\checksums)" [_thread_blocked, id=23996, stack(0x0000003448500000,0x0000003448600000)]
  0x000001bc283b6420 JavaThread "Cache worker for cache directory md-rule (C:\Users\27439\.gradle\caches\8.2\md-rule)" [_thread_blocked, id=6544, stack(0x0000003448800000,0x0000003448900000)]
  0x000001bc2884fb80 JavaThread "Cache worker for file content cache (C:\Users\27439\.gradle\caches\8.2\fileContent)" [_thread_blocked, id=23960, stack(0x0000003448900000,0x0000003448a00000)]
  0x000001bc2884cdf0 JavaThread "Cache worker for file hash cache (D:\Code\intellij\intellij-cangjie\.gradle\8.2\fileHashes)" [_thread_blocked, id=14476, stack(0x0000003448f00000,0x0000003449000000)]
  0x000001bc2884a060 JavaThread "Cache worker for cache directory md-supplier (C:\Users\27439\.gradle\caches\8.2\md-supplier)" [_thread_blocked, id=2488, stack(0x0000003449000000,0x0000003449100000)]
  0x000001bc28850ab0 JavaThread "Cache worker for execution history cache (C:\Users\27439\.gradle\caches\8.2\executionHistory)" [_thread_blocked, id=21544, stack(0x0000003449100000,0x0000003449200000)]
  0x000001bc2884e740 JavaThread "jar transforms" [_thread_blocked, id=3464, stack(0x0000003449200000,0x0000003449300000)]
  0x000001bc2884ec50 JavaThread "jar transforms Thread 2" [_thread_blocked, id=23512, stack(0x0000003449300000,0x0000003449400000)]
  0x000001bc2884f670 JavaThread "jar transforms Thread 3" [_thread_blocked, id=2908, stack(0x0000003449900000,0x0000003449a00000)]
  0x000001bc2884b4a0 JavaThread "jar transforms Thread 4" [_thread_blocked, id=2844, stack(0x0000003449a00000,0x0000003449b00000)]
  0x000001bc2884b9b0 JavaThread "jar transforms Thread 5" [_thread_blocked, id=8496, stack(0x0000003449b00000,0x0000003449c00000)]
  0x000001bc28850090 JavaThread "jar transforms Thread 6" [_thread_blocked, id=2216, stack(0x0000003449e00000,0x0000003449f00000)]
  0x000001bc288505a0 JavaThread "Cache worker for kotlin-dsl (C:\Users\27439\.gradle\caches\8.2\kotlin-dsl)" [_thread_blocked, id=16340, stack(0x0000003449f00000,0x000000344a000000)]
  0x000001bc288519e0 JavaThread "jar transforms Thread 7" [_thread_blocked, id=8176, stack(0x000000344a000000,0x000000344a100000)]
  0x000001bc2884bec0 JavaThread "jar transforms Thread 8" [_thread_blocked, id=20224, stack(0x000000344a100000,0x000000344a200000)]
  0x000001bc2884c8e0 JavaThread "Unconstrained build operations" [_thread_blocked, id=9900, stack(0x0000003449800000,0x0000003449900000)]
  0x000001bc2884a570 JavaThread "Unconstrained build operations Thread 2" [_thread_blocked, id=9232, stack(0x000000344a200000,0x000000344a300000)]
  0x000001bc2884af90 JavaThread "jar transforms Thread 9" [_thread_blocked, id=7732, stack(0x000000344a300000,0x000000344a400000)]
  0x000001bc2884d810 JavaThread "jar transforms Thread 10" [_thread_blocked, id=20256, stack(0x000000344a400000,0x000000344a500000)]
  0x000001bc2884dd20 JavaThread "jar transforms Thread 11" [_thread_blocked, id=3860, stack(0x000000344a500000,0x000000344a600000)]
  0x000001bc2884e230 JavaThread "jar transforms Thread 12" [_thread_blocked, id=1032, stack(0x000000344a600000,0x000000344a700000)]
  0x000001bc283b4ad0 JavaThread "jar transforms Thread 13" [_thread_blocked, id=17084, stack(0x000000344a700000,0x000000344a800000)]
  0x000001bc2d820de0 JavaThread "jar transforms Thread 14" [_thread_blocked, id=5636, stack(0x000000344a800000,0x000000344a900000)]
  0x000001bc2d81ea70 JavaThread "Cache worker for dependencies-accessors (D:\Code\intellij\intellij-cangjie\.gradle\8.2\dependencies-accessors)" [_thread_blocked, id=2676, stack(0x0000003449700000,0x0000003449800000)]
  0x000001bc2d81ef80 JavaThread "Cache worker for Build Output Cleanup Cache (D:\Code\intellij\intellij-cangjie\.gradle\buildOutputCleanup)" [_thread_blocked, id=14496, stack(0x000000344a900000,0x000000344aa00000)]
  0x000001bc2d823660 JavaThread "jar transforms Thread 15" [_thread_blocked, id=6192, stack(0x0000003449600000,0x0000003449700000)]
  0x000001bc2d81f490 JavaThread "jar transforms Thread 16" [_thread_blocked, id=8880, stack(0x000000344aa00000,0x000000344ab00000)]
  0x000001bc2d8203c0 JavaThread "Unconstrained build operations Thread 3" [_thread_blocked, id=9724, stack(0x000000344ab00000,0x000000344ac00000)]
  0x000001bc2d81f9a0 JavaThread "Unconstrained build operations Thread 4" [_thread_blocked, id=2740, stack(0x000000344ac00000,0x000000344ad00000)]
  0x000001bc2d821d10 JavaThread "Unconstrained build operations Thread 5" [_thread_blocked, id=1492, stack(0x000000344ad00000,0x000000344ae00000)]
  0x000001bc2d81feb0 JavaThread "Unconstrained build operations Thread 6" [_thread_blocked, id=12828, stack(0x000000344ae00000,0x000000344af00000)]
  0x000001bc2d81e560 JavaThread "Unconstrained build operations Thread 7" [_thread_blocked, id=23412, stack(0x000000344af00000,0x000000344b000000)]
  0x000001bc2d81d630 JavaThread "Unconstrained build operations Thread 8" [_thread_blocked, id=19744, stack(0x000000344b000000,0x000000344b100000)]
  0x000001bc2d822730 JavaThread "Unconstrained build operations Thread 9" [_thread_blocked, id=2912, stack(0x000000344b100000,0x000000344b200000)]
  0x000001bc2d8208d0 JavaThread "Unconstrained build operations Thread 10" [_thread_blocked, id=11672, stack(0x000000344b200000,0x000000344b300000)]
  0x000001bc2d8212f0 JavaThread "Unconstrained build operations Thread 11" [_thread_blocked, id=8356, stack(0x000000344b300000,0x000000344b400000)]
  0x000001bc2d821800 JavaThread "Unconstrained build operations Thread 12" [_thread_blocked, id=6324, stack(0x000000344b400000,0x000000344b500000)]
  0x000001bc2d822c40 JavaThread "Unconstrained build operations Thread 13" [_thread_blocked, id=2484, stack(0x000000344b500000,0x000000344b600000)]
  0x000001bc2d81d120 JavaThread "Unconstrained build operations Thread 14" [_thread_blocked, id=5152, stack(0x000000344b600000,0x000000344b700000)]
  0x000001bc2d81db40 JavaThread "Unconstrained build operations Thread 15" [_thread_blocked, id=7648, stack(0x000000344b700000,0x000000344b800000)]
  0x000001bc2d81e050 JavaThread "Unconstrained build operations Thread 16" [_thread_blocked, id=24056, stack(0x000000344b800000,0x000000344b900000)]
  0x000001bc2d822220 JavaThread "Unconstrained build operations Thread 17" [_thread_blocked, id=22996, stack(0x000000344b900000,0x000000344ba00000)]
  0x000001bc2d81cc10 JavaThread "build event listener" [_thread_blocked, id=22212, stack(0x000000344ba00000,0x000000344bb00000)]
  0x000001bc2d823b70 JavaThread "Memory manager" [_thread_blocked, id=12156, stack(0x0000003449500000,0x0000003449600000)]
  0x000001bc27f017c0 JavaThread "Unconstrained build operations Thread 18" [_thread_blocked, id=23624, stack(0x000000344bc00000,0x000000344bd00000)]
  0x000001bc27f021e0 JavaThread "Unconstrained build operations Thread 19" [_thread_blocked, id=7432, stack(0x000000344bd00000,0x000000344be00000)]
  0x000001bc27efea30 JavaThread "Unconstrained build operations Thread 20" [_thread_blocked, id=23240, stack(0x000000344bb00000,0x000000344bc00000)]
  0x000001bc2de163d0 JavaThread "Unconstrained build operations Thread 21" [_thread_blocked, id=23800, stack(0x000000344be00000,0x000000344bf00000)]
  0x000001bc2de18230 JavaThread "Unconstrained build operations Thread 22" [_thread_blocked, id=7316, stack(0x000000344bf00000,0x000000344c000000)]
  0x000001bc2de19160 JavaThread "Unconstrained build operations Thread 23" [_thread_blocked, id=17036, stack(0x000000344c000000,0x000000344c100000)]
  0x000001bc2de1d330 JavaThread "Unconstrained build operations Thread 24" [_thread_blocked, id=23932, stack(0x000000344c100000,0x000000344c200000)]
  0x000001bc2de18740 JavaThread "Unconstrained build operations Thread 25" [_thread_blocked, id=22336, stack(0x000000344c200000,0x000000344c300000)]
  0x000001bc2de18c50 JavaThread "Unconstrained build operations Thread 26" [_thread_blocked, id=6272, stack(0x000000344c300000,0x000000344c400000)]
  0x000001bc2de1a090 JavaThread "Unconstrained build operations Thread 27" [_thread_blocked, id=6920, stack(0x000000344c400000,0x000000344c500000)]
  0x000001bc2de17300 JavaThread "Unconstrained build operations Thread 28" [_thread_blocked, id=23808, stack(0x000000344c500000,0x000000344c600000)]
  0x000001bc2de1a5a0 JavaThread "Unconstrained build operations Thread 29" [_thread_blocked, id=23328, stack(0x000000344c600000,0x000000344c700000)]
  0x000001bc2de1aab0 JavaThread "Unconstrained build operations Thread 30" [_thread_blocked, id=10760, stack(0x000000344c700000,0x000000344c800000)]
  0x000001bc2de17810 JavaThread "Unconstrained build operations Thread 31" [_thread_blocked, id=4500, stack(0x000000344c800000,0x000000344c900000)]
  0x000001bc2de19670 JavaThread "Unconstrained build operations Thread 32" [_thread_blocked, id=3732, stack(0x000000344c900000,0x000000344ca00000)]
  0x000001bc2de1afc0 JavaThread "Unconstrained build operations Thread 33" [_thread_blocked, id=5556, stack(0x000000344ca00000,0x000000344cb00000)]
  0x000001bc2de1b4d0 JavaThread "Unconstrained build operations Thread 34" [_thread_blocked, id=14860, stack(0x000000344cb00000,0x000000344cc00000)]
  0x000001bc2de168e0 JavaThread "Unconstrained build operations Thread 35" [_thread_blocked, id=19608, stack(0x000000344cc00000,0x000000344cd00000)]
  0x000001bc2de1b9e0 JavaThread "Exec process" [_thread_in_native, id=21584, stack(0x000000344cd00000,0x000000344ce00000)]
  0x000001bc2de1c910 JavaThread "Exec process Thread 2" [_thread_in_native, id=10624, stack(0x000000344ce00000,0x000000344cf00000)]
  0x000001bc2de19b80 JavaThread "Exec process Thread 3" [_thread_in_native, id=4160, stack(0x000000344cf00000,0x000000344d000000)]
  0x000001bc2de1bef0 JavaThread "Unconstrained build operations Thread 36" [_thread_blocked, id=12260, stack(0x000000344d000000,0x000000344d100000)]
  0x000001bc2de1c400 JavaThread "Unconstrained build operations Thread 37" [_thread_blocked, id=20388, stack(0x000000344d100000,0x000000344d200000)]
  0x000001bc2de1ce20 JavaThread "Unconstrained build operations Thread 38" [_thread_blocked, id=23316, stack(0x000000344d200000,0x000000344d300000)]
  0x000001bc2de1d840 JavaThread "Unconstrained build operations Thread 39" [_thread_blocked, id=22636, stack(0x000000344d300000,0x000000344d400000)]
  0x000001bc2de1dd50 JavaThread "Unconstrained build operations Thread 40" [_thread_blocked, id=24244, stack(0x000000344d400000,0x000000344d500000)]
  0x000001bc2de16df0 JavaThread "Unconstrained build operations Thread 41" [_thread_blocked, id=4728, stack(0x000000344d500000,0x000000344d600000)]
  0x000001bc2de17d20 JavaThread "Unconstrained build operations Thread 42" [_thread_blocked, id=10932, stack(0x000000344d600000,0x000000344d700000)]
  0x000001bc2b8c4ec0 JavaThread "Unconstrained build operations Thread 43" [_thread_blocked, id=3116, stack(0x000000344d700000,0x000000344d800000)]
  0x000001bc2b8c5df0 JavaThread "Unconstrained build operations Thread 44" [_thread_blocked, id=10988, stack(0x000000344d800000,0x000000344d900000)]
  0x000001bc2b8c3f90 JavaThread "Unconstrained build operations Thread 45" [_thread_blocked, id=11172, stack(0x000000344d900000,0x000000344da00000)]
  0x000001bc2b8c3570 JavaThread "Unconstrained build operations Thread 46" [_thread_blocked, id=14604, stack(0x000000344da00000,0x000000344db00000)]
  0x000001bc2b8c44a0 JavaThread "Unconstrained build operations Thread 47" [_thread_blocked, id=10796, stack(0x000000344db00000,0x000000344dc00000)]
  0x000001bc2b8c3a80 JavaThread "Unconstrained build operations Thread 48" [_thread_blocked, id=8088, stack(0x000000344dc00000,0x000000344dd00000)]
  0x000001bc2b8c49b0 JavaThread "Unconstrained build operations Thread 49" [_thread_blocked, id=22920, stack(0x000000344dd00000,0x000000344de00000)]
  0x000001bc2b8c6810 JavaThread "Unconstrained build operations Thread 50" [_thread_blocked, id=16536, stack(0x000000344de00000,0x000000344df00000)]
  0x000001bc2b8c58e0 JavaThread "Unconstrained build operations Thread 51" [_thread_blocked, id=3656, stack(0x000000344df00000,0x000000344e000000)]
  0x000001bc2b8c6300 JavaThread "Unconstrained build operations Thread 52" [_thread_blocked, id=22464, stack(0x000000344e000000,0x000000344e100000)]
  0x000001bc2b8c53d0 JavaThread "Unconstrained build operations Thread 53" [_thread_blocked, id=18688, stack(0x000000344e100000,0x000000344e200000)]
  0x000001bc2b8c3060 JavaThread "Unconstrained build operations Thread 54" [_thread_blocked, id=22072, stack(0x000000344e200000,0x000000344e300000)]
  0x000001bc31a56eb0 JavaThread "Unconstrained build operations Thread 55" [_thread_blocked, id=22984, stack(0x000000344e300000,0x000000344e400000)]
  0x000001bc31a582f0 JavaThread "Unconstrained build operations Thread 56" [_thread_blocked, id=11572, stack(0x000000344e400000,0x000000344e500000)]
  0x000001bc31a50e80 JavaThread "Unconstrained build operations Thread 57" [_thread_blocked, id=10956, stack(0x000000344e500000,0x000000344e600000)]
  0x000001bc31a56490 JavaThread "Unconstrained build operations Thread 58" [_thread_blocked, id=12044, stack(0x000000344e600000,0x000000344e700000)]
  0x000001bc31a51db0 JavaThread "Unconstrained build operations Thread 59" [_thread_blocked, id=11664, stack(0x000000344e700000,0x000000344e800000)]
  0x000001bc31a58800 JavaThread "Unconstrained build operations Thread 60" [_thread_blocked, id=9264, stack(0x000000344e800000,0x000000344e900000)]
  0x000001bc31a52ce0 JavaThread "Unconstrained build operations Thread 61" [_thread_blocked, id=2800, stack(0x000000344e900000,0x000000344ea00000)]
  0x000001bc31a569a0 JavaThread "Unconstrained build operations Thread 62" [_thread_blocked, id=3492, stack(0x000000344ea00000,0x000000344eb00000)]
  0x000001bc31a531f0 JavaThread "Unconstrained build operations Thread 63" [_thread_blocked, id=7896, stack(0x000000344eb00000,0x000000344ec00000)]
  0x000001bc31a573c0 JavaThread "Unconstrained build operations Thread 64" [_thread_blocked, id=23496, stack(0x000000344ec00000,0x000000344ed00000)]
  0x000001bc31a527d0 JavaThread "Unconstrained build operations Thread 65" [_thread_blocked, id=13276, stack(0x000000344ed00000,0x000000344ee00000)]
  0x000001bc31a51390 JavaThread "Unconstrained build operations Thread 66" [_thread_blocked, id=23520, stack(0x000000344ee00000,0x000000344ef00000)]
  0x000001bc31a518a0 JavaThread "Unconstrained build operations Thread 67" [_thread_blocked, id=23120, stack(0x000000344ef00000,0x000000344f000000)]
  0x000001bc31a53c10 JavaThread "Unconstrained build operations Thread 68" [_thread_blocked, id=11568, stack(0x000000344f000000,0x000000344f100000)]
  0x000001bc31a53700 JavaThread "Unconstrained build operations Thread 69" [_thread_blocked, id=24508, stack(0x000000344f100000,0x000000344f200000)]
  0x000001bc31a54120 JavaThread "Unconstrained build operations Thread 70" [_thread_blocked, id=24552, stack(0x000000344f200000,0x000000344f300000)]
  0x000001bc31a54630 JavaThread "Unconstrained build operations Thread 71" [_thread_blocked, id=24504, stack(0x000000344f300000,0x000000344f400000)]
  0x000001bc31a522c0 JavaThread "Unconstrained build operations Thread 72" [_thread_blocked, id=20312, stack(0x000000344f400000,0x000000344f500000)]
  0x000001bc31a54b40 JavaThread "Unconstrained build operations Thread 73" [_thread_blocked, id=18920, stack(0x000000344f500000,0x000000344f600000)]
  0x000001bc31a55050 JavaThread "Unconstrained build operations Thread 74" [_thread_blocked, id=23468, stack(0x000000344f600000,0x000000344f700000)]
  0x000001bc31a55560 JavaThread "Unconstrained build operations Thread 75" [_thread_blocked, id=23860, stack(0x000000344f700000,0x000000344f800000)]
  0x000001bc31a55a70 JavaThread "Unconstrained build operations Thread 76" [_thread_blocked, id=9672, stack(0x000000344f800000,0x000000344f900000)]
  0x000001bc31a55f80 JavaThread "Unconstrained build operations Thread 77" [_thread_blocked, id=24072, stack(0x000000344f900000,0x000000344fa00000)]
  0x000001bc31a578d0 JavaThread "Unconstrained build operations Thread 78" [_thread_blocked, id=18352, stack(0x000000344fa00000,0x000000344fb00000)]
  0x000001bc31a57de0 JavaThread "Unconstrained build operations Thread 79" [_thread_blocked, id=5896, stack(0x000000344fb00000,0x000000344fc00000)]
  0x000001bc2b941480 JavaThread "Unconstrained build operations Thread 80" [_thread_blocked, id=16444, stack(0x000000344fc00000,0x000000344fd00000)]
  0x000001bc2b9423b0 JavaThread "Unconstrained build operations Thread 81" [_thread_blocked, id=13080, stack(0x000000344fd00000,0x000000344fe00000)]
  0x000001bc2b9432e0 JavaThread "Unconstrained build operations Thread 82" [_thread_blocked, id=6896, stack(0x0000003450000000,0x0000003450100000)]
  0x000001bc2b940a60 JavaThread "Unconstrained build operations Thread 83" [_thread_blocked, id=21832, stack(0x0000003450100000,0x0000003450200000)]
  0x000001bc2b941ea0 JavaThread "Unconstrained build operations Thread 84" [_thread_blocked, id=22832, stack(0x0000003446c00000,0x0000003446d00000)]
  0x000001bc2b946a90 JavaThread "Unconstrained build operations Thread 85" [_thread_blocked, id=17640, stack(0x0000003449400000,0x0000003449500000)]
  0x000001bc2b9437f0 JavaThread "Unconstrained build operations Thread 86" [_thread_blocked, id=24248, stack(0x000000344ff00000,0x0000003450000000)]
  0x000001bc2b946070 JavaThread "Unconstrained build operations Thread 87" [_thread_blocked, id=15552, stack(0x0000003450200000,0x0000003450300000)]
  0x000001bc2b93fb30 JavaThread "Unconstrained build operations Thread 88" [_thread_blocked, id=15564, stack(0x0000003450300000,0x0000003450400000)]
  0x000001bc2b9474b0 JavaThread "Unconstrained build operations Thread 89" [_thread_blocked, id=4712, stack(0x0000003450400000,0x0000003450500000)]
  0x000001bc2b946580 JavaThread "Unconstrained build operations Thread 90" [_thread_blocked, id=14036, stack(0x0000003450500000,0x0000003450600000)]
  0x000001bc2b942dd0 JavaThread "included builds" [_thread_blocked, id=23580, stack(0x0000003450900000,0x0000003450a00000)]
  0x000001bc2b945650 JavaThread "Execution worker" [_thread_blocked, id=20380, stack(0x0000003450a00000,0x0000003450b00000)]
  0x000001bc2b943d00 JavaThread "Execution worker Thread 2" [_thread_blocked, id=15512, stack(0x0000003450b00000,0x0000003450c00000)]
  0x000001bc2b945b60 JavaThread "Execution worker Thread 3" [_thread_blocked, id=1488, stack(0x0000003450c00000,0x0000003450d00000)]
  0x000001bc2b940f70 JavaThread "Execution worker Thread 4" [_thread_blocked, id=24116, stack(0x0000003450d00000,0x0000003450e00000)]
  0x000001bc2b9428c0 JavaThread "Execution worker Thread 5" [_thread_blocked, id=22288, stack(0x0000003450e00000,0x0000003450f00000)]
  0x000001bc2b944210 JavaThread "Execution worker Thread 6" [_thread_blocked, id=20376, stack(0x0000003450f00000,0x0000003451000000)]
  0x000001bc2b944720 JavaThread "Execution worker Thread 7" [_thread_blocked, id=15580, stack(0x0000003451000000,0x0000003451100000)]
  0x000001bc2b944c30 JavaThread "Execution worker Thread 8" [_thread_blocked, id=24536, stack(0x0000003451100000,0x0000003451200000)]
  0x000001bc28850fc0 JavaThread "Execution worker Thread 9" [_thread_blocked, id=9980, stack(0x0000003451200000,0x0000003451300000)]
  0x000001bc34442c10 JavaThread "Execution worker Thread 10" [_thread_blocked, id=4820, stack(0x0000003451300000,0x0000003451400000)]
  0x000001bc34445490 JavaThread "Execution worker Thread 11" [_thread_blocked, id=8152, stack(0x0000003451400000,0x0000003451500000)]
  0x000001bc34442700 JavaThread "Execution worker Thread 12" [_thread_blocked, id=23556, stack(0x0000003451500000,0x0000003451600000)]
  0x000001bc34449150 JavaThread "Execution worker Thread 13" [_thread_blocked, id=24148, stack(0x0000003451600000,0x0000003451700000)]
  0x000001bc344459a0 JavaThread "Execution worker Thread 14" [_thread_blocked, id=2320, stack(0x0000003451700000,0x0000003451800000)]
  0x000001bc34448c40 JavaThread "Execution worker Thread 15" [_thread_blocked, id=3304, stack(0x0000003451800000,0x0000003451900000)]
  0x000001bc344468d0 JavaThread "Cache worker for execution history cache (D:\Code\intellij\intellij-cangjie\.gradle\8.2\executionHistory)" [_thread_blocked, id=22888, stack(0x0000003451900000,0x0000003451a00000)]
  0x000001bc34446de0 JavaThread "Unconstrained build operations Thread 91" [_thread_blocked, id=14832, stack(0x0000003451a00000,0x0000003451b00000)]
  0x000001bc34443b40 JavaThread "Unconstrained build operations Thread 92" [_thread_blocked, id=5080, stack(0x0000003450600000,0x0000003450700000)]
  0x000001bc34447d10 JavaThread "Unconstrained build operations Thread 93" [_thread_blocked, id=22864, stack(0x0000003450700000,0x0000003450800000)]
  0x000001bc34448220 JavaThread "Unconstrained build operations Thread 94" [_thread_blocked, id=3184, stack(0x0000003450800000,0x0000003450900000)]
  0x000001bc3444a080 JavaThread "Unconstrained build operations Thread 95" [_thread_blocked, id=14960, stack(0x0000003452000000,0x0000003452100000)]
  0x000001bc28a38f30 JavaThread "C1 CompilerThread1" daemon [_thread_blocked, id=1444, stack(0x0000003447500000,0x0000003447600000)]
  0x000001bc28a379f0 JavaThread "C2 CompilerThread1" daemon [_thread_blocked, id=13464, stack(0x0000003446500000,0x0000003446600000)]

Other Threads:
  0x000001bbe0d4e2d0 VMThread "VM Thread" [stack: 0x0000003445a00000,0x0000003445b00000] [id=18332]
  0x000001bbbf7f4960 WatcherThread [stack: 0x0000003446b00000,0x0000003446c00000] [id=24156]
  0x000001bbbf84ce90 GCTaskThread "GC Thread#0" [stack: 0x0000003445500000,0x0000003445600000] [id=7924]
  0x000001bc26e835f0 GCTaskThread "GC Thread#1" [stack: 0x0000003446d00000,0x0000003446e00000] [id=24092]
  0x000001bc26eebee0 GCTaskThread "GC Thread#2" [stack: 0x0000003446e00000,0x0000003446f00000] [id=8488]
  0x000001bc26bf9ce0 GCTaskThread "GC Thread#3" [stack: 0x0000003446f00000,0x0000003447000000] [id=4664]
  0x000001bc270148e0 GCTaskThread "GC Thread#4" [stack: 0x0000003447000000,0x0000003447100000] [id=23964]
  0x000001bc27036120 GCTaskThread "GC Thread#5" [stack: 0x0000003447100000,0x0000003447200000] [id=15732]
  0x000001bc26f29a20 GCTaskThread "GC Thread#6" [stack: 0x0000003447200000,0x0000003447300000] [id=23992]
  0x000001bc26f2a0f0 GCTaskThread "GC Thread#7" [stack: 0x0000003447300000,0x0000003447400000] [id=23956]
  0x000001bc26f2a3b0 GCTaskThread "GC Thread#8" [stack: 0x0000003447400000,0x0000003447500000] [id=18940]
  0x000001bc271b4510 GCTaskThread "GC Thread#9" [stack: 0x0000003447700000,0x0000003447800000] [id=6364]
  0x000001bc27f81960 GCTaskThread "GC Thread#10" [stack: 0x0000003448a00000,0x0000003448b00000] [id=15316]
  0x000001bc27f81120 GCTaskThread "GC Thread#11" [stack: 0x0000003448b00000,0x0000003448c00000] [id=4832]
  0x000001bc27f81c20 GCTaskThread "GC Thread#12" [stack: 0x0000003448c00000,0x0000003448d00000] [id=14316]
  0x000001bbbf859cf0 ConcurrentGCThread "G1 Main Marker" [stack: 0x0000003445600000,0x0000003445700000] [id=6156]
  0x000001bbbf85a620 ConcurrentGCThread "G1 Conc#0" [stack: 0x0000003445700000,0x0000003445800000] [id=23940]
  0x000001bc27f81ee0 ConcurrentGCThread "G1 Conc#1" [stack: 0x0000003448d00000,0x0000003448e00000] [id=16972]
  0x000001bc27f821a0 ConcurrentGCThread "G1 Conc#2" [stack: 0x0000003448e00000,0x0000003448f00000] [id=6108]
  0x000001bbe0beca50 ConcurrentGCThread "G1 Refine#0" [stack: 0x0000003445800000,0x0000003445900000] [id=24124]
  0x000001bc2bdf3ad0 ConcurrentGCThread "G1 Refine#1" [stack: 0x0000003449c00000,0x0000003449d00000] [id=7944]
  0x000001bc2bdf0bd0 ConcurrentGCThread "G1 Refine#2" [stack: 0x0000003449d00000,0x0000003449e00000] [id=13952]
  0x000001bbe0bed390 ConcurrentGCThread "G1 Service" [stack: 0x0000003445900000,0x0000003445a00000] [id=5880]

Threads with active compile tasks:
C2 CompilerThread0    24232 18287 %     4       java.io.OutputStream::write @ 11 (34 bytes)

VM state: not at safepoint (normal execution)

VM Mutex/Monitor currently owned by a thread: None

Heap address: 0x0000000740000000, size: 3072 MB, Compressed Oops mode: Zero based, Oop shift amount: 3

CDS archive(s) mapped at: [0x000001bbe1000000-0x000001bbe1bb0000-0x000001bbe1bb0000), size 12255232, SharedBaseAddress: 0x000001bbe1000000, ArchiveRelocationMode: 1.
Compressed class space mapped at: 0x000001bbe2000000-0x000001bc22000000, reserved size: 1073741824
Narrow klass base: 0x000001bbe1000000, Narrow klass shift: 0, Narrow klass range: 0x100000000

GC Precious Log:
 CPUs: 16 total, 16 available
 Memory: 15613M
 Large Page Support: Disabled
 NUMA Support: Disabled
 Compressed Oops: Enabled (Zero based)
 Heap Region Size: 2M
 Heap Min Capacity: 8M
 Heap Initial Capacity: 244M
 Heap Max Capacity: 3G
 Pre-touch: Disabled
 Parallel Workers: 13
 Concurrent Workers: 3
 Concurrent Refinement Workers: 13
 Periodic GC: Disabled

Heap:
 garbage-first heap   total 323584K, used 255827K [0x0000000740000000, 0x0000000800000000)
  region size 2048K, 49 young (100352K), 4 survivors (8192K)
 Metaspace       used 95313K, committed 96384K, reserved 1179648K
  class space    used 12763K, committed 13248K, reserved 1048576K

Heap Regions: E=young(eden), S=young(survivor), O=old, HS=humongous(starts), HC=humongous(continues), CS=collection set, F=free, OA=open archive, CA=closed archive, TAMS=top-at-mark-start (previous, next)
|   0|0x0000000740000000, 0x0000000740200000, 0x0000000740200000|100%|HS|  |TAMS 0x0000000740200000, 0x0000000740200000| Complete 
|   1|0x0000000740200000, 0x0000000740400000, 0x0000000740400000|100%|HC|  |TAMS 0x0000000740400000, 0x0000000740400000| Complete 
|   2|0x0000000740400000, 0x0000000740600000, 0x0000000740600000|100%| O|  |TAMS 0x0000000740600000, 0x0000000740600000| Untracked 
|   3|0x0000000740600000, 0x0000000740800000, 0x0000000740800000|100%| O|  |TAMS 0x0000000740800000, 0x0000000740800000| Untracked 
|   4|0x0000000740800000, 0x0000000740a00000, 0x0000000740a00000|100%| O|  |TAMS 0x0000000740a00000, 0x0000000740a00000| Untracked 
|   5|0x0000000740a00000, 0x0000000740c00000, 0x0000000740c00000|100%| O|  |TAMS 0x0000000740c00000, 0x0000000740c00000| Untracked 
|   6|0x0000000740c00000, 0x0000000740e00000, 0x0000000740e00000|100%| O|  |TAMS 0x0000000740e00000, 0x0000000740e00000| Untracked 
|   7|0x0000000740e00000, 0x0000000741000000, 0x0000000741000000|100%| O|  |TAMS 0x0000000741000000, 0x0000000741000000| Untracked 
|   8|0x0000000741000000, 0x0000000741200000, 0x0000000741200000|100%| O|  |TAMS 0x0000000741200000, 0x0000000741200000| Untracked 
|   9|0x0000000741200000, 0x0000000741400000, 0x0000000741400000|100%| O|  |TAMS 0x0000000741400000, 0x0000000741400000| Untracked 
|  10|0x0000000741400000, 0x0000000741600000, 0x0000000741600000|100%| O|  |TAMS 0x0000000741600000, 0x0000000741600000| Untracked 
|  11|0x0000000741600000, 0x0000000741800000, 0x0000000741800000|100%| O|  |TAMS 0x0000000741800000, 0x0000000741800000| Untracked 
|  12|0x0000000741800000, 0x0000000741a00000, 0x0000000741a00000|100%| O|  |TAMS 0x0000000741a00000, 0x0000000741a00000| Untracked 
|  13|0x0000000741a00000, 0x0000000741c00000, 0x0000000741c00000|100%| O|  |TAMS 0x0000000741c00000, 0x0000000741c00000| Untracked 
|  14|0x0000000741c00000, 0x0000000741e00000, 0x0000000741e00000|100%| O|  |TAMS 0x0000000741e00000, 0x0000000741e00000| Untracked 
|  15|0x0000000741e00000, 0x0000000742000000, 0x0000000742000000|100%| O|  |TAMS 0x0000000742000000, 0x0000000742000000| Untracked 
|  16|0x0000000742000000, 0x0000000742200000, 0x0000000742200000|100%| O|  |TAMS 0x0000000742200000, 0x0000000742200000| Untracked 
|  17|0x0000000742200000, 0x0000000742400000, 0x0000000742400000|100%| O|  |TAMS 0x0000000742400000, 0x0000000742400000| Untracked 
|  18|0x0000000742400000, 0x0000000742600000, 0x0000000742600000|100%| O|  |TAMS 0x0000000742600000, 0x0000000742600000| Untracked 
|  19|0x0000000742600000, 0x0000000742800000, 0x0000000742800000|100%| O|  |TAMS 0x0000000742600000, 0x0000000742800000| Untracked 
|  20|0x0000000742800000, 0x0000000742a00000, 0x0000000742a00000|100%| O|  |TAMS 0x0000000742a00000, 0x0000000742a00000| Untracked 
|  21|0x0000000742a00000, 0x0000000742c00000, 0x0000000742c00000|100%|HS|  |TAMS 0x0000000742c00000, 0x0000000742c00000| Complete 
|  22|0x0000000742c00000, 0x0000000742e00000, 0x0000000742e00000|100%|HS|  |TAMS 0x0000000742e00000, 0x0000000742e00000| Complete 
|  23|0x0000000742e00000, 0x0000000743000000, 0x0000000743000000|100%| O|  |TAMS 0x0000000743000000, 0x0000000743000000| Untracked 
|  24|0x0000000743000000, 0x0000000743200000, 0x0000000743200000|100%| O|  |TAMS 0x0000000743200000, 0x0000000743200000| Untracked 
|  25|0x0000000743200000, 0x0000000743400000, 0x0000000743400000|100%|HS|  |TAMS 0x0000000743400000, 0x0000000743400000| Complete 
|  26|0x0000000743400000, 0x0000000743600000, 0x0000000743600000|100%|HC|  |TAMS 0x0000000743600000, 0x0000000743600000| Complete 
|  27|0x0000000743600000, 0x0000000743800000, 0x0000000743800000|100%|HS|  |TAMS 0x0000000743800000, 0x0000000743800000| Complete 
|  28|0x0000000743800000, 0x0000000743a00000, 0x0000000743a00000|100%|HC|  |TAMS 0x0000000743a00000, 0x0000000743a00000| Complete 
|  29|0x0000000743a00000, 0x0000000743c00000, 0x0000000743c00000|100%| O|  |TAMS 0x0000000743c00000, 0x0000000743c00000| Untracked 
|  30|0x0000000743c00000, 0x0000000743e00000, 0x0000000743e00000|100%| O|  |TAMS 0x0000000743e00000, 0x0000000743e00000| Untracked 
|  31|0x0000000743e00000, 0x0000000744000000, 0x0000000744000000|100%| O|  |TAMS 0x0000000744000000, 0x0000000744000000| Untracked 
|  32|0x0000000744000000, 0x0000000744200000, 0x0000000744200000|100%| O|  |TAMS 0x0000000744200000, 0x0000000744200000| Untracked 
|  33|0x0000000744200000, 0x0000000744400000, 0x0000000744400000|100%| O|  |TAMS 0x0000000744400000, 0x0000000744400000| Untracked 
|  34|0x0000000744400000, 0x0000000744600000, 0x0000000744600000|100%| O|  |TAMS 0x0000000744600000, 0x0000000744600000| Untracked 
|  35|0x0000000744600000, 0x0000000744800000, 0x0000000744800000|100%| O|  |TAMS 0x0000000744800000, 0x0000000744800000| Untracked 
|  36|0x0000000744800000, 0x0000000744a00000, 0x0000000744a00000|100%| O|  |TAMS 0x0000000744a00000, 0x0000000744a00000| Untracked 
|  37|0x0000000744a00000, 0x0000000744c00000, 0x0000000744c00000|100%| O|  |TAMS 0x0000000744c00000, 0x0000000744c00000| Untracked 
|  38|0x0000000744c00000, 0x0000000744e00000, 0x0000000744e00000|100%| O|  |TAMS 0x0000000744e00000, 0x0000000744e00000| Untracked 
|  39|0x0000000744e00000, 0x0000000745000000, 0x0000000745000000|100%| O|  |TAMS 0x0000000745000000, 0x0000000745000000| Untracked 
|  40|0x0000000745000000, 0x0000000745200000, 0x0000000745200000|100%| O|  |TAMS 0x0000000745200000, 0x0000000745200000| Untracked 
|  41|0x0000000745200000, 0x0000000745400000, 0x0000000745400000|100%| O|  |TAMS 0x0000000745400000, 0x0000000745400000| Untracked 
|  42|0x0000000745400000, 0x0000000745600000, 0x0000000745600000|100%| O|  |TAMS 0x0000000745600000, 0x0000000745600000| Untracked 
|  43|0x0000000745600000, 0x0000000745800000, 0x0000000745800000|100%| O|  |TAMS 0x0000000745800000, 0x0000000745800000| Untracked 
|  44|0x0000000745800000, 0x0000000745a00000, 0x0000000745a00000|100%| O|  |TAMS 0x0000000745a00000, 0x0000000745a00000| Untracked 
|  45|0x0000000745a00000, 0x0000000745c00000, 0x0000000745c00000|100%| O|  |TAMS 0x0000000745c00000, 0x0000000745c00000| Untracked 
|  46|0x0000000745c00000, 0x0000000745e00000, 0x0000000745e00000|100%| O|  |TAMS 0x0000000745e00000, 0x0000000745e00000| Untracked 
|  47|0x0000000745e00000, 0x0000000746000000, 0x0000000746000000|100%| O|  |TAMS 0x0000000746000000, 0x0000000746000000| Untracked 
|  48|0x0000000746000000, 0x0000000746200000, 0x0000000746200000|100%| O|  |TAMS 0x0000000746200000, 0x0000000746200000| Untracked 
|  49|0x0000000746200000, 0x0000000746400000, 0x0000000746400000|100%| O|  |TAMS 0x0000000746400000, 0x0000000746400000| Untracked 
|  50|0x0000000746400000, 0x0000000746600000, 0x0000000746600000|100%| O|  |TAMS 0x0000000746600000, 0x0000000746600000| Untracked 
|  51|0x0000000746600000, 0x0000000746800000, 0x0000000746800000|100%| O|  |TAMS 0x0000000746800000, 0x0000000746800000| Untracked 
|  52|0x0000000746800000, 0x0000000746a00000, 0x0000000746a00000|100%| O|  |TAMS 0x0000000746800000, 0x0000000746800000| Untracked 
|  53|0x0000000746a00000, 0x0000000746c00000, 0x0000000746c00000|100%| O|  |TAMS 0x0000000746a00000, 0x0000000746c00000| Untracked 
|  54|0x0000000746c00000, 0x0000000746e00000, 0x0000000746e00000|100%| O|  |TAMS 0x0000000746c00000, 0x0000000746e00000| Untracked 
|  55|0x0000000746e00000, 0x0000000747000000, 0x0000000747000000|100%| O|  |TAMS 0x0000000746e00000, 0x0000000747000000| Untracked 
|  56|0x0000000747000000, 0x0000000747200000, 0x0000000747200000|100%| O|  |TAMS 0x0000000747000000, 0x0000000747200000| Untracked 
|  57|0x0000000747200000, 0x0000000747400000, 0x0000000747400000|100%| O|  |TAMS 0x0000000747200000, 0x0000000747400000| Untracked 
|  58|0x0000000747400000, 0x0000000747600000, 0x0000000747600000|100%| O|  |TAMS 0x0000000747400000, 0x0000000747600000| Untracked 
|  59|0x0000000747600000, 0x0000000747800000, 0x0000000747800000|100%| O|  |TAMS 0x0000000747600000, 0x0000000747800000| Untracked 
|  60|0x0000000747800000, 0x0000000747a00000, 0x0000000747a00000|100%| O|  |TAMS 0x0000000747800000, 0x0000000747a00000| Untracked 
|  61|0x0000000747a00000, 0x0000000747c00000, 0x0000000747c00000|100%| O|  |TAMS 0x0000000747a00000, 0x0000000747c00000| Untracked 
|  62|0x0000000747c00000, 0x0000000747e00000, 0x0000000747e00000|100%| O|  |TAMS 0x0000000747c00000, 0x0000000747e00000| Untracked 
|  63|0x0000000747e00000, 0x0000000748000000, 0x0000000748000000|100%| O|  |TAMS 0x0000000747e00000, 0x0000000747e00000| Untracked 
|  64|0x0000000748000000, 0x0000000748200000, 0x0000000748200000|100%| O|  |TAMS 0x0000000748000000, 0x0000000748200000| Untracked 
|  65|0x0000000748200000, 0x0000000748400000, 0x0000000748400000|100%| O|  |TAMS 0x0000000748200000, 0x0000000748200000| Untracked 
|  66|0x0000000748400000, 0x0000000748600000, 0x0000000748600000|100%| O|  |TAMS 0x0000000748400000, 0x0000000748400000| Untracked 
|  67|0x0000000748600000, 0x0000000748800000, 0x0000000748800000|100%| O|  |TAMS 0x0000000748600000, 0x0000000748600000| Untracked 
|  68|0x0000000748800000, 0x0000000748a00000, 0x0000000748a00000|100%| O|  |TAMS 0x0000000748800000, 0x0000000748978600| Untracked 
|  69|0x0000000748a00000, 0x0000000748c00000, 0x0000000748c00000|100%| O|  |TAMS 0x0000000748a00000, 0x0000000748a00000| Untracked 
|  70|0x0000000748c00000, 0x0000000748e00000, 0x0000000748e00000|100%| O|  |TAMS 0x0000000748c00000, 0x0000000748c00000| Untracked 
|  71|0x0000000748e00000, 0x0000000749000000, 0x0000000749000000|100%| O|  |TAMS 0x0000000748e00000, 0x0000000748e00000| Untracked 
|  72|0x0000000749000000, 0x0000000749200000, 0x0000000749200000|100%| O|  |TAMS 0x0000000749000000, 0x0000000749000000| Untracked 
|  73|0x0000000749200000, 0x0000000749400000, 0x0000000749400000|100%| O|  |TAMS 0x0000000749200000, 0x0000000749200000| Untracked 
|  74|0x0000000749400000, 0x0000000749600000, 0x0000000749600000|100%| O|  |TAMS 0x0000000749400000, 0x0000000749400000| Untracked 
|  75|0x0000000749600000, 0x0000000749800000, 0x0000000749800000|100%| O|  |TAMS 0x0000000749600000, 0x0000000749600000| Untracked 
|  76|0x0000000749800000, 0x0000000749a00000, 0x0000000749a00000|100%| O|  |TAMS 0x0000000749800000, 0x0000000749800000| Untracked 
|  77|0x0000000749a00000, 0x0000000749b80200, 0x0000000749c00000| 75%| O|  |TAMS 0x0000000749a00000, 0x0000000749a00000| Untracked 
|  78|0x0000000749c00000, 0x0000000749c00000, 0x0000000749e00000|  0%| F|  |TAMS 0x0000000749c00000, 0x0000000749c00000| Untracked 
|  79|0x0000000749e00000, 0x0000000749e00000, 0x000000074a000000|  0%| F|  |TAMS 0x0000000749e00000, 0x0000000749e00000| Untracked 
|  80|0x000000074a000000, 0x000000074a000000, 0x000000074a200000|  0%| F|  |TAMS 0x000000074a000000, 0x000000074a000000| Untracked 
|  81|0x000000074a200000, 0x000000074a200000, 0x000000074a400000|  0%| F|  |TAMS 0x000000074a200000, 0x000000074a200000| Untracked 
|  82|0x000000074a400000, 0x000000074a400000, 0x000000074a600000|  0%| F|  |TAMS 0x000000074a400000, 0x000000074a400000| Untracked 
|  83|0x000000074a600000, 0x000000074a600000, 0x000000074a800000|  0%| F|  |TAMS 0x000000074a600000, 0x000000074a600000| Untracked 
|  84|0x000000074a800000, 0x000000074a800000, 0x000000074aa00000|  0%| F|  |TAMS 0x000000074a800000, 0x000000074a800000| Untracked 
|  85|0x000000074aa00000, 0x000000074aa00000, 0x000000074ac00000|  0%| F|  |TAMS 0x000000074aa00000, 0x000000074aa00000| Untracked 
|  86|0x000000074ac00000, 0x000000074ac00000, 0x000000074ae00000|  0%| F|  |TAMS 0x000000074ac00000, 0x000000074ac00000| Untracked 
|  87|0x000000074ae00000, 0x000000074ae00000, 0x000000074b000000|  0%| F|  |TAMS 0x000000074ae00000, 0x000000074ae00000| Untracked 
|  88|0x000000074b000000, 0x000000074b000000, 0x000000074b200000|  0%| F|  |TAMS 0x000000074b000000, 0x000000074b000000| Untracked 
|  89|0x000000074b200000, 0x000000074b200000, 0x000000074b400000|  0%| F|  |TAMS 0x000000074b200000, 0x000000074b200000| Untracked 
|  90|0x000000074b400000, 0x000000074b400000, 0x000000074b600000|  0%| F|  |TAMS 0x000000074b400000, 0x000000074b400000| Untracked 
|  91|0x000000074b600000, 0x000000074b600000, 0x000000074b800000|  0%| F|  |TAMS 0x000000074b600000, 0x000000074b600000| Untracked 
|  92|0x000000074b800000, 0x000000074b800000, 0x000000074ba00000|  0%| F|  |TAMS 0x000000074b800000, 0x000000074b800000| Untracked 
|  93|0x000000074ba00000, 0x000000074ba00000, 0x000000074bc00000|  0%| F|  |TAMS 0x000000074ba00000, 0x000000074ba00000| Untracked 
|  94|0x000000074bc00000, 0x000000074bc00000, 0x000000074be00000|  0%| F|  |TAMS 0x000000074bc00000, 0x000000074bc00000| Untracked 
|  95|0x000000074be00000, 0x000000074be00000, 0x000000074c000000|  0%| F|  |TAMS 0x000000074be00000, 0x000000074be00000| Untracked 
|  96|0x000000074c000000, 0x000000074c000000, 0x000000074c200000|  0%| F|  |TAMS 0x000000074c000000, 0x000000074c000000| Untracked 
|  97|0x000000074c200000, 0x000000074c200000, 0x000000074c400000|  0%| F|  |TAMS 0x000000074c200000, 0x000000074c200000| Untracked 
|  98|0x000000074c400000, 0x000000074c400000, 0x000000074c600000|  0%| F|  |TAMS 0x000000074c400000, 0x000000074c400000| Untracked 
|  99|0x000000074c600000, 0x000000074c600000, 0x000000074c800000|  0%| F|  |TAMS 0x000000074c600000, 0x000000074c600000| Untracked 
| 100|0x000000074c800000, 0x000000074c800000, 0x000000074ca00000|  0%| F|  |TAMS 0x000000074c800000, 0x000000074c800000| Untracked 
| 101|0x000000074ca00000, 0x000000074ca00000, 0x000000074cc00000|  0%| F|  |TAMS 0x000000074ca00000, 0x000000074ca00000| Untracked 
| 102|0x000000074cc00000, 0x000000074cc00000, 0x000000074ce00000|  0%| F|  |TAMS 0x000000074cc00000, 0x000000074cc00000| Untracked 
| 103|0x000000074ce00000, 0x000000074ce00000, 0x000000074d000000|  0%| F|  |TAMS 0x000000074ce00000, 0x000000074ce00000| Untracked 
| 104|0x000000074d000000, 0x000000074d000000, 0x000000074d200000|  0%| F|  |TAMS 0x000000074d000000, 0x000000074d000000| Untracked 
| 105|0x000000074d200000, 0x000000074d200000, 0x000000074d400000|  0%| F|  |TAMS 0x000000074d200000, 0x000000074d200000| Untracked 
| 106|0x000000074d400000, 0x000000074d400000, 0x000000074d600000|  0%| F|  |TAMS 0x000000074d400000, 0x000000074d400000| Untracked 
| 107|0x000000074d600000, 0x000000074d600000, 0x000000074d800000|  0%| F|  |TAMS 0x000000074d600000, 0x000000074d600000| Untracked 
| 108|0x000000074d800000, 0x000000074d800000, 0x000000074da00000|  0%| F|  |TAMS 0x000000074d800000, 0x000000074d800000| Untracked 
| 109|0x000000074da00000, 0x000000074da54ad0, 0x000000074dc00000| 16%| S|CS|TAMS 0x000000074da00000, 0x000000074da00000| Complete 
| 110|0x000000074dc00000, 0x000000074de00000, 0x000000074de00000|100%| S|CS|TAMS 0x000000074dc00000, 0x000000074dc00000| Complete 
| 111|0x000000074de00000, 0x000000074e000000, 0x000000074e000000|100%| S|CS|TAMS 0x000000074de00000, 0x000000074de00000| Complete 
| 112|0x000000074e000000, 0x000000074e200000, 0x000000074e200000|100%| S|CS|TAMS 0x000000074e000000, 0x000000074e000000| Complete 
| 113|0x000000074e200000, 0x000000074e216970, 0x000000074e400000|  4%| E|  |TAMS 0x000000074e200000, 0x000000074e200000| Complete 
| 114|0x000000074e400000, 0x000000074e600000, 0x000000074e600000|100%| E|CS|TAMS 0x000000074e400000, 0x000000074e400000| Complete 
| 115|0x000000074e600000, 0x000000074e800000, 0x000000074e800000|100%| E|CS|TAMS 0x000000074e600000, 0x000000074e600000| Complete 
| 116|0x000000074e800000, 0x000000074ea00000, 0x000000074ea00000|100%| E|CS|TAMS 0x000000074e800000, 0x000000074e800000| Complete 
| 117|0x000000074ea00000, 0x000000074ec00000, 0x000000074ec00000|100%| E|CS|TAMS 0x000000074ea00000, 0x000000074ea00000| Complete 
| 118|0x000000074ec00000, 0x000000074ee00000, 0x000000074ee00000|100%| E|CS|TAMS 0x000000074ec00000, 0x000000074ec00000| Complete 
| 119|0x000000074ee00000, 0x000000074f000000, 0x000000074f000000|100%| E|CS|TAMS 0x000000074ee00000, 0x000000074ee00000| Complete 
| 120|0x000000074f000000, 0x000000074f200000, 0x000000074f200000|100%| E|CS|TAMS 0x000000074f000000, 0x000000074f000000| Complete 
| 121|0x000000074f200000, 0x000000074f400000, 0x000000074f400000|100%| E|CS|TAMS 0x000000074f200000, 0x000000074f200000| Complete 
| 122|0x000000074f400000, 0x000000074f600000, 0x000000074f600000|100%| E|CS|TAMS 0x000000074f400000, 0x000000074f400000| Complete 
| 123|0x000000074f600000, 0x000000074f800000, 0x000000074f800000|100%| E|CS|TAMS 0x000000074f600000, 0x000000074f600000| Complete 
| 124|0x000000074f800000, 0x000000074fa00000, 0x000000074fa00000|100%| E|CS|TAMS 0x000000074f800000, 0x000000074f800000| Complete 
| 125|0x000000074fa00000, 0x000000074fc00000, 0x000000074fc00000|100%| E|CS|TAMS 0x000000074fa00000, 0x000000074fa00000| Complete 
| 126|0x000000074fc00000, 0x000000074fe00000, 0x000000074fe00000|100%| E|CS|TAMS 0x000000074fc00000, 0x000000074fc00000| Complete 
| 127|0x000000074fe00000, 0x0000000750000000, 0x0000000750000000|100%| E|CS|TAMS 0x000000074fe00000, 0x000000074fe00000| Complete 
| 128|0x0000000750000000, 0x0000000750200000, 0x0000000750200000|100%| E|CS|TAMS 0x0000000750000000, 0x0000000750000000| Complete 
| 129|0x0000000750200000, 0x0000000750400000, 0x0000000750400000|100%| E|CS|TAMS 0x0000000750200000, 0x0000000750200000| Complete 
| 130|0x0000000750400000, 0x0000000750600000, 0x0000000750600000|100%| E|CS|TAMS 0x0000000750400000, 0x0000000750400000| Complete 
| 131|0x0000000750600000, 0x0000000750800000, 0x0000000750800000|100%| E|CS|TAMS 0x0000000750600000, 0x0000000750600000| Complete 
| 132|0x0000000750800000, 0x0000000750a00000, 0x0000000750a00000|100%| E|CS|TAMS 0x0000000750800000, 0x0000000750800000| Complete 
| 133|0x0000000750a00000, 0x0000000750c00000, 0x0000000750c00000|100%| E|CS|TAMS 0x0000000750a00000, 0x0000000750a00000| Complete 
| 134|0x0000000750c00000, 0x0000000750e00000, 0x0000000750e00000|100%| E|CS|TAMS 0x0000000750c00000, 0x0000000750c00000| Complete 
| 135|0x0000000750e00000, 0x0000000751000000, 0x0000000751000000|100%| E|CS|TAMS 0x0000000750e00000, 0x0000000750e00000| Complete 
| 136|0x0000000751000000, 0x0000000751200000, 0x0000000751200000|100%| E|CS|TAMS 0x0000000751000000, 0x0000000751000000| Complete 
| 137|0x0000000751200000, 0x0000000751400000, 0x0000000751400000|100%| E|CS|TAMS 0x0000000751200000, 0x0000000751200000| Complete 
| 138|0x0000000751400000, 0x0000000751600000, 0x0000000751600000|100%| E|CS|TAMS 0x0000000751400000, 0x0000000751400000| Complete 
| 139|0x0000000751600000, 0x0000000751800000, 0x0000000751800000|100%| E|CS|TAMS 0x0000000751600000, 0x0000000751600000| Complete 
| 140|0x0000000751800000, 0x0000000751a00000, 0x0000000751a00000|100%| E|CS|TAMS 0x0000000751800000, 0x0000000751800000| Complete 
| 141|0x0000000751a00000, 0x0000000751c00000, 0x0000000751c00000|100%| E|CS|TAMS 0x0000000751a00000, 0x0000000751a00000| Complete 
| 142|0x0000000751c00000, 0x0000000751e00000, 0x0000000751e00000|100%| E|CS|TAMS 0x0000000751c00000, 0x0000000751c00000| Complete 
| 143|0x0000000751e00000, 0x0000000752000000, 0x0000000752000000|100%| E|CS|TAMS 0x0000000751e00000, 0x0000000751e00000| Complete 
| 144|0x0000000752000000, 0x0000000752200000, 0x0000000752200000|100%| E|CS|TAMS 0x0000000752000000, 0x0000000752000000| Complete 
| 145|0x0000000752200000, 0x0000000752400000, 0x0000000752400000|100%| E|CS|TAMS 0x0000000752200000, 0x0000000752200000| Complete 
| 146|0x0000000752400000, 0x0000000752600000, 0x0000000752600000|100%| E|CS|TAMS 0x0000000752400000, 0x0000000752400000| Complete 
| 147|0x0000000752600000, 0x0000000752800000, 0x0000000752800000|100%| E|CS|TAMS 0x0000000752600000, 0x0000000752600000| Complete 
| 148|0x0000000752800000, 0x0000000752a00000, 0x0000000752a00000|100%| E|CS|TAMS 0x0000000752800000, 0x0000000752800000| Complete 
| 149|0x0000000752a00000, 0x0000000752c00000, 0x0000000752c00000|100%| E|CS|TAMS 0x0000000752a00000, 0x0000000752a00000| Complete 
| 150|0x0000000752c00000, 0x0000000752e00000, 0x0000000752e00000|100%| E|CS|TAMS 0x0000000752c00000, 0x0000000752c00000| Complete 
| 151|0x0000000752e00000, 0x0000000753000000, 0x0000000753000000|100%| E|CS|TAMS 0x0000000752e00000, 0x0000000752e00000| Complete 
| 152|0x0000000753000000, 0x0000000753200000, 0x0000000753200000|100%| E|CS|TAMS 0x0000000753000000, 0x0000000753000000| Complete 
| 153|0x0000000753200000, 0x0000000753400000, 0x0000000753400000|100%| E|CS|TAMS 0x0000000753200000, 0x0000000753200000| Complete 
| 154|0x0000000753400000, 0x0000000753600000, 0x0000000753600000|100%| E|CS|TAMS 0x0000000753400000, 0x0000000753400000| Complete 
| 155|0x0000000753600000, 0x0000000753800000, 0x0000000753800000|100%| E|CS|TAMS 0x0000000753600000, 0x0000000753600000| Complete 
| 156|0x0000000753800000, 0x0000000753a00000, 0x0000000753a00000|100%| E|CS|TAMS 0x0000000753800000, 0x0000000753800000| Complete 
| 157|0x0000000753a00000, 0x0000000753c00000, 0x0000000753c00000|100%| E|CS|TAMS 0x0000000753a00000, 0x0000000753a00000| Complete 

Card table byte_map: [0x000001bbd7190000,0x000001bbd7790000] _byte_map_base: 0x000001bbd3790000

Marking Bits (Prev, Next): (CMBitMap*) 0x000001bbbf84d3c0, (CMBitMap*) 0x000001bbbf84d400
 Prev Bits: [0x000001bbd7d90000, 0x000001bbdad90000)
 Next Bits: [0x000001bbdad90000, 0x000001bbddd90000)

Polling page: 0x000001bbbd7e0000

Metaspace:

Usage:
  Non-class:     80.62 MB used.
      Class:     12.46 MB used.
       Both:     93.08 MB used.

Virtual space:
  Non-class space:      128.00 MB reserved,      81.19 MB ( 63%) committed,  2 nodes.
      Class space:        1.00 GB reserved,      12.94 MB (  1%) committed,  1 nodes.
             Both:        1.12 GB reserved,      94.12 MB (  8%) committed. 

Chunk freelists:
   Non-Class:  14.28 MB
       Class:  3.09 MB
        Both:  17.37 MB

MaxMetaspaceSize: unlimited
CompressedClassSpaceSize: 1.00 GB
Initial GC threshold: 21.00 MB
Current GC threshold: 149.31 MB
CDS: on
MetaspaceReclaimPolicy: balanced
 - commit_granule_bytes: 65536.
 - commit_granule_words: 8192.
 - virtual_space_node_default_size: 8388608.
 - enlarge_chunks_in_place: 1.
 - new_chunks_are_fully_committed: 0.
 - uncommit_free_chunks: 1.
 - use_allocation_guard: 0.
 - handle_deallocations: 1.


Internal statistics:

num_allocs_failed_limit: 9.
num_arena_births: 1464.
num_arena_deaths: 4.
num_vsnodes_births: 3.
num_vsnodes_deaths: 0.
num_space_committed: 1506.
num_space_uncommitted: 0.
num_chunks_returned_to_freelist: 33.
num_chunks_taken_from_freelist: 5510.
num_chunk_merges: 9.
num_chunk_splits: 3569.
num_chunks_enlarged: 2198.
num_inconsistent_stats: 0.

CodeHeap 'non-profiled nmethods': size=119168Kb used=12516Kb max_used=12516Kb free=106651Kb
 bounds [0x000001bbceea0000, 0x000001bbcfae0000, 0x000001bbd6300000]
CodeHeap 'profiled nmethods': size=119104Kb used=30192Kb max_used=31645Kb free=88911Kb
 bounds [0x000001bbc7300000, 0x000001bbc91f0000, 0x000001bbce750000]
CodeHeap 'non-nmethods': size=7488Kb used=3062Kb max_used=4272Kb free=4425Kb
 bounds [0x000001bbce750000, 0x000001bbceb90000, 0x000001bbceea0000]
 total_blobs=16036 nmethods=15067 adapters=878
 compilation: enabled
              stopped_count=0, restarted_count=0
 full_count=0

Compilation events (20 events):
Event: 24.146 Thread 0x000001bc28a379f0 18283       4       org.gradle.internal.logging.text.AbstractStyledTextOutput::doStyleChange (1 bytes)
Event: 24.146 Thread 0x000001bc28a379f0 nmethod 18283 0x000001bbcfad5e90 code [0x000001bbcfad6000, 0x000001bbcfad6078]
Event: 24.149 Thread 0x000001bc28a379f0 18284       4       org.gradle.internal.serialize.kryo.KryoBackedEncoder::writeSmallInt (11 bytes)
Event: 24.149 Thread 0x000001bc28a379f0 nmethod 18284 0x000001bbcfad6190 code [0x000001bbcfad6320, 0x000001bbcfad63e8]
Event: 24.149 Thread 0x000001bc260196e0 nmethod 18282 0x000001bbcfad6510 code [0x000001bbcfad66a0, 0x000001bbcfad6a58]
Event: 24.150 Thread 0x000001bc28a379f0 18285       4       org.gradle.internal.serialize.kryo.KryoBackedEncoder::flush (8 bytes)
Event: 24.152 Thread 0x000001bc28a379f0 nmethod 18285 0x000001bbcfad6d90 code [0x000001bbcfad6f20, 0x000001bbcfad7178]
Event: 24.152 Thread 0x000001bc28a379f0 18286       4       org.gradle.internal.logging.text.AbstractLineChoppingStyledTextOutput$SeenFromEol::add (18 bytes)
Event: 24.153 Thread 0x000001bc28a379f0 nmethod 18286 0x000001bbcfad7410 code [0x000001bbcfad7580, 0x000001bbcfad7658]
Event: 24.166 Thread 0x000001bc260196e0 18287 %     4       java.io.OutputStream::write @ 11 (34 bytes)
Event: 24.167 Thread 0x000001bc28a379f0 18288       4       org.gradle.internal.execution.DefaultWorkExecutionTracker$OperationListener::progress (1 bytes)
Event: 24.167 Thread 0x000001bc28a379f0 nmethod 18288 0x000001bbcfad7710 code [0x000001bbcfad7880, 0x000001bbcfad78f8]
Event: 24.172 Thread 0x000001bc28a379f0 18289       4       org.gradle.internal.io.StreamByteBuffer::totalBytesUnread (52 bytes)
Event: 24.172 Thread 0x000001bc28a379f0 nmethod 18289 0x000001bbcfad7a10 code [0x000001bbcfad7b80, 0x000001bbcfad7c58]
Event: 24.173 Thread 0x000001bc28a379f0 18290       4       org.gradle.internal.operations.DefaultBuildOperationListenerManager$ProgressShieldingBuildOperationListener::progress (25 bytes)
Event: 24.178 Thread 0x000001bc28a379f0 nmethod 18290 0x000001bbcfad7d90 code [0x000001bbcfad7f20, 0x000001bbcfad8298]
Event: 24.178 Thread 0x000001bc28a379f0 18291       4       org.gradle.internal.operations.DefaultBuildOperationAncestryTracker::progress (1 bytes)
Event: 24.179 Thread 0x000001bc28a379f0 nmethod 18291 0x000001bbcfad8610 code [0x000001bbcfad8780, 0x000001bbcfad87f8]
Event: 24.181 Thread 0x000001bc28a379f0 18292       4       org.gradle.internal.logging.sink.ProgressLogEventGenerator$Operation::completeHeader (154 bytes)
Event: 24.186 Thread 0x000001bc28a379f0 nmethod 18292 0x000001bbcfad8910 code [0x000001bbcfad8ac0, 0x000001bbcfad8f58]

GC Heap History (20 events):
Event: 15.799 GC heap before
{Heap before GC invocations=32 (full 0):
 garbage-first heap   total 208896K, used 167030K [0x0000000740000000, 0x0000000800000000)
  region size 2048K, 30 young (61440K), 4 survivors (8192K)
 Metaspace       used 93089K, committed 94016K, reserved 1179648K
  class space    used 12548K, committed 12992K, reserved 1048576K
}
Event: 15.807 GC heap after
{Heap after GC invocations=33 (full 0):
 garbage-first heap   total 208896K, used 125589K [0x0000000740000000, 0x0000000800000000)
  region size 2048K, 4 young (8192K), 4 survivors (8192K)
 Metaspace       used 93089K, committed 94016K, reserved 1179648K
  class space    used 12548K, committed 12992K, reserved 1048576K
}
Event: 15.828 GC heap before
{Heap before GC invocations=33 (full 0):
 garbage-first heap   total 208896K, used 127637K [0x0000000740000000, 0x0000000800000000)
  region size 2048K, 5 young (10240K), 4 survivors (8192K)
 Metaspace       used 93091K, committed 94016K, reserved 1179648K
  class space    used 12548K, committed 12992K, reserved 1048576K
}
Event: 15.832 GC heap after
{Heap after GC invocations=34 (full 0):
 garbage-first heap   total 208896K, used 126811K [0x0000000740000000, 0x0000000800000000)
  region size 2048K, 1 young (2048K), 1 survivors (2048K)
 Metaspace       used 93091K, committed 94016K, reserved 1179648K
  class space    used 12548K, committed 12992K, reserved 1048576K
}
Event: 16.088 GC heap before
{Heap before GC invocations=34 (full 0):
 garbage-first heap   total 208896K, used 167771K [0x0000000740000000, 0x0000000800000000)
  region size 2048K, 21 young (43008K), 1 survivors (2048K)
 Metaspace       used 93106K, committed 94016K, reserved 1179648K
  class space    used 12548K, committed 12992K, reserved 1048576K
}
Event: 16.090 GC heap after
{Heap after GC invocations=35 (full 0):
 garbage-first heap   total 208896K, used 128044K [0x0000000740000000, 0x0000000800000000)
  region size 2048K, 2 young (4096K), 2 survivors (4096K)
 Metaspace       used 93106K, committed 94016K, reserved 1179648K
  class space    used 12548K, committed 12992K, reserved 1048576K
}
Event: 16.316 GC heap before
{Heap before GC invocations=35 (full 0):
 garbage-first heap   total 208896K, used 169004K [0x0000000740000000, 0x0000000800000000)
  region size 2048K, 22 young (45056K), 2 survivors (4096K)
 Metaspace       used 93106K, committed 94016K, reserved 1179648K
  class space    used 12549K, committed 12992K, reserved 1048576K
}
Event: 16.318 GC heap after
{Heap after GC invocations=36 (full 0):
 garbage-first heap   total 208896K, used 129609K [0x0000000740000000, 0x0000000800000000)
  region size 2048K, 3 young (6144K), 3 survivors (6144K)
 Metaspace       used 93106K, committed 94016K, reserved 1179648K
  class space    used 12549K, committed 12992K, reserved 1048576K
}
Event: 16.544 GC heap before
{Heap before GC invocations=36 (full 0):
 garbage-first heap   total 208896K, used 174665K [0x0000000740000000, 0x0000000800000000)
  region size 2048K, 23 young (47104K), 3 survivors (6144K)
 Metaspace       used 93157K, committed 94080K, reserved 1179648K
  class space    used 12549K, committed 12992K, reserved 1048576K
}
Event: 16.547 GC heap after
{Heap after GC invocations=37 (full 0):
 garbage-first heap   total 208896K, used 136725K [0x0000000740000000, 0x0000000800000000)
  region size 2048K, 3 young (6144K), 3 survivors (6144K)
 Metaspace       used 93157K, committed 94080K, reserved 1179648K
  class space    used 12549K, committed 12992K, reserved 1048576K
}
Event: 16.703 GC heap before
{Heap before GC invocations=37 (full 0):
 garbage-first heap   total 208896K, used 169493K [0x0000000740000000, 0x0000000800000000)
  region size 2048K, 17 young (34816K), 3 survivors (6144K)
 Metaspace       used 93239K, committed 94208K, reserved 1179648K
  class space    used 12549K, committed 12992K, reserved 1048576K
}
Event: 16.707 GC heap after
{Heap after GC invocations=38 (full 0):
 garbage-first heap   total 208896K, used 138721K [0x0000000740000000, 0x0000000800000000)
  region size 2048K, 3 young (6144K), 3 survivors (6144K)
 Metaspace       used 93239K, committed 94208K, reserved 1179648K
  class space    used 12549K, committed 12992K, reserved 1048576K
}
Event: 16.795 GC heap before
{Heap before GC invocations=38 (full 0):
 garbage-first heap   total 208896K, used 165345K [0x0000000740000000, 0x0000000800000000)
  region size 2048K, 12 young (24576K), 3 survivors (6144K)
 Metaspace       used 93268K, committed 94208K, reserved 1179648K
  class space    used 12550K, committed 12992K, reserved 1048576K
}
Event: 16.800 GC heap after
{Heap after GC invocations=39 (full 0):
 garbage-first heap   total 323584K, used 142130K [0x0000000740000000, 0x0000000800000000)
  region size 2048K, 2 young (4096K), 2 survivors (4096K)
 Metaspace       used 93268K, committed 94208K, reserved 1179648K
  class space    used 12550K, committed 12992K, reserved 1048576K
}
Event: 18.708 GC heap before
{Heap before GC invocations=39 (full 0):
 garbage-first heap   total 323584K, used 248626K [0x0000000740000000, 0x0000000800000000)
  region size 2048K, 54 young (110592K), 2 survivors (4096K)
 Metaspace       used 94477K, committed 95488K, reserved 1179648K
  class space    used 12672K, committed 13184K, reserved 1048576K
}
Event: 18.715 GC heap after
{Heap after GC invocations=40 (full 0):
 garbage-first heap   total 323584K, used 151783K [0x0000000740000000, 0x0000000800000000)
  region size 2048K, 7 young (14336K), 7 survivors (14336K)
 Metaspace       used 94477K, committed 95488K, reserved 1179648K
  class space    used 12672K, committed 13184K, reserved 1048576K
}
Event: 19.823 GC heap before
{Heap before GC invocations=40 (full 0):
 garbage-first heap   total 323584K, used 252135K [0x0000000740000000, 0x0000000800000000)
  region size 2048K, 56 young (114688K), 7 survivors (14336K)
 Metaspace       used 94588K, committed 95680K, reserved 1179648K
  class space    used 12676K, committed 13184K, reserved 1048576K
}
Event: 19.830 GC heap after
{Heap after GC invocations=41 (full 0):
 garbage-first heap   total 323584K, used 161644K [0x0000000740000000, 0x0000000800000000)
  region size 2048K, 6 young (12288K), 6 survivors (12288K)
 Metaspace       used 94588K, committed 95680K, reserved 1179648K
  class space    used 12676K, committed 13184K, reserved 1048576K
}
Event: 20.431 GC heap before
{Heap before GC invocations=41 (full 0):
 garbage-first heap   total 323584K, used 253804K [0x0000000740000000, 0x0000000800000000)
  region size 2048K, 51 young (104448K), 6 survivors (12288K)
 Metaspace       used 94588K, committed 95680K, reserved 1179648K
  class space    used 12676K, committed 13184K, reserved 1048576K
}
Event: 20.435 GC heap after
{Heap after GC invocations=42 (full 0):
 garbage-first heap   total 323584K, used 165715K [0x0000000740000000, 0x0000000800000000)
  region size 2048K, 4 young (8192K), 4 survivors (8192K)
 Metaspace       used 94588K, committed 95680K, reserved 1179648K
  class space    used 12676K, committed 13184K, reserved 1048576K
}

Dll operation events (15 events):
Event: 0.022 Loaded shared library C:\Users\27439\.jdks\corretto-17.0.10\bin\java.dll
Event: 0.056 Loaded shared library C:\Users\27439\.jdks\corretto-17.0.10\bin\jsvml.dll
Event: 0.213 Loaded shared library C:\Users\27439\.jdks\corretto-17.0.10\bin\zip.dll
Event: 0.226 Loaded shared library C:\Users\27439\.jdks\corretto-17.0.10\bin\instrument.dll
Event: 0.233 Loaded shared library C:\Users\27439\.jdks\corretto-17.0.10\bin\net.dll
Event: 0.235 Loaded shared library C:\Users\27439\.jdks\corretto-17.0.10\bin\nio.dll
Event: 0.242 Loaded shared library C:\Users\27439\.jdks\corretto-17.0.10\bin\zip.dll
Event: 0.458 Loaded shared library C:\Users\27439\.jdks\corretto-17.0.10\bin\jimage.dll
Event: 0.504 Loaded shared library C:\Users\27439\.jdks\corretto-17.0.10\bin\verify.dll
Event: 0.633 Loaded shared library C:\Users\27439\.gradle\native\68d5fa5c4cc2d200863cafc0d521ce42e7d3e7ee720ec0a83991735586a16f82\windows-amd64\native-platform.dll
Event: 0.637 Loaded shared library C:\Users\27439\.gradle\native\e376f236ea51e6404a007f0833ffe2c6e607c4080706a723a18a27aeea778392\windows-amd64\native-platform-file-events.dll
Event: 1.202 Loaded shared library C:\Users\27439\.jdks\corretto-17.0.10\bin\management.dll
Event: 1.205 Loaded shared library C:\Users\27439\.jdks\corretto-17.0.10\bin\management_ext.dll
Event: 1.409 Loaded shared library C:\Users\27439\.jdks\corretto-17.0.10\bin\extnet.dll
Event: 1.653 Loaded shared library C:\Users\27439\.jdks\corretto-17.0.10\bin\sunmscapi.dll

Deoptimization events (20 events):
Event: 22.238 Thread 0x000001bc278eba30 Uncommon trap: trap_request=0xffffffd6 fr.pc=0x000001bbcfac7a4c relative=0x000000000000080c
Event: 22.238 Thread 0x000001bc278eba30 Uncommon trap: reason=array_check action=maybe_recompile pc=0x000001bbcfac7a4c method=java.util.ComparableTimSort.reverseRange([Ljava/lang/Object;II)V @ 20 c2
Event: 22.238 Thread 0x000001bc278eba30 DEOPT PACKING pc=0x000001bbcfac7a4c sp=0x00000034479fe370
Event: 22.238 Thread 0x000001bc278eba30 DEOPT UNPACKING pc=0x000001bbce7a69a3 sp=0x00000034479fe2b8 mode 2
Event: 22.651 Thread 0x000001bc2de1c910 Uncommon trap: trap_request=0xffffffc6 fr.pc=0x000001bbcf07dc5c relative=0x000000000000007c
Event: 22.651 Thread 0x000001bc2de1c910 Uncommon trap: reason=bimorphic_or_optimized_type_check action=maybe_recompile pc=0x000001bbcf07dc5c method=org.gradle.internal.logging.sink.OutputEventRenderer.onOutput(Lorg/gradle/internal/logging/events/OutputEvent;)V @ 1 c2
Event: 22.651 Thread 0x000001bc2de1c910 DEOPT PACKING pc=0x000001bbcf07dc5c sp=0x000000344cefeb00
Event: 22.651 Thread 0x000001bc2de1c910 DEOPT UNPACKING pc=0x000001bbce7a69a3 sp=0x000000344cefea40 mode 2
Event: 23.806 Thread 0x000001bc2de1c910 Uncommon trap: trap_request=0xffffffc6 fr.pc=0x000001bbcf07dc5c relative=0x000000000000007c
Event: 23.806 Thread 0x000001bc2de1c910 Uncommon trap: reason=bimorphic_or_optimized_type_check action=maybe_recompile pc=0x000001bbcf07dc5c method=org.gradle.internal.logging.sink.OutputEventRenderer.onOutput(Lorg/gradle/internal/logging/events/OutputEvent;)V @ 1 c2
Event: 23.806 Thread 0x000001bc2de1c910 DEOPT PACKING pc=0x000001bbcf07dc5c sp=0x000000344cefeb00
Event: 23.806 Thread 0x000001bc2de1c910 DEOPT UNPACKING pc=0x000001bbce7a69a3 sp=0x000000344cefea40 mode 2
Event: 24.037 Thread 0x000001bc2de1c910 Uncommon trap: trap_request=0xffffffc6 fr.pc=0x000001bbcf07dc5c relative=0x000000000000007c
Event: 24.037 Thread 0x000001bc2de1c910 Uncommon trap: reason=bimorphic_or_optimized_type_check action=maybe_recompile pc=0x000001bbcf07dc5c method=org.gradle.internal.logging.sink.OutputEventRenderer.onOutput(Lorg/gradle/internal/logging/events/OutputEvent;)V @ 1 c2
Event: 24.037 Thread 0x000001bc2de1c910 DEOPT PACKING pc=0x000001bbcf07dc5c sp=0x000000344cefeb00
Event: 24.037 Thread 0x000001bc2de1c910 DEOPT UNPACKING pc=0x000001bbce7a69a3 sp=0x000000344cefea40 mode 2
Event: 24.090 Thread 0x000001bc2de1c910 Uncommon trap: trap_request=0xffffffc6 fr.pc=0x000001bbcf0a8998 relative=0x0000000000000058
Event: 24.090 Thread 0x000001bc2de1c910 Uncommon trap: reason=bimorphic_or_optimized_type_check action=maybe_recompile pc=0x000001bbcf0a8998 method=org.gradle.internal.logging.sink.OutputEventRenderer.onOutput(Lorg/gradle/internal/logging/events/OutputEvent;)V @ 1 c2
Event: 24.090 Thread 0x000001bc2de1c910 DEOPT PACKING pc=0x000001bbcf0a8998 sp=0x000000344cefeaa0
Event: 24.090 Thread 0x000001bc2de1c910 DEOPT UNPACKING pc=0x000001bbce7a69a3 sp=0x000000344cefea40 mode 2

Classes unloaded (20 events):
Event: 11.962 Thread 0x000001bbe0d4e2d0 Unloading class 0x000001bbe25ddb58 'GradleTasksUtil$_getCurrentProject_closure8'
Event: 11.962 Thread 0x000001bbe0d4e2d0 Unloading class 0x000001bbe25dd770 'GradleTasksUtil$_filterTasks_closure7'
Event: 11.962 Thread 0x000001bbe0d4e2d0 Unloading class 0x000001bbe25dd388 'GradleTasksUtil$_filterTasks_closure6'
Event: 11.962 Thread 0x000001bbe0d4e2d0 Unloading class 0x000001bbe25dcfa0 'GradleTasksUtil$_filterTasks_closure5'
Event: 11.962 Thread 0x000001bbe0d4e2d0 Unloading class 0x000001bbe25dcbb8 'GradleTasksUtil$_filterTasks_closure4'
Event: 11.962 Thread 0x000001bbe0d4e2d0 Unloading class 0x000001bbe25dc7d0 'GradleTasksUtil$_filterTasks_closure3'
Event: 11.962 Thread 0x000001bbe0d4e2d0 Unloading class 0x000001bbe25dc3e8 'GradleTasksUtil$_isMatchedTask_closure2$_closure10'
Event: 11.962 Thread 0x000001bbe0d4e2d0 Unloading class 0x000001bbe25dc000 'GradleTasksUtil$_isMatchedTask_closure2'
Event: 11.962 Thread 0x000001bbe0d4e2d0 Unloading class 0x000001bbe25d3a50 'GradleTasksUtil$_isMatchedTask_closure1'
Event: 11.962 Thread 0x000001bbe0d4e2d0 Unloading class 0x000001bbe25d37c8 'GradleTasksUtil'
Event: 11.962 Thread 0x000001bbe0d4e2d0 Unloading class 0x000001bbe25d33e0 '_BuildScript_$1$_asArguments_closure1'
Event: 11.962 Thread 0x000001bbe0d4e2d0 Unloading class 0x000001bbe25d3138 '_BuildScript_$1'
Event: 11.962 Thread 0x000001bbe0d4e2d0 Unloading class 0x000001bbe25d2e90 'KotlinMppTestLogger$2'
Event: 11.962 Thread 0x000001bbe0d4e2d0 Unloading class 0x000001bbe25d2bb8 'KotlinMppTestLogger$1'
Event: 11.962 Thread 0x000001bbe0d4e2d0 Unloading class 0x000001bbe25d27d0 'KotlinMppTestLogger$_logConfigurationError_closure2'
Event: 11.962 Thread 0x000001bbe0d4e2d0 Unloading class 0x000001bbe25d23e8 'KotlinMppTestLogger$_logTestEvent_closure1$_closure3$_closure5'
Event: 11.962 Thread 0x000001bbe0d4e2d0 Unloading class 0x000001bbe25d2000 'KotlinMppTestLogger$_logTestEvent_closure1$_closure3$_closure4'
Event: 11.962 Thread 0x000001bbe0d4e2d0 Unloading class 0x000001bbe25d1400 'KotlinMppTestLogger$_logTestEvent_closure1$_closure3'
Event: 11.962 Thread 0x000001bbe0d4e2d0 Unloading class 0x000001bbe25d1a88 'KotlinMppTestLogger$_logTestEvent_closure1'
Event: 11.962 Thread 0x000001bbe0d4e2d0 Unloading class 0x000001bbe25d1800 'KotlinMppTestLogger'

Classes redefined (0 events):
No events

Internal exceptions (20 events):
Event: 20.986 Thread 0x000001bc2b944210 Exception <a 'sun/nio/fs/WindowsException'{0x000000074e9e9310}> (0x000000074e9e9310) 
thrown [s\src\hotspot\share\prims\jni.cpp, line 516]
Event: 20.986 Thread 0x000001bc2b944210 Exception <a 'sun/nio/fs/WindowsException'{0x000000074e9e95a8}> (0x000000074e9e95a8) 
thrown [s\src\hotspot\share\prims\jni.cpp, line 516]
Event: 20.987 Thread 0x000001bc2b944210 Exception <a 'sun/nio/fs/WindowsException'{0x000000074e6157c8}> (0x000000074e6157c8) 
thrown [s\src\hotspot\share\prims\jni.cpp, line 516]
Event: 20.987 Thread 0x000001bc2b944210 Exception <a 'sun/nio/fs/WindowsException'{0x000000074e615ab0}> (0x000000074e615ab0) 
thrown [s\src\hotspot\share\prims\jni.cpp, line 516]
Event: 20.987 Thread 0x000001bc2b944210 Exception <a 'sun/nio/fs/WindowsException'{0x000000074e617908}> (0x000000074e617908) 
thrown [s\src\hotspot\share\prims\jni.cpp, line 516]
Event: 20.988 Thread 0x000001bc2b944210 Exception <a 'sun/nio/fs/WindowsException'{0x000000074e617b40}> (0x000000074e617b40) 
thrown [s\src\hotspot\share\prims\jni.cpp, line 516]
Event: 20.988 Thread 0x000001bc2b944210 Exception <a 'sun/nio/fs/WindowsException'{0x000000074e6199a0}> (0x000000074e6199a0) 
thrown [s\src\hotspot\share\prims\jni.cpp, line 516]
Event: 20.988 Thread 0x000001bc2b944210 Exception <a 'sun/nio/fs/WindowsException'{0x000000074e619be0}> (0x000000074e619be0) 
thrown [s\src\hotspot\share\prims\jni.cpp, line 516]
Event: 20.988 Thread 0x000001bc2b944210 Exception <a 'sun/nio/fs/WindowsException'{0x000000074e61bb80}> (0x000000074e61bb80) 
thrown [s\src\hotspot\share\prims\jni.cpp, line 516]
Event: 20.988 Thread 0x000001bc2b944210 Exception <a 'sun/nio/fs/WindowsException'{0x000000074e61c2d8}> (0x000000074e61c2d8) 
thrown [s\src\hotspot\share\prims\jni.cpp, line 516]
Event: 20.988 Thread 0x000001bc2b944210 Exception <a 'sun/nio/fs/WindowsException'{0x000000074e61c8a8}> (0x000000074e61c8a8) 
thrown [s\src\hotspot\share\prims\jni.cpp, line 516]
Event: 20.988 Thread 0x000001bc2b944210 Exception <a 'sun/nio/fs/WindowsException'{0x000000074e61cab8}> (0x000000074e61cab8) 
thrown [s\src\hotspot\share\prims\jni.cpp, line 516]
Event: 20.989 Thread 0x000001bc2b944210 Exception <a 'sun/nio/fs/WindowsException'{0x000000074e61e8e0}> (0x000000074e61e8e0) 
thrown [s\src\hotspot\share\prims\jni.cpp, line 516]
Event: 20.989 Thread 0x000001bc2b944210 Exception <a 'sun/nio/fs/WindowsException'{0x000000074e61eaf0}> (0x000000074e61eaf0) 
thrown [s\src\hotspot\share\prims\jni.cpp, line 516]
Event: 20.989 Thread 0x000001bc2b944210 Exception <a 'sun/nio/fs/WindowsException'{0x000000074e620f90}> (0x000000074e620f90) 
thrown [s\src\hotspot\share\prims\jni.cpp, line 516]
Event: 20.989 Thread 0x000001bc2b944210 Exception <a 'sun/nio/fs/WindowsException'{0x000000074e6211a0}> (0x000000074e6211a0) 
thrown [s\src\hotspot\share\prims\jni.cpp, line 516]
Event: 20.989 Thread 0x000001bc2b944210 Exception <a 'sun/nio/fs/WindowsException'{0x000000074e622fb8}> (0x000000074e622fb8) 
thrown [s\src\hotspot\share\prims\jni.cpp, line 516]
Event: 20.989 Thread 0x000001bc2b944210 Exception <a 'sun/nio/fs/WindowsException'{0x000000074e6231c8}> (0x000000074e6231c8) 
thrown [s\src\hotspot\share\prims\jni.cpp, line 516]
Event: 20.990 Thread 0x000001bc2b944210 Exception <a 'sun/nio/fs/WindowsException'{0x000000074e625000}> (0x000000074e625000) 
thrown [s\src\hotspot\share\prims\jni.cpp, line 516]
Event: 20.990 Thread 0x000001bc2b944210 Exception <a 'sun/nio/fs/WindowsException'{0x000000074e625220}> (0x000000074e625220) 
thrown [s\src\hotspot\share\prims\jni.cpp, line 516]

VM Operations (20 events):
Event: 18.708 Executing VM operation: G1CollectForAllocation
Event: 18.715 Executing VM operation: G1CollectForAllocation done
Event: 18.808 Executing VM operation: HandshakeAllThreads
Event: 18.809 Executing VM operation: HandshakeAllThreads done
Event: 18.878 Executing VM operation: HandshakeAllThreads
Event: 18.878 Executing VM operation: HandshakeAllThreads done
Event: 18.903 Executing VM operation: HandshakeAllThreads
Event: 18.903 Executing VM operation: HandshakeAllThreads done
Event: 19.443 Executing VM operation: HandshakeAllThreads
Event: 19.444 Executing VM operation: HandshakeAllThreads done
Event: 19.823 Executing VM operation: G1CollectForAllocation
Event: 19.830 Executing VM operation: G1CollectForAllocation done
Event: 20.430 Executing VM operation: G1CollectForAllocation
Event: 20.435 Executing VM operation: G1CollectForAllocation done
Event: 21.435 Executing VM operation: Cleanup
Event: 21.435 Executing VM operation: Cleanup done
Event: 22.442 Executing VM operation: Cleanup
Event: 22.442 Executing VM operation: Cleanup done
Event: 23.455 Executing VM operation: Cleanup
Event: 23.455 Executing VM operation: Cleanup done

Events (20 events):
Event: 20.896 loading class sun/nio/ch/NioSocketImpl$1
Event: 20.896 loading class sun/nio/ch/NioSocketImpl$1 done
Event: 20.952 Thread 0x000001bc28a389e0 Thread added: 0x000001bc28a389e0
Event: 20.962 loading class java/util/CollectionsBeanInfo
Event: 20.962 loading class java/util/CollectionsBeanInfo done
Event: 20.962 loading class java/util/CollectionsBeanInfo
Event: 20.962 loading class java/util/CollectionsBeanInfo done
Event: 20.962 loading class java/util/CollectionsCustomizer
Event: 20.962 loading class java/util/CollectionsCustomizer done
Event: 20.963 loading class java/util/CollectionsCustomizer
Event: 20.963 loading class java/util/CollectionsCustomizer done
Event: 20.991 loading class java/util/stream/ReduceOps$2
Event: 20.991 loading class java/util/stream/ReduceOps$2 done
Event: 20.991 loading class java/util/stream/ReduceOps$2ReducingSink
Event: 20.991 loading class java/util/stream/ReduceOps$2ReducingSink done
Event: 21.248 Thread 0x000001bc28a3b9b0 Thread exited: 0x000001bc28a3b9b0
Event: 21.641 Thread 0x000001bc28a389e0 Thread exited: 0x000001bc28a389e0
Event: 21.641 Thread 0x000001bc28a3cef0 Thread exited: 0x000001bc28a3cef0
Event: 23.248 Thread 0x000001bc28a39480 Thread exited: 0x000001bc28a39480
Event: 24.124 Thread 0x000001bc28a379f0 Thread added: 0x000001bc28a379f0


Dynamic libraries:
0x00007ff760d10000 - 0x00007ff760d1e000 	C:\Users\27439\.jdks\corretto-17.0.10\bin\java.exe
0x00007ff8b30d0000 - 0x00007ff8b32e7000 	C:\WINDOWS\SYSTEM32\ntdll.dll
0x00007ff8b2c50000 - 0x00007ff8b2d14000 	C:\WINDOWS\System32\KERNEL32.DLL
0x00007ff8b0570000 - 0x00007ff8b0929000 	C:\WINDOWS\System32\KERNELBASE.dll
0x00007ff8b03d0000 - 0x00007ff8b04e1000 	C:\WINDOWS\System32\ucrtbase.dll
0x00007ff891b30000 - 0x00007ff891b4b000 	C:\Users\27439\.jdks\corretto-17.0.10\bin\VCRUNTIME140.dll
0x00007ff891b50000 - 0x00007ff891b67000 	C:\Users\27439\.jdks\corretto-17.0.10\bin\jli.dll
0x00007ff8b1560000 - 0x00007ff8b170e000 	C:\WINDOWS\System32\USER32.dll
0x00007ff89de30000 - 0x00007ff89e0c2000 	C:\WINDOWS\WinSxS\amd64_microsoft.windows.common-controls_6595b64144ccf1df_6.0.22621.4391_none_2715d37f73803e96\COMCTL32.dll
0x00007ff8b0ac0000 - 0x00007ff8b0ae6000 	C:\WINDOWS\System32\win32u.dll
0x00007ff8b1a00000 - 0x00007ff8b1aa7000 	C:\WINDOWS\System32\msvcrt.dll
0x00007ff8b1b50000 - 0x00007ff8b1b79000 	C:\WINDOWS\System32\GDI32.dll
0x00007ff8b0c60000 - 0x00007ff8b0d7b000 	C:\WINDOWS\System32\gdi32full.dll
0x00007ff8b0a20000 - 0x00007ff8b0aba000 	C:\WINDOWS\System32\msvcp_win.dll
0x00007ff8b10a0000 - 0x00007ff8b10d1000 	C:\WINDOWS\System32\IMM32.DLL
0x00007ff8ab170000 - 0x00007ff8ab17c000 	C:\Users\27439\.jdks\corretto-17.0.10\bin\vcruntime140_1.dll
0x00007ff87c5c0000 - 0x00007ff87c64d000 	C:\Users\27439\.jdks\corretto-17.0.10\bin\msvcp140.dll
0x00007ff860ec0000 - 0x00007ff861b22000 	C:\Users\27439\.jdks\corretto-17.0.10\bin\server\jvm.dll
0x00007ff8b1930000 - 0x00007ff8b19e2000 	C:\WINDOWS\System32\ADVAPI32.dll
0x00007ff8b2f40000 - 0x00007ff8b2fe7000 	C:\WINDOWS\System32\sechost.dll
0x00007ff8b09f0000 - 0x00007ff8b0a18000 	C:\WINDOWS\System32\bcrypt.dll
0x00007ff8b1810000 - 0x00007ff8b1924000 	C:\WINDOWS\System32\RPCRT4.dll
0x00007ff8af680000 - 0x00007ff8af6cd000 	C:\WINDOWS\SYSTEM32\POWRPROF.dll
0x00007ff8aaf50000 - 0x00007ff8aaf84000 	C:\WINDOWS\SYSTEM32\WINMM.dll
0x00007ff89c780000 - 0x00007ff89c789000 	C:\WINDOWS\SYSTEM32\WSOCK32.dll
0x00007ff8b1ac0000 - 0x00007ff8b1b31000 	C:\WINDOWS\System32\WS2_32.dll
0x00007ff8a7da0000 - 0x00007ff8a7daa000 	C:\WINDOWS\SYSTEM32\VERSION.dll
0x00007ff8af570000 - 0x00007ff8af583000 	C:\WINDOWS\SYSTEM32\UMPDC.dll
0x00007ff8af440000 - 0x00007ff8af458000 	C:\WINDOWS\SYSTEM32\kernel.appcore.dll
0x00007ff891b20000 - 0x00007ff891b2a000 	C:\Users\27439\.jdks\corretto-17.0.10\bin\jimage.dll
0x00007ff8ad820000 - 0x00007ff8ada52000 	C:\WINDOWS\SYSTEM32\DBGHELP.DLL
0x00007ff8b1da0000 - 0x00007ff8b212f000 	C:\WINDOWS\System32\combase.dll
0x00007ff8b2b70000 - 0x00007ff8b2c47000 	C:\WINDOWS\System32\OLEAUT32.dll
0x00007ff8a5820000 - 0x00007ff8a5852000 	C:\WINDOWS\SYSTEM32\dbgcore.DLL
0x00007ff8b04f0000 - 0x00007ff8b056b000 	C:\WINDOWS\System32\bcryptPrimitives.dll
0x00007ff88d4b0000 - 0x00007ff88d4eb000 	C:\Users\27439\.jdks\corretto-17.0.10\bin\jdwp.dll
0x00007ff891b10000 - 0x00007ff891b1e000 	C:\Users\27439\.jdks\corretto-17.0.10\bin\instrument.dll
0x00007ff87ea30000 - 0x00007ff87ea55000 	C:\Users\27439\.jdks\corretto-17.0.10\bin\java.dll
0x00007ff86e670000 - 0x00007ff86e747000 	C:\Users\27439\.jdks\corretto-17.0.10\bin\jsvml.dll
0x00007ff8b2130000 - 0x00007ff8b29a6000 	C:\WINDOWS\System32\SHELL32.dll
0x00007ff8ae2c0000 - 0x00007ff8aebc3000 	C:\WINDOWS\SYSTEM32\windows.storage.dll
0x00007ff8ae180000 - 0x00007ff8ae2bf000 	C:\WINDOWS\SYSTEM32\wintypes.dll
0x00007ff8b1710000 - 0x00007ff8b1809000 	C:\WINDOWS\System32\SHCORE.dll
0x00007ff8b2ee0000 - 0x00007ff8b2f3e000 	C:\WINDOWS\System32\shlwapi.dll
0x00007ff8b0300000 - 0x00007ff8b032b000 	C:\WINDOWS\SYSTEM32\profapi.dll
0x00007ff88d4a0000 - 0x00007ff88d4ac000 	C:\Users\27439\.jdks\corretto-17.0.10\bin\dt_socket.dll
0x00007ff8aee20000 - 0x00007ff8aee4d000 	C:\WINDOWS\SYSTEM32\IPHLPAPI.DLL
0x00007ff8af940000 - 0x00007ff8af9a9000 	C:\WINDOWS\system32\mswsock.dll
0x00007ff87c5a0000 - 0x00007ff87c5b8000 	C:\Users\27439\.jdks\corretto-17.0.10\bin\zip.dll
0x00007ff8763b0000 - 0x00007ff8763c9000 	C:\Users\27439\.jdks\corretto-17.0.10\bin\net.dll
0x00007ff8ac460000 - 0x00007ff8ac596000 	C:\WINDOWS\SYSTEM32\WINHTTP.dll
0x00007ff875930000 - 0x00007ff875946000 	C:\Users\27439\.jdks\corretto-17.0.10\bin\nio.dll
0x00007ff87e9f0000 - 0x00007ff87ea00000 	C:\Users\27439\.jdks\corretto-17.0.10\bin\verify.dll
0x00007ff89c790000 - 0x00007ff89c7b7000 	C:\Users\27439\.gradle\native\68d5fa5c4cc2d200863cafc0d521ce42e7d3e7ee720ec0a83991735586a16f82\windows-amd64\native-platform.dll
0x00007ff860770000 - 0x00007ff8608b4000 	C:\Users\27439\.gradle\native\e376f236ea51e6404a007f0833ffe2c6e607c4080706a723a18a27aeea778392\windows-amd64\native-platform-file-events.dll
0x00007ff87c590000 - 0x00007ff87c599000 	C:\Users\27439\.jdks\corretto-17.0.10\bin\management.dll
0x00007ff876f30000 - 0x00007ff876f3b000 	C:\Users\27439\.jdks\corretto-17.0.10\bin\management_ext.dll
0x00007ff8b2d20000 - 0x00007ff8b2d28000 	C:\WINDOWS\System32\PSAPI.DLL
0x00007ff8afbc0000 - 0x00007ff8afbdb000 	C:\WINDOWS\SYSTEM32\CRYPTSP.dll
0x00007ff8af3a0000 - 0x00007ff8af3d5000 	C:\WINDOWS\system32\rsaenh.dll
0x00007ff8afa10000 - 0x00007ff8afa38000 	C:\WINDOWS\SYSTEM32\USERENV.dll
0x00007ff8afbb0000 - 0x00007ff8afbbc000 	C:\WINDOWS\SYSTEM32\CRYPTBASE.dll
0x00007ff8b1ab0000 - 0x00007ff8b1ab9000 	C:\WINDOWS\System32\NSI.dll
0x00007ff8aaff0000 - 0x00007ff8ab009000 	C:\WINDOWS\SYSTEM32\dhcpcsvc6.DLL
0x00007ff8aaf90000 - 0x00007ff8aafaf000 	C:\WINDOWS\SYSTEM32\dhcpcsvc.DLL
0x00007ff8aee50000 - 0x00007ff8aef52000 	C:\WINDOWS\SYSTEM32\DNSAPI.dll
0x00007ff875900000 - 0x00007ff875909000 	C:\Users\27439\.jdks\corretto-17.0.10\bin\extnet.dll
0x00007ff8aafc0000 - 0x00007ff8aafce000 	C:\Users\27439\.jdks\corretto-17.0.10\bin\sunmscapi.dll
0x00007ff8b0af0000 - 0x00007ff8b0c56000 	C:\WINDOWS\System32\CRYPT32.dll
0x00007ff8afd90000 - 0x00007ff8afdbd000 	C:\WINDOWS\SYSTEM32\ncrypt.dll
0x00007ff8afd50000 - 0x00007ff8afd87000 	C:\WINDOWS\SYSTEM32\NTASN1.dll
0x00007ff8896a0000 - 0x00007ff8896a8000 	C:\WINDOWS\system32\wshunix.dll
0x00007ff88c1f0000 - 0x00007ff88c207000 	C:\WINDOWS\system32\napinsp.dll
0x00007ff88c1d0000 - 0x00007ff88c1eb000 	C:\WINDOWS\system32\pnrpnsp.dll
0x00007ff88c1b0000 - 0x00007ff88c1c1000 	C:\WINDOWS\System32\winrnr.dll
0x00007ff88c190000 - 0x00007ff88c1a5000 	C:\WINDOWS\system32\wshbth.dll
0x00007ff88c160000 - 0x00007ff88c187000 	C:\WINDOWS\system32\nlansp_c.dll
0x00007ff8aaf40000 - 0x00007ff8aaf4a000 	C:\Windows\System32\rasadhlp.dll
0x00007ff8aaaa0000 - 0x00007ff8aab23000 	C:\WINDOWS\System32\fwpuclnt.dll

dbghelp: loaded successfully - version: 4.0.5 - missing functions: none
symbol engine: initialized successfully - sym options: 0x614 - pdb path: .;C:\Users\27439\.jdks\corretto-17.0.10\bin;C:\WINDOWS\SYSTEM32;C:\WINDOWS\WinSxS\amd64_microsoft.windows.common-controls_6595b64144ccf1df_6.0.22621.4391_none_2715d37f73803e96;C:\Users\27439\.jdks\corretto-17.0.10\bin\server;C:\Users\27439\.gradle\native\68d5fa5c4cc2d200863cafc0d521ce42e7d3e7ee720ec0a83991735586a16f82\windows-amd64;C:\Users\27439\.gradle\native\e376f236ea51e6404a007f0833ffe2c6e607c4080706a723a18a27aeea778392\windows-amd64

VM Arguments:
jvm_args: --add-opens=java.base/java.util.concurrent.atomic=ALL-UNNAMED -agentlib:jdwp=transport=dt_socket,server=n,suspend=y,address=127.0.0.1:50938 --add-opens=java.base/java.util=ALL-UNNAMED --add-opens=java.base/java.lang=ALL-UNNAMED --add-opens=java.base/java.lang.invoke=ALL-UNNAMED --add-opens=java.prefs/java.util.prefs=ALL-UNNAMED --add-opens=java.base/java.nio.charset=ALL-UNNAMED --add-opens=java.base/java.net=ALL-UNNAMED --add-opens=java.base/java.util.concurrent.atomic=ALL-UNNAMED -Xmx3g -Dfile.encoding=UTF-8 -Duser.country=CN -Duser.language=zh -Duser.variant -javaagent:C:\Users\27439\.gradle\wrapper\dists\gradle-8.2-all\2q3bs1ik8c4yxxdwn9pbenul9\gradle-8.2\lib\agents\gradle-instrumentation-agent-8.2.jar 
java_command: org.gradle.launcher.daemon.bootstrap.GradleDaemon 8.2
java_class_path (initial): C:\Users\27439\.gradle\wrapper\dists\gradle-8.2-all\2q3bs1ik8c4yxxdwn9pbenul9\gradle-8.2\lib\gradle-launcher-8.2.jar
Launcher Type: SUN_STANDARD

[Global flags]
     intx CICompilerCount                          = 12                                        {product} {ergonomic}
     uint ConcGCThreads                            = 3                                         {product} {ergonomic}
     uint G1ConcRefinementThreads                  = 13                                        {product} {ergonomic}
   size_t G1HeapRegionSize                         = 2097152                                   {product} {ergonomic}
    uintx GCDrainStackTargetSize                   = 64                                        {product} {ergonomic}
   size_t InitialHeapSize                          = 255852544                                 {product} {ergonomic}
   size_t MarkStackSize                            = 4194304                                   {product} {ergonomic}
   size_t MaxHeapSize                              = 3221225472                                {product} {command line}
   size_t MaxNewSize                               = 1931476992                                {product} {ergonomic}
   size_t MinHeapDeltaBytes                        = 2097152                                   {product} {ergonomic}
   size_t MinHeapSize                              = 8388608                                   {product} {ergonomic}
    uintx NonNMethodCodeHeapSize                   = 7602480                                {pd product} {ergonomic}
    uintx NonProfiledCodeHeapSize                  = 122027880                              {pd product} {ergonomic}
    uintx ProfiledCodeHeapSize                     = 122027880                              {pd product} {ergonomic}
    uintx ReservedCodeCacheSize                    = 251658240                              {pd product} {ergonomic}
     bool SegmentedCodeCache                       = true                                      {product} {ergonomic}
   size_t SoftMaxHeapSize                          = 3221225472                             {manageable} {ergonomic}
     bool UseCompressedClassPointers               = true                           {product lp64_product} {ergonomic}
     bool UseCompressedOops                        = true                           {product lp64_product} {ergonomic}
     bool UseG1GC                                  = true                                      {product} {ergonomic}
     bool UseLargePagesIndividualAllocation        = false                                  {pd product} {ergonomic}

Logging:
Log output configuration:
 #0: stdout all=warning uptime,level,tags
 #1: stderr all=off uptime,level,tags

Environment Variables:
JAVA_HOME=C:\Users\27439\.jdks\corretto-17.0.10
CLASSPATH=C:\Users\27439\.jdks\corretto-17.0.10\lib\dt.jar;C:\Users\27439\.jdks\corretto-17.0.10\lib\tools.jar
PATH=C:\Users\27439\AppData\Local\Programs\Python\Python312;C:\Program Files (x86)\VMware\VMware Workstation\bin\;C:\WINDOWS\system32;C:\WINDOWS;C:\WINDOWS\System32\Wbem;C:\WINDOWS\System32\WindowsPowerShell\v1.0\;C:\WINDOWS\System32\OpenSSH\;C:\Program Files\NVIDIA Corporation\NVIDIA NvDLISR;C:\Program Files (x86)\NVIDIA Corporation\PhysX\Common;C:\Program Files\Git\cmd;C:\ProgramData\chocolatey\bin;C:\Users\27439\AppData\Roaming\nvm;C:\Program Files\nodejs;C:\Program Files\dotnet\;C:\Program Files\CMake\bin;;C:\Program Files (x86)\Tencent\微信web开发者工具\dll;C:\Program Files\Git LFS;C:\Users\27439\.cargo\bin;C:\Program Files\MySQL\MySQL Shell 8.0\bin\;C:\Users\27439\AppData\Local\pnpm;C:\Users\27439\AppData\Local\Microsoft\WindowsApps;C:\Users\27439\AppData\Local\JetBrains\Toolbox\scripts;C:\Users\27439\AppData\Roaming\npm;C:\Users\27439\AppData\Local\Android\Sdk\platform-tools;C:\Users\27439\AppData\Local\Android\Sdk\emulator;C:\Users\27439\AppData\Local\Android\Sdktools;C:\Users\27439\AppData\Local\Android\Sdktools\bin;C:\Users\27439\AppData\Local\Programs\Microsoft VS Code\bin;C:\Program Files\adb;C:\Users\27439\AppData\Local\GitHubDesktop\bin;C:\Users\27439\AppData\Roaming\nvm;C:\Program Files\nodejs;C:\Program Files\ffmpeg\bin;C:\Users\27439\AppData\Roaming\Pub\Cache\bin;C:\Users\27439\.sdk\flutter\bin;C:\Users\27439\.dotnet\tools;C:\Users\27439\.sdk\golib\bin;C:\Users\27439\.sdk\go\bin;C:\Users\27439\.sdk\hover-master;C:\Users\27439\.sdk\mingw64\bin;C:\Users\27439\.dotnet\tools;C:\Users\27439\AppData\Local\Programs\Python\Python312\Scripts;D:\编程;C:\Users\27439\.sdk\flutter3\bin;C:\Users\27439\AppData\Local\Android\Sdk\platform-tools;C:\Users\27439\AppData\Local\Android\Sdk\emulator;C:\Users\27439\AppData\Local\Android\Sdk\tools;C:\Users\27439\AppData\Local\Android\Sdk\tools\bin;C:\Users\27439\.jdks\corretto-17.0.10\bin;C:\Users\27439\AppData\Local\Packages\PythonSoftwareFoundation.Python.3.12_qbz5n2kfra8p0\LocalCache\local-packages\Python312\Scripts;C:\User
USERNAME=27439
OS=Windows_NT
PROCESSOR_IDENTIFIER=AMD64 Family 25 Model 68 Stepping 1, AuthenticAMD
TMP=C:\Users\27439\AppData\Local\Temp
TEMP=C:\Users\27439\AppData\Local\Temp



Periodic native trim disabled


---------------  S Y S T E M  ---------------

OS:
 Windows 11 , 64 bit Build 22621 (10.0.22621.4391)
OS uptime: 0 days 0:36 hours
Hyper-V role detected

CPU: total 16 (initial active 16) (16 cores per cpu, 2 threads per core) family 25 model 68 stepping 1 microcode 0x0, cx8, cmov, fxsr, ht, mmx, 3dnowpref, sse, sse2, sse3, ssse3, sse4a, sse4.1, sse4.2, popcnt, lzcnt, tsc, tscinvbit, avx, avx2, aes, clmul, bmi1, bmi2, adx, sha, fma, vzeroupper, clflush, clflushopt, hv
Processor Information for all 16 processors :
  Max Mhz: 3201, Current Mhz: 3201, Mhz Limit: 3201

Memory: 4k page, system-wide physical 15613M (2574M free)
TotalPageFile size 27091M (AvailPageFile size 0M)
current process WorkingSet (physical memory assigned to process): 659M, peak: 705M
current process commit charge ("private bytes"): 712M, peak: 767M

vm_info: OpenJDK 64-Bit Server VM (17.0.10+7-LTS) for windows-amd64 JRE (17.0.10+7-LTS), built on Jan 10 2024 22:11:07 by "Administrator" with MS VC++ 16.10 / 16.11 (VS2019)

END.
