#
# There is insufficient memory for the Java Runtime Environment to continue.
# Native memory allocation (mmap) failed to map 234881024 bytes for G1 virtual space
# Possible reasons:
#   The system is out of physical RAM or swap space
#   The process is running with CompressedOops enabled, and the Java Heap may be blocking the growth of the native heap
# Possible solutions:
#   Reduce memory load on the system
#   Increase physical memory or swap space
#   Check if swap backing store is full
#   Decrease Java heap size (-Xmx/-Xms)
#   Decrease number of Java threads
#   Decrease Java thread stack sizes (-Xss)
#   Set larger code cache with -XX:ReservedCodeCacheSize=
#   JVM is running with Zero Based Compressed Oops mode in which the Java heap is
#     placed in the first 32GB address space. The Java Heap base address is the
#     maximum limit for the native heap growth. Please use -XX:HeapBaseMinAddress
#     to set the Java Heap base and to place the Java Heap above 32GB virtual address.
# This output file may be truncated or incomplete.
#
#  Out of Memory Error (os_windows.cpp:3613), pid=18524, tid=24364
#
# JRE version: OpenJDK Runtime Environment Zulu17.46+19-CA (17.0.9+8) (build 17.0.9+8-LTS)
# Java VM: OpenJDK 64-Bit Server VM Zulu17.46+19-CA (17.0.9+8-LTS, mixed mode, sharing, tiered, compressed oops, compressed class ptrs, g1 gc, windows-amd64)
# No core dump will be written. Minidumps are not enabled by default on client versions of Windows
#

---------------  S U M M A R Y ------------

Command Line: --add-opens=java.base/java.util.concurrent.atomic=ALL-UNNAMED -agentlib:jdwp=transport=dt_socket,server=n,suspend=y,address=127.0.0.1:52905 --add-opens=java.base/java.util=ALL-UNNAMED --add-opens=java.base/java.lang=ALL-UNNAMED --add-opens=java.base/java.lang.invoke=ALL-UNNAMED --add-opens=java.prefs/java.util.prefs=ALL-UNNAMED --add-opens=java.base/java.nio.charset=ALL-UNNAMED --add-opens=java.base/java.net=ALL-UNNAMED --add-opens=java.base/java.util.concurrent.atomic=ALL-UNNAMED -Xmx3g -Dfile.encoding=GBK -Duser.country=CN -Duser.language=zh -Duser.variant -javaagent:C:\Users\27439\.gradle\wrapper\dists\gradle-8.2-bin\bbg7u40eoinfdyxsxr3z4i7ta\gradle-8.2\lib\agents\gradle-instrumentation-agent-8.2.jar org.gradle.launcher.daemon.bootstrap.GradleDaemon 8.2

Host: AMD Ryzen 7 6800H with Radeon Graphics         , 16 cores, 15G,  Windows 11 , 64 bit Build 22621 (10.0.22621.2506)
Time: Thu Nov 23 21:46:48 2023  Windows 11 , 64 bit Build 22621 (10.0.22621.2506) elapsed time: 47.733793 seconds (0d 0h 0m 47s)

---------------  T H R E A D  ---------------

Current thread (0x000001a957b25750):  VMThread "VM Thread" [stack: 0x0000009542400000,0x0000009542500000] [id=24364]

Stack: [0x0000009542400000,0x0000009542500000]
Native frames: (J=compiled Java code, j=interpreted, Vv=VM code, C=native code)
V  [jvm.dll+0x681239]
V  [jvm.dll+0x838dba]
V  [jvm.dll+0x83a87e]
V  [jvm.dll+0x83aee3]
V  [jvm.dll+0x24b92f]
V  [jvm.dll+0x67e049]
V  [jvm.dll+0x67299a]
V  [jvm.dll+0x30b7db]
V  [jvm.dll+0x312c86]
V  [jvm.dll+0x36327e]
V  [jvm.dll+0x3634af]
V  [jvm.dll+0x2e2438]
V  [jvm.dll+0x2e0614]
V  [jvm.dll+0x2dfc1c]
V  [jvm.dll+0x323c3b]
V  [jvm.dll+0x83f3db]
V  [jvm.dll+0x840121]
V  [jvm.dll+0x84063d]
V  [jvm.dll+0x840a14]
V  [jvm.dll+0x840ae0]
V  [jvm.dll+0x7e825a]
V  [jvm.dll+0x680125]
C  [ucrtbase.dll+0x29363]
C  [KERNEL32.DLL+0x1257d]
C  [ntdll.dll+0x5aa58]

VM_Operation (0x000000954acfcf30): G1CollectForAllocation, mode: safepoint, requested by thread 0x000001a9a1cc99d0


---------------  P R O C E S S  ---------------

Threads class SMR info:
_java_thread_list=0x000001a9a44f2ab0, length=163, elements={
0x000001a93652d9c0, 0x000001a957b2ae30, 0x000001a957b2bbd0, 0x000001a957bb99e0,
0x000001a957bbb2d0, 0x000001a957bbdbc0, 0x000001a957bc04b0, 0x000001a957bc1170,
0x000001a957bc1b40, 0x000001a957bd1d40, 0x000001a957bd3180, 0x000001a957df89b0,
0x000001a957d59a70, 0x000001a957d59f70, 0x000001a957bd2250, 0x000001a957bd1830,
0x000001a957bd2c70, 0x000001a957bd0900, 0x000001a957bd03f0, 0x000001a957bd0e10,
0x000001a957bd1320, 0x000001a99df24c70, 0x000001a99df23320, 0x000001a99df23830,
0x000001a99df24250, 0x000001a99df25690, 0x000001a99df24760, 0x000001a99df25180,
0x000001a99df223f0, 0x000001a99df22900, 0x000001a99df22e10, 0x000001a9a2fcbee0,
0x000001a9a2fc9660, 0x000001a9a2fc7d10, 0x000001a9a2fcafb0, 0x000001a9a2fc9150,
0x000001a9a2fca080, 0x000001a9a2fcc900, 0x000001a9a2fcec70, 0x000001a9a2fcdd40,
0x000001a9a2fca590, 0x000001a9a2fcf690, 0x000001a9a2fce250, 0x000001a9a2fc8c40,
0x000001a9a2fce760, 0x000001a9a2fcd320, 0x000001a9a2fcf180, 0x000001a9a2fcaaa0,
0x000001a9a2fc8220, 0x000001a9a2fcb4c0, 0x000001a9a2fc8730, 0x000001a9a2fcb9d0,
0x000001a9a2fcc3f0, 0x000001a9a2fcd830, 0x000001a957bd2760, 0x000001a9a43994d0,
0x000001a9a43999e0, 0x000001a9a4399ef0, 0x000001a9a439a400, 0x000001a9a439b330,
0x000001a9a439cc80, 0x000001a9a43985a0, 0x000001a9a439b840, 0x000001a9a439c770,
0x000001a9a439eff0, 0x000001a9a439e5d0, 0x000001a9a439f500, 0x000001a9a439bd50,
0x000001a9a439c260, 0x000001a9a439d190, 0x000001a9a439d6a0, 0x000001a9a439ae20,
0x000001a9a4398fc0, 0x000001a9a17a56e0, 0x000001a9a17a5bf0, 0x000001a9a17a8e90,
0x000001a9a17a8470, 0x000001a9a17a4cc0, 0x000001a9a17aacf0, 0x000001a9a17a7540,
0x000001a9a17aa2d0, 0x000001a9a17ab710, 0x000001a9a17a7f60, 0x000001a9a17a7a50,
0x000001a9a17a8980, 0x000001a9a17a93a0, 0x000001a9a17ab200, 0x000001a9a17a6610,
0x000001a9a17a98b0, 0x000001a9a17a6100, 0x000001a9a17a9dc0, 0x000001a9a17aa7e0,
0x000001a9a17a42a0, 0x000001a9a17abc20, 0x000001a9a17a47b0, 0x000001a9a17a51d0,
0x000001a9a17a6b20, 0x000001a9a17a7030, 0x000001a9a4f8b580, 0x000001a9a4f8ab60,
0x000001a9a4f882e0, 0x000001a9a4f8d8f0, 0x000001a9a4f8bfa0, 0x000001a9a4f8d3e0,
0x000001a9a4f8de00, 0x000001a9a4f8c4b0, 0x000001a9a4f887f0, 0x000001a9a4f88d00,
0x000001a9a4f8f240, 0x000001a9a4f87dd0, 0x000001a9a4f8ba90, 0x000001a9a4f8a650,
0x000001a9a4f8c9c0, 0x000001a9a4f8e310, 0x000001a9a4f89210, 0x000001a9a4f8ed30,
0x000001a9a4f8b070, 0x000001a9a4f8e820, 0x000001a9a4f8ced0, 0x000001a9a4f8f750,
0x000001a9a4f89720, 0x000001a9a4f89c30, 0x000001a9a4f8a140, 0x000001a9a439eae0,
0x000001a9a5e8ae00, 0x000001a9a5e8f9f0, 0x000001a9a5e8c750, 0x000001a9a5e88580,
0x000001a9a5e8ff00, 0x000001a9a5e8d680, 0x000001a9a5e8a8f0, 0x000001a9a5e899c0,
0x000001a9a5e88a90, 0x000001a9a5e8b820, 0x000001a9a5e8eac0, 0x000001a9a5e8cc60,
0x000001a9a5e89ed0, 0x000001a9a5e8efd0, 0x000001a9a5e88fa0, 0x000001a9a5e8d170,
0x000001a9a5e8db90, 0x000001a9a1cc43c0, 0x000001a9a1cc3490, 0x000001a9a1cc8590,
0x000001a9a1cc7660, 0x000001a9a1f7ee50, 0x000001a9a1f7a3f0, 0x000001a9a1cc8fb0,
0x000001a9a1cc99d0, 0x000001a9a1cc5800, 0x000001a9a1cc3eb0, 0x000001a9a1cc4de0,
0x000001a9a1cc7b70, 0x000001a9a1cc52f0, 0x000001a9a1cc48d0, 0x000001a9a1cc39a0,
0x000001a9a1cc2f80, 0x000001a9a1cc2560, 0x000001a9a1cc6220, 0x000001a9a1cc5d10,
0x000001a9a1cc9ee0, 0x000001a9a1cc6730, 0x000001a9a1cc6c40
}

Java Threads: ( => current thread )
  0x000001a93652d9c0 JavaThread "main" [_thread_blocked, id=24120, stack(0x0000009541e00000,0x0000009541f00000)]
  0x000001a957b2ae30 JavaThread "Reference Handler" daemon [_thread_blocked, id=11860, stack(0x0000009542500000,0x0000009542600000)]
  0x000001a957b2bbd0 JavaThread "Finalizer" daemon [_thread_blocked, id=24500, stack(0x0000009542600000,0x0000009542700000)]
  0x000001a957bb99e0 JavaThread "Signal Dispatcher" daemon [_thread_blocked, id=12336, stack(0x0000009542700000,0x0000009542800000)]
  0x000001a957bbb2d0 JavaThread "Attach Listener" daemon [_thread_blocked, id=18812, stack(0x0000009542800000,0x0000009542900000)]
  0x000001a957bbdbc0 JavaThread "Service Thread" daemon [_thread_blocked, id=1792, stack(0x0000009542900000,0x0000009542a00000)]
  0x000001a957bc04b0 JavaThread "Monitor Deflation Thread" daemon [_thread_blocked, id=3176, stack(0x0000009542a00000,0x0000009542b00000)]
  0x000001a957bc1170 JavaThread "C2 CompilerThread0" daemon [_thread_in_native, id=23112, stack(0x0000009542b00000,0x0000009542c00000)]
  0x000001a957bc1b40 JavaThread "C1 CompilerThread0" daemon [_thread_blocked, id=22940, stack(0x0000009542c00000,0x0000009542d00000)]
  0x000001a957bd1d40 JavaThread "Sweeper thread" daemon [_thread_blocked, id=176, stack(0x0000009542d00000,0x0000009542e00000)]
  0x000001a957bd3180 JavaThread "Common-Cleaner" daemon [_thread_blocked, id=10740, stack(0x0000009542f00000,0x0000009543000000)]
  0x000001a957df89b0 JavaThread "JDWP Transport Listener: dt_socket" daemon [_thread_blocked, id=5032, stack(0x0000009543200000,0x0000009543300000)]
  0x000001a957d59a70 JavaThread "JDWP Event Helper Thread" daemon [_thread_blocked, id=10224, stack(0x0000009543300000,0x0000009543400000)]
  0x000001a957d59f70 JavaThread "JDWP Command Reader" daemon [_thread_in_native, id=4812, stack(0x0000009543400000,0x0000009543500000)]
  0x000001a957bd2250 JavaThread "Notification Thread" daemon [_thread_blocked, id=19352, stack(0x0000009543500000,0x0000009543600000)]
  0x000001a957bd1830 JavaThread "Daemon health stats" [_thread_blocked, id=7396, stack(0x0000009544200000,0x0000009544300000)]
  0x000001a957bd2c70 JavaThread "Incoming local TCP Connector on port 52908" [_thread_in_native, id=17864, stack(0x0000009544300000,0x0000009544400000)]
  0x000001a957bd0900 JavaThread "Daemon periodic checks" [_thread_blocked, id=21960, stack(0x0000009544400000,0x0000009544500000)]
  0x000001a957bd03f0 JavaThread "Daemon" [_thread_blocked, id=15252, stack(0x0000009544500000,0x0000009544600000)]
  0x000001a957bd0e10 JavaThread "Handler for socket connection from /127.0.0.1:52908 to /127.0.0.1:52909" [_thread_in_native, id=13384, stack(0x0000009544600000,0x0000009544700000)]
  0x000001a957bd1320 JavaThread "Cancel handler" [_thread_blocked, id=14056, stack(0x0000009544700000,0x0000009544800000)]
  0x000001a99df24c70 JavaThread "Daemon worker" [_thread_blocked, id=5832, stack(0x0000009544800000,0x0000009544900000)]
  0x000001a99df23320 JavaThread "Asynchronous log dispatcher for DefaultDaemonConnection: socket connection from /127.0.0.1:52908 to /127.0.0.1:52909" [_thread_blocked, id=24356, stack(0x0000009544900000,0x0000009544a00000)]
  0x000001a99df23830 JavaThread "Stdin handler" [_thread_blocked, id=18940, stack(0x0000009544a00000,0x0000009544b00000)]
  0x000001a99df24250 JavaThread "Daemon client event forwarder" [_thread_blocked, id=2904, stack(0x0000009544b00000,0x0000009544c00000)]
  0x000001a99df25690 JavaThread "Cache worker for journal cache (C:\Users\27439\.gradle\caches\journal-1)" [_thread_blocked, id=11840, stack(0x0000009544c00000,0x0000009544d00000)]
  0x000001a99df24760 JavaThread "File lock request listener" [_thread_in_native, id=17540, stack(0x0000009544d00000,0x0000009544e00000)]
  0x000001a99df25180 JavaThread "Cache worker for file hash cache (C:\Users\27439\.gradle\caches\8.2\fileHashes)" [_thread_blocked, id=23488, stack(0x0000009544e00000,0x0000009544f00000)]
  0x000001a99df223f0 JavaThread "File watcher server" daemon [_thread_blocked, id=7020, stack(0x0000009544f00000,0x0000009545000000)]
  0x000001a99df22900 JavaThread "File watcher consumer" daemon [_thread_blocked, id=15888, stack(0x0000009545000000,0x0000009545100000)]
  0x000001a99df22e10 JavaThread "Cache worker for checksums cache (D:\Code\idea\intellij-cangjie\.gradle\8.2\checksums)" [_thread_blocked, id=21464, stack(0x0000009545100000,0x0000009545200000)]
  0x000001a9a2fcbee0 JavaThread "Cache worker for cache directory md-rule (C:\Users\27439\.gradle\caches\8.2\md-rule)" [_thread_blocked, id=6268, stack(0x0000009545700000,0x0000009545800000)]
  0x000001a9a2fc9660 JavaThread "Cache worker for file content cache (C:\Users\27439\.gradle\caches\8.2\fileContent)" [_thread_blocked, id=20916, stack(0x0000009545800000,0x0000009545900000)]
  0x000001a9a2fc7d10 JavaThread "Cache worker for file hash cache (D:\Code\idea\intellij-cangjie\.gradle\8.2\fileHashes)" [_thread_blocked, id=6964, stack(0x0000009545900000,0x0000009545a00000)]
  0x000001a9a2fcafb0 JavaThread "Cache worker for cache directory md-supplier (C:\Users\27439\.gradle\caches\8.2\md-supplier)" [_thread_blocked, id=16788, stack(0x0000009545a00000,0x0000009545b00000)]
  0x000001a9a2fc9150 JavaThread "Cache worker for execution history cache (C:\Users\27439\.gradle\caches\8.2\executionHistory)" [_thread_blocked, id=24320, stack(0x0000009545b00000,0x0000009545c00000)]
  0x000001a9a2fca080 JavaThread "jar transforms" [_thread_blocked, id=19168, stack(0x0000009545c00000,0x0000009545d00000)]
  0x000001a9a2fcc900 JavaThread "jar transforms Thread 2" [_thread_blocked, id=23852, stack(0x0000009545d00000,0x0000009545e00000)]
  0x000001a9a2fcec70 JavaThread "jar transforms Thread 3" [_thread_blocked, id=17348, stack(0x0000009545e00000,0x0000009545f00000)]
  0x000001a9a2fcdd40 JavaThread "jar transforms Thread 4" [_thread_blocked, id=23480, stack(0x0000009545f00000,0x0000009546000000)]
  0x000001a9a2fca590 JavaThread "jar transforms Thread 5" [_thread_blocked, id=22748, stack(0x0000009546000000,0x0000009546100000)]
  0x000001a9a2fcf690 JavaThread "jar transforms Thread 6" [_thread_blocked, id=18208, stack(0x0000009546100000,0x0000009546200000)]
  0x000001a9a2fce250 JavaThread "Cache worker for kotlin-dsl (C:\Users\27439\.gradle\caches\8.2\kotlin-dsl)" [_thread_blocked, id=16256, stack(0x0000009546200000,0x0000009546300000)]
  0x000001a9a2fc8c40 JavaThread "jar transforms Thread 7" [_thread_blocked, id=23928, stack(0x0000009546300000,0x0000009546400000)]
  0x000001a9a2fce760 JavaThread "jar transforms Thread 8" [_thread_blocked, id=19584, stack(0x0000009546400000,0x0000009546500000)]
  0x000001a9a2fcd320 JavaThread "jar transforms Thread 9" [_thread_blocked, id=18364, stack(0x0000009546500000,0x0000009546600000)]
  0x000001a9a2fcf180 JavaThread "jar transforms Thread 10" [_thread_blocked, id=11120, stack(0x0000009546600000,0x0000009546700000)]
  0x000001a9a2fcaaa0 JavaThread "Cache worker for dependencies-accessors (D:\Code\idea\intellij-cangjie\.gradle\8.2\dependencies-accessors)" [_thread_blocked, id=9268, stack(0x0000009546700000,0x0000009546800000)]
  0x000001a9a2fc8220 JavaThread "Cache worker for Build Output Cleanup Cache (D:\Code\idea\intellij-cangjie\.gradle\buildOutputCleanup)" [_thread_blocked, id=8836, stack(0x0000009546800000,0x0000009546900000)]
  0x000001a9a2fcb4c0 JavaThread "jar transforms Thread 11" [_thread_blocked, id=24268, stack(0x0000009546900000,0x0000009546a00000)]
  0x000001a9a2fc8730 JavaThread "jar transforms Thread 12" [_thread_blocked, id=5324, stack(0x0000009546a00000,0x0000009546b00000)]
  0x000001a9a2fcb9d0 JavaThread "Unconstrained build operations" [_thread_blocked, id=3260, stack(0x0000009546b00000,0x0000009546c00000)]
  0x000001a9a2fcc3f0 JavaThread "Unconstrained build operations Thread 2" [_thread_blocked, id=22384, stack(0x0000009546c00000,0x0000009546d00000)]
  0x000001a9a2fcd830 JavaThread "Unconstrained build operations Thread 3" [_thread_blocked, id=23156, stack(0x0000009546d00000,0x0000009546e00000)]
  0x000001a957bd2760 JavaThread "Unconstrained build operations Thread 4" [_thread_blocked, id=22924, stack(0x0000009546e00000,0x0000009546f00000)]
  0x000001a9a43994d0 JavaThread "Unconstrained build operations Thread 5" [_thread_blocked, id=21524, stack(0x0000009546f00000,0x0000009547000000)]
  0x000001a9a43999e0 JavaThread "Unconstrained build operations Thread 6" [_thread_blocked, id=21340, stack(0x0000009547000000,0x0000009547100000)]
  0x000001a9a4399ef0 JavaThread "Unconstrained build operations Thread 7" [_thread_blocked, id=4076, stack(0x0000009547100000,0x0000009547200000)]
  0x000001a9a439a400 JavaThread "Unconstrained build operations Thread 8" [_thread_blocked, id=22012, stack(0x0000009547200000,0x0000009547300000)]
  0x000001a9a439b330 JavaThread "Unconstrained build operations Thread 9" [_thread_blocked, id=19572, stack(0x0000009547300000,0x0000009547400000)]
  0x000001a9a439cc80 JavaThread "Unconstrained build operations Thread 10" [_thread_blocked, id=21976, stack(0x0000009547400000,0x0000009547500000)]
  0x000001a9a43985a0 JavaThread "Unconstrained build operations Thread 11" [_thread_blocked, id=6464, stack(0x0000009547500000,0x0000009547600000)]
  0x000001a9a439b840 JavaThread "Unconstrained build operations Thread 12" [_thread_blocked, id=21980, stack(0x0000009547600000,0x0000009547700000)]
  0x000001a9a439c770 JavaThread "Unconstrained build operations Thread 13" [_thread_blocked, id=19588, stack(0x0000009547700000,0x0000009547800000)]
  0x000001a9a439eff0 JavaThread "Unconstrained build operations Thread 14" [_thread_blocked, id=19184, stack(0x0000009547800000,0x0000009547900000)]
  0x000001a9a439e5d0 JavaThread "Unconstrained build operations Thread 15" [_thread_blocked, id=4496, stack(0x0000009547900000,0x0000009547a00000)]
  0x000001a9a439f500 JavaThread "jar transforms Thread 13" [_thread_blocked, id=20908, stack(0x0000009547a00000,0x0000009547b00000)]
  0x000001a9a439bd50 JavaThread "jar transforms Thread 14" [_thread_blocked, id=15496, stack(0x0000009547b00000,0x0000009547c00000)]
  0x000001a9a439c260 JavaThread "jar transforms Thread 15" [_thread_blocked, id=24348, stack(0x0000009547c00000,0x0000009547d00000)]
  0x000001a9a439d190 JavaThread "jar transforms Thread 16" [_thread_blocked, id=23536, stack(0x0000009547d00000,0x0000009547e00000)]
  0x000001a9a439d6a0 JavaThread "build event listener" [_thread_blocked, id=15600, stack(0x0000009547e00000,0x0000009547f00000)]
  0x000001a9a439ae20 JavaThread "Memory manager" [_thread_blocked, id=18224, stack(0x0000009547f00000,0x0000009548000000)]
  0x000001a9a4398fc0 JavaThread "Unconstrained build operations Thread 16" [_thread_blocked, id=15640, stack(0x0000009548200000,0x0000009548300000)]
  0x000001a9a17a56e0 JavaThread "Unconstrained build operations Thread 17" [_thread_blocked, id=7140, stack(0x0000009548300000,0x0000009548400000)]
  0x000001a9a17a5bf0 JavaThread "Unconstrained build operations Thread 18" [_thread_blocked, id=18772, stack(0x0000009548400000,0x0000009548500000)]
  0x000001a9a17a8e90 JavaThread "Unconstrained build operations Thread 19" [_thread_blocked, id=7668, stack(0x0000009548500000,0x0000009548600000)]
  0x000001a9a17a8470 JavaThread "Unconstrained build operations Thread 20" [_thread_blocked, id=17420, stack(0x0000009548600000,0x0000009548700000)]
  0x000001a9a17a4cc0 JavaThread "Unconstrained build operations Thread 21" [_thread_blocked, id=15728, stack(0x0000009548700000,0x0000009548800000)]
  0x000001a9a17aacf0 JavaThread "Unconstrained build operations Thread 22" [_thread_blocked, id=21576, stack(0x0000009548800000,0x0000009548900000)]
  0x000001a9a17a7540 JavaThread "Unconstrained build operations Thread 23" [_thread_blocked, id=20748, stack(0x0000009548900000,0x0000009548a00000)]
  0x000001a9a17aa2d0 JavaThread "Unconstrained build operations Thread 24" [_thread_blocked, id=18712, stack(0x0000009548a00000,0x0000009548b00000)]
  0x000001a9a17ab710 JavaThread "Unconstrained build operations Thread 25" [_thread_blocked, id=8688, stack(0x0000009548b00000,0x0000009548c00000)]
  0x000001a9a17a7f60 JavaThread "Unconstrained build operations Thread 26" [_thread_blocked, id=19368, stack(0x0000009548c00000,0x0000009548d00000)]
  0x000001a9a17a7a50 JavaThread "Unconstrained build operations Thread 27" [_thread_blocked, id=18256, stack(0x0000009548d00000,0x0000009548e00000)]
  0x000001a9a17a8980 JavaThread "Unconstrained build operations Thread 28" [_thread_blocked, id=18536, stack(0x0000009548e00000,0x0000009548f00000)]
  0x000001a9a17a93a0 JavaThread "Unconstrained build operations Thread 29" [_thread_blocked, id=20256, stack(0x0000009548f00000,0x0000009549000000)]
  0x000001a9a17ab200 JavaThread "Unconstrained build operations Thread 30" [_thread_blocked, id=18456, stack(0x0000009549000000,0x0000009549100000)]
  0x000001a9a17a6610 JavaThread "Unconstrained build operations Thread 31" [_thread_blocked, id=18000, stack(0x0000009549100000,0x0000009549200000)]
  0x000001a9a17a98b0 JavaThread "Unconstrained build operations Thread 32" [_thread_blocked, id=24240, stack(0x0000009549200000,0x0000009549300000)]
  0x000001a9a17a6100 JavaThread "Unconstrained build operations Thread 33" [_thread_blocked, id=22584, stack(0x0000009549300000,0x0000009549400000)]
  0x000001a9a17a9dc0 JavaThread "Exec process" [_thread_blocked, id=14236, stack(0x0000009549400000,0x0000009549500000)]
  0x000001a9a17aa7e0 JavaThread "Exec process Thread 2" [_thread_blocked, id=2728, stack(0x0000009549500000,0x0000009549600000)]
  0x000001a9a17a42a0 JavaThread "Exec process Thread 3" [_thread_blocked, id=23152, stack(0x0000009549600000,0x0000009549700000)]
  0x000001a9a17abc20 JavaThread "Unconstrained build operations Thread 34" [_thread_blocked, id=8008, stack(0x0000009548100000,0x0000009548200000)]
  0x000001a9a17a47b0 JavaThread "Unconstrained build operations Thread 35" [_thread_blocked, id=11232, stack(0x0000009549700000,0x0000009549800000)]
  0x000001a9a17a51d0 JavaThread "Unconstrained build operations Thread 36" [_thread_blocked, id=19472, stack(0x0000009549800000,0x0000009549900000)]
  0x000001a9a17a6b20 JavaThread "Unconstrained build operations Thread 37" [_thread_blocked, id=3092, stack(0x0000009549900000,0x0000009549a00000)]
  0x000001a9a17a7030 JavaThread "Unconstrained build operations Thread 38" [_thread_blocked, id=14280, stack(0x0000009549a00000,0x0000009549b00000)]
  0x000001a9a4f8b580 JavaThread "Unconstrained build operations Thread 39" [_thread_blocked, id=3300, stack(0x0000009549b00000,0x0000009549c00000)]
  0x000001a9a4f8ab60 JavaThread "Unconstrained build operations Thread 40" [_thread_blocked, id=22076, stack(0x0000009549c00000,0x0000009549d00000)]
  0x000001a9a4f882e0 JavaThread "Unconstrained build operations Thread 41" [_thread_blocked, id=23272, stack(0x0000009549d00000,0x0000009549e00000)]
  0x000001a9a4f8d8f0 JavaThread "ForkJoinPool.commonPool-worker-1" daemon [_thread_blocked, id=22840, stack(0x0000009549e00000,0x0000009549f00000)]
  0x000001a9a4f8bfa0 JavaThread "ForkJoinPool.commonPool-worker-2" daemon [_thread_blocked, id=12092, stack(0x0000009549f00000,0x000000954a000000)]
  0x000001a9a4f8d3e0 JavaThread "ForkJoinPool.commonPool-worker-3" daemon [_thread_blocked, id=23856, stack(0x000000954a000000,0x000000954a100000)]
  0x000001a9a4f8de00 JavaThread "ForkJoinPool.commonPool-worker-4" daemon [_thread_blocked, id=4224, stack(0x000000954a100000,0x000000954a200000)]
  0x000001a9a4f8c4b0 JavaThread "ForkJoinPool.commonPool-worker-5" daemon [_thread_blocked, id=14300, stack(0x000000954a200000,0x000000954a300000)]
  0x000001a9a4f887f0 JavaThread "ForkJoinPool.commonPool-worker-7" daemon [_thread_blocked, id=15440, stack(0x000000954a300000,0x000000954a400000)]
  0x000001a9a4f88d00 JavaThread "ForkJoinPool.commonPool-worker-6" daemon [_thread_blocked, id=14804, stack(0x000000954a400000,0x000000954a500000)]
  0x000001a9a4f8f240 JavaThread "ForkJoinPool.commonPool-worker-8" daemon [_thread_blocked, id=17352, stack(0x000000954a500000,0x000000954a600000)]
  0x000001a9a4f87dd0 JavaThread "ForkJoinPool.commonPool-worker-9" daemon [_thread_blocked, id=2780, stack(0x000000954a600000,0x000000954a700000)]
  0x000001a9a4f8ba90 JavaThread "ForkJoinPool.commonPool-worker-10" daemon [_thread_blocked, id=18976, stack(0x000000954a700000,0x000000954a800000)]
  0x000001a9a4f8a650 JavaThread "ForkJoinPool.commonPool-worker-11" daemon [_thread_blocked, id=21616, stack(0x000000954a800000,0x000000954a900000)]
  0x000001a9a4f8c9c0 JavaThread "ForkJoinPool.commonPool-worker-12" daemon [_thread_blocked, id=19916, stack(0x0000009548000000,0x0000009548100000)]
  0x000001a9a4f8e310 JavaThread "ForkJoinPool.commonPool-worker-13" daemon [_thread_blocked, id=22276, stack(0x000000954a900000,0x000000954aa00000)]
  0x000001a9a4f89210 JavaThread "ForkJoinPool.commonPool-worker-14" daemon [_thread_blocked, id=23276, stack(0x000000954aa00000,0x000000954ab00000)]
  0x000001a9a4f8ed30 JavaThread "ForkJoinPool.commonPool-worker-15" daemon [_thread_blocked, id=6736, stack(0x000000954ab00000,0x000000954ac00000)]
  0x000001a9a4f8b070 JavaThread "included builds" [_thread_blocked, id=19776, stack(0x000000954b000000,0x000000954b100000)]
  0x000001a9a4f8e820 JavaThread "Execution worker" [_thread_blocked, id=13148, stack(0x000000954b100000,0x000000954b200000)]
  0x000001a9a4f8ced0 JavaThread "Execution worker Thread 2" [_thread_blocked, id=12764, stack(0x000000954b200000,0x000000954b300000)]
  0x000001a9a4f8f750 JavaThread "Execution worker Thread 3" [_thread_blocked, id=9632, stack(0x000000954b300000,0x000000954b400000)]
  0x000001a9a4f89720 JavaThread "Execution worker Thread 4" [_thread_blocked, id=10744, stack(0x000000954b400000,0x000000954b500000)]
  0x000001a9a4f89c30 JavaThread "Execution worker Thread 5" [_thread_blocked, id=19524, stack(0x000000954b500000,0x000000954b600000)]
  0x000001a9a4f8a140 JavaThread "Execution worker Thread 6" [_thread_blocked, id=23016, stack(0x000000954b600000,0x000000954b700000)]
  0x000001a9a439eae0 JavaThread "Execution worker Thread 7" [_thread_blocked, id=19252, stack(0x000000954b700000,0x000000954b800000)]
  0x000001a9a5e8ae00 JavaThread "Execution worker Thread 8" [_thread_blocked, id=20436, stack(0x000000954b800000,0x000000954b900000)]
  0x000001a9a5e8f9f0 JavaThread "Execution worker Thread 9" [_thread_blocked, id=4588, stack(0x000000954b900000,0x000000954ba00000)]
  0x000001a9a5e8c750 JavaThread "Execution worker Thread 10" [_thread_blocked, id=16688, stack(0x000000954ba00000,0x000000954bb00000)]
  0x000001a9a5e88580 JavaThread "Execution worker Thread 11" [_thread_blocked, id=5964, stack(0x000000954bb00000,0x000000954bc00000)]
  0x000001a9a5e8ff00 JavaThread "Execution worker Thread 12" [_thread_blocked, id=11744, stack(0x000000954bc00000,0x000000954bd00000)]
  0x000001a9a5e8d680 JavaThread "Execution worker Thread 13" [_thread_blocked, id=23004, stack(0x000000954bd00000,0x000000954be00000)]
  0x000001a9a5e8a8f0 JavaThread "Execution worker Thread 14" [_thread_blocked, id=23216, stack(0x000000954be00000,0x000000954bf00000)]
  0x000001a9a5e899c0 JavaThread "Execution worker Thread 15" [_thread_blocked, id=19024, stack(0x000000954bf00000,0x000000954c000000)]
  0x000001a9a5e88a90 JavaThread "Cache worker for execution history cache (D:\Code\idea\intellij-cangjie\.gradle\8.2\executionHistory)" [_thread_blocked, id=12120, stack(0x000000954c000000,0x000000954c100000)]
  0x000001a9a5e8b820 JavaThread "Unconstrained build operations Thread 42" [_thread_blocked, id=23756, stack(0x000000954c100000,0x000000954c200000)]
  0x000001a9a5e8eac0 JavaThread "Unconstrained build operations Thread 43" [_thread_blocked, id=24012, stack(0x000000954c200000,0x000000954c300000)]
  0x000001a9a5e8cc60 JavaThread "Unconstrained build operations Thread 44" [_thread_blocked, id=340, stack(0x000000954c300000,0x000000954c400000)]
  0x000001a9a5e89ed0 JavaThread "Unconstrained build operations Thread 45" [_thread_blocked, id=6332, stack(0x000000954c400000,0x000000954c500000)]
  0x000001a9a5e8efd0 JavaThread "Unconstrained build operations Thread 46" [_thread_blocked, id=23840, stack(0x000000954c500000,0x000000954c600000)]
  0x000001a9a5e88fa0 JavaThread "Unconstrained build operations Thread 47" [_thread_blocked, id=4952, stack(0x000000954c600000,0x000000954c700000)]
  0x000001a9a5e8d170 JavaThread "WorkerExecutor Queue" [_thread_blocked, id=12384, stack(0x000000954c700000,0x000000954c800000)]
  0x000001a9a5e8db90 JavaThread "RMI Scheduler(0)" daemon [_thread_blocked, id=10184, stack(0x000000954c800000,0x000000954c900000)]
  0x000001a9a1cc43c0 JavaThread "RMI GC Daemon" daemon [_thread_blocked, id=24212, stack(0x000000954ca00000,0x000000954cb00000)]
  0x000001a9a1cc3490 JavaThread "RMI TCP Accept-0" daemon [_thread_in_native, id=6740, stack(0x000000954cb00000,0x000000954cc00000)]
  0x000001a9a1cc8590 JavaThread "RMI Reaper" [_thread_blocked, id=3604, stack(0x000000954cc00000,0x000000954cd00000)]
  0x000001a9a1cc7660 JavaThread "RMI TCP Connection(2)-127.0.0.1" daemon [_thread_in_native, id=16588, stack(0x000000954cd00000,0x000000954ce00000)]
  0x000001a9a1f7ee50 JavaThread "C1 CompilerThread1" daemon [_thread_blocked, id=23976, stack(0x0000009543100000,0x0000009543200000)]
  0x000001a9a1f7a3f0 JavaThread "C1 CompilerThread2" daemon [_thread_blocked, id=24084, stack(0x0000009543700000,0x0000009543800000)]
  0x000001a9a1cc8fb0 JavaThread "Cache worker for Java compile cache (C:\Users\27439\.gradle\caches\8.2\javaCompile)" [_thread_blocked, id=20844, stack(0x0000009544000000,0x0000009544100000)]
  0x000001a9a1cc99d0 JavaThread "Build operations" [_thread_blocked, id=24536, stack(0x000000954ac00000,0x000000954ad00000)]
  0x000001a9a1cc5800 JavaThread "Build operations Thread 2" [_thread_blocked, id=14556, stack(0x000000954ad00000,0x000000954ae00000)]
  0x000001a9a1cc3eb0 JavaThread "Build operations Thread 3" [_thread_blocked, id=20896, stack(0x000000954ae00000,0x000000954af00000)]
  0x000001a9a1cc4de0 JavaThread "Build operations Thread 4" [_thread_blocked, id=21360, stack(0x000000954af00000,0x000000954b000000)]
  0x000001a9a1cc7b70 JavaThread "Build operations Thread 5" [_thread_blocked, id=392, stack(0x000000954c900000,0x000000954ca00000)]
  0x000001a9a1cc52f0 JavaThread "Build operations Thread 6" [_thread_blocked, id=17924, stack(0x000000954ce00000,0x000000954cf00000)]
  0x000001a9a1cc48d0 JavaThread "Build operations Thread 7" [_thread_blocked, id=19728, stack(0x000000954cf00000,0x000000954d000000)]
  0x000001a9a1cc39a0 JavaThread "Build operations Thread 8" [_thread_blocked, id=21696, stack(0x000000954d000000,0x000000954d100000)]
  0x000001a9a1cc2f80 JavaThread "Build operations Thread 9" [_thread_blocked, id=19016, stack(0x000000954d100000,0x000000954d200000)]
  0x000001a9a1cc2560 JavaThread "Build operations Thread 10" [_thread_blocked, id=5240, stack(0x000000954d200000,0x000000954d300000)]
  0x000001a9a1cc6220 JavaThread "Build operations Thread 11" [_thread_blocked, id=18936, stack(0x000000954d300000,0x000000954d400000)]
  0x000001a9a1cc5d10 JavaThread "Build operations Thread 12" [_thread_blocked, id=2556, stack(0x000000954d400000,0x000000954d500000)]
  0x000001a9a1cc9ee0 JavaThread "Build operations Thread 13" [_thread_blocked, id=19764, stack(0x000000954d500000,0x000000954d600000)]
  0x000001a9a1cc6730 JavaThread "Build operations Thread 14" [_thread_blocked, id=13108, stack(0x000000954d600000,0x000000954d700000)]
  0x000001a9a1cc6c40 JavaThread "Build operations Thread 15" [_thread_blocked, id=21912, stack(0x000000954d700000,0x000000954d800000)]

Other Threads:
=>0x000001a957b25750 VMThread "VM Thread" [stack: 0x0000009542400000,0x0000009542500000] [id=24364]
  0x000001a957eefce0 WatcherThread [stack: 0x0000009543600000,0x0000009543700000] [id=23884]
  0x000001a9365878e0 GCTaskThread "GC Thread#0" [stack: 0x0000009541f00000,0x0000009542000000] [id=22828]
  0x000001a99d88cdc0 GCTaskThread "GC Thread#1" [stack: 0x0000009543800000,0x0000009543900000] [id=22900]
  0x000001a99d88caf0 GCTaskThread "GC Thread#2" [stack: 0x0000009543900000,0x0000009543a00000] [id=2044]
  0x000001a99d88d360 GCTaskThread "GC Thread#3" [stack: 0x0000009543a00000,0x0000009543b00000] [id=14988]
  0x000001a99d88d090 GCTaskThread "GC Thread#4" [stack: 0x0000009543b00000,0x0000009543c00000] [id=18592]
  0x000001a99d88d630 GCTaskThread "GC Thread#5" [stack: 0x0000009543c00000,0x0000009543d00000] [id=16168]
  0x000001a99d88c820 GCTaskThread "GC Thread#6" [stack: 0x0000009543d00000,0x0000009543e00000] [id=21356]
  0x000001a99d88d900 GCTaskThread "GC Thread#7" [stack: 0x0000009543e00000,0x0000009543f00000] [id=4984]
  0x000001a99d88c550 GCTaskThread "GC Thread#8" [stack: 0x0000009543f00000,0x0000009544000000] [id=304]
  0x000001a99d88c280 GCTaskThread "GC Thread#9" [stack: 0x0000009544100000,0x0000009544200000] [id=18052]
  0x000001a99e966dd0 GCTaskThread "GC Thread#10" [stack: 0x0000009545200000,0x0000009545300000] [id=22884]
  0x000001a99e9670a0 GCTaskThread "GC Thread#11" [stack: 0x0000009545300000,0x0000009545400000] [id=19760]
  0x000001a99e965750 GCTaskThread "GC Thread#12" [stack: 0x0000009545400000,0x0000009545500000] [id=19648]
  0x000001a936594750 ConcurrentGCThread "G1 Main Marker" [stack: 0x0000009542000000,0x0000009542100000] [id=13092]
  0x000001a936595080 ConcurrentGCThread "G1 Conc#0" [stack: 0x0000009542100000,0x0000009542200000] [id=23824]
  0x000001a99e965cf0 ConcurrentGCThread "G1 Conc#1" [stack: 0x0000009545500000,0x0000009545600000] [id=22588]
  0x000001a99e967640 ConcurrentGCThread "G1 Conc#2" [stack: 0x0000009545600000,0x0000009545700000] [id=19836]
  0x000001a9579c6190 ConcurrentGCThread "G1 Refine#0" [stack: 0x0000009542200000,0x0000009542300000] [id=8692]
  0x000001a9a07bc990 ConcurrentGCThread "G1 Refine#1" [stack: 0x000000954d800000,0x000000954d900000] [id=20184]
  0x000001a9a07bd290 ConcurrentGCThread "G1 Refine#2" [stack: 0x000000954d900000,0x000000954da00000] [id=9352]
  0x000001a9a07be790 ConcurrentGCThread "G1 Refine#3" [stack: 0x000000954da00000,0x000000954db00000] [id=10868]
  0x000001a9a07bea90 ConcurrentGCThread "G1 Refine#4" [stack: 0x000000954db00000,0x000000954dc00000] [id=15572]
  0x000001a9a07bed90 ConcurrentGCThread "G1 Refine#5" [stack: 0x000000954dc00000,0x000000954dd00000] [id=6924]
  0x000001a9a07be190 ConcurrentGCThread "G1 Refine#6" [stack: 0x000000954dd00000,0x000000954de00000] [id=23688]
  0x000001a9a07bde90 ConcurrentGCThread "G1 Refine#7" [stack: 0x000000954de00000,0x000000954df00000] [id=23456]
  0x000001a9a07bcc90 ConcurrentGCThread "G1 Refine#8" [stack: 0x000000954df00000,0x000000954e000000] [id=21864]
  0x000001a9a07be490 ConcurrentGCThread "G1 Refine#9" [stack: 0x000000954e000000,0x000000954e100000] [id=23028]
  0x000001a9579c69e0 ConcurrentGCThread "G1 Service" [stack: 0x0000009542300000,0x0000009542400000] [id=24024]

Threads with active compile tasks:
C2 CompilerThread0    47759 11913 %     4       org.objectweb.asm.ClassReader::readCode @ 2186 (5109 bytes)

VM state: at safepoint (normal execution)

VM Mutex/Monitor currently owned by a thread:  ([mutex/lock_event])
[0x000001a936529850] Threads_lock - owner thread: 0x000001a957b25750
[0x000001a9365293d0] Heap_lock - owner thread: 0x000001a9a1cc99d0

Heap address: 0x0000000740000000, size: 3072 MB, Compressed Oops mode: Zero based, Oop shift amount: 3

CDS archive(s) mapped at: [0x000001a958000000-0x000001a958bd0000-0x000001a958bd0000), size 12386304, SharedBaseAddress: 0x000001a958000000, ArchiveRelocationMode: 1.
Compressed class space mapped at: 0x000001a959000000-0x000001a999000000, reserved size: 1073741824
Narrow klass base: 0x000001a958000000, Narrow klass shift: 0, Narrow klass range: 0x100000000

GC Precious Log:
 CPUs: 16 total, 16 available
 Memory: 15612M
 Large Page Support: Disabled
 NUMA Support: Disabled
 Compressed Oops: Enabled (Zero based)
 Heap Region Size: 2M
 Heap Min Capacity: 8M
 Heap Initial Capacity: 244M
 Heap Max Capacity: 3G
 Pre-touch: Disabled
 Parallel Workers: 13
 Concurrent Workers: 3
 Concurrent Refinement Workers: 13
 Periodic GC: Disabled

Heap:
 garbage-first heap   total 249856K, used 152399K [0x0000000740000000, 0x0000000800000000)
  region size 2048K, 2 young (4096K), 2 survivors (4096K)
 Metaspace       used 82406K, committed 83200K, reserved 1179648K
  class space    used 11372K, committed 11776K, reserved 1048576K

Heap Regions: E=young(eden), S=young(survivor), O=old, HS=humongous(starts), HC=humongous(continues), CS=collection set, F=free, OA=open archive, CA=closed archive, TAMS=top-at-mark-start (previous, next)
|   0|0x0000000740000000, 0x0000000740200000, 0x0000000740200000|100%|HS|  |TAMS 0x0000000740200000, 0x0000000740000000| Complete 
|   1|0x0000000740200000, 0x0000000740400000, 0x0000000740400000|100%|HC|  |TAMS 0x0000000740400000, 0x0000000740200000| Complete 
|   2|0x0000000740400000, 0x0000000740600000, 0x0000000740600000|100%| O|  |TAMS 0x0000000740600000, 0x0000000740400000| Untracked 
|   3|0x0000000740600000, 0x0000000740800000, 0x0000000740800000|100%| O|  |TAMS 0x0000000740800000, 0x0000000740600000| Untracked 
|   4|0x0000000740800000, 0x0000000740a00000, 0x0000000740a00000|100%| O|  |TAMS 0x0000000740a00000, 0x0000000740800000| Untracked 
|   5|0x0000000740a00000, 0x0000000740c00000, 0x0000000740c00000|100%| O|  |TAMS 0x0000000740c00000, 0x0000000740a00000| Untracked 
|   6|0x0000000740c00000, 0x0000000740e00000, 0x0000000740e00000|100%| O|  |TAMS 0x0000000740e00000, 0x0000000740c00000| Untracked 
|   7|0x0000000740e00000, 0x0000000741000000, 0x0000000741000000|100%| O|  |TAMS 0x0000000741000000, 0x0000000740e00000| Untracked 
|   8|0x0000000741000000, 0x0000000741200000, 0x0000000741200000|100%| O|  |TAMS 0x0000000741200000, 0x0000000741000000| Untracked 
|   9|0x0000000741200000, 0x0000000741400000, 0x0000000741400000|100%| O|  |TAMS 0x0000000741400000, 0x0000000741200000| Untracked 
|  10|0x0000000741400000, 0x0000000741600000, 0x0000000741600000|100%| O|  |TAMS 0x0000000741600000, 0x0000000741400000| Untracked 
|  11|0x0000000741600000, 0x0000000741800000, 0x0000000741800000|100%| O|  |TAMS 0x0000000741800000, 0x0000000741600000| Untracked 
|  12|0x0000000741800000, 0x0000000741a00000, 0x0000000741a00000|100%|HS|  |TAMS 0x0000000741a00000, 0x0000000741800000| Complete 
|  13|0x0000000741a00000, 0x0000000741c00000, 0x0000000741c00000|100%| O|  |TAMS 0x0000000741c00000, 0x0000000741a00000| Untracked 
|  14|0x0000000741c00000, 0x0000000741e00000, 0x0000000741e00000|100%| O|  |TAMS 0x0000000741e00000, 0x0000000741c00000| Untracked 
|  15|0x0000000741e00000, 0x0000000742000000, 0x0000000742000000|100%| O|  |TAMS 0x0000000742000000, 0x0000000741e00000| Untracked 
|  16|0x0000000742000000, 0x0000000742200000, 0x0000000742200000|100%| O|  |TAMS 0x0000000742200000, 0x0000000742000000| Untracked 
|  17|0x0000000742200000, 0x0000000742400000, 0x0000000742400000|100%|HS|  |TAMS 0x0000000742400000, 0x0000000742200000| Complete 
|  18|0x0000000742400000, 0x0000000742600000, 0x0000000742600000|100%|HS|  |TAMS 0x0000000742600000, 0x0000000742400000| Complete 
|  19|0x0000000742600000, 0x0000000742800000, 0x0000000742800000|100%|HC|  |TAMS 0x0000000742800000, 0x0000000742600000| Complete 
|  20|0x0000000742800000, 0x0000000742a00000, 0x0000000742a00000|100%|HS|  |TAMS 0x0000000742a00000, 0x0000000742800000| Complete 
|  21|0x0000000742a00000, 0x0000000742c00000, 0x0000000742c00000|100%|HC|  |TAMS 0x0000000742c00000, 0x0000000742a00000| Complete 
|  22|0x0000000742c00000, 0x0000000742e00000, 0x0000000742e00000|100%| O|  |TAMS 0x0000000742e00000, 0x0000000742c00000| Untracked 
|  23|0x0000000742e00000, 0x0000000743000000, 0x0000000743000000|100%| O|  |TAMS 0x0000000743000000, 0x0000000742e00000| Untracked 
|  24|0x0000000743000000, 0x0000000743200000, 0x0000000743200000|100%| O|  |TAMS 0x0000000743200000, 0x0000000743000000| Untracked 
|  25|0x0000000743200000, 0x0000000743400000, 0x0000000743400000|100%| O|  |TAMS 0x0000000743400000, 0x0000000743200000| Untracked 
|  26|0x0000000743400000, 0x0000000743600000, 0x0000000743600000|100%| O|  |TAMS 0x0000000743600000, 0x0000000743400000| Untracked 
|  27|0x0000000743600000, 0x0000000743800000, 0x0000000743800000|100%| O|  |TAMS 0x0000000743800000, 0x0000000743600000| Untracked 
|  28|0x0000000743800000, 0x0000000743a00000, 0x0000000743a00000|100%| O|  |TAMS 0x0000000743a00000, 0x0000000743800000| Untracked 
|  29|0x0000000743a00000, 0x0000000743c00000, 0x0000000743c00000|100%| O|  |TAMS 0x0000000743c00000, 0x0000000743a00000| Untracked 
|  30|0x0000000743c00000, 0x0000000743e00000, 0x0000000743e00000|100%| O|  |TAMS 0x0000000743e00000, 0x0000000743c00000| Untracked 
|  31|0x0000000743e00000, 0x0000000744000000, 0x0000000744000000|100%| O|  |TAMS 0x0000000744000000, 0x0000000743e00000| Untracked 
|  32|0x0000000744000000, 0x0000000744200000, 0x0000000744200000|100%| O|  |TAMS 0x0000000744200000, 0x0000000744000000| Untracked 
|  33|0x0000000744200000, 0x0000000744400000, 0x0000000744400000|100%| O|  |TAMS 0x0000000744400000, 0x0000000744200000| Untracked 
|  34|0x0000000744400000, 0x0000000744600000, 0x0000000744600000|100%| O|  |TAMS 0x0000000744600000, 0x0000000744400000| Untracked 
|  35|0x0000000744600000, 0x0000000744800000, 0x0000000744800000|100%| O|  |TAMS 0x0000000744800000, 0x0000000744600000| Untracked 
|  36|0x0000000744800000, 0x0000000744a00000, 0x0000000744a00000|100%| O|  |TAMS 0x0000000744a00000, 0x0000000744800000| Untracked 
|  37|0x0000000744a00000, 0x0000000744c00000, 0x0000000744c00000|100%| O|  |TAMS 0x0000000744c00000, 0x0000000744a00000| Untracked 
|  38|0x0000000744c00000, 0x0000000744e00000, 0x0000000744e00000|100%| O|  |TAMS 0x0000000744e00000, 0x0000000744c00000| Untracked 
|  39|0x0000000744e00000, 0x0000000745000000, 0x0000000745000000|100%| O|  |TAMS 0x0000000745000000, 0x0000000744e00000| Untracked 
|  40|0x0000000745000000, 0x0000000745200000, 0x0000000745200000|100%| O|  |TAMS 0x0000000745000000, 0x0000000745000000| Untracked 
|  41|0x0000000745200000, 0x0000000745400000, 0x0000000745400000|100%| O|  |TAMS 0x0000000745200000, 0x0000000745200000| Untracked 
|  42|0x0000000745400000, 0x0000000745600000, 0x0000000745600000|100%| O|  |TAMS 0x0000000745400000, 0x0000000745400000| Untracked 
|  43|0x0000000745600000, 0x0000000745800000, 0x0000000745800000|100%| O|  |TAMS 0x0000000745800000, 0x0000000745600000| Untracked 
|  44|0x0000000745800000, 0x0000000745a00000, 0x0000000745a00000|100%| O|  |TAMS 0x0000000745a00000, 0x0000000745800000| Untracked 
|  45|0x0000000745a00000, 0x0000000745c00000, 0x0000000745c00000|100%| O|  |TAMS 0x0000000745c00000, 0x0000000745a00000| Untracked 
|  46|0x0000000745c00000, 0x0000000745e00000, 0x0000000745e00000|100%| O|  |TAMS 0x0000000745e00000, 0x0000000745c00000| Untracked 
|  47|0x0000000745e00000, 0x0000000746000000, 0x0000000746000000|100%| O|  |TAMS 0x0000000746000000, 0x0000000745e00000| Untracked 
|  48|0x0000000746000000, 0x0000000746200000, 0x0000000746200000|100%| O|  |TAMS 0x0000000746200000, 0x0000000746000000| Untracked 
|  49|0x0000000746200000, 0x0000000746400000, 0x0000000746400000|100%| O|  |TAMS 0x0000000746400000, 0x0000000746200000| Untracked 
|  50|0x0000000746400000, 0x0000000746600000, 0x0000000746600000|100%| O|  |TAMS 0x0000000746600000, 0x0000000746400000| Untracked 
|  51|0x0000000746600000, 0x0000000746800000, 0x0000000746800000|100%| O|  |TAMS 0x0000000746773200, 0x0000000746600000| Untracked 
|  52|0x0000000746800000, 0x0000000746a00000, 0x0000000746a00000|100%| O|  |TAMS 0x0000000746800000, 0x0000000746800000| Untracked 
|  53|0x0000000746a00000, 0x0000000746c00000, 0x0000000746c00000|100%| O|  |TAMS 0x0000000746a00000, 0x0000000746a00000| Untracked 
|  54|0x0000000746c00000, 0x0000000746e00000, 0x0000000746e00000|100%| O|  |TAMS 0x0000000746c00000, 0x0000000746c00000| Untracked 
|  55|0x0000000746e00000, 0x0000000747000000, 0x0000000747000000|100%| O|  |TAMS 0x0000000746e00000, 0x0000000746e00000| Untracked 
|  56|0x0000000747000000, 0x0000000747200000, 0x0000000747200000|100%| O|  |TAMS 0x0000000747000000, 0x0000000747000000| Untracked 
|  57|0x0000000747200000, 0x0000000747400000, 0x0000000747400000|100%| O|  |TAMS 0x0000000747200000, 0x0000000747200000| Untracked 
|  58|0x0000000747400000, 0x0000000747600000, 0x0000000747600000|100%| O|  |TAMS 0x0000000747400000, 0x0000000747400000| Untracked 
|  59|0x0000000747600000, 0x0000000747800000, 0x0000000747800000|100%| O|  |TAMS 0x0000000747600000, 0x0000000747600000| Untracked 
|  60|0x0000000747800000, 0x0000000747a00000, 0x0000000747a00000|100%| O|  |TAMS 0x0000000747800000, 0x0000000747800000| Untracked 
|  61|0x0000000747a00000, 0x0000000747c00000, 0x0000000747c00000|100%| O|  |TAMS 0x0000000747a00000, 0x0000000747a00000| Untracked 
|  62|0x0000000747c00000, 0x0000000747e00000, 0x0000000747e00000|100%| O|  |TAMS 0x0000000747c00000, 0x0000000747c00000| Untracked 
|  63|0x0000000747e00000, 0x0000000748000000, 0x0000000748000000|100%| O|  |TAMS 0x0000000747e00000, 0x0000000747e00000| Untracked 
|  64|0x0000000748000000, 0x0000000748200000, 0x0000000748200000|100%| O|  |TAMS 0x0000000748000000, 0x0000000748000000| Untracked 
|  65|0x0000000748200000, 0x0000000748400000, 0x0000000748400000|100%| O|  |TAMS 0x0000000748200000, 0x0000000748200000| Untracked 
|  66|0x0000000748400000, 0x0000000748600000, 0x0000000748600000|100%| O|  |TAMS 0x0000000748400000, 0x0000000748400000| Untracked 
|  67|0x0000000748600000, 0x0000000748800000, 0x0000000748800000|100%| O|  |TAMS 0x0000000748600000, 0x0000000748600000| Untracked 
|  68|0x0000000748800000, 0x0000000748a00000, 0x0000000748a00000|100%| O|  |TAMS 0x0000000748800000, 0x0000000748800000| Untracked 
|  69|0x0000000748a00000, 0x0000000748c00000, 0x0000000748c00000|100%| O|  |TAMS 0x0000000748a00000, 0x0000000748a00000| Untracked 
|  70|0x0000000748c00000, 0x0000000748e00000, 0x0000000748e00000|100%| O|  |TAMS 0x0000000748c00000, 0x0000000748c00000| Untracked 
|  71|0x0000000748e00000, 0x0000000749000000, 0x0000000749000000|100%| O|  |TAMS 0x0000000748e00000, 0x0000000748e00000| Untracked 
|  72|0x0000000749000000, 0x00000007490e5600, 0x0000000749200000| 44%| O|  |TAMS 0x0000000749000000, 0x0000000749000000| Untracked 
|  73|0x0000000749200000, 0x0000000749200000, 0x0000000749400000|  0%| F|  |TAMS 0x0000000749200000, 0x0000000749200000| Untracked 
|  74|0x0000000749400000, 0x0000000749400000, 0x0000000749600000|  0%| F|  |TAMS 0x0000000749400000, 0x0000000749400000| Untracked 
|  75|0x0000000749600000, 0x0000000749600000, 0x0000000749800000|  0%| F|  |TAMS 0x0000000749600000, 0x0000000749600000| Untracked 
|  76|0x0000000749800000, 0x0000000749800000, 0x0000000749a00000|  0%| F|  |TAMS 0x0000000749800000, 0x0000000749800000| Untracked 
|  77|0x0000000749a00000, 0x0000000749a00000, 0x0000000749c00000|  0%| F|  |TAMS 0x0000000749a00000, 0x0000000749a00000| Untracked 
|  78|0x0000000749c00000, 0x0000000749c00000, 0x0000000749e00000|  0%| F|  |TAMS 0x0000000749c00000, 0x0000000749c00000| Untracked 
|  79|0x0000000749e00000, 0x0000000749e00000, 0x000000074a000000|  0%| F|  |TAMS 0x0000000749e00000, 0x0000000749e00000| Untracked 
|  80|0x000000074a000000, 0x000000074a000000, 0x000000074a200000|  0%| F|  |TAMS 0x000000074a000000, 0x000000074a000000| Untracked 
|  81|0x000000074a200000, 0x000000074a200000, 0x000000074a400000|  0%| F|  |TAMS 0x000000074a200000, 0x000000074a200000| Untracked 
|  82|0x000000074a400000, 0x000000074a400000, 0x000000074a600000|  0%| F|  |TAMS 0x000000074a400000, 0x000000074a400000| Untracked 
|  83|0x000000074a600000, 0x000000074a600000, 0x000000074a800000|  0%| F|  |TAMS 0x000000074a600000, 0x000000074a600000| Untracked 
|  84|0x000000074a800000, 0x000000074a800000, 0x000000074aa00000|  0%| F|  |TAMS 0x000000074a800000, 0x000000074a800000| Untracked 
|  85|0x000000074aa00000, 0x000000074aa00000, 0x000000074ac00000|  0%| F|  |TAMS 0x000000074aa00000, 0x000000074aa00000| Untracked 
|  86|0x000000074ac00000, 0x000000074ac00000, 0x000000074ae00000|  0%| F|  |TAMS 0x000000074ac00000, 0x000000074ac00000| Untracked 
|  87|0x000000074ae00000, 0x000000074ae00000, 0x000000074b000000|  0%| F|  |TAMS 0x000000074ae00000, 0x000000074ae00000| Untracked 
|  88|0x000000074b000000, 0x000000074b000000, 0x000000074b200000|  0%| F|  |TAMS 0x000000074b000000, 0x000000074b000000| Untracked 
|  89|0x000000074b200000, 0x000000074b200000, 0x000000074b400000|  0%| F|  |TAMS 0x000000074b200000, 0x000000074b200000| Untracked 
|  90|0x000000074b400000, 0x000000074b400000, 0x000000074b600000|  0%| F|  |TAMS 0x000000074b400000, 0x000000074b400000| Untracked 
|  91|0x000000074b600000, 0x000000074b600000, 0x000000074b800000|  0%| F|  |TAMS 0x000000074b600000, 0x000000074b600000| Untracked 
|  92|0x000000074b800000, 0x000000074b800000, 0x000000074ba00000|  0%| F|  |TAMS 0x000000074b800000, 0x000000074b800000| Untracked 
|  93|0x000000074ba00000, 0x000000074ba00000, 0x000000074bc00000|  0%| F|  |TAMS 0x000000074ba00000, 0x000000074ba00000| Untracked 
|  94|0x000000074bc00000, 0x000000074bc00000, 0x000000074be00000|  0%| F|  |TAMS 0x000000074bc00000, 0x000000074bc00000| Untracked 
|  95|0x000000074be00000, 0x000000074be00000, 0x000000074c000000|  0%| F|  |TAMS 0x000000074be00000, 0x000000074be00000| Untracked 
|  96|0x000000074c000000, 0x000000074c1ee7e8, 0x000000074c200000| 96%| S|CS|TAMS 0x000000074c000000, 0x000000074c000000| Complete 
|  97|0x000000074c200000, 0x000000074c400000, 0x000000074c400000|100%| S|CS|TAMS 0x000000074c200000, 0x000000074c200000| Complete 
|  98|0x000000074c400000, 0x000000074c400000, 0x000000074c600000|  0%| F|  |TAMS 0x000000074c400000, 0x000000074c400000| Untracked 
|  99|0x000000074c600000, 0x000000074c600000, 0x000000074c800000|  0%| F|  |TAMS 0x000000074c600000, 0x000000074c600000| Untracked 
| 100|0x000000074c800000, 0x000000074c800000, 0x000000074ca00000|  0%| F|  |TAMS 0x000000074c800000, 0x000000074c800000| Untracked 
| 101|0x000000074ca00000, 0x000000074ca00000, 0x000000074cc00000|  0%| F|  |TAMS 0x000000074ca00000, 0x000000074ca00000| Untracked 
| 102|0x000000074cc00000, 0x000000074cc00000, 0x000000074ce00000|  0%| F|  |TAMS 0x000000074cc00000, 0x000000074cc00000| Untracked 
| 103|0x000000074ce00000, 0x000000074ce00000, 0x000000074d000000|  0%| F|  |TAMS 0x000000074ce00000, 0x000000074ce00000| Untracked 
| 104|0x000000074d000000, 0x000000074d000000, 0x000000074d200000|  0%| F|  |TAMS 0x000000074d000000, 0x000000074d000000| Untracked 
| 105|0x000000074d200000, 0x000000074d200000, 0x000000074d400000|  0%| F|  |TAMS 0x000000074d200000, 0x000000074d200000| Untracked 
| 106|0x000000074d400000, 0x000000074d400000, 0x000000074d600000|  0%| F|  |TAMS 0x000000074d400000, 0x000000074d400000| Untracked 
| 107|0x000000074d600000, 0x000000074d600000, 0x000000074d800000|  0%| F|  |TAMS 0x000000074d600000, 0x000000074d600000| Untracked 
| 108|0x000000074d800000, 0x000000074d800000, 0x000000074da00000|  0%| F|  |TAMS 0x000000074d800000, 0x000000074d800000| Untracked 
| 109|0x000000074da00000, 0x000000074da00000, 0x000000074dc00000|  0%| F|  |TAMS 0x000000074da00000, 0x000000074da00000| Untracked 
| 110|0x000000074dc00000, 0x000000074dc00000, 0x000000074de00000|  0%| F|  |TAMS 0x000000074dc00000, 0x000000074dc00000| Untracked 
| 111|0x000000074de00000, 0x000000074de00000, 0x000000074e000000|  0%| F|  |TAMS 0x000000074de00000, 0x000000074de00000| Untracked 
| 112|0x000000074e000000, 0x000000074e000000, 0x000000074e200000|  0%| F|  |TAMS 0x000000074e000000, 0x000000074e000000| Untracked 
| 113|0x000000074e200000, 0x000000074e200000, 0x000000074e400000|  0%| F|  |TAMS 0x000000074e200000, 0x000000074e200000| Untracked 
| 114|0x000000074e400000, 0x000000074e400000, 0x000000074e600000|  0%| F|  |TAMS 0x000000074e400000, 0x000000074e400000| Untracked 
| 115|0x000000074e600000, 0x000000074e600000, 0x000000074e800000|  0%| F|  |TAMS 0x000000074e600000, 0x000000074e600000| Untracked 
| 116|0x000000074e800000, 0x000000074e800000, 0x000000074ea00000|  0%| F|  |TAMS 0x000000074e800000, 0x000000074e800000| Untracked 
| 117|0x000000074ea00000, 0x000000074ea00000, 0x000000074ec00000|  0%| F|  |TAMS 0x000000074ea00000, 0x000000074ea00000| Untracked 
| 118|0x000000074ec00000, 0x000000074ec00000, 0x000000074ee00000|  0%| F|  |TAMS 0x000000074ec00000, 0x000000074ec00000| Untracked 
| 119|0x000000074ee00000, 0x000000074ee00000, 0x000000074f000000|  0%| F|  |TAMS 0x000000074ee00000, 0x000000074ee00000| Untracked 
| 120|0x000000074f000000, 0x000000074f000000, 0x000000074f200000|  0%| F|  |TAMS 0x000000074f000000, 0x000000074f000000| Untracked 
| 121|0x000000074f200000, 0x000000074f200000, 0x000000074f400000|  0%| F|  |TAMS 0x000000074f200000, 0x000000074f200000| Untracked 

Card table byte_map: [0x000001a94df70000,0x000001a94e570000] _byte_map_base: 0x000001a94a570000

Marking Bits (Prev, Next): (CMBitMap*) 0x000001a936587e20, (CMBitMap*) 0x000001a936587e60
 Prev Bits: [0x000001a94eb70000, 0x000001a951b70000)
 Next Bits: [0x000001a951b70000, 0x000001a954b70000)

Polling page: 0x000001a9344e0000

Metaspace:

Usage:
  Non-class:     69.37 MB used.
      Class:     11.11 MB used.
       Both:     80.48 MB used.

Virtual space:
  Non-class space:      128.00 MB reserved,      69.75 MB ( 54%) committed,  2 nodes.
      Class space:        1.00 GB reserved,      11.50 MB (  1%) committed,  1 nodes.
             Both:        1.12 GB reserved,      81.25 MB (  7%) committed. 

Chunk freelists:
   Non-Class:  10.19 MB
       Class:  4.47 MB
        Both:  14.66 MB

MaxMetaspaceSize: unlimited
CompressedClassSpaceSize: 1.00 GB
Initial GC threshold: 21.00 MB
Current GC threshold: 135.00 MB
CDS: on
MetaspaceReclaimPolicy: balanced
 - commit_granule_bytes: 65536.
 - commit_granule_words: 8192.
 - virtual_space_node_default_size: 8388608.
 - enlarge_chunks_in_place: 1.
 - new_chunks_are_fully_committed: 0.
 - uncommit_free_chunks: 1.
 - use_allocation_guard: 0.
 - handle_deallocations: 1.


Internal statistics:

num_allocs_failed_limit: 9.
num_arena_births: 1150.
num_arena_deaths: 0.
num_vsnodes_births: 3.
num_vsnodes_deaths: 0.
num_space_committed: 1300.
num_space_uncommitted: 0.
num_chunks_returned_to_freelist: 9.
num_chunks_taken_from_freelist: 4593.
num_chunk_merges: 9.
num_chunk_splits: 3000.
num_chunks_enlarged: 1903.
num_inconsistent_stats: 0.

CodeHeap 'non-profiled nmethods': size=119168Kb used=7035Kb max_used=7035Kb free=112132Kb
 bounds [0x000001a945c80000, 0x000001a946360000, 0x000001a94d0e0000]
CodeHeap 'profiled nmethods': size=119104Kb used=22654Kb max_used=22654Kb free=96449Kb
 bounds [0x000001a93e0e0000, 0x000001a93f700000, 0x000001a945530000]
CodeHeap 'non-nmethods': size=7488Kb used=3617Kb max_used=4230Kb free=3870Kb
 bounds [0x000001a945530000, 0x000001a945960000, 0x000001a945c80000]
 total_blobs=11620 nmethods=10658 adapters=871
 compilation: enabled
              stopped_count=0, restarted_count=0
 full_count=0

Compilation events (20 events):
Event: 47.719 Thread 0x000001a957bc1b40 12147       3       java.util.Arrays::binarySearch0 (72 bytes)
Event: 47.719 Thread 0x000001a9a1f7a3f0 nmethod 12144 0x000001a93f6fb590 code [0x000001a93f6fb740, 0x000001a93f6fb968]
Event: 47.719 Thread 0x000001a9a1f7a3f0 12148       3       com.google.common.collect.HashBiMap::inverse (28 bytes)
Event: 47.719 Thread 0x000001a957bc1b40 nmethod 12147 0x000001a93f6fba90 code [0x000001a93f6fbc40, 0x000001a93f6fbed8]
Event: 47.719 Thread 0x000001a957bc1b40 12146       2       org.gradle.api.internal.tasks.compile.incremental.serialization.HierarchicalNameSerializer::writeFirstOccurrenceOfName (73 bytes)
Event: 47.719 Thread 0x000001a9a1f7a3f0 nmethod 12148 0x000001a93f6fc010 code [0x000001a93f6fc1e0, 0x000001a93f6fc678]
Event: 47.719 Thread 0x000001a9a1f7a3f0 12149       1       org.gradle.api.internal.tasks.compile.incremental.compilerapi.deps.DependentsSet$DefaultDependentsSet::getPrivateDependentClasses (5 bytes)
Event: 47.719 Thread 0x000001a9a1f7a3f0 nmethod 12149 0x000001a94635e290 code [0x000001a94635e420, 0x000001a94635e4f8]
Event: 47.719 Thread 0x000001a9a1f7a3f0 12150       1       org.gradle.api.internal.tasks.compile.incremental.compilerapi.deps.DependentsSet$DefaultDependentsSet::getAccessibleDependentClasses (5 bytes)
Event: 47.719 Thread 0x000001a9a1f7a3f0 nmethod 12150 0x000001a94635e590 code [0x000001a94635e720, 0x000001a94635e7f8]
Event: 47.719 Thread 0x000001a9a1f7a3f0 12151       1       org.gradle.api.internal.tasks.compile.incremental.compilerapi.deps.DependentsSet$DefaultDependentsSet::getDependentResources (5 bytes)
Event: 47.719 Thread 0x000001a9a1f7a3f0 nmethod 12151 0x000001a94635e890 code [0x000001a94635ea20, 0x000001a94635eaf8]
Event: 47.719 Thread 0x000001a9a1f7ee50 nmethod 12141 0x000001a93f6fc810 code [0x000001a93f6fcae0, 0x000001a93f6fd508]
Event: 47.719 Thread 0x000001a957bc1b40 nmethod 12146 0x000001a93f6fdb90 code [0x000001a93f6fddc0, 0x000001a93f6fe298]
Event: 47.720 Thread 0x000001a957bc1b40 12152       2       org.gradle.internal.serialize.IntSetSerializer::write (44 bytes)
Event: 47.720 Thread 0x000001a957bc1b40 nmethod 12152 0x000001a93f6fe690 code [0x000001a93f6fe880, 0x000001a93f6fead8]
Event: 47.721 Thread 0x000001a957bc1b40 12153       2       org.gradle.api.internal.tasks.compile.incremental.asm.ClassDependenciesVisitor::<init> (68 bytes)
Event: 47.721 Thread 0x000001a957bc1b40 nmethod 12153 0x000001a93f6fec10 code [0x000001a93f6fee40, 0x000001a93f6ff638]
Event: 47.726 Thread 0x000001a957bc1b40 12154       1       org.gradle.api.internal.tasks.compile.incremental.classpath.DefaultClassSetAnalyzer::access$300 (5 bytes)
Event: 47.726 Thread 0x000001a957bc1b40 nmethod 12154 0x000001a94635eb90 code [0x000001a94635ed20, 0x000001a94635edd8]

GC Heap History (20 events):
Event: 10.323 GC heap after
{Heap after GC invocations=29 (full 0):
 garbage-first heap   total 133120K, used 80720K [0x0000000740000000, 0x0000000800000000)
  region size 2048K, 2 young (4096K), 2 survivors (4096K)
 Metaspace       used 75294K, committed 76096K, reserved 1114112K
  class space    used 10546K, committed 10944K, reserved 1048576K
}
Event: 10.574 GC heap before
{Heap before GC invocations=30 (full 0):
 garbage-first heap   total 143360K, used 107344K [0x0000000740000000, 0x0000000800000000)
  region size 2048K, 15 young (30720K), 2 survivors (4096K)
 Metaspace       used 75574K, committed 76352K, reserved 1179648K
  class space    used 10583K, committed 10944K, reserved 1048576K
}
Event: 10.577 GC heap after
{Heap after GC invocations=31 (full 0):
 garbage-first heap   total 143360K, used 81405K [0x0000000740000000, 0x0000000800000000)
  region size 2048K, 2 young (4096K), 2 survivors (4096K)
 Metaspace       used 75574K, committed 76352K, reserved 1179648K
  class space    used 10583K, committed 10944K, reserved 1048576K
}
Event: 11.049 GC heap before
{Heap before GC invocations=31 (full 0):
 garbage-first heap   total 143360K, used 116221K [0x0000000740000000, 0x0000000800000000)
  region size 2048K, 19 young (38912K), 2 survivors (4096K)
 Metaspace       used 77379K, committed 78208K, reserved 1179648K
  class space    used 10803K, committed 11200K, reserved 1048576K
}
Event: 11.052 GC heap after
{Heap after GC invocations=32 (full 0):
 garbage-first heap   total 198656K, used 83784K [0x0000000740000000, 0x0000000800000000)
  region size 2048K, 3 young (6144K), 3 survivors (6144K)
 Metaspace       used 77379K, committed 78208K, reserved 1179648K
  class space    used 10803K, committed 11200K, reserved 1048576K
}
Event: 46.172 GC heap before
{Heap before GC invocations=32 (full 0):
 garbage-first heap   total 198656K, used 155464K [0x0000000740000000, 0x0000000800000000)
  region size 2048K, 39 young (79872K), 3 survivors (6144K)
 Metaspace       used 80383K, committed 81280K, reserved 1179648K
  class space    used 11157K, committed 11584K, reserved 1048576K
}
Event: 46.175 GC heap after
{Heap after GC invocations=33 (full 0):
 garbage-first heap   total 198656K, used 86155K [0x0000000740000000, 0x0000000800000000)
  region size 2048K, 4 young (8192K), 4 survivors (8192K)
 Metaspace       used 80383K, committed 81280K, reserved 1179648K
  class space    used 11157K, committed 11584K, reserved 1048576K
}
Event: 46.733 GC heap before
{Heap before GC invocations=33 (full 0):
 garbage-first heap   total 198656K, used 157835K [0x0000000740000000, 0x0000000800000000)
  region size 2048K, 40 young (81920K), 4 survivors (8192K)
 Metaspace       used 80936K, committed 81792K, reserved 1179648K
  class space    used 11207K, committed 11584K, reserved 1048576K
}
Event: 46.737 GC heap after
{Heap after GC invocations=34 (full 0):
 garbage-first heap   total 198656K, used 87179K [0x0000000740000000, 0x0000000800000000)
  region size 2048K, 3 young (6144K), 3 survivors (6144K)
 Metaspace       used 80936K, committed 81792K, reserved 1179648K
  class space    used 11207K, committed 11584K, reserved 1048576K
}
Event: 46.973 GC heap before
{Heap before GC invocations=34 (full 0):
 garbage-first heap   total 198656K, used 167051K [0x0000000740000000, 0x0000000800000000)
  region size 2048K, 40 young (81920K), 3 survivors (6144K)
 Metaspace       used 82045K, committed 82944K, reserved 1179648K
  class space    used 11341K, committed 11776K, reserved 1048576K
}
Event: 46.984 GC heap after
{Heap after GC invocations=35 (full 0):
 garbage-first heap   total 198656K, used 114124K [0x0000000740000000, 0x0000000800000000)
  region size 2048K, 5 young (10240K), 5 survivors (10240K)
 Metaspace       used 82045K, committed 82944K, reserved 1179648K
  class space    used 11341K, committed 11776K, reserved 1048576K
}
Event: 47.193 GC heap before
{Heap before GC invocations=35 (full 0):
 garbage-first heap   total 198656K, used 153036K [0x0000000740000000, 0x0000000800000000)
  region size 2048K, 25 young (51200K), 5 survivors (10240K)
 Metaspace       used 82054K, committed 82944K, reserved 1179648K
  class space    used 11341K, committed 11776K, reserved 1048576K
}
Event: 47.205 GC heap after
{Heap after GC invocations=36 (full 0):
 garbage-first heap   total 198656K, used 123529K [0x0000000740000000, 0x0000000800000000)
  region size 2048K, 4 young (8192K), 4 survivors (8192K)
 Metaspace       used 82054K, committed 82944K, reserved 1179648K
  class space    used 11341K, committed 11776K, reserved 1048576K
}
Event: 47.302 GC heap before
{Heap before GC invocations=37 (full 0):
 garbage-first heap   total 239616K, used 152201K [0x0000000740000000, 0x0000000800000000)
  region size 2048K, 19 young (38912K), 4 survivors (8192K)
 Metaspace       used 82054K, committed 82944K, reserved 1179648K
  class space    used 11341K, committed 11776K, reserved 1048576K
}
Event: 47.309 GC heap after
{Heap after GC invocations=38 (full 0):
 garbage-first heap   total 239616K, used 129435K [0x0000000740000000, 0x0000000800000000)
  region size 2048K, 3 young (6144K), 3 survivors (6144K)
 Metaspace       used 82054K, committed 82944K, reserved 1179648K
  class space    used 11341K, committed 11776K, reserved 1048576K
}
Event: 47.456 GC heap before
{Heap before GC invocations=38 (full 0):
 garbage-first heap   total 239616K, used 176539K [0x0000000740000000, 0x0000000800000000)
  region size 2048K, 27 young (55296K), 3 survivors (6144K)
 Metaspace       used 82211K, committed 83072K, reserved 1179648K
  class space    used 11362K, committed 11776K, reserved 1048576K
}
Event: 47.463 GC heap after
{Heap after GC invocations=39 (full 0):
 garbage-first heap   total 239616K, used 139508K [0x0000000740000000, 0x0000000800000000)
  region size 2048K, 4 young (8192K), 4 survivors (8192K)
 Metaspace       used 82211K, committed 83072K, reserved 1179648K
  class space    used 11362K, committed 11776K, reserved 1048576K
}
Event: 47.567 GC heap before
{Heap before GC invocations=39 (full 0):
 garbage-first heap   total 239616K, used 182516K [0x0000000740000000, 0x0000000800000000)
  region size 2048K, 25 young (51200K), 4 survivors (8192K)
 Metaspace       used 82211K, committed 83072K, reserved 1179648K
  class space    used 11362K, committed 11776K, reserved 1048576K
}
Event: 47.574 GC heap after
{Heap after GC invocations=40 (full 0):
 garbage-first heap   total 239616K, used 148539K [0x0000000740000000, 0x0000000800000000)
  region size 2048K, 4 young (8192K), 4 survivors (8192K)
 Metaspace       used 82211K, committed 83072K, reserved 1179648K
  class space    used 11362K, committed 11776K, reserved 1048576K
}
Event: 47.728 GC heap before
{Heap before GC invocations=40 (full 0):
 garbage-first heap   total 239616K, used 187451K [0x0000000740000000, 0x0000000800000000)
  region size 2048K, 23 young (47104K), 4 survivors (8192K)
 Metaspace       used 82406K, committed 83200K, reserved 1179648K
  class space    used 11372K, committed 11776K, reserved 1048576K
}

Dll operation events (15 events):
Event: 0.008 Loaded shared library C:\Users\27439\.jdks\azul-17.0.9\bin\java.dll
Event: 0.022 Loaded shared library C:\Users\27439\.jdks\azul-17.0.9\bin\jsvml.dll
Event: 0.088 Loaded shared library C:\Users\27439\.jdks\azul-17.0.9\bin\zip.dll
Event: 0.092 Loaded shared library C:\Users\27439\.jdks\azul-17.0.9\bin\instrument.dll
Event: 0.095 Loaded shared library C:\Users\27439\.jdks\azul-17.0.9\bin\net.dll
Event: 0.096 Loaded shared library C:\Users\27439\.jdks\azul-17.0.9\bin\nio.dll
Event: 0.099 Loaded shared library C:\Users\27439\.jdks\azul-17.0.9\bin\zip.dll
Event: 0.231 Loaded shared library C:\Users\27439\.jdks\azul-17.0.9\bin\jimage.dll
Event: 0.300 Loaded shared library C:\Users\27439\.jdks\azul-17.0.9\bin\verify.dll
Event: 0.443 Loaded shared library C:\Users\27439\.gradle\native\68d5fa5c4cc2d200863cafc0d521ce42e7d3e7ee720ec0a83991735586a16f82\windows-amd64\native-platform.dll
Event: 0.447 Loaded shared library C:\Users\27439\.gradle\native\e376f236ea51e6404a007f0833ffe2c6e607c4080706a723a18a27aeea778392\windows-amd64\native-platform-file-events.dll
Event: 0.976 Loaded shared library C:\Users\27439\.jdks\azul-17.0.9\bin\management.dll
Event: 0.979 Loaded shared library C:\Users\27439\.jdks\azul-17.0.9\bin\management_ext.dll
Event: 1.427 Loaded shared library C:\Users\27439\.jdks\azul-17.0.9\bin\sunmscapi.dll
Event: 11.424 Loaded shared library C:\Users\27439\.jdks\azul-17.0.9\bin\rmi.dll

Deoptimization events (20 events):
Event: 47.624 Thread 0x000001a9a1cc8fb0 DEOPT PACKING pc=0x000001a9462124d4 sp=0x00000095440fd620
Event: 47.624 Thread 0x000001a9a1cc8fb0 DEOPT UNPACKING pc=0x000001a945587143 sp=0x00000095440fcae8 mode 1
Event: 47.624 Thread 0x000001a9a1cc8fb0 DEOPT PACKING pc=0x000001a9462124d4 sp=0x00000095440fd6e0
Event: 47.624 Thread 0x000001a9a1cc8fb0 DEOPT UNPACKING pc=0x000001a945587143 sp=0x00000095440fcba8 mode 1
Event: 47.624 Thread 0x000001a9a1cc8fb0 DEOPT PACKING pc=0x000001a9462124d4 sp=0x00000095440fbf10
Event: 47.624 Thread 0x000001a9a1cc8fb0 DEOPT UNPACKING pc=0x000001a945587143 sp=0x00000095440fb3d8 mode 1
Event: 47.624 Thread 0x000001a9a1cc8fb0 DEOPT PACKING pc=0x000001a9462124d4 sp=0x00000095440fbfd0
Event: 47.624 Thread 0x000001a9a1cc8fb0 DEOPT UNPACKING pc=0x000001a945587143 sp=0x00000095440fb498 mode 1
Event: 47.626 Thread 0x000001a9a1cc8fb0 DEOPT PACKING pc=0x000001a9462124d4 sp=0x00000095440fdbd0
Event: 47.626 Thread 0x000001a9a1cc8fb0 DEOPT UNPACKING pc=0x000001a945587143 sp=0x00000095440fd098 mode 1
Event: 47.626 Thread 0x000001a9a1cc8fb0 DEOPT PACKING pc=0x000001a9462124d4 sp=0x00000095440fdc90
Event: 47.626 Thread 0x000001a9a1cc8fb0 DEOPT UNPACKING pc=0x000001a945587143 sp=0x00000095440fd158 mode 1
Event: 47.682 Thread 0x000001a9a1cc5800 DEOPT PACKING pc=0x000001a93f69b911 sp=0x000000954adfd3c0
Event: 47.682 Thread 0x000001a9a1cc5800 DEOPT UNPACKING pc=0x000001a945587143 sp=0x000000954adfc928 mode 0
Event: 47.702 Thread 0x000001a9a1cc3eb0 DEOPT PACKING pc=0x000001a93f6ba603 sp=0x000000954aefdc80
Event: 47.702 Thread 0x000001a9a1cc3eb0 DEOPT UNPACKING pc=0x000001a945587143 sp=0x000000954aefd150 mode 0
Event: 47.717 Thread 0x000001a9a1cc8fb0 DEOPT PACKING pc=0x000001a9462124d4 sp=0x00000095440fdb30
Event: 47.717 Thread 0x000001a9a1cc8fb0 DEOPT UNPACKING pc=0x000001a945587143 sp=0x00000095440fcff8 mode 1
Event: 47.717 Thread 0x000001a9a1cc8fb0 DEOPT PACKING pc=0x000001a9462124d4 sp=0x00000095440fdbf0
Event: 47.717 Thread 0x000001a9a1cc8fb0 DEOPT UNPACKING pc=0x000001a945587143 sp=0x00000095440fd0b8 mode 1

Classes unloaded (0 events):
No events

Classes redefined (0 events):
No events

Internal exceptions (20 events):
Event: 11.414 Thread 0x000001a9a5e8d170 Exception <a 'java/lang/NoSuchMethodError'{0x000000074a2ed2f8}: static Lorg/jetbrains/kotlin/daemon/common/LoopbackNetworkInterface$AbstractClientLoopbackSocketFactory;.<clinit>()V> (0x000000074a2ed2f8) 
thrown [s\src\hotspot\share\prims\jni.cpp, line 1107]
Event: 11.415 Thread 0x000001a9a5e8d170 Exception <a 'java/lang/NoSuchMethodError'{0x000000074a2f90b8}: static Lorg/jetbrains/kotlin/daemon/common/LoopbackNetworkInterface$ClientLoopbackSocketFactory;.<clinit>()V> (0x000000074a2f90b8) 
thrown [s\src\hotspot\share\prims\jni.cpp, line 1107]
Event: 11.430 Thread 0x000001a9a5e8d170 Exception <a 'java/lang/NoSuchMethodError'{0x000000074a3d6fe8}: static [Ljava/rmi/server/ObjID;.<clinit>()V> (0x000000074a3d6fe8) 
thrown [s\src\hotspot\share\prims\jni.cpp, line 1107]
Event: 11.431 Thread 0x000001a9a5e8d170 Exception <a 'java/lang/NoSuchMethodError'{0x000000074a3fad10}: static [B.<clinit>()V> (0x000000074a3fad10) 
thrown [s\src\hotspot\share\prims\jni.cpp, line 1107]
Event: 11.443 Thread 0x000001a9a5e8e0a0 Exception <a 'java/lang/InterruptedException'{0x000000074a011448}> (0x000000074a011448) 
thrown [s\src\hotspot\share\runtime\objectMonitor.cpp, line 1658]
Event: 11.443 Thread 0x000001a9a5e8e0a0 Exception <a 'java/lang/NoSuchMethodError'{0x000000074a0128a8}: 'java.lang.Object java.lang.invoke.DirectMethodHandle$Holder.invokeSpecial(java.lang.Object, java.lang.Object, int, java.lang.Object, long)'> (0x000000074a0128a8) 
thrown [s\src\hotspot\share\interpreter\linkResolver.cpp, line 759]
Event: 11.444 Thread 0x000001a9a5e8e0a0 Exception <a 'java/lang/NoSuchMethodError'{0x000000074a019f88}: 'java.lang.Object java.lang.invoke.DirectMethodHandle$Holder.newInvokeSpecial(java.lang.Object, java.lang.Object, int, java.lang.Object, long)'> (0x000000074a019f88) 
thrown [s\src\hotspot\share\interpreter\linkResolver.cpp, line 759]
Event: 11.472 Thread 0x000001a9a5e8d170 Exception <a 'java/lang/NoSuchMethodError'{0x000000074a0637d8}: static Lorg/jetbrains/kotlin/daemon/common/CompileService$CallResult;.<clinit>()V> (0x000000074a0637d8) 
thrown [s\src\hotspot\share\prims\jni.cpp, line 1107]
Event: 11.472 Thread 0x000001a9a5e8d170 Exception <a 'java/lang/NoSuchMethodError'{0x000000074a06f840}: static Lorg/jetbrains/kotlin/daemon/common/CompileService$CallResult$Good;.<clinit>()V> (0x000000074a06f840) 
thrown [s\src\hotspot\share\prims\jni.cpp, line 1107]
Event: 11.473 Thread 0x000001a9a5e8d170 Exception <a 'java/lang/NoSuchMethodError'{0x000000074a07cd30}: static Lorg/jetbrains/kotlin/daemon/common/DaemonJVMOptions;.<clinit>()V> (0x000000074a07cd30) 
thrown [s\src\hotspot\share\prims\jni.cpp, line 1107]
Event: 11.478 Thread 0x000001a9a5e8d170 Exception <a 'java/lang/NoSuchMethodError'{0x000000074a0b7e20}: static Lorg/jetbrains/kotlin/daemon/common/CompileService$CallResult$Ok;.<clinit>()V> (0x000000074a0b7e20) 
thrown [s\src\hotspot\share\prims\jni.cpp, line 1107]
Event: 11.500 Thread 0x000001a9a5e8d170 Exception <a 'java/lang/NoSuchMethodError'{0x0000000749e312b0}: static [Ljava/lang/Integer;.<clinit>()V> (0x0000000749e312b0) 
thrown [s\src\hotspot\share\prims\jni.cpp, line 1107]
Event: 46.538 Thread 0x000001a9a4f8b070 Exception <a 'java/lang/NoSuchMethodError'{0x000000074b106bb0}: static Ljava/lang/Object;.<clinit>()V> (0x000000074b106bb0) 
thrown [s\src\hotspot\share\prims\jni.cpp, line 1107]
Event: 46.549 Thread 0x000001a9a4f8b070 Implicit null exception at 0x000001a945fe6fe3 to 0x000001a945fe709d
Event: 46.877 Thread 0x000001a9a1cc5800 Exception <a 'java/lang/NoSuchMethodError'{0x000000074a61ba38}: 'long java.lang.invoke.DirectMethodHandle$Holder.invokeVirtual(java.lang.Object, java.lang.Object)'> (0x000000074a61ba38) 
thrown [s\src\hotspot\share\interpreter\linkResolver.cpp, line 759]
Event: 46.877 Thread 0x000001a9a1cc99d0 Exception <a 'java/lang/NoSuchMethodError'{0x000000074b10d290}: 'long java.lang.invoke.DirectMethodHandle$Holder.invokeVirtual(java.lang.Object, java.lang.Object)'> (0x000000074b10d290) 
thrown [s\src\hotspot\share\interpreter\linkResolver.cpp, line 759]
Event: 46.877 Thread 0x000001a9a1cc3eb0 Exception <a 'java/lang/NoSuchMethodError'{0x000000074afaf760}: 'long java.lang.invoke.DirectMethodHandle$Holder.invokeVirtual(java.lang.Object, java.lang.Object)'> (0x000000074afaf760) 
thrown [s\src\hotspot\share\interpreter\linkResolver.cpp, line 759]
Event: 46.879 Thread 0x000001a9a1cc99d0 Exception <a 'java/lang/NoSuchMethodError'{0x000000074a7c5788}: 'int java.lang.invoke.DirectMethodHandle$Holder.invokeSpecialIFC(java.lang.Object, java.lang.Object, java.lang.Object, java.lang.Object, java.lang.Object)'> (0x000000074a7c5788) 
thrown [s\src\hotspot\share\interpreter\linkResolver.cpp, line 759]
Event: 46.879 Thread 0x000001a9a1cc3eb0 Exception <a 'java/lang/NoSuchMethodError'{0x000000074afb8fe8}: 'int java.lang.invoke.DirectMethodHandle$Holder.invokeSpecialIFC(java.lang.Object, java.lang.Object, java.lang.Object, java.lang.Object, java.lang.Object)'> (0x000000074afb8fe8) 
thrown [s\src\hotspot\share\interpreter\linkResolver.cpp, line 759]
Event: 46.879 Thread 0x000001a9a1cc5800 Exception <a 'java/lang/NoSuchMethodError'{0x000000074a7b8aa8}: 'int java.lang.invoke.DirectMethodHandle$Holder.invokeSpecialIFC(java.lang.Object, java.lang.Object, java.lang.Object, java.lang.Object, java.lang.Object)'> (0x000000074a7b8aa8) 
thrown [s\src\hotspot\share\interpreter\linkResolver.cpp, line 759]

VM Operations (20 events):
Event: 46.861 Executing VM operation: HandshakeAllThreads done
Event: 46.877 Executing VM operation: HandshakeAllThreads
Event: 46.877 Executing VM operation: HandshakeAllThreads done
Event: 46.901 Executing VM operation: HandshakeAllThreads
Event: 46.902 Executing VM operation: HandshakeAllThreads done
Event: 46.973 Executing VM operation: G1CollectForAllocation
Event: 46.984 Executing VM operation: G1CollectForAllocation done
Event: 47.192 Executing VM operation: G1CollectForAllocation
Event: 47.205 Executing VM operation: G1CollectForAllocation done
Event: 47.253 Executing VM operation: G1PauseRemark
Event: 47.257 Executing VM operation: G1PauseRemark done
Event: 47.275 Executing VM operation: G1PauseCleanup
Event: 47.275 Executing VM operation: G1PauseCleanup done
Event: 47.302 Executing VM operation: G1CollectForAllocation
Event: 47.309 Executing VM operation: G1CollectForAllocation done
Event: 47.456 Executing VM operation: G1CollectForAllocation
Event: 47.463 Executing VM operation: G1CollectForAllocation done
Event: 47.567 Executing VM operation: G1CollectForAllocation
Event: 47.574 Executing VM operation: G1CollectForAllocation done
Event: 47.728 Executing VM operation: G1CollectForAllocation

Events (20 events):
Event: 46.837 loading class java/util/PrimitiveIterator$OfInt done
Event: 46.851 Thread 0x000001a9a1cc99d0 Thread added: 0x000001a9a1cc99d0
Event: 46.851 Thread 0x000001a9a1cc5800 Thread added: 0x000001a9a1cc5800
Event: 46.852 Thread 0x000001a9a1cc3eb0 Thread added: 0x000001a9a1cc3eb0
Event: 46.852 Thread 0x000001a9a1cc4de0 Thread added: 0x000001a9a1cc4de0
Event: 46.852 Thread 0x000001a9a1cc7b70 Thread added: 0x000001a9a1cc7b70
Event: 46.852 Thread 0x000001a9a1cc52f0 Thread added: 0x000001a9a1cc52f0
Event: 46.852 Thread 0x000001a9a1cc48d0 Thread added: 0x000001a9a1cc48d0
Event: 46.852 Thread 0x000001a9a1cc39a0 Thread added: 0x000001a9a1cc39a0
Event: 46.852 Thread 0x000001a9a1cc2f80 Thread added: 0x000001a9a1cc2f80
Event: 46.852 Thread 0x000001a9a1cc2560 Thread added: 0x000001a9a1cc2560
Event: 46.852 Thread 0x000001a9a1cc6220 Thread added: 0x000001a9a1cc6220
Event: 46.853 Thread 0x000001a9a1cc5d10 Thread added: 0x000001a9a1cc5d10
Event: 46.853 Thread 0x000001a9a1cc9ee0 Thread added: 0x000001a9a1cc9ee0
Event: 46.854 Thread 0x000001a9a1cc6730 Thread added: 0x000001a9a1cc6730
Event: 46.854 Thread 0x000001a9a1cc6c40 Thread added: 0x000001a9a1cc6c40
Event: 46.903 loading class java/util/Vector$1
Event: 46.904 loading class java/util/Vector$1 done
Event: 47.330 loading class java/util/concurrent/RecursiveAction
Event: 47.330 loading class java/util/concurrent/RecursiveAction done


Dynamic libraries:
0x00007ff6693b0000 - 0x00007ff6693be000 	C:\Users\27439\.jdks\azul-17.0.9\bin\java.exe
0x00007ffa1c530000 - 0x00007ffa1c747000 	C:\WINDOWS\SYSTEM32\ntdll.dll
0x00007ffa1b0d0000 - 0x00007ffa1b194000 	C:\WINDOWS\System32\KERNEL32.DLL
0x00007ffa198a0000 - 0x00007ffa19c45000 	C:\WINDOWS\System32\KERNELBASE.dll
0x00007ffa19c50000 - 0x00007ffa19d61000 	C:\WINDOWS\System32\ucrtbase.dll
0x00007ff99bdd0000 - 0x00007ff99bde9000 	C:\Users\27439\.jdks\azul-17.0.9\bin\jli.dll
0x00007ff99bdf0000 - 0x00007ff99be0b000 	C:\Users\27439\.jdks\azul-17.0.9\bin\VCRUNTIME140.dll
0x00007ffa1b410000 - 0x00007ffa1b5be000 	C:\WINDOWS\System32\USER32.dll
0x00007ffa0b3c0000 - 0x00007ffa0b653000 	C:\WINDOWS\WinSxS\amd64_microsoft.windows.common-controls_6595b64144ccf1df_6.0.22621.2506_none_270c5ae97388e100\COMCTL32.dll
0x00007ffa1aa40000 - 0x00007ffa1aae7000 	C:\WINDOWS\System32\msvcrt.dll
0x00007ffa1a250000 - 0x00007ffa1a276000 	C:\WINDOWS\System32\win32u.dll
0x00007ffa1b320000 - 0x00007ffa1b349000 	C:\WINDOWS\System32\GDI32.dll
0x00007ffa19d70000 - 0x00007ffa19e89000 	C:\WINDOWS\System32\gdi32full.dll
0x00007ffa19fd0000 - 0x00007ffa1a06a000 	C:\WINDOWS\System32\msvcp_win.dll
0x00007ffa1bab0000 - 0x00007ffa1bae1000 	C:\WINDOWS\System32\IMM32.DLL
0x00007ff9e8a70000 - 0x00007ff9e8a7c000 	C:\Users\27439\.jdks\azul-17.0.9\bin\vcruntime140_1.dll
0x00007ff99bd40000 - 0x00007ff99bdcd000 	C:\Users\27439\.jdks\azul-17.0.9\bin\msvcp140.dll
0x00007ff999dd0000 - 0x00007ff99aa37000 	C:\Users\27439\.jdks\azul-17.0.9\bin\server\jvm.dll
0x00007ffa1b350000 - 0x00007ffa1b401000 	C:\WINDOWS\System32\ADVAPI32.dll
0x00007ffa1a280000 - 0x00007ffa1a326000 	C:\WINDOWS\System32\sechost.dll
0x00007ffa1baf0000 - 0x00007ffa1bc07000 	C:\WINDOWS\System32\RPCRT4.dll
0x00007ff9bf850000 - 0x00007ff9bf859000 	C:\WINDOWS\SYSTEM32\WSOCK32.dll
0x00007ffa18810000 - 0x00007ffa1885d000 	C:\WINDOWS\SYSTEM32\POWRPROF.dll
0x00007ffa11b30000 - 0x00007ffa11b64000 	C:\WINDOWS\SYSTEM32\WINMM.dll
0x00007ffa1b940000 - 0x00007ffa1b9b1000 	C:\WINDOWS\System32\WS2_32.dll
0x00007ffa10d60000 - 0x00007ffa10d6a000 	C:\WINDOWS\SYSTEM32\VERSION.dll
0x00007ffa187e0000 - 0x00007ffa187f3000 	C:\WINDOWS\SYSTEM32\UMPDC.dll
0x00007ffa18900000 - 0x00007ffa18918000 	C:\WINDOWS\SYSTEM32\kernel.appcore.dll
0x00007ff9ff760000 - 0x00007ff9ff76a000 	C:\Users\27439\.jdks\azul-17.0.9\bin\jimage.dll
0x00007ffa0fe50000 - 0x00007ffa10083000 	C:\WINDOWS\SYSTEM32\DBGHELP.DLL
0x00007ffa1ad40000 - 0x00007ffa1b0c9000 	C:\WINDOWS\System32\combase.dll
0x00007ffa1b230000 - 0x00007ffa1b307000 	C:\WINDOWS\System32\OLEAUT32.dll
0x00007ffa0f9a0000 - 0x00007ffa0f9d2000 	C:\WINDOWS\SYSTEM32\dbgcore.DLL
0x00007ffa19f50000 - 0x00007ffa19fca000 	C:\WINDOWS\System32\bcryptPrimitives.dll
0x00007ff9ed180000 - 0x00007ff9ed1bb000 	C:\Users\27439\.jdks\azul-17.0.9\bin\jdwp.dll
0x00007ff9ff650000 - 0x00007ff9ff65e000 	C:\Users\27439\.jdks\azul-17.0.9\bin\instrument.dll
0x00007ff9ff730000 - 0x00007ff9ff755000 	C:\Users\27439\.jdks\azul-17.0.9\bin\java.dll
0x00007ff9ff2c0000 - 0x00007ff9ff397000 	C:\Users\27439\.jdks\azul-17.0.9\bin\jsvml.dll
0x00007ffa1bc80000 - 0x00007ffa1c4d9000 	C:\WINDOWS\System32\SHELL32.dll
0x00007ffa17770000 - 0x00007ffa18064000 	C:\WINDOWS\SYSTEM32\windows.storage.dll
0x00007ffa17630000 - 0x00007ffa1776e000 	C:\WINDOWS\SYSTEM32\wintypes.dll
0x00007ffa1b670000 - 0x00007ffa1b763000 	C:\WINDOWS\System32\SHCORE.dll
0x00007ffa1ba40000 - 0x00007ffa1ba9e000 	C:\WINDOWS\System32\shlwapi.dll
0x00007ffa197d0000 - 0x00007ffa197f6000 	C:\WINDOWS\SYSTEM32\profapi.dll
0x00007ffa14c20000 - 0x00007ffa14c2c000 	C:\Users\27439\.jdks\azul-17.0.9\bin\dt_socket.dll
0x00007ffa182c0000 - 0x00007ffa182ed000 	C:\WINDOWS\SYSTEM32\IPHLPAPI.DLL
0x00007ffa18df0000 - 0x00007ffa18e59000 	C:\WINDOWS\system32\mswsock.dll
0x00007ff9ff6a0000 - 0x00007ff9ff6b8000 	C:\Users\27439\.jdks\azul-17.0.9\bin\zip.dll
0x00007ff9ff6e0000 - 0x00007ff9ff6f9000 	C:\Users\27439\.jdks\azul-17.0.9\bin\net.dll
0x00007ffa12cf0000 - 0x00007ffa12e27000 	C:\WINDOWS\SYSTEM32\WINHTTP.dll
0x00007ff9ff6c0000 - 0x00007ff9ff6d6000 	C:\Users\27439\.jdks\azul-17.0.9\bin\nio.dll
0x00007ff9ff690000 - 0x00007ff9ff6a0000 	C:\Users\27439\.jdks\azul-17.0.9\bin\verify.dll
0x00007ff99c2a0000 - 0x00007ff99c2c7000 	C:\Users\27439\.gradle\native\68d5fa5c4cc2d200863cafc0d521ce42e7d3e7ee720ec0a83991735586a16f82\windows-amd64\native-platform.dll
0x00007ff9fe740000 - 0x00007ff9fe884000 	C:\Users\27439\.gradle\native\e376f236ea51e6404a007f0833ffe2c6e607c4080706a723a18a27aeea778392\windows-amd64\native-platform-file-events.dll
0x00007ff9ff680000 - 0x00007ff9ff689000 	C:\Users\27439\.jdks\azul-17.0.9\bin\management.dll
0x00007ff9ff670000 - 0x00007ff9ff67b000 	C:\Users\27439\.jdks\azul-17.0.9\bin\management_ext.dll
0x00007ffa1b310000 - 0x00007ffa1b318000 	C:\WINDOWS\System32\PSAPI.DLL
0x00007ffa19060000 - 0x00007ffa1907b000 	C:\WINDOWS\SYSTEM32\CRYPTSP.dll
0x00007ffa188c0000 - 0x00007ffa188f5000 	C:\WINDOWS\system32\rsaenh.dll
0x00007ffa18ee0000 - 0x00007ffa18f0c000 	C:\WINDOWS\SYSTEM32\USERENV.dll
0x00007ffa19250000 - 0x00007ffa19278000 	C:\WINDOWS\SYSTEM32\bcrypt.dll
0x00007ffa19080000 - 0x00007ffa1908c000 	C:\WINDOWS\SYSTEM32\CRYPTBASE.dll
0x00007ffa1b770000 - 0x00007ffa1b779000 	C:\WINDOWS\System32\NSI.dll
0x00007ffa11f80000 - 0x00007ffa11f99000 	C:\WINDOWS\SYSTEM32\dhcpcsvc6.DLL
0x00007ffa11f60000 - 0x00007ffa11f7f000 	C:\WINDOWS\SYSTEM32\dhcpcsvc.DLL
0x00007ffa182f0000 - 0x00007ffa183e9000 	C:\WINDOWS\SYSTEM32\DNSAPI.dll
0x00007ff9ff660000 - 0x00007ff9ff66e000 	C:\Users\27439\.jdks\azul-17.0.9\bin\sunmscapi.dll
0x00007ffa1a070000 - 0x00007ffa1a1d6000 	C:\WINDOWS\System32\CRYPT32.dll
0x00007ffa19220000 - 0x00007ffa1924d000 	C:\WINDOWS\SYSTEM32\ncrypt.dll
0x00007ffa191e0000 - 0x00007ffa19217000 	C:\WINDOWS\SYSTEM32\NTASN1.dll
0x00007ff9c3d20000 - 0x00007ff9c3d28000 	C:\WINDOWS\system32\wshunix.dll
0x00007ff9f2580000 - 0x00007ff9f2597000 	C:\WINDOWS\system32\napinsp.dll
0x00007ff9f2560000 - 0x00007ff9f257b000 	C:\WINDOWS\system32\pnrpnsp.dll
0x00007ff9ee060000 - 0x00007ff9ee071000 	C:\WINDOWS\System32\winrnr.dll
0x00007ff9ee090000 - 0x00007ff9ee0a5000 	C:\WINDOWS\system32\wshbth.dll
0x00007ff9ee030000 - 0x00007ff9ee051000 	C:\WINDOWS\system32\nlansp_c.dll
0x00007ffa11f50000 - 0x00007ffa11f5a000 	C:\Windows\System32\rasadhlp.dll
0x00007ffa114f0000 - 0x00007ffa11573000 	C:\WINDOWS\System32\fwpuclnt.dll
0x00007ffa14bc0000 - 0x00007ffa14bc7000 	C:\Users\27439\.jdks\azul-17.0.9\bin\rmi.dll

dbghelp: loaded successfully - version: 4.0.5 - missing functions: none
symbol engine: initialized successfully - sym options: 0x614 - pdb path: .;C:\Users\27439\.jdks\azul-17.0.9\bin;C:\WINDOWS\SYSTEM32;C:\WINDOWS\WinSxS\amd64_microsoft.windows.common-controls_6595b64144ccf1df_6.0.22621.2506_none_270c5ae97388e100;C:\Users\27439\.jdks\azul-17.0.9\bin\server;C:\Users\27439\.gradle\native\68d5fa5c4cc2d200863cafc0d521ce42e7d3e7ee720ec0a83991735586a16f82\windows-amd64;C:\Users\27439\.gradle\native\e376f236ea51e6404a007f0833ffe2c6e607c4080706a723a18a27aeea778392\windows-amd64

VM Arguments:
jvm_args: --add-opens=java.base/java.util.concurrent.atomic=ALL-UNNAMED -agentlib:jdwp=transport=dt_socket,server=n,suspend=y,address=127.0.0.1:52905 --add-opens=java.base/java.util=ALL-UNNAMED --add-opens=java.base/java.lang=ALL-UNNAMED --add-opens=java.base/java.lang.invoke=ALL-UNNAMED --add-opens=java.prefs/java.util.prefs=ALL-UNNAMED --add-opens=java.base/java.nio.charset=ALL-UNNAMED --add-opens=java.base/java.net=ALL-UNNAMED --add-opens=java.base/java.util.concurrent.atomic=ALL-UNNAMED -Xmx3g -Dfile.encoding=GBK -Duser.country=CN -Duser.language=zh -Duser.variant -javaagent:C:\Users\27439\.gradle\wrapper\dists\gradle-8.2-bin\bbg7u40eoinfdyxsxr3z4i7ta\gradle-8.2\lib\agents\gradle-instrumentation-agent-8.2.jar 
java_command: org.gradle.launcher.daemon.bootstrap.GradleDaemon 8.2
java_class_path (initial): C:\Users\27439\.gradle\wrapper\dists\gradle-8.2-bin\bbg7u40eoinfdyxsxr3z4i7ta\gradle-8.2\lib\gradle-launcher-8.2.jar
Launcher Type: SUN_STANDARD

[Global flags]
     intx CICompilerCount                          = 12                                        {product} {ergonomic}
     uint ConcGCThreads                            = 3                                         {product} {ergonomic}
     uint G1ConcRefinementThreads                  = 13                                        {product} {ergonomic}
   size_t G1HeapRegionSize                         = 2097152                                   {product} {ergonomic}
    uintx GCDrainStackTargetSize                   = 64                                        {product} {ergonomic}
   size_t InitialHeapSize                          = 255852544                                 {product} {ergonomic}
   size_t MarkStackSize                            = 4194304                                   {product} {ergonomic}
   size_t MaxHeapSize                              = 3221225472                                {product} {command line}
   size_t MaxNewSize                               = 1931476992                                {product} {ergonomic}
   size_t MinHeapDeltaBytes                        = 2097152                                   {product} {ergonomic}
   size_t MinHeapSize                              = 8388608                                   {product} {ergonomic}
    uintx NonNMethodCodeHeapSize                   = 7602480                                {pd product} {ergonomic}
    uintx NonProfiledCodeHeapSize                  = 122027880                              {pd product} {ergonomic}
    uintx ProfiledCodeHeapSize                     = 122027880                              {pd product} {ergonomic}
    uintx ReservedCodeCacheSize                    = 251658240                              {pd product} {ergonomic}
     bool SegmentedCodeCache                       = true                                      {product} {ergonomic}
   size_t SoftMaxHeapSize                          = 3221225472                             {manageable} {ergonomic}
     bool UseCompressedClassPointers               = true                           {product lp64_product} {ergonomic}
     bool UseCompressedOops                        = true                           {product lp64_product} {ergonomic}
     bool UseG1GC                                  = true                                      {product} {ergonomic}
     bool UseLargePagesIndividualAllocation        = false                                  {pd product} {ergonomic}

Logging:
Log output configuration:
 #0: stdout all=warning uptime,level,tags
 #1: stderr all=off uptime,level,tags

Environment Variables:
JAVA_HOME=C:\Users\27439\.jdks\corretto-11.0.21
CLASSPATH=C:\Users\27439\.jdks\corretto-11.0.21\lib\dt.jar;C:\Users\27439\.jdks\corretto-11.0.21\lib\tools.jar
PATH=C:\Program Files (x86)\VMware\VMware Workstation\bin\;C:\WINDOWS\system32;C:\WINDOWS;C:\WINDOWS\System32\Wbem;C:\WINDOWS\System32\WindowsPowerShell\v1.0\;C:\WINDOWS\System32\OpenSSH\;C:\Program Files\NVIDIA Corporation\NVIDIA NvDLISR;C:\Program Files (x86)\NVIDIA Corporation\PhysX\Common;C:\Program Files\Git\cmd;C:\ProgramData\chocolatey\bin;C:\Users\27439\AppData\Roaming\nvm;C:\Program Files\nodejs;;C:\Program Files\dotnet\;C:\Program Files\CMake\bin;C:\Program Files\MySQL\MySQL Shell 8.0\bin\;C:\Users\27439\AppData\Local\pnpm;C:\Users\27439\AppData\Local\Microsoft\WindowsApps;C:\Users\27439\AppData\Local\JetBrains\Toolbox\scripts;C:\Users\27439\AppData\Roaming\npm;C:\Users\27439\AppData\Local\Android\Sdk\platform-tools;C:\Users\27439\AppData\Local\Android\Sdk\emulator;C:\Users\27439\AppData\Local\Android\Sdktools;C:\Users\27439\AppData\Local\Android\Sdktools\bin;C:\Users\27439\AppData\Local\Programs\Microsoft VS Code\bin;C:\Program Files\adb;C:\Users\27439\.jdks\corretto-11.0.21\jre\bin;C:\Users\27439\.jdks\corretto-11.0.21\bin;C:\Users\27439\AppData\Local\GitHubDesktop\bin;C:\Users\27439\AppData\Roaming\nvm;C:\Program Files\nodejs;C:\Program Files\gradle-6.5\bin;C:\Program Files\ffmpeg\bin;C:\Users\27439\AppData\Roaming\Pub\Cache\bin;C:\Users\27439\.sdk\flutter\bin;C:\Users\27439\.dotnet\tools;C:\Users\27439\.sdk\golib\bin;C:\Users\27439\.sdk\go\bin;C:\Users\27439\.sdk\hover-master;C:\Users\27439\.sdk\mingw64\bin;C:\Users\27439\.sdk\cangjie\bin;C:\Users\27439\.sdk\cangjie\lib\windows_x86_64_llvm;C:\Users\27439\.sdk\cangjie\tools\bin;C:\Users\27439\.sdk\cangjie\runtime\lib\windows_x86_64_llvm;C:\Users\27439\.sdk\cangjie\modules\windows_x86_64_llvm;C:\Program Files\MySQL\MySQL Server 8.0\bin;C:\Program Files\OpenSSL-Win64\bin;C:\Program Files\OpenSSL-Win64\lib;D:\Code\Cj\awt\lib;;C:\Program Files\JetBrains\JetBrains Gateway 233.9102.97\bin;
USERNAME=27439
OS=Windows_NT
PROCESSOR_IDENTIFIER=AMD64 Family 25 Model 68 Stepping 1, AuthenticAMD
TMP=C:\Users\27439\AppData\Local\Temp
TEMP=C:\Users\27439\AppData\Local\Temp



Periodic native trim disabled


---------------  S Y S T E M  ---------------

OS:
 Windows 11 , 64 bit Build 22621 (10.0.22621.2506)
OS uptime: 0 days 2:05 hours
Hyper-V role detected

CPU: total 16 (initial active 16) (16 cores per cpu, 2 threads per core) family 25 model 68 stepping 1 microcode 0x0, cx8, cmov, fxsr, ht, mmx, 3dnowpref, sse, sse2, sse3, ssse3, sse4a, sse4.1, sse4.2, popcnt, lzcnt, tsc, tscinvbit, avx, avx2, aes, clmul, bmi1, bmi2, adx, sha, fma, vzeroupper, clflush, clflushopt, hv
Processor Information for all 16 processors :
  Max Mhz: 3201, Current Mhz: 3201, Mhz Limit: 3201

Memory: 4k page, system-wide physical 15612M (303M free)
TotalPageFile size 30612M (AvailPageFile size 169M)
current process WorkingSet (physical memory assigned to process): 533M, peak: 537M
current process commit charge ("private bytes"): 599M, peak: 823M

vm_info: OpenJDK 64-Bit Server VM (17.0.9+8-LTS) for windows-amd64 JRE (17.0.9+8-LTS) (Zulu17.46+19-CA), built on Oct 11 2023 20:47:25 by "zulu_re" with MS VC++ 16.10 / 16.11 (VS2019)

END.
