#
# There is insufficient memory for the Java Runtime Environment to continue.
# Native memory allocation (malloc) failed to allocate 475216 bytes for Chunk::new
# Possible reasons:
#   The system is out of physical RAM or swap space
#   The process is running with CompressedOops enabled, and the Java Heap may be blocking the growth of the native heap
# Possible solutions:
#   Reduce memory load on the system
#   Increase physical memory or swap space
#   Check if swap backing store is full
#   Decrease Java heap size (-Xmx/-Xms)
#   Decrease number of Java threads
#   Decrease Java thread stack sizes (-Xss)
#   Set larger code cache with -XX:ReservedCodeCacheSize=
#   JVM is running with Zero Based Compressed Oops mode in which the Java heap is
#     placed in the first 32GB address space. The Java Heap base address is the
#     maximum limit for the native heap growth. Please use -XX:HeapBaseMinAddress
#     to set the Java Heap base and to place the Java Heap above 32GB virtual address.
# This output file may be truncated or incomplete.
#
#  Out of Memory Error (arena.cpp:191), pid=5440, tid=828
#
# JRE version: OpenJDK Runtime Environment JBR-17.0.9+8-1162.7-jcef (17.0.9+8) (build 17.0.9+8-b1162.7)
# Java VM: OpenJDK 64-Bit Server VM JBR-17.0.9+8-1162.7-jcef (17.0.9+8-b1162.7, mixed mode, tiered, compressed oops, compressed class ptrs, g1 gc, windows-amd64)
# No core dump will be written. Minidumps are not enabled by default on client versions of Windows
#

---------------  S U M M A R Y ------------

Command Line: --add-opens=java.base/java.util.concurrent.atomic=ALL-UNNAMED -agentlib:jdwp=transport=dt_socket,server=n,suspend=y,address=127.0.0.1:51960 --add-opens=java.base/java.util=ALL-UNNAMED --add-opens=java.base/java.lang=ALL-UNNAMED --add-opens=java.base/java.lang.invoke=ALL-UNNAMED --add-opens=java.prefs/java.util.prefs=ALL-UNNAMED --add-opens=java.base/java.nio.charset=ALL-UNNAMED --add-opens=java.base/java.net=ALL-UNNAMED --add-opens=java.base/java.util.concurrent.atomic=ALL-UNNAMED -Xmx3g -Dfile.encoding=UTF-8 -Duser.country=CN -Duser.language=zh -Duser.variant -javaagent:C:\Users\27439\.gradle\wrapper\dists\gradle-8.2-all\2q3bs1ik8c4yxxdwn9pbenul9\gradle-8.2\lib\agents\gradle-instrumentation-agent-8.2.jar org.gradle.launcher.daemon.bootstrap.GradleDaemon 8.2

Host: AMD Ryzen 7 6800H with Radeon Graphics         , 16 cores, 15G,  Windows 11 , 64 bit Build 22621 (10.0.22621.3958)
Time: Sat Aug 17 16:14:02 2024  Windows 11 , 64 bit Build 22621 (10.0.22621.3958) elapsed time: 19.926118 seconds (0d 0h 0m 19s)

---------------  T H R E A D  ---------------

Current thread (0x00000186f8219b80):  JavaThread "C2 CompilerThread0" daemon [_thread_in_native, id=828, stack(0x0000001bb6000000,0x0000001bb6100000)]


Current CompileTask:
C2:  19926 14868       4       java.lang.reflect.AccessibleObject::checkCanSetAccessible (368 bytes)

Stack: [0x0000001bb6000000,0x0000001bb6100000]
Native frames: (J=compiled Java code, j=interpreted, Vv=VM code, C=native code)
V  [jvm.dll+0x688349]
V  [jvm.dll+0x841bfa]
V  [jvm.dll+0x84383e]
V  [jvm.dll+0x843ea3]
V  [jvm.dll+0x24bdef]
V  [jvm.dll+0xac44c]
V  [jvm.dll+0xaca9c]
V  [jvm.dll+0x2b33ef]
V  [jvm.dll+0x590407]
V  [jvm.dll+0x226412]
V  [jvm.dll+0x21f60e]
V  [jvm.dll+0x21cd71]
V  [jvm.dll+0x1a66dd]
V  [jvm.dll+0x22cd28]
V  [jvm.dll+0x22ae60]
V  [jvm.dll+0x7f6087]
V  [jvm.dll+0x7f043a]
V  [jvm.dll+0x6871c5]
C  [ucrtbase.dll+0x29333]
C  [KERNEL32.DLL+0x1257d]
C  [ntdll.dll+0x5af28]


---------------  P R O C E S S  ---------------

Threads class SMR info:
_java_thread_list=0x000001868542a3c0, length=164, elements={
0x00000186dab34c10, 0x00000186f7bce1f0, 0x00000186f81a50f0, 0x00000186f81f57f0,
0x00000186f81f61c0, 0x00000186f8212190, 0x00000186f8213f00, 0x00000186f8219b80,
0x00000186f821a540, 0x00000186f822a620, 0x00000186f8215d60, 0x00000186f8504050,
0x00000186f86d4820, 0x00000186f86d4d20, 0x00000186f82139f0, 0x00000186f8214e30,
0x00000186f8214920, 0x00000186f8215340, 0x00000186f8215850, 0x00000186f8216270,
0x00000186f8216780, 0x00000186f8212fd0, 0x00000186fe957fe0, 0x00000186fe956ba0,
0x00000186fe95d5f0, 0x00000186fe959e40, 0x00000186fe95b280, 0x00000186fe958a00,
0x00000186fe959420, 0x00000186fe95cbd0, 0x00000186fe959930, 0x00000186fe958f10,
0x00000186fe95b790, 0x00000186fe9575c0, 0x00000186fe95a350, 0x00000186fe95a860,
0x00000186fe95c1b0, 0x00000186fe95bca0, 0x00000186fe95e010, 0x00000186fe9570b0,
0x00000186fe957ad0, 0x0000018681ba81c0, 0x0000018681ba86d0, 0x0000018681ba6870,
0x0000018681baaf50, 0x0000018681ba5430, 0x0000018681ba7cb0, 0x0000018681ba77a0,
0x0000018681ba5940, 0x0000018681baa020, 0x0000018681ba8be0, 0x0000018681ba90f0,
0x0000018681ba9600, 0x0000018681ba4f20, 0x0000018681ba9b10, 0x0000018681ba3ff0,
0x0000018681ba6d80, 0x0000018681ba4a10, 0x0000018681ba7290, 0x0000018681baa530,
0x0000018681baaa40, 0x0000018681bab460, 0x0000018681bab970, 0x0000018681ba5e50,
0x0000018681ba4500, 0x0000018681ba6360, 0x00000186f8214410, 0x00000186f82134e0,
0x00000186fe9584f0, 0x0000018681f1d2d0, 0x0000018681f20f90, 0x0000018681f1d7e0,
0x0000018681f1fb50, 0x0000018681f1f130, 0x0000018681f20570, 0x0000018681f1ec20,
0x0000018681f20a80, 0x0000018681f1cdc0, 0x0000018681f1e710, 0x0000018681f23300,
0x0000018681f1e200, 0x0000018681f214a0, 0x0000018681f219b0, 0x0000018681f21ec0,
0x0000018681f228e0, 0x0000018681f1dcf0, 0x0000018681f22df0, 0x000001868305c540,
0x000001868305de90, 0x000001868305a6e0, 0x000001868305ca50, 0x000001868305e3a0,
0x000001868305d980, 0x000001868305e8b0, 0x000001868305edc0, 0x00000186830592a0,
0x000001868305abf0, 0x000001868305b100, 0x000001868305f2d0, 0x00000186830597b0,
0x000001868305f7e0, 0x000001868305fcf0, 0x000001868305b610, 0x0000018683058880,
0x0000018683060200, 0x000001868305c030, 0x0000018683058d90, 0x0000018683059cc0,
0x000001868305a1d0, 0x000001868305cf60, 0x000001868305bb20, 0x000001868304ca80,
0x000001868304d4a0, 0x000001868304d9b0, 0x000001868304edf0, 0x0000018683050230,
0x000001868304ac20, 0x0000018683051670, 0x000001868304e3d0, 0x000001868304dec0,
0x000001868304b130, 0x000001868304e8e0, 0x0000018683051160, 0x000001868304b640,
0x000001868304a200, 0x000001868304fd20, 0x0000018683050740, 0x0000018683051b80,
0x000001868304a710, 0x000001868304c570, 0x000001868304bb50, 0x000001868304cf90,
0x000001868305d470, 0x0000018685f47190, 0x0000018685f485d0, 0x0000018685f48ae0,
0x0000018685f42ab0, 0x0000018685f46260, 0x0000018685f48ff0, 0x0000018685f45840,
0x0000018685f49a10, 0x0000018685f480c0, 0x0000018685f476a0, 0x0000018685f47bb0,
0x0000018685f439e0, 0x0000018685f425a0, 0x0000018685f49500, 0x0000018685f42fc0,
0x0000018685f434d0, 0x0000018685f45d50, 0x0000018685f43ef0, 0x0000018685f46770,
0x0000018685f44910, 0x0000018685f46c80, 0x0000018685f44e20, 0x0000018685f45330,
0x00000186863e76a0, 0x00000186863e7bb0, 0x00000186863e39e0, 0x00000186863e3ef0,
0x00000186863e6260, 0x00000186863e9a10, 0x00000186863e4e20, 0x000001868d409980
}

Java Threads: ( => current thread )
  0x00000186dab34c10 JavaThread "main" [_thread_blocked, id=21060, stack(0x0000001bb5300000,0x0000001bb5400000)]
  0x00000186f7bce1f0 JavaThread "Reference Handler" daemon [_thread_blocked, id=1852, stack(0x0000001bb5a00000,0x0000001bb5b00000)]
  0x00000186f81a50f0 JavaThread "Finalizer" daemon [_thread_blocked, id=20856, stack(0x0000001bb5b00000,0x0000001bb5c00000)]
  0x00000186f81f57f0 JavaThread "Signal Dispatcher" daemon [_thread_blocked, id=13128, stack(0x0000001bb5c00000,0x0000001bb5d00000)]
  0x00000186f81f61c0 JavaThread "Attach Listener" daemon [_thread_blocked, id=12152, stack(0x0000001bb5d00000,0x0000001bb5e00000)]
  0x00000186f8212190 JavaThread "Service Thread" daemon [_thread_blocked, id=12164, stack(0x0000001bb5e00000,0x0000001bb5f00000)]
  0x00000186f8213f00 JavaThread "Monitor Deflation Thread" daemon [_thread_blocked, id=21356, stack(0x0000001bb5f00000,0x0000001bb6000000)]
=>0x00000186f8219b80 JavaThread "C2 CompilerThread0" daemon [_thread_in_native, id=828, stack(0x0000001bb6000000,0x0000001bb6100000)]
  0x00000186f821a540 JavaThread "C1 CompilerThread0" daemon [_thread_blocked, id=19212, stack(0x0000001bb6100000,0x0000001bb6200000)]
  0x00000186f822a620 JavaThread "Sweeper thread" daemon [_thread_blocked, id=16912, stack(0x0000001bb6200000,0x0000001bb6300000)]
  0x00000186f8215d60 JavaThread "Common-Cleaner" daemon [_thread_blocked, id=14936, stack(0x0000001bb6300000,0x0000001bb6400000)]
  0x00000186f8504050 JavaThread "JDWP Transport Listener: dt_socket" daemon [_thread_blocked, id=10372, stack(0x0000001bb6800000,0x0000001bb6900000)]
  0x00000186f86d4820 JavaThread "JDWP Event Helper Thread" daemon [_thread_blocked, id=6604, stack(0x0000001bb6900000,0x0000001bb6a00000)]
  0x00000186f86d4d20 JavaThread "JDWP Command Reader" daemon [_thread_in_native, id=5348, stack(0x0000001bb6a00000,0x0000001bb6b00000)]
  0x00000186f82139f0 JavaThread "Notification Thread" daemon [_thread_blocked, id=21400, stack(0x0000001bb6b00000,0x0000001bb6c00000)]
  0x00000186f8214e30 JavaThread "Daemon health stats" [_thread_blocked, id=3788, stack(0x0000001bb7700000,0x0000001bb7800000)]
  0x00000186f8214920 JavaThread "Incoming local TCP Connector on port 51963" [_thread_in_native, id=8976, stack(0x0000001bb7800000,0x0000001bb7900000)]
  0x00000186f8215340 JavaThread "Daemon periodic checks" [_thread_blocked, id=17704, stack(0x0000001bb7900000,0x0000001bb7a00000)]
  0x00000186f8215850 JavaThread "Daemon" [_thread_blocked, id=19092, stack(0x0000001bb7a00000,0x0000001bb7b00000)]
  0x00000186f8216270 JavaThread "Handler for socket connection from /127.0.0.1:51963 to /127.0.0.1:51964" [_thread_in_native, id=18144, stack(0x0000001bb7b00000,0x0000001bb7c00000)]
  0x00000186f8216780 JavaThread "Cancel handler" [_thread_blocked, id=6680, stack(0x0000001bb7c00000,0x0000001bb7d00000)]
  0x00000186f8212fd0 JavaThread "Daemon worker" [_thread_blocked, id=19476, stack(0x0000001bb7d00000,0x0000001bb7e00000)]
  0x00000186fe957fe0 JavaThread "Asynchronous log dispatcher for DefaultDaemonConnection: socket connection from /127.0.0.1:51963 to /127.0.0.1:51964" [_thread_blocked, id=12228, stack(0x0000001bb7e00000,0x0000001bb7f00000)]
  0x00000186fe956ba0 JavaThread "Stdin handler" [_thread_blocked, id=20236, stack(0x0000001bb7f00000,0x0000001bb8000000)]
  0x00000186fe95d5f0 JavaThread "Daemon client event forwarder" [_thread_blocked, id=18224, stack(0x0000001bb8000000,0x0000001bb8100000)]
  0x00000186fe959e40 JavaThread "Cache worker for journal cache (C:\Users\27439\.gradle\caches\journal-1)" [_thread_blocked, id=18232, stack(0x0000001bb8600000,0x0000001bb8700000)]
  0x00000186fe95b280 JavaThread "File lock request listener" [_thread_in_native, id=11092, stack(0x0000001bb8700000,0x0000001bb8800000)]
  0x00000186fe958a00 JavaThread "Cache worker for file hash cache (C:\Users\27439\.gradle\caches\8.2\fileHashes)" [_thread_blocked, id=10400, stack(0x0000001bb8800000,0x0000001bb8900000)]
  0x00000186fe959420 JavaThread "File watcher server" daemon [_thread_in_native, id=6100, stack(0x0000001bb8a00000,0x0000001bb8b00000)]
  0x00000186fe95cbd0 JavaThread "File watcher consumer" daemon [_thread_blocked, id=5780, stack(0x0000001bb8b00000,0x0000001bb8c00000)]
  0x00000186fe959930 JavaThread "Cache worker for checksums cache (D:\Code\intellij\intellij-cangjie\.gradle\8.2\checksums)" [_thread_blocked, id=21204, stack(0x0000001bb8c00000,0x0000001bb8d00000)]
  0x00000186fe958f10 JavaThread "Cache worker for cache directory md-rule (C:\Users\27439\.gradle\caches\8.2\md-rule)" [_thread_blocked, id=3404, stack(0x0000001bb8d00000,0x0000001bb8e00000)]
  0x00000186fe95b790 JavaThread "Cache worker for file content cache (C:\Users\27439\.gradle\caches\8.2\fileContent)" [_thread_blocked, id=20604, stack(0x0000001bb8e00000,0x0000001bb8f00000)]
  0x00000186fe9575c0 JavaThread "Cache worker for file hash cache (D:\Code\intellij\intellij-cangjie\.gradle\8.2\fileHashes)" [_thread_blocked, id=11212, stack(0x0000001bb8f00000,0x0000001bb9000000)]
  0x00000186fe95a350 JavaThread "Cache worker for cache directory md-supplier (C:\Users\27439\.gradle\caches\8.2\md-supplier)" [_thread_blocked, id=6996, stack(0x0000001bb9000000,0x0000001bb9100000)]
  0x00000186fe95a860 JavaThread "Cache worker for execution history cache (C:\Users\27439\.gradle\caches\8.2\executionHistory)" [_thread_blocked, id=11428, stack(0x0000001bb8900000,0x0000001bb8a00000)]
  0x00000186fe95c1b0 JavaThread "jar transforms" [_thread_blocked, id=4112, stack(0x0000001bb9100000,0x0000001bb9200000)]
  0x00000186fe95bca0 JavaThread "jar transforms Thread 2" [_thread_blocked, id=5904, stack(0x0000001bb9200000,0x0000001bb9300000)]
  0x00000186fe95e010 JavaThread "jar transforms Thread 3" [_thread_blocked, id=21028, stack(0x0000001bb9700000,0x0000001bb9800000)]
  0x00000186fe9570b0 JavaThread "jar transforms Thread 4" [_thread_blocked, id=1940, stack(0x0000001bb9800000,0x0000001bb9900000)]
  0x00000186fe957ad0 JavaThread "jar transforms Thread 5" [_thread_blocked, id=13424, stack(0x0000001bb9900000,0x0000001bb9a00000)]
  0x0000018681ba81c0 JavaThread "jar transforms Thread 6" [_thread_blocked, id=11852, stack(0x0000001bb9600000,0x0000001bb9700000)]
  0x0000018681ba86d0 JavaThread "Cache worker for kotlin-dsl (C:\Users\27439\.gradle\caches\8.2\kotlin-dsl)" [_thread_blocked, id=6488, stack(0x0000001bb9a00000,0x0000001bb9b00000)]
  0x0000018681ba6870 JavaThread "jar transforms Thread 7" [_thread_blocked, id=5340, stack(0x0000001bb9b00000,0x0000001bb9c00000)]
  0x0000018681baaf50 JavaThread "jar transforms Thread 8" [_thread_blocked, id=18280, stack(0x0000001bb9c00000,0x0000001bb9d00000)]
  0x0000018681ba5430 JavaThread "Unconstrained build operations" [_thread_blocked, id=14104, stack(0x0000001bb9d00000,0x0000001bb9e00000)]
  0x0000018681ba7cb0 JavaThread "Unconstrained build operations Thread 2" [_thread_blocked, id=400, stack(0x0000001bb9e00000,0x0000001bb9f00000)]
  0x0000018681ba77a0 JavaThread "jar transforms Thread 9" [_thread_blocked, id=3792, stack(0x0000001bb9f00000,0x0000001bba000000)]
  0x0000018681ba5940 JavaThread "jar transforms Thread 10" [_thread_blocked, id=20952, stack(0x0000001bba000000,0x0000001bba100000)]
  0x0000018681baa020 JavaThread "jar transforms Thread 11" [_thread_blocked, id=21004, stack(0x0000001bba100000,0x0000001bba200000)]
  0x0000018681ba8be0 JavaThread "jar transforms Thread 12" [_thread_blocked, id=9240, stack(0x0000001bba200000,0x0000001bba300000)]
  0x0000018681ba90f0 JavaThread "jar transforms Thread 13" [_thread_blocked, id=15160, stack(0x0000001bba300000,0x0000001bba400000)]
  0x0000018681ba9600 JavaThread "jar transforms Thread 14" [_thread_blocked, id=1844, stack(0x0000001bba400000,0x0000001bba500000)]
  0x0000018681ba4f20 JavaThread "Cache worker for dependencies-accessors (D:\Code\intellij\intellij-cangjie\.gradle\8.2\dependencies-accessors)" [_thread_blocked, id=19588, stack(0x0000001bba500000,0x0000001bba600000)]
  0x0000018681ba9b10 JavaThread "Cache worker for Build Output Cleanup Cache (D:\Code\intellij\intellij-cangjie\.gradle\buildOutputCleanup)" [_thread_blocked, id=19296, stack(0x0000001bba600000,0x0000001bba700000)]
  0x0000018681ba3ff0 JavaThread "jar transforms Thread 15" [_thread_blocked, id=4696, stack(0x0000001bba700000,0x0000001bba800000)]
  0x0000018681ba6d80 JavaThread "jar transforms Thread 16" [_thread_blocked, id=12128, stack(0x0000001bba800000,0x0000001bba900000)]
  0x0000018681ba4a10 JavaThread "Unconstrained build operations Thread 3" [_thread_blocked, id=19936, stack(0x0000001bba900000,0x0000001bbaa00000)]
  0x0000018681ba7290 JavaThread "Unconstrained build operations Thread 4" [_thread_blocked, id=12112, stack(0x0000001bbaa00000,0x0000001bbab00000)]
  0x0000018681baa530 JavaThread "Unconstrained build operations Thread 5" [_thread_blocked, id=15112, stack(0x0000001bbab00000,0x0000001bbac00000)]
  0x0000018681baaa40 JavaThread "Unconstrained build operations Thread 6" [_thread_blocked, id=7480, stack(0x0000001bbac00000,0x0000001bbad00000)]
  0x0000018681bab460 JavaThread "Unconstrained build operations Thread 7" [_thread_blocked, id=12108, stack(0x0000001bbad00000,0x0000001bbae00000)]
  0x0000018681bab970 JavaThread "Unconstrained build operations Thread 8" [_thread_blocked, id=12160, stack(0x0000001bbae00000,0x0000001bbaf00000)]
  0x0000018681ba5e50 JavaThread "Unconstrained build operations Thread 9" [_thread_blocked, id=12140, stack(0x0000001bbaf00000,0x0000001bbb000000)]
  0x0000018681ba4500 JavaThread "Unconstrained build operations Thread 10" [_thread_blocked, id=12104, stack(0x0000001bbb000000,0x0000001bbb100000)]
  0x0000018681ba6360 JavaThread "Unconstrained build operations Thread 11" [_thread_blocked, id=17732, stack(0x0000001bbb100000,0x0000001bbb200000)]
  0x00000186f8214410 JavaThread "Unconstrained build operations Thread 12" [_thread_blocked, id=12092, stack(0x0000001bbb200000,0x0000001bbb300000)]
  0x00000186f82134e0 JavaThread "Unconstrained build operations Thread 13" [_thread_blocked, id=12132, stack(0x0000001bbb300000,0x0000001bbb400000)]
  0x00000186fe9584f0 JavaThread "Unconstrained build operations Thread 14" [_thread_blocked, id=5452, stack(0x0000001bbb400000,0x0000001bbb500000)]
  0x0000018681f1d2d0 JavaThread "Unconstrained build operations Thread 15" [_thread_blocked, id=12928, stack(0x0000001bbb500000,0x0000001bbb600000)]
  0x0000018681f20f90 JavaThread "Unconstrained build operations Thread 16" [_thread_blocked, id=2296, stack(0x0000001bbb600000,0x0000001bbb700000)]
  0x0000018681f1d7e0 JavaThread "Unconstrained build operations Thread 17" [_thread_blocked, id=12096, stack(0x0000001bbb700000,0x0000001bbb800000)]
  0x0000018681f1fb50 JavaThread "build event listener" [_thread_blocked, id=21092, stack(0x0000001bbb800000,0x0000001bbb900000)]
  0x0000018681f1f130 JavaThread "Memory manager" [_thread_blocked, id=9004, stack(0x0000001bbb900000,0x0000001bbba00000)]
  0x0000018681f20570 JavaThread "Unconstrained build operations Thread 18" [_thread_blocked, id=3124, stack(0x0000001bb9500000,0x0000001bb9600000)]
  0x0000018681f1ec20 JavaThread "Unconstrained build operations Thread 19" [_thread_blocked, id=13420, stack(0x0000001bbba00000,0x0000001bbbb00000)]
  0x0000018681f20a80 JavaThread "Unconstrained build operations Thread 20" [_thread_blocked, id=10736, stack(0x0000001bbbb00000,0x0000001bbbc00000)]
  0x0000018681f1cdc0 JavaThread "Unconstrained build operations Thread 21" [_thread_blocked, id=5804, stack(0x0000001bbbc00000,0x0000001bbbd00000)]
  0x0000018681f1e710 JavaThread "Unconstrained build operations Thread 22" [_thread_blocked, id=3340, stack(0x0000001bbbd00000,0x0000001bbbe00000)]
  0x0000018681f23300 JavaThread "Unconstrained build operations Thread 23" [_thread_blocked, id=20760, stack(0x0000001bbbe00000,0x0000001bbbf00000)]
  0x0000018681f1e200 JavaThread "Unconstrained build operations Thread 24" [_thread_blocked, id=19328, stack(0x0000001bbbf00000,0x0000001bbc000000)]
  0x0000018681f214a0 JavaThread "Unconstrained build operations Thread 25" [_thread_blocked, id=14584, stack(0x0000001bbc000000,0x0000001bbc100000)]
  0x0000018681f219b0 JavaThread "Unconstrained build operations Thread 26" [_thread_blocked, id=3612, stack(0x0000001bbc100000,0x0000001bbc200000)]
  0x0000018681f21ec0 JavaThread "Unconstrained build operations Thread 27" [_thread_blocked, id=21044, stack(0x0000001bbc200000,0x0000001bbc300000)]
  0x0000018681f228e0 JavaThread "Unconstrained build operations Thread 28" [_thread_blocked, id=21280, stack(0x0000001bbc300000,0x0000001bbc400000)]
  0x0000018681f1dcf0 JavaThread "Unconstrained build operations Thread 29" [_thread_blocked, id=4352, stack(0x0000001bbc400000,0x0000001bbc500000)]
  0x0000018681f22df0 JavaThread "Unconstrained build operations Thread 30" [_thread_blocked, id=4784, stack(0x0000001bbc500000,0x0000001bbc600000)]
  0x000001868305c540 JavaThread "Unconstrained build operations Thread 31" [_thread_blocked, id=21452, stack(0x0000001bbc600000,0x0000001bbc700000)]
  0x000001868305de90 JavaThread "Unconstrained build operations Thread 32" [_thread_blocked, id=19384, stack(0x0000001bbc700000,0x0000001bbc800000)]
  0x000001868305a6e0 JavaThread "Unconstrained build operations Thread 33" [_thread_blocked, id=10012, stack(0x0000001bbc800000,0x0000001bbc900000)]
  0x000001868305ca50 JavaThread "Unconstrained build operations Thread 34" [_thread_blocked, id=20520, stack(0x0000001bbc900000,0x0000001bbca00000)]
  0x000001868305e3a0 JavaThread "Unconstrained build operations Thread 35" [_thread_blocked, id=3584, stack(0x0000001bbca00000,0x0000001bbcb00000)]
  0x000001868305d980 JavaThread "Exec process" [_thread_in_native, id=1588, stack(0x0000001bbcb00000,0x0000001bbcc00000)]
  0x000001868305e8b0 JavaThread "Exec process Thread 2" [_thread_in_native, id=19452, stack(0x0000001bbcc00000,0x0000001bbcd00000)]
  0x000001868305edc0 JavaThread "Exec process Thread 3" [_thread_in_native, id=21128, stack(0x0000001bbcd00000,0x0000001bbce00000)]
  0x00000186830592a0 JavaThread "Unconstrained build operations Thread 36" [_thread_blocked, id=16600, stack(0x0000001bb9400000,0x0000001bb9500000)]
  0x000001868305abf0 JavaThread "Unconstrained build operations Thread 37" [_thread_blocked, id=7832, stack(0x0000001bbce00000,0x0000001bbcf00000)]
  0x000001868305b100 JavaThread "Unconstrained build operations Thread 38" [_thread_blocked, id=3296, stack(0x0000001bbcf00000,0x0000001bbd000000)]
  0x000001868305f2d0 JavaThread "Unconstrained build operations Thread 39" [_thread_blocked, id=3308, stack(0x0000001bbd000000,0x0000001bbd100000)]
  0x00000186830597b0 JavaThread "Unconstrained build operations Thread 40" [_thread_blocked, id=10208, stack(0x0000001bbd100000,0x0000001bbd200000)]
  0x000001868305f7e0 JavaThread "Unconstrained build operations Thread 41" [_thread_blocked, id=18924, stack(0x0000001bbd200000,0x0000001bbd300000)]
  0x000001868305fcf0 JavaThread "Unconstrained build operations Thread 42" [_thread_blocked, id=19504, stack(0x0000001bbd300000,0x0000001bbd400000)]
  0x000001868305b610 JavaThread "Unconstrained build operations Thread 43" [_thread_blocked, id=3120, stack(0x0000001bbd400000,0x0000001bbd500000)]
  0x0000018683058880 JavaThread "Unconstrained build operations Thread 44" [_thread_blocked, id=10192, stack(0x0000001bbd500000,0x0000001bbd600000)]
  0x0000018683060200 JavaThread "Unconstrained build operations Thread 45" [_thread_blocked, id=18884, stack(0x0000001bbd600000,0x0000001bbd700000)]
  0x000001868305c030 JavaThread "Unconstrained build operations Thread 46" [_thread_blocked, id=16864, stack(0x0000001bbd700000,0x0000001bbd800000)]
  0x0000018683058d90 JavaThread "Unconstrained build operations Thread 47" [_thread_blocked, id=9884, stack(0x0000001bbd800000,0x0000001bbd900000)]
  0x0000018683059cc0 JavaThread "Unconstrained build operations Thread 48" [_thread_blocked, id=7620, stack(0x0000001bbd900000,0x0000001bbda00000)]
  0x000001868305a1d0 JavaThread "Unconstrained build operations Thread 49" [_thread_blocked, id=5156, stack(0x0000001bbda00000,0x0000001bbdb00000)]
  0x000001868305cf60 JavaThread "Unconstrained build operations Thread 50" [_thread_blocked, id=16544, stack(0x0000001bbdb00000,0x0000001bbdc00000)]
  0x000001868305bb20 JavaThread "Unconstrained build operations Thread 51" [_thread_blocked, id=21176, stack(0x0000001bbdc00000,0x0000001bbdd00000)]
  0x000001868304ca80 JavaThread "Unconstrained build operations Thread 52" [_thread_blocked, id=15480, stack(0x0000001bbdd00000,0x0000001bbde00000)]
  0x000001868304d4a0 JavaThread "Unconstrained build operations Thread 53" [_thread_blocked, id=9568, stack(0x0000001bbde00000,0x0000001bbdf00000)]
  0x000001868304d9b0 JavaThread "Unconstrained build operations Thread 54" [_thread_blocked, id=4088, stack(0x0000001bbdf00000,0x0000001bbe000000)]
  0x000001868304edf0 JavaThread "Unconstrained build operations Thread 55" [_thread_blocked, id=4220, stack(0x0000001bbe000000,0x0000001bbe100000)]
  0x0000018683050230 JavaThread "Unconstrained build operations Thread 56" [_thread_blocked, id=10308, stack(0x0000001bbe100000,0x0000001bbe200000)]
  0x000001868304ac20 JavaThread "Unconstrained build operations Thread 57" [_thread_blocked, id=15448, stack(0x0000001bbe200000,0x0000001bbe300000)]
  0x0000018683051670 JavaThread "Unconstrained build operations Thread 58" [_thread_blocked, id=11516, stack(0x0000001bbe300000,0x0000001bbe400000)]
  0x000001868304e3d0 JavaThread "Unconstrained build operations Thread 59" [_thread_blocked, id=18228, stack(0x0000001bbe400000,0x0000001bbe500000)]
  0x000001868304dec0 JavaThread "Unconstrained build operations Thread 60" [_thread_blocked, id=14524, stack(0x0000001bbe500000,0x0000001bbe600000)]
  0x000001868304b130 JavaThread "Unconstrained build operations Thread 61" [_thread_blocked, id=11868, stack(0x0000001bbe600000,0x0000001bbe700000)]
  0x000001868304e8e0 JavaThread "Unconstrained build operations Thread 62" [_thread_blocked, id=16908, stack(0x0000001bbe700000,0x0000001bbe800000)]
  0x0000018683051160 JavaThread "Unconstrained build operations Thread 63" [_thread_blocked, id=10728, stack(0x0000001bbe800000,0x0000001bbe900000)]
  0x000001868304b640 JavaThread "Unconstrained build operations Thread 64" [_thread_blocked, id=19500, stack(0x0000001bbe900000,0x0000001bbea00000)]
  0x000001868304a200 JavaThread "Unconstrained build operations Thread 65" [_thread_blocked, id=21300, stack(0x0000001bbea00000,0x0000001bbeb00000)]
  0x000001868304fd20 JavaThread "Unconstrained build operations Thread 66" [_thread_blocked, id=20924, stack(0x0000001bbeb00000,0x0000001bbec00000)]
  0x0000018683050740 JavaThread "Unconstrained build operations Thread 67" [_thread_blocked, id=6892, stack(0x0000001bbec00000,0x0000001bbed00000)]
  0x0000018683051b80 JavaThread "Unconstrained build operations Thread 68" [_thread_blocked, id=16456, stack(0x0000001bbee00000,0x0000001bbef00000)]
  0x000001868304a710 JavaThread "Unconstrained build operations Thread 69" [_thread_blocked, id=20704, stack(0x0000001bbef00000,0x0000001bbf000000)]
  0x000001868304c570 JavaThread "Unconstrained build operations Thread 70" [_thread_blocked, id=5084, stack(0x0000001bbf000000,0x0000001bbf100000)]
  0x000001868304bb50 JavaThread "Unconstrained build operations Thread 71" [_thread_blocked, id=3240, stack(0x0000001bbf100000,0x0000001bbf200000)]
  0x000001868304cf90 JavaThread "Unconstrained build operations Thread 72" [_thread_blocked, id=18536, stack(0x0000001bbf200000,0x0000001bbf300000)]
  0x000001868305d470 JavaThread "Unconstrained build operations Thread 73" [_thread_blocked, id=20780, stack(0x0000001bbf300000,0x0000001bbf400000)]
  0x0000018685f47190 JavaThread "Unconstrained build operations Thread 74" [_thread_blocked, id=19552, stack(0x0000001bbf400000,0x0000001bbf500000)]
  0x0000018685f485d0 JavaThread "Unconstrained build operations Thread 75" [_thread_blocked, id=12788, stack(0x0000001bbf500000,0x0000001bbf600000)]
  0x0000018685f48ae0 JavaThread "included builds" [_thread_blocked, id=9904, stack(0x0000001bbf800000,0x0000001bbf900000)]
  0x0000018685f42ab0 JavaThread "Execution worker" [_thread_blocked, id=6392, stack(0x0000001bbf900000,0x0000001bbfa00000)]
  0x0000018685f46260 JavaThread "Execution worker Thread 2" [_thread_blocked, id=2536, stack(0x0000001bbfa00000,0x0000001bbfb00000)]
  0x0000018685f48ff0 JavaThread "Execution worker Thread 3" [_thread_blocked, id=3264, stack(0x0000001bbfb00000,0x0000001bbfc00000)]
  0x0000018685f45840 JavaThread "Execution worker Thread 4" [_thread_blocked, id=7192, stack(0x0000001bbfc00000,0x0000001bbfd00000)]
  0x0000018685f49a10 JavaThread "Execution worker Thread 5" [_thread_blocked, id=4756, stack(0x0000001bbfd00000,0x0000001bbfe00000)]
  0x0000018685f480c0 JavaThread "Execution worker Thread 6" [_thread_blocked, id=15804, stack(0x0000001bbfe00000,0x0000001bbff00000)]
  0x0000018685f476a0 JavaThread "Execution worker Thread 7" [_thread_blocked, id=5772, stack(0x0000001bbff00000,0x0000001bc0000000)]
  0x0000018685f47bb0 JavaThread "Execution worker Thread 8" [_thread_blocked, id=3836, stack(0x0000001bc0000000,0x0000001bc0100000)]
  0x0000018685f439e0 JavaThread "Execution worker Thread 9" [_thread_blocked, id=20976, stack(0x0000001bc0100000,0x0000001bc0200000)]
  0x0000018685f425a0 JavaThread "Execution worker Thread 10" [_thread_blocked, id=2704, stack(0x0000001bc0200000,0x0000001bc0300000)]
  0x0000018685f49500 JavaThread "Execution worker Thread 11" [_thread_blocked, id=19096, stack(0x0000001bc0300000,0x0000001bc0400000)]
  0x0000018685f42fc0 JavaThread "Execution worker Thread 12" [_thread_blocked, id=1148, stack(0x0000001bc0400000,0x0000001bc0500000)]
  0x0000018685f434d0 JavaThread "Execution worker Thread 13" [_thread_blocked, id=5136, stack(0x0000001bc0500000,0x0000001bc0600000)]
  0x0000018685f45d50 JavaThread "Execution worker Thread 14" [_thread_blocked, id=7468, stack(0x0000001bc0600000,0x0000001bc0700000)]
  0x0000018685f43ef0 JavaThread "Execution worker Thread 15" [_thread_blocked, id=21432, stack(0x0000001bc0700000,0x0000001bc0800000)]
  0x0000018685f46770 JavaThread "Cache worker for execution history cache (D:\Code\intellij\intellij-cangjie\.gradle\8.2\executionHistory)" [_thread_blocked, id=10660, stack(0x0000001bc0800000,0x0000001bc0900000)]
  0x0000018685f44910 JavaThread "Unconstrained build operations Thread 76" [_thread_blocked, id=10096, stack(0x0000001bc0900000,0x0000001bc0a00000)]
  0x0000018685f46c80 JavaThread "Unconstrained build operations Thread 77" [_thread_blocked, id=9468, stack(0x0000001bc0a00000,0x0000001bc0b00000)]
  0x0000018685f44e20 JavaThread "Unconstrained build operations Thread 78" [_thread_blocked, id=6576, stack(0x0000001bc0b00000,0x0000001bc0c00000)]
  0x0000018685f45330 JavaThread "Unconstrained build operations Thread 79" [_thread_blocked, id=17484, stack(0x0000001bc0c00000,0x0000001bc0d00000)]
  0x00000186863e76a0 JavaThread "Unconstrained build operations Thread 80" [_thread_blocked, id=3344, stack(0x0000001bc0d00000,0x0000001bc0e00000)]
  0x00000186863e7bb0 JavaThread "Unconstrained build operations Thread 81" [_thread_blocked, id=3560, stack(0x0000001bc0e00000,0x0000001bc0f00000)]
  0x00000186863e39e0 JavaThread "Unconstrained build operations Thread 82" [_thread_blocked, id=20492, stack(0x0000001bc0f00000,0x0000001bc1000000)]
  0x00000186863e3ef0 JavaThread "Unconstrained build operations Thread 83" [_thread_blocked, id=19232, stack(0x0000001bc1000000,0x0000001bc1100000)]
  0x00000186863e6260 JavaThread "Unconstrained build operations Thread 84" [_thread_blocked, id=11248, stack(0x0000001bc1100000,0x0000001bc1200000)]
  0x00000186863e9a10 JavaThread "Unconstrained build operations Thread 85" [_thread_blocked, id=1892, stack(0x0000001bc1200000,0x0000001bc1300000)]
  0x00000186863e4e20 JavaThread "Unconstrained build operations Thread 86" [_thread_blocked, id=2684, stack(0x0000001bc1300000,0x0000001bc1400000)]
  0x000001868d409980 JavaThread "C1 CompilerThread1" daemon [_thread_blocked, id=9236, stack(0x0000001bb6600000,0x0000001bb6700000)]

Other Threads:
  0x00000186f7bc8640 VMThread "VM Thread" [stack: 0x0000001bb5900000,0x0000001bb5a00000] [id=2980]
  0x00000186f86c4c20 WatcherThread [stack: 0x0000001bb6c00000,0x0000001bb6d00000] [id=21068]
  0x00000186dab8eaa0 GCTaskThread "GC Thread#0" [stack: 0x0000001bb5400000,0x0000001bb5500000] [id=14844]
  0x00000186fdee7c30 GCTaskThread "GC Thread#1" [stack: 0x0000001bb6e00000,0x0000001bb6f00000] [id=21288]
  0x00000186fda941a0 GCTaskThread "GC Thread#2" [stack: 0x0000001bb6f00000,0x0000001bb7000000] [id=10500]
  0x00000186fd699fa0 GCTaskThread "GC Thread#3" [stack: 0x0000001bb7000000,0x0000001bb7100000] [id=19496]
  0x00000186fd6f3940 GCTaskThread "GC Thread#4" [stack: 0x0000001bb7100000,0x0000001bb7200000] [id=4712]
  0x00000186fd6f3c00 GCTaskThread "GC Thread#5" [stack: 0x0000001bb7200000,0x0000001bb7300000] [id=5524]
  0x00000186fd6f3680 GCTaskThread "GC Thread#6" [stack: 0x0000001bb7300000,0x0000001bb7400000] [id=7324]
  0x00000186fd6f3ec0 GCTaskThread "GC Thread#7" [stack: 0x0000001bb7400000,0x0000001bb7500000] [id=5328]
  0x00000186fd6f4180 GCTaskThread "GC Thread#8" [stack: 0x0000001bb7500000,0x0000001bb7600000] [id=8344]
  0x00000186fd6f33c0 GCTaskThread "GC Thread#9" [stack: 0x0000001bb7600000,0x0000001bb7700000] [id=20136]
  0x00000186fd6f3100 GCTaskThread "GC Thread#10" [stack: 0x0000001bb8100000,0x0000001bb8200000] [id=4936]
  0x00000186fd6f2b80 GCTaskThread "GC Thread#11" [stack: 0x0000001bb8200000,0x0000001bb8300000] [id=11064]
  0x00000186fd6f2e40 GCTaskThread "GC Thread#12" [stack: 0x0000001bb8300000,0x0000001bb8400000] [id=3224]
  0x00000186dab9b9f0 ConcurrentGCThread "G1 Main Marker" [stack: 0x0000001bb5500000,0x0000001bb5600000] [id=11312]
  0x00000186dab9c410 ConcurrentGCThread "G1 Conc#0" [stack: 0x0000001bb5600000,0x0000001bb5700000] [id=21140]
  0x00000186fe984e50 ConcurrentGCThread "G1 Conc#1" [stack: 0x0000001bb8400000,0x0000001bb8500000] [id=9680]
  0x00000186fe9874d0 ConcurrentGCThread "G1 Conc#2" [stack: 0x0000001bb8500000,0x0000001bb8600000] [id=16284]
  0x00000186dabde8f0 ConcurrentGCThread "G1 Refine#0" [stack: 0x0000001bb5700000,0x0000001bb5800000] [id=3080]
  0x00000186f7a86370 ConcurrentGCThread "G1 Service" [stack: 0x0000001bb5800000,0x0000001bb5900000] [id=15372]

Threads with active compile tasks:
C2 CompilerThread0    19965 14868       4       java.lang.reflect.AccessibleObject::checkCanSetAccessible (368 bytes)

VM state: not at safepoint (normal execution)

VM Mutex/Monitor currently owned by a thread: None

Heap address: 0x0000000740000000, size: 3072 MB, Compressed Oops mode: Zero based, Oop shift amount: 3

CDS archive(s) not mapped
Compressed class space mapped at: 0x0000000800000000-0x0000000840000000, reserved size: 1073741824
Narrow klass base: 0x0000000800000000, Narrow klass shift: 0, Narrow klass range: 0x40000000

GC Precious Log:
 CPUs: 16 total, 16 available
 Memory: 15613M
 Large Page Support: Disabled
 NUMA Support: Disabled
 Compressed Oops: Enabled (Zero based)
 Heap Region Size: 2M
 Heap Min Capacity: 8M
 Heap Initial Capacity: 244M
 Heap Max Capacity: 3G
 Pre-touch: Disabled
 Parallel Workers: 13
 Concurrent Workers: 3
 Concurrent Refinement Workers: 13
 Periodic GC: Disabled

Heap:
 garbage-first heap   total 245760K, used 182936K [0x0000000740000000, 0x0000000800000000)
  region size 2048K, 35 young (71680K), 2 survivors (4096K)
 Metaspace       used 98532K, committed 99392K, reserved 1179648K
  class space    used 13170K, committed 13568K, reserved 1048576K

Heap Regions: E=young(eden), S=young(survivor), O=old, HS=humongous(starts), HC=humongous(continues), CS=collection set, F=free, OA=open archive, CA=closed archive, TAMS=top-at-mark-start (previous, next)
|   0|0x0000000740000000, 0x0000000740200000, 0x0000000740200000|100%|HS|  |TAMS 0x0000000740200000, 0x0000000740000000| Complete 
|   1|0x0000000740200000, 0x0000000740400000, 0x0000000740400000|100%|HC|  |TAMS 0x0000000740400000, 0x0000000740200000| Complete 
|   2|0x0000000740400000, 0x0000000740600000, 0x0000000740600000|100%| O|  |TAMS 0x0000000740600000, 0x0000000740400000| Untracked 
|   3|0x0000000740600000, 0x0000000740800000, 0x0000000740800000|100%| O|  |TAMS 0x0000000740800000, 0x0000000740600000| Untracked 
|   4|0x0000000740800000, 0x00000007409f8e00, 0x0000000740a00000| 98%| O|  |TAMS 0x00000007409f8e00, 0x0000000740800000| Untracked 
|   5|0x0000000740a00000, 0x0000000740c00000, 0x0000000740c00000|100%| O|  |TAMS 0x0000000740c00000, 0x0000000740a00000| Untracked 
|   6|0x0000000740c00000, 0x0000000740e00000, 0x0000000740e00000|100%| O|  |TAMS 0x0000000740e00000, 0x0000000740c00000| Untracked 
|   7|0x0000000740e00000, 0x0000000741000000, 0x0000000741000000|100%| O|  |TAMS 0x0000000741000000, 0x0000000740e00000| Untracked 
|   8|0x0000000741000000, 0x0000000741200000, 0x0000000741200000|100%| O|  |TAMS 0x0000000741200000, 0x0000000741000000| Untracked 
|   9|0x0000000741200000, 0x0000000741400000, 0x0000000741400000|100%| O|  |TAMS 0x0000000741400000, 0x0000000741200000| Untracked 
|  10|0x0000000741400000, 0x0000000741600000, 0x0000000741600000|100%| O|  |TAMS 0x0000000741600000, 0x0000000741400000| Untracked 
|  11|0x0000000741600000, 0x0000000741800000, 0x0000000741800000|100%| O|  |TAMS 0x0000000741800000, 0x0000000741600000| Untracked 
|  12|0x0000000741800000, 0x0000000741a00000, 0x0000000741a00000|100%| O|  |TAMS 0x0000000741a00000, 0x0000000741800000| Untracked 
|  13|0x0000000741a00000, 0x0000000741c00000, 0x0000000741c00000|100%| O|  |TAMS 0x0000000741c00000, 0x0000000741a00000| Untracked 
|  14|0x0000000741c00000, 0x0000000741e00000, 0x0000000741e00000|100%| O|  |TAMS 0x0000000741e00000, 0x0000000741c00000| Untracked 
|  15|0x0000000741e00000, 0x0000000742000000, 0x0000000742000000|100%| O|  |TAMS 0x0000000742000000, 0x0000000741e00000| Untracked 
|  16|0x0000000742000000, 0x0000000742200000, 0x0000000742200000|100%| O|  |TAMS 0x0000000742200000, 0x0000000742000000| Untracked 
|  17|0x0000000742200000, 0x0000000742400000, 0x0000000742400000|100%| O|  |TAMS 0x0000000742400000, 0x0000000742200000| Untracked 
|  18|0x0000000742400000, 0x0000000742600000, 0x0000000742600000|100%| O|  |TAMS 0x0000000742600000, 0x0000000742400000| Untracked 
|  19|0x0000000742600000, 0x0000000742800000, 0x0000000742800000|100%| O|  |TAMS 0x0000000742800000, 0x0000000742600000| Untracked 
|  20|0x0000000742800000, 0x0000000742a00000, 0x0000000742a00000|100%|HS|  |TAMS 0x0000000742a00000, 0x0000000742800000| Complete 
|  21|0x0000000742a00000, 0x0000000742c00000, 0x0000000742c00000|100%|HS|  |TAMS 0x0000000742c00000, 0x0000000742a00000| Complete 
|  22|0x0000000742c00000, 0x0000000742e00000, 0x0000000742e00000|100%|HS|  |TAMS 0x0000000742e00000, 0x0000000742c00000| Complete 
|  23|0x0000000742e00000, 0x0000000743000000, 0x0000000743000000|100%|HC|  |TAMS 0x0000000743000000, 0x0000000742e00000| Complete 
|  24|0x0000000743000000, 0x0000000743200000, 0x0000000743200000|100%|HS|  |TAMS 0x0000000743200000, 0x0000000743000000| Complete 
|  25|0x0000000743200000, 0x0000000743400000, 0x0000000743400000|100%|HC|  |TAMS 0x0000000743400000, 0x0000000743200000| Complete 
|  26|0x0000000743400000, 0x0000000743600000, 0x0000000743600000|100%| O|  |TAMS 0x0000000743600000, 0x0000000743400000| Untracked 
|  27|0x0000000743600000, 0x0000000743800000, 0x0000000743800000|100%| O|  |TAMS 0x0000000743800000, 0x0000000743600000| Untracked 
|  28|0x0000000743800000, 0x0000000743a00000, 0x0000000743a00000|100%| O|  |TAMS 0x0000000743a00000, 0x0000000743800000| Untracked 
|  29|0x0000000743a00000, 0x0000000743c00000, 0x0000000743c00000|100%| O|  |TAMS 0x0000000743c00000, 0x0000000743a00000| Untracked 
|  30|0x0000000743c00000, 0x0000000743e00000, 0x0000000743e00000|100%| O|  |TAMS 0x0000000743e00000, 0x0000000743c00000| Untracked 
|  31|0x0000000743e00000, 0x0000000744000000, 0x0000000744000000|100%| O|  |TAMS 0x0000000744000000, 0x0000000743e00000| Untracked 
|  32|0x0000000744000000, 0x0000000744200000, 0x0000000744200000|100%| O|  |TAMS 0x0000000744200000, 0x0000000744000000| Untracked 
|  33|0x0000000744200000, 0x0000000744400000, 0x0000000744400000|100%| O|  |TAMS 0x0000000744400000, 0x0000000744200000| Untracked 
|  34|0x0000000744400000, 0x0000000744600000, 0x0000000744600000|100%| O|  |TAMS 0x0000000744600000, 0x0000000744400000| Untracked 
|  35|0x0000000744600000, 0x0000000744800000, 0x0000000744800000|100%| O|  |TAMS 0x0000000744800000, 0x0000000744600000| Untracked 
|  36|0x0000000744800000, 0x0000000744a00000, 0x0000000744a00000|100%| O|  |TAMS 0x0000000744a00000, 0x0000000744800000| Untracked 
|  37|0x0000000744a00000, 0x0000000744c00000, 0x0000000744c00000|100%| O|  |TAMS 0x0000000744c00000, 0x0000000744a00000| Untracked 
|  38|0x0000000744c00000, 0x0000000744e00000, 0x0000000744e00000|100%| O|  |TAMS 0x0000000744e00000, 0x0000000744c00000| Untracked 
|  39|0x0000000744e00000, 0x0000000745000000, 0x0000000745000000|100%| O|  |TAMS 0x0000000745000000, 0x0000000744e00000| Untracked 
|  40|0x0000000745000000, 0x0000000745200000, 0x0000000745200000|100%| O|  |TAMS 0x0000000745200000, 0x0000000745000000| Untracked 
|  41|0x0000000745200000, 0x0000000745400000, 0x0000000745400000|100%| O|  |TAMS 0x0000000745400000, 0x0000000745200000| Untracked 
|  42|0x0000000745400000, 0x0000000745600000, 0x0000000745600000|100%| O|  |TAMS 0x0000000745600000, 0x0000000745400000| Untracked 
|  43|0x0000000745600000, 0x0000000745800000, 0x0000000745800000|100%| O|  |TAMS 0x0000000745800000, 0x0000000745600000| Untracked 
|  44|0x0000000745800000, 0x0000000745a00000, 0x0000000745a00000|100%| O|  |TAMS 0x0000000745a00000, 0x0000000745800000| Untracked 
|  45|0x0000000745a00000, 0x0000000745c00000, 0x0000000745c00000|100%| O|  |TAMS 0x0000000745c00000, 0x0000000745a00000| Untracked 
|  46|0x0000000745c00000, 0x0000000745e00000, 0x0000000745e00000|100%| O|  |TAMS 0x0000000745e00000, 0x0000000745c00000| Untracked 
|  47|0x0000000745e00000, 0x0000000746000000, 0x0000000746000000|100%| O|  |TAMS 0x0000000746000000, 0x0000000745e00000| Untracked 
|  48|0x0000000746000000, 0x0000000746200000, 0x0000000746200000|100%| O|  |TAMS 0x0000000746200000, 0x0000000746000000| Untracked 
|  49|0x0000000746200000, 0x0000000746400000, 0x0000000746400000|100%| O|  |TAMS 0x0000000746400000, 0x0000000746200000| Untracked 
|  50|0x0000000746400000, 0x0000000746600000, 0x0000000746600000|100%| O|  |TAMS 0x0000000746600000, 0x0000000746400000| Untracked 
|  51|0x0000000746600000, 0x0000000746800000, 0x0000000746800000|100%| O|  |TAMS 0x00000007466c5000, 0x0000000746600000| Untracked 
|  52|0x0000000746800000, 0x0000000746a00000, 0x0000000746a00000|100%| O|  |TAMS 0x0000000746a00000, 0x0000000746800000| Untracked 
|  53|0x0000000746a00000, 0x0000000746c00000, 0x0000000746c00000|100%| O|  |TAMS 0x0000000746c00000, 0x0000000746a00000| Untracked 
|  54|0x0000000746c00000, 0x0000000746e00000, 0x0000000746e00000|100%| O|  |TAMS 0x0000000746c00000, 0x0000000746c00000| Untracked 
|  55|0x0000000746e00000, 0x0000000746f8fc00, 0x0000000747000000| 78%| O|  |TAMS 0x0000000746e00000, 0x0000000746e00000| Untracked 
|  56|0x0000000747000000, 0x0000000747000000, 0x0000000747200000|  0%| F|  |TAMS 0x0000000747000000, 0x0000000747000000| Untracked 
|  57|0x0000000747200000, 0x0000000747200000, 0x0000000747400000|  0%| F|  |TAMS 0x0000000747200000, 0x0000000747200000| Untracked 
|  58|0x0000000747400000, 0x0000000747400000, 0x0000000747600000|  0%| F|  |TAMS 0x0000000747400000, 0x0000000747400000| Untracked 
|  59|0x0000000747600000, 0x0000000747600000, 0x0000000747800000|  0%| F|  |TAMS 0x0000000747600000, 0x0000000747600000| Untracked 
|  60|0x0000000747800000, 0x0000000747800000, 0x0000000747a00000|  0%| F|  |TAMS 0x0000000747800000, 0x0000000747800000| Untracked 
|  61|0x0000000747a00000, 0x0000000747a00000, 0x0000000747c00000|  0%| F|  |TAMS 0x0000000747a00000, 0x0000000747a00000| Untracked 
|  62|0x0000000747c00000, 0x0000000747c00000, 0x0000000747e00000|  0%| F|  |TAMS 0x0000000747c00000, 0x0000000747c00000| Untracked 
|  63|0x0000000747e00000, 0x0000000747e00000, 0x0000000748000000|  0%| F|  |TAMS 0x0000000747e00000, 0x0000000747e00000| Untracked 
|  64|0x0000000748000000, 0x0000000748000000, 0x0000000748200000|  0%| F|  |TAMS 0x0000000748000000, 0x0000000748000000| Untracked 
|  65|0x0000000748200000, 0x0000000748200000, 0x0000000748400000|  0%| F|  |TAMS 0x0000000748200000, 0x0000000748200000| Untracked 
|  66|0x0000000748400000, 0x0000000748400000, 0x0000000748600000|  0%| F|  |TAMS 0x0000000748400000, 0x0000000748400000| Untracked 
|  67|0x0000000748600000, 0x0000000748600000, 0x0000000748800000|  0%| F|  |TAMS 0x0000000748600000, 0x0000000748600000| Untracked 
|  68|0x0000000748800000, 0x0000000748800000, 0x0000000748a00000|  0%| F|  |TAMS 0x0000000748800000, 0x0000000748800000| Untracked 
|  69|0x0000000748a00000, 0x0000000748a00000, 0x0000000748c00000|  0%| F|  |TAMS 0x0000000748a00000, 0x0000000748a00000| Untracked 
|  70|0x0000000748c00000, 0x0000000748c00000, 0x0000000748e00000|  0%| F|  |TAMS 0x0000000748c00000, 0x0000000748c00000| Untracked 
|  71|0x0000000748e00000, 0x0000000748e00000, 0x0000000749000000|  0%| F|  |TAMS 0x0000000748e00000, 0x0000000748e00000| Untracked 
|  72|0x0000000749000000, 0x0000000749000000, 0x0000000749200000|  0%| F|  |TAMS 0x0000000749000000, 0x0000000749000000| Untracked 
|  73|0x0000000749200000, 0x0000000749200000, 0x0000000749400000|  0%| F|  |TAMS 0x0000000749200000, 0x0000000749200000| Untracked 
|  74|0x0000000749400000, 0x0000000749400000, 0x0000000749600000|  0%| F|  |TAMS 0x0000000749400000, 0x0000000749400000| Untracked 
|  75|0x0000000749600000, 0x000000074971d848, 0x0000000749800000| 55%| S|CS|TAMS 0x0000000749600000, 0x0000000749600000| Complete 
|  76|0x0000000749800000, 0x0000000749a00000, 0x0000000749a00000|100%| S|CS|TAMS 0x0000000749800000, 0x0000000749800000| Complete 
|  77|0x0000000749a00000, 0x0000000749a00000, 0x0000000749c00000|  0%| F|  |TAMS 0x0000000749a00000, 0x0000000749a00000| Untracked 
|  78|0x0000000749c00000, 0x0000000749c00000, 0x0000000749e00000|  0%| F|  |TAMS 0x0000000749c00000, 0x0000000749c00000| Untracked 
|  79|0x0000000749e00000, 0x0000000749e00000, 0x000000074a000000|  0%| F|  |TAMS 0x0000000749e00000, 0x0000000749e00000| Untracked 
|  80|0x000000074a000000, 0x000000074a000000, 0x000000074a200000|  0%| F|  |TAMS 0x000000074a000000, 0x000000074a000000| Untracked 
|  81|0x000000074a200000, 0x000000074a200000, 0x000000074a400000|  0%| F|  |TAMS 0x000000074a200000, 0x000000074a200000| Untracked 
|  82|0x000000074a400000, 0x000000074a400000, 0x000000074a600000|  0%| F|  |TAMS 0x000000074a400000, 0x000000074a400000| Untracked 
|  83|0x000000074a600000, 0x000000074a600000, 0x000000074a800000|  0%| F|  |TAMS 0x000000074a600000, 0x000000074a600000| Untracked 
|  84|0x000000074a800000, 0x000000074a800000, 0x000000074aa00000|  0%| F|  |TAMS 0x000000074a800000, 0x000000074a800000| Untracked 
|  85|0x000000074aa00000, 0x000000074aa00000, 0x000000074ac00000|  0%| F|  |TAMS 0x000000074aa00000, 0x000000074aa00000| Untracked 
|  86|0x000000074ac00000, 0x000000074ac00000, 0x000000074ae00000|  0%| F|  |TAMS 0x000000074ac00000, 0x000000074ac00000| Untracked 
|  87|0x000000074ae00000, 0x000000074afa9ba0, 0x000000074b000000| 83%| E|  |TAMS 0x000000074ae00000, 0x000000074ae00000| Complete 
|  88|0x000000074b000000, 0x000000074b200000, 0x000000074b200000|100%| E|CS|TAMS 0x000000074b000000, 0x000000074b000000| Complete 
|  89|0x000000074b200000, 0x000000074b400000, 0x000000074b400000|100%| E|CS|TAMS 0x000000074b200000, 0x000000074b200000| Complete 
|  90|0x000000074b400000, 0x000000074b600000, 0x000000074b600000|100%| E|CS|TAMS 0x000000074b400000, 0x000000074b400000| Complete 
|  91|0x000000074b600000, 0x000000074b800000, 0x000000074b800000|100%| E|CS|TAMS 0x000000074b600000, 0x000000074b600000| Complete 
|  92|0x000000074b800000, 0x000000074ba00000, 0x000000074ba00000|100%| E|CS|TAMS 0x000000074b800000, 0x000000074b800000| Complete 
|  93|0x000000074ba00000, 0x000000074bc00000, 0x000000074bc00000|100%| E|CS|TAMS 0x000000074ba00000, 0x000000074ba00000| Complete 
|  94|0x000000074bc00000, 0x000000074be00000, 0x000000074be00000|100%| E|CS|TAMS 0x000000074bc00000, 0x000000074bc00000| Complete 
|  95|0x000000074be00000, 0x000000074c000000, 0x000000074c000000|100%| E|CS|TAMS 0x000000074be00000, 0x000000074be00000| Complete 
|  96|0x000000074c000000, 0x000000074c200000, 0x000000074c200000|100%| E|CS|TAMS 0x000000074c000000, 0x000000074c000000| Complete 
|  97|0x000000074c200000, 0x000000074c400000, 0x000000074c400000|100%| E|CS|TAMS 0x000000074c200000, 0x000000074c200000| Complete 
|  98|0x000000074c400000, 0x000000074c600000, 0x000000074c600000|100%| E|CS|TAMS 0x000000074c400000, 0x000000074c400000| Complete 
|  99|0x000000074c600000, 0x000000074c800000, 0x000000074c800000|100%| E|CS|TAMS 0x000000074c600000, 0x000000074c600000| Complete 
| 100|0x000000074c800000, 0x000000074ca00000, 0x000000074ca00000|100%| E|CS|TAMS 0x000000074c800000, 0x000000074c800000| Complete 
| 101|0x000000074ca00000, 0x000000074cc00000, 0x000000074cc00000|100%| E|CS|TAMS 0x000000074ca00000, 0x000000074ca00000| Complete 
| 102|0x000000074cc00000, 0x000000074ce00000, 0x000000074ce00000|100%| E|CS|TAMS 0x000000074cc00000, 0x000000074cc00000| Complete 
| 103|0x000000074ce00000, 0x000000074d000000, 0x000000074d000000|100%| E|CS|TAMS 0x000000074ce00000, 0x000000074ce00000| Complete 
| 104|0x000000074d000000, 0x000000074d200000, 0x000000074d200000|100%| E|CS|TAMS 0x000000074d000000, 0x000000074d000000| Complete 
| 105|0x000000074d200000, 0x000000074d400000, 0x000000074d400000|100%| E|CS|TAMS 0x000000074d200000, 0x000000074d200000| Complete 
| 106|0x000000074d400000, 0x000000074d600000, 0x000000074d600000|100%| E|CS|TAMS 0x000000074d400000, 0x000000074d400000| Complete 
| 107|0x000000074d600000, 0x000000074d800000, 0x000000074d800000|100%| E|CS|TAMS 0x000000074d600000, 0x000000074d600000| Complete 
| 108|0x000000074d800000, 0x000000074da00000, 0x000000074da00000|100%| E|CS|TAMS 0x000000074d800000, 0x000000074d800000| Complete 
| 109|0x000000074da00000, 0x000000074dc00000, 0x000000074dc00000|100%| E|CS|TAMS 0x000000074da00000, 0x000000074da00000| Complete 
| 110|0x000000074dc00000, 0x000000074de00000, 0x000000074de00000|100%| E|CS|TAMS 0x000000074dc00000, 0x000000074dc00000| Complete 
| 111|0x000000074de00000, 0x000000074e000000, 0x000000074e000000|100%| E|CS|TAMS 0x000000074de00000, 0x000000074de00000| Complete 
| 112|0x000000074e000000, 0x000000074e200000, 0x000000074e200000|100%| E|CS|TAMS 0x000000074e000000, 0x000000074e000000| Complete 
| 113|0x000000074e200000, 0x000000074e400000, 0x000000074e400000|100%| E|CS|TAMS 0x000000074e200000, 0x000000074e200000| Complete 
| 114|0x000000074e400000, 0x000000074e600000, 0x000000074e600000|100%| E|CS|TAMS 0x000000074e400000, 0x000000074e400000| Complete 
| 115|0x000000074e600000, 0x000000074e800000, 0x000000074e800000|100%| E|CS|TAMS 0x000000074e600000, 0x000000074e600000| Complete 
| 116|0x000000074e800000, 0x000000074ea00000, 0x000000074ea00000|100%| E|CS|TAMS 0x000000074e800000, 0x000000074e800000| Complete 
| 117|0x000000074ea00000, 0x000000074ec00000, 0x000000074ec00000|100%| E|CS|TAMS 0x000000074ea00000, 0x000000074ea00000| Complete 
| 118|0x000000074ec00000, 0x000000074ee00000, 0x000000074ee00000|100%| E|CS|TAMS 0x000000074ec00000, 0x000000074ec00000| Complete 
| 121|0x000000074f200000, 0x000000074f400000, 0x000000074f400000|100%| E|CS|TAMS 0x000000074f200000, 0x000000074f200000| Complete 

Card table byte_map: [0x00000186ee550000,0x00000186eeb50000] _byte_map_base: 0x00000186eab50000

Marking Bits (Prev, Next): (CMBitMap*) 0x00000186dab8f0c0, (CMBitMap*) 0x00000186dab8f100
 Prev Bits: [0x00000186ef150000, 0x00000186f2150000)
 Next Bits: [0x00000186f2150000, 0x00000186f5150000)

Polling page: 0x00000186da2e0000

Metaspace:

Usage:
  Non-class:     83.36 MB used.
      Class:     12.86 MB used.
       Both:     96.22 MB used.

Virtual space:
  Non-class space:      128.00 MB reserved,      83.81 MB ( 65%) committed,  2 nodes.
      Class space:        1.00 GB reserved,      13.25 MB (  1%) committed,  1 nodes.
             Both:        1.12 GB reserved,      97.06 MB (  8%) committed. 

Chunk freelists:
   Non-Class:  11.52 MB
       Class:  2.75 MB
        Both:  14.26 MB

MaxMetaspaceSize: unlimited
CompressedClassSpaceSize: 1.00 GB
Initial GC threshold: 21.00 MB
Current GC threshold: 160.56 MB
CDS: off
MetaspaceReclaimPolicy: balanced
 - commit_granule_bytes: 65536.
 - commit_granule_words: 8192.
 - virtual_space_node_default_size: 8388608.
 - enlarge_chunks_in_place: 1.
 - new_chunks_are_fully_committed: 0.
 - uncommit_free_chunks: 1.
 - use_allocation_guard: 0.
 - handle_deallocations: 1.


Internal statistics:

num_allocs_failed_limit: 9.
num_arena_births: 1200.
num_arena_deaths: 0.
num_vsnodes_births: 3.
num_vsnodes_deaths: 0.
num_space_committed: 1553.
num_space_uncommitted: 0.
num_chunks_returned_to_freelist: 9.
num_chunks_taken_from_freelist: 4968.
num_chunk_merges: 9.
num_chunk_splits: 3215.
num_chunks_enlarged: 2017.
num_inconsistent_stats: 0.

CodeHeap 'non-profiled nmethods': size=119168Kb used=9819Kb max_used=9819Kb free=109348Kb
 bounds [0x00000186e6270000, 0x00000186e6c10000, 0x00000186ed6d0000]
CodeHeap 'profiled nmethods': size=119104Kb used=25852Kb max_used=25852Kb free=93251Kb
 bounds [0x00000186de6d0000, 0x00000186e0020000, 0x00000186e5b20000]
CodeHeap 'non-nmethods': size=7488Kb used=3042Kb max_used=4274Kb free=4445Kb
 bounds [0x00000186e5b20000, 0x00000186e5f60000, 0x00000186e6270000]
 total_blobs=13661 nmethods=12718 adapters=852
 compilation: enabled
              stopped_count=0, restarted_count=0
 full_count=0

Compilation events (20 events):
Event: 17.081 Thread 0x00000186f821a540 nmethod 14857 0x00000186e000ac90 code [0x00000186e000b000, 0x00000186e000c6b8]
Event: 17.958 Thread 0x000001868d409980 14859       3       org.gradle.internal.snapshot.AbstractListChildMap::invalidate (72 bytes)
Event: 17.958 Thread 0x00000186f821a540 14860       3       org.gradle.internal.snapshot.AbstractIncompleteFileSystemNode::invalidate (65 bytes)
Event: 17.958 Thread 0x000001868d4079a0 14861       3       org.gradle.internal.snapshot.AbstractIncompleteFileSystemNode$1::<init> (20 bytes)
Event: 17.958 Thread 0x000001868d4079a0 nmethod 14861 0x00000186e000ce10 code [0x00000186e000cfc0, 0x00000186e000d258]
Event: 17.958 Thread 0x000001868d4079a0 14862       3       org.gradle.internal.snapshot.AbstractInvalidateChildHandler::<init> (10 bytes)
Event: 17.958 Thread 0x000001868d4079a0 nmethod 14862 0x00000186e000d310 code [0x00000186e000d4a0, 0x00000186e000d658]
Event: 17.958 Thread 0x000001868d4079a0 14863       3       org.gradle.internal.snapshot.AbstractListChildMap$1::<init> (22 bytes)
Event: 17.958 Thread 0x000001868d4079a0 nmethod 14863 0x00000186e000d710 code [0x00000186e000d8c0, 0x00000186e000dbb8]
Event: 17.958 Thread 0x000001868d4079a0 14864       3       org.gradle.internal.snapshot.PartialDirectoryNode::withIncompleteChildren (2 bytes)
Event: 17.958 Thread 0x00000186f821a540 nmethod 14860 0x00000186e000dc90 code [0x00000186e000df40, 0x00000186e000ee48]
Event: 17.958 Thread 0x000001868d4079a0 nmethod 14864 0x00000186e000f290 code [0x00000186e000f420, 0x00000186e000f538]
Event: 17.958 Thread 0x000001868d4079a0 14865       3       org.gradle.internal.snapshot.ChildMap$Entry$$Lambda$401/0x00000008004c7188::get (10 bytes)
Event: 17.958 Thread 0x00000186f8219b80 14866       4       java.util.Optional::map (30 bytes)
Event: 17.959 Thread 0x000001868d4079a0 nmethod 14865 0x00000186e000f610 code [0x00000186e000f7c0, 0x00000186e000f9a8]
Event: 17.959 Thread 0x000001868d409980 nmethod 14859 0x00000186e000fa90 code [0x00000186e000fda0, 0x00000186e00112e8]
Event: 17.959 Thread 0x00000186f8219b80 nmethod 14866 0x00000186e6c06990 code [0x00000186e6c06b20, 0x00000186e6c06c58]
Event: 18.093 Thread 0x000001868d409980 14867       3       java.util.Collections$EmptyList::spliterator (4 bytes)
Event: 18.093 Thread 0x000001868d409980 nmethod 14867 0x00000186e0011a90 code [0x00000186e0011c20, 0x00000186e0011d98]
Event: 19.908 Thread 0x00000186f8219b80 14868       4       java.lang.reflect.AccessibleObject::checkCanSetAccessible (368 bytes)

GC Heap History (20 events):
Event: 10.003 GC heap before
{Heap before GC invocations=41 (full 0):
 garbage-first heap   total 147456K, used 120339K [0x0000000740000000, 0x0000000800000000)
  region size 2048K, 19 young (38912K), 1 survivors (2048K)
 Metaspace       used 92862K, committed 93632K, reserved 1179648K
  class space    used 12412K, committed 12800K, reserved 1048576K
}
Event: 10.006 GC heap after
{Heap after GC invocations=42 (full 0):
 garbage-first heap   total 147456K, used 86950K [0x0000000740000000, 0x0000000800000000)
  region size 2048K, 3 young (6144K), 3 survivors (6144K)
 Metaspace       used 92862K, committed 93632K, reserved 1179648K
  class space    used 12412K, committed 12800K, reserved 1048576K
}
Event: 10.282 GC heap before
{Heap before GC invocations=42 (full 0):
 garbage-first heap   total 147456K, used 119718K [0x0000000740000000, 0x0000000800000000)
  region size 2048K, 19 young (38912K), 3 survivors (6144K)
 Metaspace       used 93362K, committed 94144K, reserved 1179648K
  class space    used 12478K, committed 12864K, reserved 1048576K
}
Event: 10.285 GC heap after
{Heap after GC invocations=43 (full 0):
 garbage-first heap   total 147456K, used 88405K [0x0000000740000000, 0x0000000800000000)
  region size 2048K, 2 young (4096K), 2 survivors (4096K)
 Metaspace       used 93362K, committed 94144K, reserved 1179648K
  class space    used 12478K, committed 12864K, reserved 1048576K
}
Event: 10.747 GC heap before
{Heap before GC invocations=44 (full 0):
 garbage-first heap   total 161792K, used 119125K [0x0000000740000000, 0x0000000800000000)
  region size 2048K, 17 young (34816K), 2 survivors (4096K)
 Metaspace       used 95002K, committed 95808K, reserved 1179648K
  class space    used 12778K, committed 13184K, reserved 1048576K
}
Event: 10.750 GC heap after
{Heap after GC invocations=45 (full 0):
 garbage-first heap   total 161792K, used 92170K [0x0000000740000000, 0x0000000800000000)
  region size 2048K, 3 young (6144K), 3 survivors (6144K)
 Metaspace       used 95002K, committed 95808K, reserved 1179648K
  class space    used 12778K, committed 13184K, reserved 1048576K
}
Event: 11.107 GC heap before
{Heap before GC invocations=45 (full 0):
 garbage-first heap   total 161792K, used 129034K [0x0000000740000000, 0x0000000800000000)
  region size 2048K, 22 young (45056K), 3 survivors (6144K)
 Metaspace       used 95650K, committed 96448K, reserved 1179648K
  class space    used 12854K, committed 13248K, reserved 1048576K
}
Event: 11.113 GC heap after
{Heap after GC invocations=46 (full 0):
 garbage-first heap   total 161792K, used 98398K [0x0000000740000000, 0x0000000800000000)
  region size 2048K, 3 young (6144K), 3 survivors (6144K)
 Metaspace       used 95650K, committed 96448K, reserved 1179648K
  class space    used 12854K, committed 13248K, reserved 1048576K
}
Event: 11.332 GC heap before
{Heap before GC invocations=47 (full 0):
 garbage-first heap   total 178176K, used 131166K [0x0000000740000000, 0x0000000800000000)
  region size 2048K, 19 young (38912K), 3 survivors (6144K)
 Metaspace       used 95657K, committed 96448K, reserved 1179648K
  class space    used 12855K, committed 13248K, reserved 1048576K
}
Event: 11.335 GC heap after
{Heap after GC invocations=48 (full 0):
 garbage-first heap   total 178176K, used 100386K [0x0000000740000000, 0x0000000800000000)
  region size 2048K, 1 young (2048K), 1 survivors (2048K)
 Metaspace       used 95657K, committed 96448K, reserved 1179648K
  class space    used 12855K, committed 13248K, reserved 1048576K
}
Event: 11.576 GC heap before
{Heap before GC invocations=48 (full 0):
 garbage-first heap   total 178176K, used 141346K [0x0000000740000000, 0x0000000800000000)
  region size 2048K, 22 young (45056K), 1 survivors (2048K)
 Metaspace       used 95796K, committed 96640K, reserved 1179648K
  class space    used 12863K, committed 13248K, reserved 1048576K
}
Event: 11.579 GC heap after
{Heap after GC invocations=49 (full 0):
 garbage-first heap   total 178176K, used 103714K [0x0000000740000000, 0x0000000800000000)
  region size 2048K, 3 young (6144K), 3 survivors (6144K)
 Metaspace       used 95796K, committed 96640K, reserved 1179648K
  class space    used 12863K, committed 13248K, reserved 1048576K
}
Event: 12.037 GC heap before
{Heap before GC invocations=50 (full 0):
 garbage-first heap   total 204800K, used 146722K [0x0000000740000000, 0x0000000800000000)
  region size 2048K, 22 young (45056K), 3 survivors (6144K)
 Metaspace       used 96054K, committed 96832K, reserved 1179648K
  class space    used 12875K, committed 13248K, reserved 1048576K
}
Event: 12.042 GC heap after
{Heap after GC invocations=51 (full 0):
 garbage-first heap   total 204800K, used 108281K [0x0000000740000000, 0x0000000800000000)
  region size 2048K, 3 young (6144K), 3 survivors (6144K)
 Metaspace       used 96054K, committed 96832K, reserved 1179648K
  class space    used 12875K, committed 13248K, reserved 1048576K
}
Event: 13.099 GC heap before
{Heap before GC invocations=51 (full 0):
 garbage-first heap   total 204800K, used 161529K [0x0000000740000000, 0x0000000800000000)
  region size 2048K, 29 young (59392K), 3 survivors (6144K)
 Metaspace       used 97552K, committed 98368K, reserved 1179648K
  class space    used 13059K, committed 13440K, reserved 1048576K
}
Event: 13.104 GC heap after
{Heap after GC invocations=52 (full 0):
 garbage-first heap   total 204800K, used 113619K [0x0000000740000000, 0x0000000800000000)
  region size 2048K, 3 young (6144K), 3 survivors (6144K)
 Metaspace       used 97552K, committed 98368K, reserved 1179648K
  class space    used 13059K, committed 13440K, reserved 1048576K
}
Event: 13.931 GC heap before
{Heap before GC invocations=53 (full 0):
 garbage-first heap   total 204800K, used 164819K [0x0000000740000000, 0x0000000800000000)
  region size 2048K, 28 young (57344K), 3 survivors (6144K)
 Metaspace       used 97778K, committed 98624K, reserved 1179648K
  class space    used 13074K, committed 13440K, reserved 1048576K
}
Event: 13.935 GC heap after
{Heap after GC invocations=54 (full 0):
 garbage-first heap   total 204800K, used 115748K [0x0000000740000000, 0x0000000800000000)
  region size 2048K, 4 young (8192K), 4 survivors (8192K)
 Metaspace       used 97778K, committed 98624K, reserved 1179648K
  class space    used 13074K, committed 13440K, reserved 1048576K
}
Event: 14.211 GC heap before
{Heap before GC invocations=54 (full 0):
 garbage-first heap   total 204800K, used 162852K [0x0000000740000000, 0x0000000800000000)
  region size 2048K, 27 young (55296K), 4 survivors (8192K)
 Metaspace       used 97778K, committed 98624K, reserved 1179648K
  class space    used 13074K, committed 13440K, reserved 1048576K
}
Event: 14.214 GC heap after
{Heap after GC invocations=55 (full 0):
 garbage-first heap   total 245760K, used 117400K [0x0000000740000000, 0x0000000800000000)
  region size 2048K, 2 young (4096K), 2 survivors (4096K)
 Metaspace       used 97778K, committed 98624K, reserved 1179648K
  class space    used 13074K, committed 13440K, reserved 1048576K
}

Dll operation events (4 events):
Event: 0.007 Loaded shared library C:\Users\27439\.jdks\jbr-17.0.9\bin\java.dll
Event: 0.033 Loaded shared library C:\Users\27439\.jdks\jbr-17.0.9\bin\jsvml.dll
Event: 0.126 Loaded shared library C:\Users\27439\.jdks\jbr-17.0.9\bin\zip.dll
Event: 0.337 Loaded shared library C:\Users\27439\.jdks\jbr-17.0.9\bin\verify.dll

Deoptimization events (20 events):
Event: 14.707 Thread 0x0000018685f48ae0 DEOPT PACKING pc=0x00000186e64e9b6c sp=0x0000001bbf8f8a60
Event: 14.707 Thread 0x0000018685f48ae0 DEOPT UNPACKING pc=0x00000186e5b77143 sp=0x0000001bbf8f7f28 mode 1
Event: 14.707 Thread 0x0000018685f48ae0 DEOPT PACKING pc=0x00000186e64e9b6c sp=0x0000001bbf8f8b20
Event: 14.707 Thread 0x0000018685f48ae0 DEOPT UNPACKING pc=0x00000186e5b77143 sp=0x0000001bbf8f7fe8 mode 1
Event: 14.765 Thread 0x000001868305edc0 Uncommon trap: trap_request=0xffffffc6 fr.pc=0x00000186e67d0bf4 relative=0x0000000000000134
Event: 14.765 Thread 0x000001868305edc0 Uncommon trap: reason=bimorphic_or_optimized_type_check action=maybe_recompile pc=0x00000186e67d0bf4 method=org.gradle.internal.logging.sink.OutputEventRenderer.onOutput(Lorg/gradle/internal/logging/events/OutputEvent;)V @ 1 c2
Event: 14.765 Thread 0x000001868305edc0 DEOPT PACKING pc=0x00000186e67d0bf4 sp=0x0000001bbcdfea60
Event: 14.765 Thread 0x000001868305edc0 DEOPT UNPACKING pc=0x00000186e5b769a3 sp=0x0000001bbcdfe9f0 mode 2
Event: 16.307 Thread 0x000001868305e8b0 Uncommon trap: trap_request=0xffffffc6 fr.pc=0x00000186e67d0bf4 relative=0x0000000000000134
Event: 16.307 Thread 0x000001868305e8b0 Uncommon trap: reason=bimorphic_or_optimized_type_check action=maybe_recompile pc=0x00000186e67d0bf4 method=org.gradle.internal.logging.sink.OutputEventRenderer.onOutput(Lorg/gradle/internal/logging/events/OutputEvent;)V @ 1 c2
Event: 16.307 Thread 0x000001868305e8b0 DEOPT PACKING pc=0x00000186e67d0bf4 sp=0x0000001bbccfe870
Event: 16.307 Thread 0x000001868305e8b0 DEOPT UNPACKING pc=0x00000186e5b769a3 sp=0x0000001bbccfe800 mode 2
Event: 16.409 Thread 0x000001868305e8b0 Uncommon trap: trap_request=0xffffffc6 fr.pc=0x00000186e67d0bf4 relative=0x0000000000000134
Event: 16.409 Thread 0x000001868305e8b0 Uncommon trap: reason=bimorphic_or_optimized_type_check action=maybe_recompile pc=0x00000186e67d0bf4 method=org.gradle.internal.logging.sink.OutputEventRenderer.onOutput(Lorg/gradle/internal/logging/events/OutputEvent;)V @ 1 c2
Event: 16.409 Thread 0x000001868305e8b0 DEOPT PACKING pc=0x00000186e67d0bf4 sp=0x0000001bbccfe870
Event: 16.409 Thread 0x000001868305e8b0 DEOPT UNPACKING pc=0x00000186e5b769a3 sp=0x0000001bbccfe800 mode 2
Event: 16.477 Thread 0x000001868305e8b0 Uncommon trap: trap_request=0xffffffc6 fr.pc=0x00000186e67d0bf4 relative=0x0000000000000134
Event: 16.477 Thread 0x000001868305e8b0 Uncommon trap: reason=bimorphic_or_optimized_type_check action=maybe_recompile pc=0x00000186e67d0bf4 method=org.gradle.internal.logging.sink.OutputEventRenderer.onOutput(Lorg/gradle/internal/logging/events/OutputEvent;)V @ 1 c2
Event: 16.477 Thread 0x000001868305e8b0 DEOPT PACKING pc=0x00000186e67d0bf4 sp=0x0000001bbccfe870
Event: 16.477 Thread 0x000001868305e8b0 DEOPT UNPACKING pc=0x00000186e5b769a3 sp=0x0000001bbccfe800 mode 2

Classes unloaded (0 events):
No events

Classes redefined (0 events):
No events

Internal exceptions (20 events):
Event: 14.700 Thread 0x0000018685f48ae0 Exception <a 'sun/nio/fs/WindowsException'{0x000000074ae60518}> (0x000000074ae60518) 
thrown [s\src\hotspot\share\prims\jni.cpp, line 517]
Event: 14.700 Thread 0x0000018685f48ae0 Exception <a 'sun/nio/fs/WindowsException'{0x000000074ae607b0}> (0x000000074ae607b0) 
thrown [s\src\hotspot\share\prims\jni.cpp, line 517]
Event: 14.702 Thread 0x0000018685f48ae0 Exception <a 'sun/nio/fs/WindowsException'{0x000000074ae8cd90}> (0x000000074ae8cd90) 
thrown [s\src\hotspot\share\prims\jni.cpp, line 517]
Event: 14.702 Thread 0x0000018685f48ae0 Exception <a 'sun/nio/fs/WindowsException'{0x000000074ae8d078}> (0x000000074ae8d078) 
thrown [s\src\hotspot\share\prims\jni.cpp, line 517]
Event: 14.702 Thread 0x0000018685f48ae0 Exception <a 'sun/nio/fs/WindowsException'{0x000000074ae8f420}> (0x000000074ae8f420) 
thrown [s\src\hotspot\share\prims\jni.cpp, line 517]
Event: 14.702 Thread 0x0000018685f48ae0 Exception <a 'sun/nio/fs/WindowsException'{0x000000074ae8f658}> (0x000000074ae8f658) 
thrown [s\src\hotspot\share\prims\jni.cpp, line 517]
Event: 14.703 Thread 0x0000018685f48ae0 Exception <a 'sun/nio/fs/WindowsException'{0x000000074ae91a08}> (0x000000074ae91a08) 
thrown [s\src\hotspot\share\prims\jni.cpp, line 517]
Event: 14.703 Thread 0x0000018685f48ae0 Exception <a 'sun/nio/fs/WindowsException'{0x000000074ae91c48}> (0x000000074ae91c48) 
thrown [s\src\hotspot\share\prims\jni.cpp, line 517]
Event: 14.703 Thread 0x0000018685f48ae0 Exception <a 'sun/nio/fs/WindowsException'{0x000000074ae94138}> (0x000000074ae94138) 
thrown [s\src\hotspot\share\prims\jni.cpp, line 517]
Event: 14.703 Thread 0x0000018685f48ae0 Exception <a 'sun/nio/fs/WindowsException'{0x000000074ae94890}> (0x000000074ae94890) 
thrown [s\src\hotspot\share\prims\jni.cpp, line 517]
Event: 14.703 Thread 0x0000018685f48ae0 Exception <a 'sun/nio/fs/WindowsException'{0x000000074ae94e60}> (0x000000074ae94e60) 
thrown [s\src\hotspot\share\prims\jni.cpp, line 517]
Event: 14.703 Thread 0x0000018685f48ae0 Exception <a 'sun/nio/fs/WindowsException'{0x000000074ae95070}> (0x000000074ae95070) 
thrown [s\src\hotspot\share\prims\jni.cpp, line 517]
Event: 14.704 Thread 0x0000018685f48ae0 Exception <a 'sun/nio/fs/WindowsException'{0x000000074ae973e8}> (0x000000074ae973e8) 
thrown [s\src\hotspot\share\prims\jni.cpp, line 517]
Event: 14.704 Thread 0x0000018685f48ae0 Exception <a 'sun/nio/fs/WindowsException'{0x000000074ae975f8}> (0x000000074ae975f8) 
thrown [s\src\hotspot\share\prims\jni.cpp, line 517]
Event: 14.704 Thread 0x0000018685f48ae0 Exception <a 'sun/nio/fs/WindowsException'{0x000000074ae99fe8}> (0x000000074ae99fe8) 
thrown [s\src\hotspot\share\prims\jni.cpp, line 517]
Event: 14.705 Thread 0x0000018685f48ae0 Exception <a 'sun/nio/fs/WindowsException'{0x000000074ae9a1f8}> (0x000000074ae9a1f8) 
thrown [s\src\hotspot\share\prims\jni.cpp, line 517]
Event: 14.705 Thread 0x0000018685f48ae0 Exception <a 'sun/nio/fs/WindowsException'{0x000000074ae9c560}> (0x000000074ae9c560) 
thrown [s\src\hotspot\share\prims\jni.cpp, line 517]
Event: 14.705 Thread 0x0000018685f48ae0 Exception <a 'sun/nio/fs/WindowsException'{0x000000074ae9c770}> (0x000000074ae9c770) 
thrown [s\src\hotspot\share\prims\jni.cpp, line 517]
Event: 14.706 Thread 0x0000018685f48ae0 Exception <a 'sun/nio/fs/WindowsException'{0x000000074ae9eaf8}> (0x000000074ae9eaf8) 
thrown [s\src\hotspot\share\prims\jni.cpp, line 517]
Event: 14.706 Thread 0x0000018685f48ae0 Exception <a 'sun/nio/fs/WindowsException'{0x000000074ae9ed18}> (0x000000074ae9ed18) 
thrown [s\src\hotspot\share\prims\jni.cpp, line 517]

VM Operations (20 events):
Event: 13.219 Executing VM operation: HandshakeAllThreads
Event: 13.219 Executing VM operation: HandshakeAllThreads done
Event: 13.242 Executing VM operation: HandshakeAllThreads
Event: 13.242 Executing VM operation: HandshakeAllThreads done
Event: 13.931 Executing VM operation: G1CollectForAllocation
Event: 13.935 Executing VM operation: G1CollectForAllocation done
Event: 14.211 Executing VM operation: G1CollectForAllocation
Event: 14.214 Executing VM operation: G1CollectForAllocation done
Event: 14.259 Executing VM operation: G1PauseRemark
Event: 14.263 Executing VM operation: G1PauseRemark done
Event: 14.280 Executing VM operation: G1PauseCleanup
Event: 14.281 Executing VM operation: G1PauseCleanup done
Event: 15.282 Executing VM operation: Cleanup
Event: 15.282 Executing VM operation: Cleanup done
Event: 17.300 Executing VM operation: Cleanup
Event: 17.300 Executing VM operation: Cleanup done
Event: 18.310 Executing VM operation: Cleanup
Event: 18.310 Executing VM operation: Cleanup done
Event: 19.323 Executing VM operation: Cleanup
Event: 19.323 Executing VM operation: Cleanup done

Events (20 events):
Event: 14.651 Thread 0x000001868d4079a0 Thread added: 0x000001868d4079a0
Event: 14.651 Thread 0x000001868d404480 Thread added: 0x000001868d404480
Event: 14.663 loading class java/util/CollectionsBeanInfo
Event: 14.663 loading class java/util/CollectionsBeanInfo done
Event: 14.663 loading class java/util/CollectionsBeanInfo
Event: 14.663 loading class java/util/CollectionsBeanInfo done
Event: 14.663 loading class java/util/CollectionsCustomizer
Event: 14.663 loading class java/util/CollectionsCustomizer done
Event: 14.663 loading class java/util/CollectionsCustomizer
Event: 14.663 loading class java/util/CollectionsCustomizer done
Event: 14.709 loading class java/util/stream/ReduceOps$2
Event: 14.709 loading class java/util/stream/ReduceOps$2 done
Event: 14.709 loading class java/util/stream/ReduceOps$2ReducingSink
Event: 14.709 loading class java/util/stream/ReduceOps$2ReducingSink done
Event: 15.081 Thread 0x00000186fe2ed100 Thread exited: 0x00000186fe2ed100
Event: 15.212 Thread 0x00000186fe2ebbc0 Thread exited: 0x00000186fe2ebbc0
Event: 15.212 Thread 0x00000186f8806410 Thread exited: 0x00000186f8806410
Event: 16.181 Thread 0x00000186f8389680 Thread exited: 0x00000186f8389680
Event: 17.958 Thread 0x000001868d404480 Thread exited: 0x000001868d404480
Event: 19.908 Thread 0x000001868d4079a0 Thread exited: 0x000001868d4079a0


Dynamic libraries:
0x00007ff7f6790000 - 0x00007ff7f679a000 	C:\Users\27439\.jdks\jbr-17.0.9\bin\java.exe
0x00007ff992f50000 - 0x00007ff993167000 	C:\WINDOWS\SYSTEM32\ntdll.dll
0x00007ff990c90000 - 0x00007ff990d54000 	C:\WINDOWS\System32\KERNEL32.DLL
0x00007ff990570000 - 0x00007ff99091d000 	C:\WINDOWS\System32\KERNELBASE.dll
0x00007ff990390000 - 0x00007ff9904a1000 	C:\WINDOWS\System32\ucrtbase.dll
0x00007ff98b700000 - 0x00007ff98b71b000 	C:\Users\27439\.jdks\jbr-17.0.9\bin\VCRUNTIME140.dll
0x00007ff98cb60000 - 0x00007ff98cb77000 	C:\Users\27439\.jdks\jbr-17.0.9\bin\jli.dll
0x00007ff9911f0000 - 0x00007ff99139e000 	C:\WINDOWS\System32\USER32.dll
0x00007ff976cb0000 - 0x00007ff976f43000 	C:\WINDOWS\WinSxS\amd64_microsoft.windows.common-controls_6595b64144ccf1df_6.0.22621.3672_none_2713b9d173822955\COMCTL32.dll
0x00007ff990ac0000 - 0x00007ff990ae6000 	C:\WINDOWS\System32\win32u.dll
0x00007ff992e00000 - 0x00007ff992ea7000 	C:\WINDOWS\System32\msvcrt.dll
0x00007ff991820000 - 0x00007ff991849000 	C:\WINDOWS\System32\GDI32.dll
0x00007ff990270000 - 0x00007ff990389000 	C:\WINDOWS\System32\gdi32full.dll
0x00007ff990be0000 - 0x00007ff990c7a000 	C:\WINDOWS\System32\msvcp_win.dll
0x00007ff991d20000 - 0x00007ff991d51000 	C:\WINDOWS\System32\IMM32.DLL
0x00007ff98d370000 - 0x00007ff98d37c000 	C:\Users\27439\.jdks\jbr-17.0.9\bin\vcruntime140_1.dll
0x00007ff95b650000 - 0x00007ff95b6dd000 	C:\Users\27439\.jdks\jbr-17.0.9\bin\msvcp140.dll
0x00007ff9350b0000 - 0x00007ff935d32000 	C:\Users\27439\.jdks\jbr-17.0.9\bin\server\jvm.dll
0x00007ff992ac0000 - 0x00007ff992b72000 	C:\WINDOWS\System32\ADVAPI32.dll
0x00007ff9925e0000 - 0x00007ff992689000 	C:\WINDOWS\System32\sechost.dll
0x00007ff990a90000 - 0x00007ff990ab8000 	C:\WINDOWS\System32\bcrypt.dll
0x00007ff990d60000 - 0x00007ff990e74000 	C:\WINDOWS\System32\RPCRT4.dll
0x00007ff98f460000 - 0x00007ff98f4ad000 	C:\WINDOWS\SYSTEM32\POWRPROF.dll
0x00007ff91b9a0000 - 0x00007ff91b9a9000 	C:\WINDOWS\SYSTEM32\WSOCK32.dll
0x00007ff988520000 - 0x00007ff988554000 	C:\WINDOWS\SYSTEM32\WINMM.dll
0x00007ff991ca0000 - 0x00007ff991d11000 	C:\WINDOWS\System32\WS2_32.dll
0x00007ff988240000 - 0x00007ff98824a000 	C:\WINDOWS\SYSTEM32\VERSION.dll
0x00007ff98f440000 - 0x00007ff98f453000 	C:\WINDOWS\SYSTEM32\UMPDC.dll
0x00007ff98f2d0000 - 0x00007ff98f2e8000 	C:\WINDOWS\SYSTEM32\kernel.appcore.dll
0x00007ff98d350000 - 0x00007ff98d35a000 	C:\Users\27439\.jdks\jbr-17.0.9\bin\jimage.dll
0x00007ff983b20000 - 0x00007ff983d52000 	C:\WINDOWS\SYSTEM32\DBGHELP.DLL
0x00007ff991900000 - 0x00007ff991c8d000 	C:\WINDOWS\System32\combase.dll
0x00007ff992720000 - 0x00007ff9927f7000 	C:\WINDOWS\System32\OLEAUT32.dll
0x00007ff983390000 - 0x00007ff9833c2000 	C:\WINDOWS\SYSTEM32\dbgcore.DLL
0x00007ff990af0000 - 0x00007ff990b6b000 	C:\WINDOWS\System32\bcryptPrimitives.dll
0x00007ff957d40000 - 0x00007ff957d7b000 	C:\Users\27439\.jdks\jbr-17.0.9\bin\jdwp.dll
0x00007ff98b6f0000 - 0x00007ff98b6fe000 	C:\Users\27439\.jdks\jbr-17.0.9\bin\instrument.dll
0x00007ff98ada0000 - 0x00007ff98adc5000 	C:\Users\27439\.jdks\jbr-17.0.9\bin\java.dll
0x00007ff98b6d0000 - 0x00007ff98b6e8000 	C:\Users\27439\.jdks\jbr-17.0.9\bin\zip.dll
0x00007ff93cd70000 - 0x00007ff93ce47000 	C:\Users\27439\.jdks\jbr-17.0.9\bin\jsvml.dll
0x00007ff991d70000 - 0x00007ff9925d8000 	C:\WINDOWS\System32\SHELL32.dll
0x00007ff98e170000 - 0x00007ff98ea6e000 	C:\WINDOWS\SYSTEM32\windows.storage.dll
0x00007ff98e030000 - 0x00007ff98e16f000 	C:\WINDOWS\SYSTEM32\wintypes.dll
0x00007ff992ba0000 - 0x00007ff992c99000 	C:\WINDOWS\System32\SHCORE.dll
0x00007ff992eb0000 - 0x00007ff992f0e000 	C:\WINDOWS\System32\shlwapi.dll
0x00007ff9901a0000 - 0x00007ff9901c1000 	C:\WINDOWS\SYSTEM32\profapi.dll
0x00007ff989fc0000 - 0x00007ff989fcc000 	C:\Users\27439\.jdks\jbr-17.0.9\bin\dt_socket.dll
0x00007ff98ecc0000 - 0x00007ff98eced000 	C:\WINDOWS\SYSTEM32\IPHLPAPI.DLL
0x00007ff98f7c0000 - 0x00007ff98f829000 	C:\WINDOWS\system32\mswsock.dll
0x00007ff963760000 - 0x00007ff963779000 	C:\Users\27439\.jdks\jbr-17.0.9\bin\net.dll
0x00007ff98ab20000 - 0x00007ff98ac56000 	C:\WINDOWS\SYSTEM32\WINHTTP.dll
0x00007ff95d940000 - 0x00007ff95d956000 	C:\Users\27439\.jdks\jbr-17.0.9\bin\nio.dll
0x00007ff989fb0000 - 0x00007ff989fc0000 	C:\Users\27439\.jdks\jbr-17.0.9\bin\verify.dll
0x00007ff987f60000 - 0x00007ff987f87000 	C:\Users\27439\.gradle\native\68d5fa5c4cc2d200863cafc0d521ce42e7d3e7ee720ec0a83991735586a16f82\windows-amd64\native-platform.dll
0x00007ff93b850000 - 0x00007ff93b994000 	C:\Users\27439\.gradle\native\e376f236ea51e6404a007f0833ffe2c6e607c4080706a723a18a27aeea778392\windows-amd64\native-platform-file-events.dll
0x00007ff98d380000 - 0x00007ff98d389000 	C:\Users\27439\.jdks\jbr-17.0.9\bin\management.dll
0x00007ff987f50000 - 0x00007ff987f5b000 	C:\Users\27439\.jdks\jbr-17.0.9\bin\management_ext.dll
0x00007ff992690000 - 0x00007ff992698000 	C:\WINDOWS\System32\PSAPI.DLL
0x00007ff98fa40000 - 0x00007ff98fa5b000 	C:\WINDOWS\SYSTEM32\CRYPTSP.dll
0x00007ff98f230000 - 0x00007ff98f265000 	C:\WINDOWS\system32\rsaenh.dll
0x00007ff98f890000 - 0x00007ff98f8b8000 	C:\WINDOWS\SYSTEM32\USERENV.dll
0x00007ff98fa60000 - 0x00007ff98fa6c000 	C:\WINDOWS\SYSTEM32\CRYPTBASE.dll
0x00007ff991d60000 - 0x00007ff991d69000 	C:\WINDOWS\System32\NSI.dll
0x00007ff98aad0000 - 0x00007ff98aae9000 	C:\WINDOWS\SYSTEM32\dhcpcsvc6.DLL
0x00007ff98aaa0000 - 0x00007ff98aabf000 	C:\WINDOWS\SYSTEM32\dhcpcsvc.DLL
0x00007ff98ecf0000 - 0x00007ff98ede8000 	C:\WINDOWS\SYSTEM32\DNSAPI.dll
0x00007ff985990000 - 0x00007ff98599e000 	C:\Users\27439\.jdks\jbr-17.0.9\bin\sunmscapi.dll
0x00007ff990920000 - 0x00007ff990a87000 	C:\WINDOWS\System32\CRYPT32.dll
0x00007ff98fc20000 - 0x00007ff98fc4e000 	C:\WINDOWS\SYSTEM32\ncrypt.dll
0x00007ff98fbe0000 - 0x00007ff98fc17000 	C:\WINDOWS\SYSTEM32\NTASN1.dll
0x00007ff95b530000 - 0x00007ff95b538000 	C:\WINDOWS\system32\wshunix.dll
0x00007ff9707b0000 - 0x00007ff9707c7000 	C:\WINDOWS\system32\napinsp.dll
0x00007ff970790000 - 0x00007ff9707ab000 	C:\WINDOWS\system32\pnrpnsp.dll
0x00007ff96a620000 - 0x00007ff96a631000 	C:\WINDOWS\System32\winrnr.dll
0x00007ff96a0c0000 - 0x00007ff96a0d5000 	C:\WINDOWS\system32\wshbth.dll
0x00007ff96a090000 - 0x00007ff96a0b7000 	C:\WINDOWS\system32\nlansp_c.dll
0x00007ff988390000 - 0x00007ff98839a000 	C:\Windows\System32\rasadhlp.dll
0x00007ff988750000 - 0x00007ff9887d3000 	C:\WINDOWS\System32\fwpuclnt.dll

dbghelp: loaded successfully - version: 4.0.5 - missing functions: none
symbol engine: initialized successfully - sym options: 0x614 - pdb path: .;C:\Users\27439\.jdks\jbr-17.0.9\bin;C:\WINDOWS\SYSTEM32;C:\WINDOWS\WinSxS\amd64_microsoft.windows.common-controls_6595b64144ccf1df_6.0.22621.3672_none_2713b9d173822955;C:\Users\27439\.jdks\jbr-17.0.9\bin\server;C:\Users\27439\.gradle\native\68d5fa5c4cc2d200863cafc0d521ce42e7d3e7ee720ec0a83991735586a16f82\windows-amd64;C:\Users\27439\.gradle\native\e376f236ea51e6404a007f0833ffe2c6e607c4080706a723a18a27aeea778392\windows-amd64

VM Arguments:
jvm_args: --add-opens=java.base/java.util.concurrent.atomic=ALL-UNNAMED -agentlib:jdwp=transport=dt_socket,server=n,suspend=y,address=127.0.0.1:51960 --add-opens=java.base/java.util=ALL-UNNAMED --add-opens=java.base/java.lang=ALL-UNNAMED --add-opens=java.base/java.lang.invoke=ALL-UNNAMED --add-opens=java.prefs/java.util.prefs=ALL-UNNAMED --add-opens=java.base/java.nio.charset=ALL-UNNAMED --add-opens=java.base/java.net=ALL-UNNAMED --add-opens=java.base/java.util.concurrent.atomic=ALL-UNNAMED -Xmx3g -Dfile.encoding=UTF-8 -Duser.country=CN -Duser.language=zh -Duser.variant -javaagent:C:\Users\27439\.gradle\wrapper\dists\gradle-8.2-all\2q3bs1ik8c4yxxdwn9pbenul9\gradle-8.2\lib\agents\gradle-instrumentation-agent-8.2.jar 
java_command: org.gradle.launcher.daemon.bootstrap.GradleDaemon 8.2
java_class_path (initial): C:\Users\27439\.gradle\wrapper\dists\gradle-8.2-all\2q3bs1ik8c4yxxdwn9pbenul9\gradle-8.2\lib\gradle-launcher-8.2.jar
Launcher Type: SUN_STANDARD

[Global flags]
     intx CICompilerCount                          = 12                                        {product} {ergonomic}
     uint ConcGCThreads                            = 3                                         {product} {ergonomic}
     uint G1ConcRefinementThreads                  = 13                                        {product} {ergonomic}
   size_t G1HeapRegionSize                         = 2097152                                   {product} {ergonomic}
    uintx GCDrainStackTargetSize                   = 64                                        {product} {ergonomic}
   size_t InitialHeapSize                          = 255852544                                 {product} {ergonomic}
   size_t MarkStackSize                            = 4194304                                   {product} {ergonomic}
   size_t MaxHeapSize                              = 3221225472                                {product} {command line}
   size_t MaxNewSize                               = 1931476992                                {product} {ergonomic}
   size_t MinHeapDeltaBytes                        = 2097152                                   {product} {ergonomic}
   size_t MinHeapSize                              = 8388608                                   {product} {ergonomic}
    uintx NonNMethodCodeHeapSize                   = 7602480                                {pd product} {ergonomic}
    uintx NonProfiledCodeHeapSize                  = 122027880                              {pd product} {ergonomic}
    uintx ProfiledCodeHeapSize                     = 122027880                              {pd product} {ergonomic}
    uintx ReservedCodeCacheSize                    = 251658240                              {pd product} {ergonomic}
     bool SegmentedCodeCache                       = true                                      {product} {ergonomic}
   size_t SoftMaxHeapSize                          = 3221225472                             {manageable} {ergonomic}
     bool UseCompressedClassPointers               = true                           {product lp64_product} {ergonomic}
     bool UseCompressedOops                        = true                           {product lp64_product} {ergonomic}
     bool UseG1GC                                  = true                                      {product} {ergonomic}
     bool UseLargePagesIndividualAllocation        = false                                  {pd product} {ergonomic}

Logging:
Log output configuration:
 #0: stdout all=warning uptime,level,tags
 #1: stderr all=off uptime,level,tags

Environment Variables:
JAVA_HOME=C:\Users\27439\.jdks\corretto-1.8.0_412
CLASSPATH=C:\Users\27439\.jdks\corretto-1.8.0_412\lib\dt.jar;C:\Users\27439\.jdks\corretto-1.8.0_412\lib\tools.jar
PATH=C:\Users\27439\AppData\Local\Programs\Python\Python312;C:\Program Files (x86)\VMware\VMware Workstation\bin\;C:\WINDOWS\system32;C:\WINDOWS;C:\WINDOWS\System32\Wbem;C:\WINDOWS\System32\WindowsPowerShell\v1.0\;C:\WINDOWS\System32\OpenSSH\;C:\Program Files\NVIDIA Corporation\NVIDIA NvDLISR;C:\Program Files (x86)\NVIDIA Corporation\PhysX\Common;C:\Program Files\Git\cmd;C:\ProgramData\chocolatey\bin;C:\Users\27439\AppData\Roaming\nvm;C:\Program Files\nodejs;C:\Program Files\dotnet\;C:\Program Files\CMake\bin;;C:\Program Files (x86)\Tencent\微信web开发者工具\dll;C:\Program Files\Git LFS;C:\Users\27439\.cargo\bin;C:\Program Files\MySQL\MySQL Shell 8.0\bin\;C:\Users\27439\AppData\Local\pnpm;C:\Users\27439\AppData\Local\Microsoft\WindowsApps;C:\Users\27439\AppData\Local\JetBrains\Toolbox\scripts;C:\Users\27439\AppData\Roaming\npm;C:\Users\27439\AppData\Local\Android\Sdk\platform-tools;C:\Users\27439\AppData\Local\Android\Sdk\emulator;C:\Users\27439\AppData\Local\Android\Sdktools;C:\Users\27439\AppData\Local\Android\Sdktools\bin;C:\Users\27439\AppData\Local\Programs\Microsoft VS Code\bin;C:\Program Files\adb;C:\Users\27439\AppData\Local\GitHubDesktop\bin;C:\Users\27439\AppData\Roaming\nvm;C:\Program Files\nodejs;C:\Program Files\ffmpeg\bin;C:\Users\27439\AppData\Roaming\Pub\Cache\bin;C:\Users\27439\.sdk\flutter\bin;C:\Users\27439\.dotnet\tools;C:\Users\27439\.sdk\golib\bin;C:\Users\27439\.sdk\go\bin;C:\Users\27439\.sdk\hover-master;C:\Users\27439\.sdk\mingw64\bin;C:\Users\27439\.sdk\cangjie0.53.4\bin;C:\Users\27439\.sdk\cangjie0.53.4\tools\bin;C:\Users\27439\.sdk\cangjie0.53.4\runtime\lib\windows_x86_64_llvm;C:\Users\27439\.dotnet\tools;C:\Users\27439\AppData\Local\Programs\Python\Python312\Scripts;D:\编程;C:\Users\27439\.sdk\flutter3\bin;C:\Users\27439\AppData\Local\Android\Sdk\platform-tools;C:\Users\27439\AppData\Local\Android\Sdk\emulator;C:\Users\27439\AppData\Local\Android\Sdk\tools;C:\Users\27439\AppData\Local\Android\Sdk\tools\bin;C:\Users\27439\.jdks\corretto-1.8.
USERNAME=27439
OS=Windows_NT
PROCESSOR_IDENTIFIER=AMD64 Family 25 Model 68 Stepping 1, AuthenticAMD
TMP=C:\Users\27439\AppData\Local\Temp
TEMP=C:\Users\27439\AppData\Local\Temp



Periodic native trim disabled

JNI global refs:
JNI global refs: 208, weak refs: 16489

JNI global refs memory usage: 2803, weak refs: 167297

OOME stack traces (most recent first):
Classloader memory used:
Loader org.gradle.internal.classloader.VisitableURLClassLoader                         : 5234K
Loader bootstrap                                                                       : 3138K
Loader org.gradle.internal.classloader.VisitableURLClassLoader$InstrumentingVisitableURLClassLoader: 2070K
Loader org.gradle.initialization.MixInLegacyTypesClassLoader                           : 1618K
Loader jdk.internal.loader.ClassLoaders$PlatformClassLoader                            : 95441B
Loader jdk.internal.reflect.DelegatingClassLoader                                      : 89072B
Loader org.gradle.groovy.scripts.internal.DefaultScriptCompilationHandler$ScriptClassLoader: 35613B
Loader jdk.internal.loader.ClassLoaders$AppClassLoader                                 : 28589B
Loader org.codehaus.groovy.runtime.callsite.CallSiteClassLoader                        : 11567B
Loader sun.reflect.misc.MethodUtil                                                     : 376B

Classes loaded by more than one classloader:
Class Program                                                                         : loaded 4 times (x 70B)
Class org.gradle.internal.classpath.ClassPath                                         : loaded 2 times (x 68B)
Class org.gradle.api.internal.classpath.DefaultModuleRegistry                         : loaded 2 times (x 84B)
Class com.google.common.collect.ListMultimap                                          : loaded 2 times (x 68B)
Class com.google.common.collect.AbstractMultimap                                      : loaded 2 times (x 121B)
Class org.gradle.api.Action                                                           : loaded 2 times (x 68B)
Class com.google.common.collect.SetMultimap                                           : loaded 2 times (x 68B)
Class org.gradle.api.internal.DefaultClassPathProvider                                : loaded 2 times (x 74B)
Class org.gradle.internal.installation.GradleInstallation$1                           : loaded 2 times (x 73B)
Class com.google.common.collect.ImmutableMap                                          : loaded 2 times (x 118B)
Class com.google.common.base.Predicate                                                : loaded 2 times (x 68B)
Class org.gradle.internal.classloader.FilteringClassLoader                            : loaded 2 times (x 103B)
Class com.google.common.collect.AbstractMapBasedMultimap$WrappedCollection            : loaded 2 times (x 122B)
Class org.gradle.internal.classpath.DefaultClassPath$ImmutableUniqueList$Builder      : loaded 2 times (x 73B)
Class com.google.common.collect.SortedSetMultimap                                     : loaded 2 times (x 68B)
Class com.google.common.collect.ImmutableMultimap$EntryCollection                     : loaded 2 times (x 125B)
Class org.apache.commons.io.output.ThresholdingOutputStream                           : loaded 2 times (x 92B)
Class org.gradle.internal.classloader.ClassLoaderVisitor                              : loaded 2 times (x 74B)
Class com.google.common.collect.ImmutableMultimap                                     : loaded 2 times (x 145B)
Class org.gradle.internal.service.DefaultServiceLocator                               : loaded 2 times (x 81B)
Class org.gradle.internal.service.UnknownServiceException                             : loaded 2 times (x 81B)
Class org.gradle.internal.classloader.DefaultClassLoaderFactory                       : loaded 2 times (x 80B)
Class com.google.common.collect.UnmodifiableIterator                                  : loaded 2 times (x 78B)
Class org.apache.commons.io.output.ByteArrayOutputStream                              : loaded 2 times (x 100B)
Class com.google.common.collect.Multimap                                              : loaded 2 times (x 68B)
Class org.gradle.internal.classloader.VisitableURLClassLoader$Spec                    : loaded 2 times (x 72B)
Class org.gradle.api.GradleException                                                  : loaded 2 times (x 80B)
Class org.gradle.api.internal.classpath.ModuleRegistry                                : loaded 2 times (x 68B)
Class com.google.common.collect.ImmutableCollection                                   : loaded 2 times (x 123B)
Class org.gradle.api.internal.ClassPathProvider                                       : loaded 2 times (x 68B)
Class org.gradle.internal.classloader.ClasspathUtil$1                                 : loaded 2 times (x 74B)
Class ijresolvers2_252dw6zxdsqad4fpnklr7vih9                                          : loaded 2 times (x 182B)
Class org.gradle.internal.classloader.ClassLoaderFactory                              : loaded 2 times (x 68B)
Class org.gradle.api.internal.classpath.ManifestUtil                                  : loaded 2 times (x 69B)
Class org.gradle.api.specs.Spec                                                       : loaded 2 times (x 68B)
Class com.google.common.collect.BaseImmutableMultimap                                 : loaded 2 times (x 121B)
Class com.google.common.base.Preconditions                                            : loaded 2 times (x 69B)
Class com.google.common.base.Function                                                 : loaded 2 times (x 68B)
Class org.gradle.internal.IoActions                                                   : loaded 2 times (x 69B)
Class com.google.common.collect.Maps                                                  : loaded 2 times (x 69B)
Class com.google.common.collect.ImmutableMultimap$Builder                             : loaded 2 times (x 81B)
Class [Lorg.apache.commons.io.StandardLineSeparator;                                  : loaded 2 times (x 67B)
Class org.gradle.api.internal.classpath.EffectiveClassPath                            : loaded 2 times (x 88B)
Class org.apache.commons.io.StandardLineSeparator                                     : loaded 2 times (x 77B)
Class org.apache.commons.io.output.AppendableWriter                                   : loaded 2 times (x 98B)
Class org.gradle.internal.installation.CurrentGradleInstallation                      : loaded 2 times (x 71B)
Class org.gradle.internal.agents.InstrumentingClassLoader                             : loaded 2 times (x 68B)
Class org.gradle.internal.installation.CurrentGradleInstallationLocator               : loaded 2 times (x 69B)
Class org.gradle.api.internal.classpath.Module                                        : loaded 2 times (x 68B)
Class org.gradle.internal.service.CachingServiceLocator                               : loaded 2 times (x 80B)
Class org.gradle.internal.classpath.DefaultClassPath                                  : loaded 2 times (x 88B)
Class com.google.common.collect.ImmutableMultisetGwtSerializationDependencies         : loaded 2 times (x 123B)
Class com.google.common.collect.ImmutableListMultimap                                 : loaded 2 times (x 176B)
Class Build_gradle$1                                                                  : loaded 2 times (x 73B)
Class org.jetbrains.kotlin.config.ApiVersion                                          : loaded 2 times (x 84B)
Class org.gradle.internal.classloader.SystemClassLoaderSpec                           : loaded 2 times (x 69B)
Class com.google.common.collect.Multimaps$CustomListMultimap                          : loaded 2 times (x 172B)
Class org.jetbrains.kotlin.utils.DescriptionAware                                     : loaded 2 times (x 68B)
Class org.jetbrains.kotlin.config.LanguageVersion                                     : loaded 2 times (x 89B)
Class org.apache.commons.io.IOUtils                                                   : loaded 2 times (x 69B)
Class org.gradle.api.UncheckedIOException                                             : loaded 2 times (x 80B)
Class com.google.common.collect.AbstractListMultimap                                  : loaded 2 times (x 170B)
Class org.gradle.internal.installation.GradleInstallation                             : loaded 2 times (x 73B)
Class org.apache.commons.io.output.UnsynchronizedByteArrayOutputStream                : loaded 2 times (x 100B)
Class com.google.common.collect.AbstractMapBasedMultimap$RandomAccessWrappedList      : loaded 2 times (x 165B)
Class org.gradle.internal.classloader.ClasspathUtil                                   : loaded 2 times (x 69B)
Class org.gradle.api.internal.DefaultClassPathRegistry                                : loaded 2 times (x 74B)
Class org.jetbrains.kotlin.config.LanguageOrApiVersion                                : loaded 2 times (x 68B)
Class org.gradle.api.internal.classpath.DefaultModuleRegistry$DefaultModule           : loaded 2 times (x 84B)
Class org.gradle.api.internal.classpath.UnknownModuleException                        : loaded 2 times (x 80B)
Class org.apache.commons.io.output.AbstractByteArrayOutputStream                      : loaded 2 times (x 100B)
Class com.google.common.collect.Maps$EntryTransformer                                 : loaded 2 times (x 68B)
Class org.gradle.internal.service.ServiceLookupException                              : loaded 2 times (x 80B)
Class org.gradle.cache.GlobalCache                                                    : loaded 2 times (x 68B)
Class ijresolvers2_252dw6zxdsqad4fpnklr7vih9$_run_closure1                            : loaded 2 times (x 134B)
Class [Lorg.gradle.api.internal.ClassPathProvider;                                    : loaded 2 times (x 67B)
Class com.google.common.collect.ImmutableMultimap$Values                              : loaded 2 times (x 124B)
Class org.gradle.util.internal.GUtil                                                  : loaded 2 times (x 69B)
Class org.gradle.internal.classloader.ClassLoaderSpec                                 : loaded 2 times (x 69B)
Class org.apache.commons.io.output.StringBuilderWriter                                : loaded 2 times (x 98B)
Class org.gradle.internal.classloader.VisitableURLClassLoader                         : loaded 2 times (x 115B)
Class com.google.common.base.Supplier                                                 : loaded 2 times (x 68B)
Class com.google.common.collect.ImmutableMultimap$Keys                                : loaded 2 times (x 164B)
Class org.gradle.internal.Cast                                                        : loaded 2 times (x 69B)
Class Build_gradle                                                                    : loaded 2 times (x 129B)
Class org.gradle.api.internal.ClassPathRegistry                                       : loaded 2 times (x 68B)
Class com.google.common.collect.ImmutableSet                                          : loaded 2 times (x 145B)
Class org.gradle.internal.classloader.VisitableURLClassLoader$InstrumentingVisitableURLClassLoader: loaded 2 times (x 121B)
Class org.gradle.internal.classloader.ClassLoaderHierarchy                            : loaded 2 times (x 68B)
Class com.google.common.collect.AbstractMapBasedMultimap$WrappedList                  : loaded 2 times (x 165B)
Class org.jetbrains.kotlin.config.LanguageVersionSettings                             : loaded 2 times (x 68B)
Class org.gradle.internal.InternalTransformer                                         : loaded 2 times (x 68B)
Class org.apache.commons.io.output.NullOutputStream                                   : loaded 2 times (x 83B)
Class org.gradle.internal.service.ServiceLocator                                      : loaded 2 times (x 68B)
Class com.google.common.collect.ImmutableMultiset                                     : loaded 2 times (x 161B)
Class org.gradle.internal.classpath.DefaultClassPath$ImmutableUniqueList              : loaded 2 times (x 159B)
Class com.google.common.collect.ImmutableMultimap$1                                   : loaded 2 times (x 80B)
Class com.google.common.collect.ImmutableMultimap$2                                   : loaded 2 times (x 79B)
Class org.gradle.internal.classpath.TransformedClassPath                              : loaded 2 times (x 94B)
Class Settings_gradle                                                                 : loaded 2 times (x 126B)
Class com.google.common.collect.Multimaps                                             : loaded 2 times (x 69B)
Class com.google.common.collect.Multiset                                              : loaded 2 times (x 68B)
Class com.google.common.collect.AbstractMapBasedMultimap                              : loaded 2 times (x 137B)


---------------  S Y S T E M  ---------------

OS:
 Windows 11 , 64 bit Build 22621 (10.0.22621.3958)
OS uptime: 0 days 0:34 hours
Hyper-V role detected

CPU: total 16 (initial active 16) (16 cores per cpu, 2 threads per core) family 25 model 68 stepping 1 microcode 0x0, cx8, cmov, fxsr, ht, mmx, 3dnowpref, sse, sse2, sse3, ssse3, sse4a, sse4.1, sse4.2, popcnt, lzcnt, tsc, tscinvbit, avx, avx2, aes, clmul, bmi1, bmi2, adx, sha, fma, vzeroupper, clflush, clflushopt, hv
Processor Information for all 16 processors :
  Max Mhz: 3201, Current Mhz: 3201, Mhz Limit: 3201

Memory: 4k page, system-wide physical 15613M (537M free)
TotalPageFile size 21959M (AvailPageFile size 4M)
current process WorkingSet (physical memory assigned to process): 520M, peak: 665M
current process commit charge ("private bytes"): 567M, peak: 710M

vm_info: OpenJDK 64-Bit Server VM (17.0.9+8-b1162.7) for windows-amd64 JRE (17.0.9+8-b1162.7), built on 2024-01-08 by "builduser" with MS VC++ 16.10 / 16.11 (VS2019)

END.
