[DAP SERVER] | 2023-12-11 19:44:32.321 | [Info] (DapParamParser.cpp, ParseDebugOption, line: 142) | current channel type is socket.
[DAP SERVER] | 2023-12-11 19:44:32.321 | [Info] (DapParamParser.cpp, ParseDebugOption, line: 151) | current debugger is lldbapi.
[DAP SERVER] | 2023-12-11 19:44:32.394 | [Info] (SocketServer.cpp, OnChannelAccepted, line: 64) | SocketServer Accepted, channelServerId: 0, channelId: 0
[DAP SERVER] | 2023-12-11 19:44:32.401 | [Info] (TimeTravelDebugManager.cpp, TimeTravelDebugManager, line: 26) | Time travel debug manager initialized successfully.
[DAP SERVER] | 2023-12-11 19:44:32.401 | [Info] (DebugSession.cpp, Start, line: 186) | Session start, sessionId = 1
[DAP SERVER] | 2023-12-11 19:44:32.402 | [Info] (DebugSession.cpp, OnMessageBuffer, line: 52) | OnMessageThread start.
[DAP SERVER] | 2023-12-11 19:44:32.416 | [Info] (DebugSession.cpp, OnChannelData, line: 45) | channel 0 receive data: 
Content-Length: 516

{"arguments":{"clientId":"idea","clientName":"Intellij IDEA","adapterID":"cangjieDebug","locale":"zh-cn","linesStartAt1":true,"columnsStartAt1":true,"pathFormat":"path","supportsVariableType":true,"supportsVariablePaging":true,"supportsRunInTerminalRequest":true,"supportsMemoryReferences":true,"supportsProgressReporting":true,"supportsInvalidatedEvent":true,"supportsMemoryEvent":true,"supportsArgsCanBeInterpretedByShell":true,"supportsStartDebuggingRequest":true},"seq":1,"command":"initialize","type":"request"}
[DAP SERVER] | 2023-12-11 19:44:32.416 | [Info] (MessageBuffer.cpp, GetBodyLength, line: 42) | Head length string: Content-Length: 516
[DAP SERVER] | 2023-12-11 19:44:32.416 | [Info] (MessageBuffer.cpp, GetBodyLength, line: 57) | Get body length from head = 516
[DAP SERVER] | 2023-12-11 19:44:32.416 | [Info] (MessageBuffer.cpp, Pop, line: 116) | Head length = 19, body length = 516
[DAP SERVER] | 2023-12-11 19:44:32.416 | [Info] (MessageBuffer.cpp, GetMessageType, line: 74) | Body string: 
{
    "arguments": {
        "adapterID": "cangjieDebug",
        "clientId": "idea",
        "clientName": "Intellij IDEA",
        "columnsStartAt1": true,
        "linesStartAt1": true,
        "locale": "zh-cn",
        "pathFormat": "path",
        "supportsArgsCanBeInterpretedByShell": true,
        "supportsInvalidatedEvent": true,
        "supportsMemoryEvent": true,
        "supportsMemoryReferences": true,
        "supportsProgressReporting": true,
        "supportsRunInTerminalRequest": true,
        "supportsStartDebuggingRequest": true,
        "supportsVariablePaging": true,
        "supportsVariableType": true
    },
    "command": "initialize",
    "seq": 1,
    "type": "request"
}
[DAP SERVER] | 2023-12-11 19:44:32.416 | [Info] (DebugSession.cpp, OnMessageBuffer, line: 69) | Pop request, command = initialize, seq = 1
[DAP SERVER] | 2023-12-11 19:44:32.416 | [Info] (LLDBApiDebugger.cpp, OnDapRequest, line: 178) | request = initialize, seq = 1
[DAP SERVER] | 2023-12-11 19:44:32.416 | [Info] (DebugSession.cpp, OnDebuggerResponse, line: 152) | send response: 
{
    "body": {
        "additionalModuleColumns": [],
        "exceptionBreakpointFilters": [],
        "supportTerminateDebuggee": true,
        "supportedChecksumAlgorithms": [],
        "supportedTimeTravelRecordPointTypes": [
            "step",
            "breakpoint",
            "function breakpoint",
            "instruction breakpoint",
            "data breakpoint",
            "exception"
        ],
        "supportsConditionalBreakpoints": true,
        "supportsConfigurationDoneRequest": true,
        "supportsDataBreakpoints": true,
        "supportsDisassembleRequest": true,
        "supportsFunctionBreakpoints": true,
        "supportsHitConditionalBreakpoints": true,
        "supportsInstructionBreakpoints": true,
        "supportsReadMemoryRequest": true,
        "supportsSetExecutionPoint": true,
        "supportsSetVariable": true,
        "supportsSteppingGranularity": true,
        "supportsTimeTravelDebugging": false,
        "supportsWriteMemoryRequest": true
    },
    "command": "initialize",
    "request_seq": 1,
    "seq": 1,
    "success": true,
    "type": "response"
}
[DAP SERVER] | 2023-12-11 19:44:32.416 | [Info] (LLDBApiEventHandler.cpp, ListenEvent, line: 67) | Event listener started.
[DAP SERVER] | 2023-12-11 19:44:32.417 | [Info] (LLDBApiDebugger.cpp, OnDapRequest, line: 213) | handle request end!
[DAP SERVER] | 2023-12-11 19:44:32.525 | [Info] (DebugSession.cpp, OnChannelData, line: 45) | channel 0 receive data: 
Content-Length: 318

{"seq":2,"arguments":{"__sessionId":"e56d45c1-d6b3-4eb6-afb1-1f51b9e3bfd3","__configurationTarget":6,"buildBeforeLaunch":true,"externalConsole":false,"name":"Cangjie Debug (cjdb): launch","program":"D:/Code/Cj/untitled1/build/bin/main.exe","request":"launch","type":"cangjieDebug"},"type":"request","command":"launch"}
[DAP SERVER] | 2023-12-11 19:44:32.525 | [Info] (MessageBuffer.cpp, GetBodyLength, line: 42) | Head length string: Content-Length: 318
[DAP SERVER] | 2023-12-11 19:44:32.525 | [Info] (MessageBuffer.cpp, GetBodyLength, line: 57) | Get body length from head = 318
[DAP SERVER] | 2023-12-11 19:44:32.525 | [Info] (MessageBuffer.cpp, Pop, line: 116) | Head length = 19, body length = 318
[DAP SERVER] | 2023-12-11 19:44:32.525 | [Info] (MessageBuffer.cpp, GetMessageType, line: 74) | Body string: 
{
    "arguments": {
        "__configurationTarget": 6,
        "__sessionId": "e56d45c1-d6b3-4eb6-afb1-1f51b9e3bfd3",
        "buildBeforeLaunch": true,
        "externalConsole": false,
        "name": "Cangjie Debug (cjdb): launch",
        "program": "D:/Code/Cj/untitled1/build/bin/main.exe",
        "request": "launch",
        "type": "cangjieDebug"
    },
    "command": "launch",
    "seq": 2,
    "type": "request"
}
[DAP SERVER] | 2023-12-11 19:44:32.525 | [Info] (DebugSession.cpp, OnMessageBuffer, line: 69) | Pop request, command = launch, seq = 2
[DAP SERVER] | 2023-12-11 19:44:32.525 | [Info] (LLDBApiDebugger.cpp, OnDapRequest, line: 178) | request = launch, seq = 2
[DAP SERVER] | 2023-12-11 19:44:32.525 | [Info] (LaunchHelper.cpp, ParseParameters, line: 66) | Launch params:
 program: D:/Code/Cj/untitled1/build/bin/main.exe
 remote: NO_REMOTE
[DAP SERVER] | 2023-12-11 19:44:32.531 | [Info] (LLDBApiEventHandler.cpp, ListenEvent, line: 80) | Description of event: 0000000003e9e8b0 Event: broadcaster = 0000000003f4e3b0 (lldb.target), type = 0x00000002 (modules-loaded), data = {main.exe}
[DAP SERVER] | 2023-12-11 19:44:32.531 | [Info] (LLDBApiEventHandler.cpp, HandleTargetEvent, line: 422) | A target event occurred!
[DAP SERVER] | 2023-12-11 19:44:32.535 | [Info] (DebugSession.cpp, OnDebuggerEvent, line: 134) | send event: 
{
    "body": {
        "category": "console",
        "output": "library-loaded,target-name=\"D:\\Code\\Cj\\untitled1\\build\\bin\\main.exe\",host-name=\"D:\\Code\\Cj\\untitled1\\build\\bin\\main.exe\",loaded_addr=\"-\",codeRange=\"-~-\"\n"
    },
    "event": "output",
    "seq": 2,
    "type": "event"
}
[DAP SERVER] | 2023-12-11 19:44:32.535 | [Info] (DebugSession.cpp, OnDebuggerRequest, line: 166) | send request: 
{
    "arguments": {
        "args": [],
        "cwd": "",
        "env": {},
        "kind": "integrated",
        "title": "cangjieDebug: main.exe"
    },
    "command": "runInTerminal",
    "seq": 3,
    "type": "request"
}
[DAP SERVER] | 2023-12-11 19:44:32.535 | [Info] (LLDBApiEventHandler.cpp, HandleTargetEvent, line: 445) | Target event handle finished, event type is eBroadcastBitModulesLoaded
[DAP SERVER] | 2023-12-11 19:44:32.535 | [Info] (LLDBApiDebugger.cpp, OnDapRequest, line: 213) | handle request end!
[DAP SERVER] | 2023-12-11 19:44:32.593 | [Info] (DebugSession.cpp, OnChannelData, line: 45) | channel 0 receive data: 
Content-Length: 133

{"seq":3,"request_seq":3,"success":true,"body":{"processId":null,"shellProcessId":25616},"type":"response","command":"runInTerminal"}
[DAP SERVER] | 2023-12-11 19:44:32.593 | [Info] (MessageBuffer.cpp, GetBodyLength, line: 42) | Head length string: Content-Length: 133
[DAP SERVER] | 2023-12-11 19:44:32.593 | [Info] (MessageBuffer.cpp, GetBodyLength, line: 57) | Get body length from head = 133
[DAP SERVER] | 2023-12-11 19:44:32.593 | [Info] (MessageBuffer.cpp, Pop, line: 116) | Head length = 19, body length = 133
[DAP SERVER] | 2023-12-11 19:44:32.593 | [Info] (MessageBuffer.cpp, GetMessageType, line: 74) | Body string: 
{
    "body": {
        "processId": null,
        "shellProcessId": 25616
    },
    "command": "runInTerminal",
    "request_seq": 3,
    "seq": 3,
    "success": true,
    "type": "response"
}
[DAP SERVER] | 2023-12-11 19:44:32.593 | [Info] (DebugSession.cpp, OnMessageBuffer, line: 82) | Pop response, command = runInTerminal, seq = 3, request_seq = 3
[DAP SERVER] | 2023-12-11 19:44:32.593 | [Info] (LLDBApiDebugger.cpp, OnDapResponse, line: 223) | response = runInTerminal, success = 1
[DAP SERVER] | 2023-12-11 19:44:32.651 | [Info] (DebugSession.cpp, OnDebuggerResponse, line: 152) | send response: 
{
    "command": "launch",
    "request_seq": 2,
    "seq": 4,
    "success": true,
    "type": "response"
}
[DAP SERVER] | 2023-12-11 19:44:32.652 | [Info] (DebugSession.cpp, OnDebuggerEvent, line: 134) | send event: 
{
    "event": "initialized",
    "seq": 5,
    "type": "event"
}
[DAP SERVER] | 2023-12-11 19:44:32.667 | [Info] (DebugSession.cpp, OnChannelData, line: 45) | channel 0 receive data: 
Content-Length: 380

{"seq":4,"arguments":{"source":{"name":"main.cj","path":"D:/Code/Cj/untitled1/src/main.cj","sourceReference":null,"presentationHint":null,"origin":null,"sources":null,"adapterData":null,"checksums":null},"breakpoints":[{"line":2,"column":null,"condition":null,"hitCondition":null,"logMessage":null}],"lines":[2],"sourceModified":false},"type":"request","command":"setBreakpoints"}
[DAP SERVER] | 2023-12-11 19:44:32.667 | [Info] (MessageBuffer.cpp, GetBodyLength, line: 42) | Head length string: Content-Length: 380
[DAP SERVER] | 2023-12-11 19:44:32.668 | [Info] (MessageBuffer.cpp, GetBodyLength, line: 57) | Get body length from head = 380
[DAP SERVER] | 2023-12-11 19:44:32.668 | [Info] (MessageBuffer.cpp, Pop, line: 116) | Head length = 19, body length = 380
[DAP SERVER] | 2023-12-11 19:44:32.668 | [Info] (MessageBuffer.cpp, GetMessageType, line: 74) | Body string: 
{
    "arguments": {
        "breakpoints": [
            {
                "column": null,
                "condition": null,
                "hitCondition": null,
                "line": 2,
                "logMessage": null
            }
        ],
        "lines": [
            2
        ],
        "source": {
            "adapterData": null,
            "checksums": null,
            "name": "main.cj",
            "origin": null,
            "path": "D:/Code/Cj/untitled1/src/main.cj",
            "presentationHint": null,
            "sourceReference": null,
            "sources": null
        },
        "sourceModified": false
    },
    "command": "setBreakpoints",
    "seq": 4,
    "type": "request"
}
[DAP SERVER] | 2023-12-11 19:44:32.668 | [Info] (DebugSession.cpp, OnMessageBuffer, line: 69) | Pop request, command = setBreakpoints, seq = 4
[DAP SERVER] | 2023-12-11 19:44:32.668 | [Info] (LLDBApiDebugger.cpp, OnDapRequest, line: 178) | request = setBreakpoints, seq = 4
[DAP SERVER] | 2023-12-11 19:44:32.668 | [Warn] (SetBreakpointsApiHandler.cpp, RemoveBreakpoints, line: 95) | WARN: No file path exist, filePath: D:/Code/Cj/untitled1/src/main.cj
[DAP SERVER] | 2023-12-11 19:44:32.668 | [Info] (LLDBApiEventHandler.cpp, ListenEvent, line: 80) | Description of event: 000000000441b140 Event: broadcaster = 0000000003f4e3b0 (lldb.target), type = 0x00000001 (breakpoint-changed), data = {bkpt: 1 type: breakpoint added}
[DAP SERVER] | 2023-12-11 19:44:32.668 | [Info] (LLDBApiEventHandler.cpp, HandleBreakpointEvent, line: 509) | A breakpoint event occurred!
[DAP SERVER] | 2023-12-11 19:44:32.668 | [Info] (DebugSession.cpp, OnDebuggerResponse, line: 152) | send response: 
{
    "body": {
        "breakpoints": [
            {
                "id": 1,
                "line": 2,
                "source": {
                    "path": "D:/Code/Cj/untitled1/src/main.cj"
                },
                "verified": true
            }
        ]
    },
    "command": "setBreakpoints",
    "request_seq": 4,
    "seq": 6,
    "success": true,
    "type": "response"
}
[DAP SERVER] | 2023-12-11 19:44:32.668 | [Info] (DebugSession.cpp, OnDebuggerEvent, line: 134) | send event: 
{
    "body": {
        "breakpoint": {
            "id": 1,
            "instructionReference": "0xffffffffffffffff",
            "line": -1,
            "message": "Breakpoint",
            "source": {
                "name": "??",
                "path": "??"
            },
            "verified": true
        },
        "hitCount": 0,
        "ignoreCount": 0,
        "reason": "new"
    },
    "event": "breakpoint",
    "seq": 7,
    "type": "event"
}
[DAP SERVER] | 2023-12-11 19:44:32.668 | [Info] (LLDBApiDebugger.cpp, OnDapRequest, line: 213) | handle request end!
[DAP SERVER] | 2023-12-11 19:44:32.668 | [Info] (LLDBApiEventHandler.cpp, HandleBreakpointEvent, line: 559) | Breakpoint event handle finished, event type is eBreakpointEventTypeAdded
[DAP SERVER] | 2023-12-11 19:44:32.669 | [Info] (DebugSession.cpp, OnChannelData, line: 45) | channel 0 receive data: 
Content-Length: 92

{"seq":5,"arguments":{"breakpoints":[]},"type":"request","command":"setFunctionBreakpoints"}
[DAP SERVER] | 2023-12-11 19:44:32.670 | [Info] (MessageBuffer.cpp, GetBodyLength, line: 42) | Head length string: Content-Length: 92
[DAP SERVER] | 2023-12-11 19:44:32.670 | [Info] (MessageBuffer.cpp, GetBodyLength, line: 57) | Get body length from head = 92
[DAP SERVER] | 2023-12-11 19:44:32.670 | [Info] (MessageBuffer.cpp, Pop, line: 116) | Head length = 18, body length = 92
[DAP SERVER] | 2023-12-11 19:44:32.670 | [Info] (MessageBuffer.cpp, GetMessageType, line: 74) | Body string: 
{
    "arguments": {
        "breakpoints": []
    },
    "command": "setFunctionBreakpoints",
    "seq": 5,
    "type": "request"
}
[DAP SERVER] | 2023-12-11 19:44:32.670 | [Info] (DebugSession.cpp, OnMessageBuffer, line: 69) | Pop request, command = setFunctionBreakpoints, seq = 5
[DAP SERVER] | 2023-12-11 19:44:32.670 | [Info] (LLDBApiDebugger.cpp, OnDapRequest, line: 178) | request = setFunctionBreakpoints, seq = 5
[DAP SERVER] | 2023-12-11 19:44:32.670 | [Info] (DebugSession.cpp, OnDebuggerResponse, line: 152) | send response: 
{
    "body": {
        "breakpoints": []
    },
    "command": "setFunctionBreakpoints",
    "request_seq": 5,
    "seq": 8,
    "success": true,
    "type": "response"
}
[DAP SERVER] | 2023-12-11 19:44:32.670 | [Info] (LLDBApiDebugger.cpp, OnDapRequest, line: 213) | handle request end!
[DAP SERVER] | 2023-12-11 19:44:32.673 | [Info] (DebugSession.cpp, OnChannelData, line: 45) | channel 0 receive data: 
Content-Length: 88

{"seq":6,"arguments":{"breakpoints":[]},"type":"request","command":"setDataBreakpoints"}
[DAP SERVER] | 2023-12-11 19:44:32.673 | [Info] (MessageBuffer.cpp, GetBodyLength, line: 42) | Head length string: Content-Length: 88
[DAP SERVER] | 2023-12-11 19:44:32.673 | [Info] (MessageBuffer.cpp, GetBodyLength, line: 57) | Get body length from head = 88
[DAP SERVER] | 2023-12-11 19:44:32.673 | [Info] (MessageBuffer.cpp, Pop, line: 116) | Head length = 18, body length = 88
[DAP SERVER] | 2023-12-11 19:44:32.673 | [Info] (MessageBuffer.cpp, GetMessageType, line: 74) | Body string: 
{
    "arguments": {
        "breakpoints": []
    },
    "command": "setDataBreakpoints",
    "seq": 6,
    "type": "request"
}
[DAP SERVER] | 2023-12-11 19:44:32.673 | [Info] (DebugSession.cpp, OnMessageBuffer, line: 69) | Pop request, command = setDataBreakpoints, seq = 6
[DAP SERVER] | 2023-12-11 19:44:32.673 | [Info] (LLDBApiDebugger.cpp, OnDapRequest, line: 178) | request = setDataBreakpoints, seq = 6
[DAP SERVER] | 2023-12-11 19:44:32.673 | [Info] (DebugSession.cpp, OnDebuggerResponse, line: 152) | send response: 
{
    "body": {
        "breakpoints": []
    },
    "command": "setDataBreakpoints",
    "request_seq": 6,
    "seq": 9,
    "success": true,
    "type": "response"
}
[DAP SERVER] | 2023-12-11 19:44:32.673 | [Info] (LLDBApiDebugger.cpp, OnDapRequest, line: 213) | handle request end!
[DAP SERVER] | 2023-12-11 19:44:32.679 | [Info] (DebugSession.cpp, OnChannelData, line: 45) | channel 0 receive data: 
Content-Length: 95

{"seq":7,"arguments":{"breakpoints":[]},"type":"request","command":"setInstructionBreakpoints"}
[DAP SERVER] | 2023-12-11 19:44:32.679 | [Info] (MessageBuffer.cpp, GetBodyLength, line: 42) | Head length string: Content-Length: 95
[DAP SERVER] | 2023-12-11 19:44:32.679 | [Info] (MessageBuffer.cpp, GetBodyLength, line: 57) | Get body length from head = 95
[DAP SERVER] | 2023-12-11 19:44:32.679 | [Info] (MessageBuffer.cpp, Pop, line: 116) | Head length = 18, body length = 95
[DAP SERVER] | 2023-12-11 19:44:32.679 | [Info] (MessageBuffer.cpp, GetMessageType, line: 74) | Body string: 
{
    "arguments": {
        "breakpoints": []
    },
    "command": "setInstructionBreakpoints",
    "seq": 7,
    "type": "request"
}
[DAP SERVER] | 2023-12-11 19:44:32.679 | [Info] (DebugSession.cpp, OnMessageBuffer, line: 69) | Pop request, command = setInstructionBreakpoints, seq = 7
[DAP SERVER] | 2023-12-11 19:44:32.679 | [Info] (LLDBApiDebugger.cpp, OnDapRequest, line: 178) | request = setInstructionBreakpoints, seq = 7
[DAP SERVER] | 2023-12-11 19:44:32.679 | [Info] (DebugSession.cpp, OnDebuggerResponse, line: 152) | send response: 
{
    "body": {
        "breakpoints": []
    },
    "command": "setInstructionBreakpoints",
    "request_seq": 7,
    "seq": 10,
    "success": true,
    "type": "response"
}
[DAP SERVER] | 2023-12-11 19:44:32.679 | [Info] (LLDBApiDebugger.cpp, OnDapRequest, line: 213) | handle request end!
[DAP SERVER] | 2023-12-11 19:44:32.682 | [Info] (DebugSession.cpp, OnChannelData, line: 45) | channel 0 receive data: 
Content-Length: 73

{"seq":8,"arguments":null,"command":"configurationDone","type":"request"}
[DAP SERVER] | 2023-12-11 19:44:32.682 | [Info] (MessageBuffer.cpp, GetBodyLength, line: 42) | Head length string: Content-Length: 73
[DAP SERVER] | 2023-12-11 19:44:32.682 | [Info] (MessageBuffer.cpp, GetBodyLength, line: 57) | Get body length from head = 73
[DAP SERVER] | 2023-12-11 19:44:32.682 | [Info] (MessageBuffer.cpp, Pop, line: 116) | Head length = 18, body length = 73
[DAP SERVER] | 2023-12-11 19:44:32.682 | [Info] (MessageBuffer.cpp, GetMessageType, line: 74) | Body string: 
{
    "arguments": null,
    "command": "configurationDone",
    "seq": 8,
    "type": "request"
}
[DAP SERVER] | 2023-12-11 19:44:32.682 | [Info] (DebugSession.cpp, OnMessageBuffer, line: 69) | Pop request, command = configurationDone, seq = 8
[DAP SERVER] | 2023-12-11 19:44:32.682 | [Info] (LLDBApiDebugger.cpp, OnDapRequest, line: 178) | request = configurationDone, seq = 8
[DAP SERVER] | 2023-12-11 19:44:32.713 | [Info] (LLDBApiEventHandler.cpp, ListenEvent, line: 80) | Description of event: 000000000441cec0 Event: broadcaster = 0000000003f4e3b0 (lldb.target), type = 0x00000002 (modules-loaded), data = {main.exe}
[DAP SERVER] | 2023-12-11 19:44:32.713 | [Info] (LLDBApiEventHandler.cpp, HandleTargetEvent, line: 422) | A target event occurred!
[DAP SERVER] | 2023-12-11 19:44:32.797 | [Info] (DebugSession.cpp, OnDebuggerResponse, line: 152) | send response: 
{
    "command": "configurationDone",
    "request_seq": 8,
    "seq": 12,
    "success": true,
    "type": "response"
}
[DAP SERVER] | 2023-12-11 19:44:32.797 | [Info] (DebugSession.cpp, OnDebuggerEvent, line: 134) | send event: 
{
    "body": {
        "category": "console",
        "output": "library-loaded,target-name=\"D:\\Code\\Cj\\untitled1\\build\\bin\\main.exe\",host-name=\"D:\\Code\\Cj\\untitled1\\build\\bin\\main.exe\",loaded_addr=\"0x00007ff75fa50000\",codeRange=\"0x00007ff75fa51000~0x00007ff75fa7e518\"\n"
    },
    "event": "output",
    "seq": 11,
    "type": "event"
}
[DAP SERVER] | 2023-12-11 19:44:32.797 | [Info] (LLDBApiDebugger.cpp, OnDapRequest, line: 213) | handle request end!
[DAP SERVER] | 2023-12-11 19:44:32.797 | [Info] (LLDBApiEventHandler.cpp, HandleTargetEvent, line: 445) | Target event handle finished, event type is eBroadcastBitModulesLoaded
[DAP SERVER] | 2023-12-11 19:44:32.797 | [Info] (LLDBApiEventHandler.cpp, ListenEvent, line: 80) | Description of event: 000000000441d640 Event: broadcaster = 0000000003f4e3b0 (lldb.target), type = 0x00000002 (modules-loaded), data = {ntdll.dll}
[DAP SERVER] | 2023-12-11 19:44:32.797 | [Info] (LLDBApiEventHandler.cpp, HandleTargetEvent, line: 422) | A target event occurred!
[DAP SERVER] | 2023-12-11 19:44:32.797 | [Info] (DebugSession.cpp, OnDebuggerEvent, line: 134) | send event: 
{
    "body": {
        "category": "console",
        "output": "library-loaded,target-name=\"C:\\Windows\\System32\\ntdll.dll\",host-name=\"C:\\Windows\\System32\\ntdll.dll\",loaded_addr=\"0x00007ff9c72d0000\",codeRange=\"0x00007ff9c72d1000~0x00007ff9c73fe22e\"\n"
    },
    "event": "output",
    "seq": 13,
    "type": "event"
}
[DAP SERVER] | 2023-12-11 19:44:32.797 | [Info] (LLDBApiEventHandler.cpp, HandleTargetEvent, line: 445) | Target event handle finished, event type is eBroadcastBitModulesLoaded
[DAP SERVER] | 2023-12-11 19:44:32.797 | [Info] (LLDBApiEventHandler.cpp, ListenEvent, line: 80) | Description of event: 000000000441d840 Event: broadcaster = 0000000003f4e3b0 (lldb.target), type = 0x00000002 (modules-loaded), data = {ntdll.dll}
[DAP SERVER] | 2023-12-11 19:44:32.797 | [Info] (LLDBApiEventHandler.cpp, HandleTargetEvent, line: 422) | A target event occurred!
[DAP SERVER] | 2023-12-11 19:44:32.797 | [Info] (DebugSession.cpp, OnDebuggerEvent, line: 134) | send event: 
{
    "body": {
        "category": "console",
        "output": "library-loaded,target-name=\"C:\\Windows\\System32\\ntdll.dll\",host-name=\"C:\\Windows\\System32\\ntdll.dll\",loaded_addr=\"0x00007ff9c72d0000\",codeRange=\"0x00007ff9c72d1000~0x00007ff9c73fe22e\"\n"
    },
    "event": "output",
    "seq": 14,
    "type": "event"
}
[DAP SERVER] | 2023-12-11 19:44:32.797 | [Info] (LLDBApiEventHandler.cpp, HandleTargetEvent, line: 445) | Target event handle finished, event type is eBroadcastBitModulesLoaded
[DAP SERVER] | 2023-12-11 19:44:32.797 | [Info] (LLDBApiEventHandler.cpp, ListenEvent, line: 80) | Description of event: 000000000441ce80 Event: broadcaster = 0000000003f4e3b0 (lldb.target), type = 0x00000002 (modules-loaded), data = {kernel32.dll}
[DAP SERVER] | 2023-12-11 19:44:32.797 | [Info] (LLDBApiEventHandler.cpp, HandleTargetEvent, line: 422) | A target event occurred!
[DAP SERVER] | 2023-12-11 19:44:32.797 | [Info] (DebugSession.cpp, OnDebuggerEvent, line: 134) | send event: 
{
    "body": {
        "category": "console",
        "output": "library-loaded,target-name=\"C:\\Windows\\System32\\kernel32.dll\",host-name=\"C:\\Windows\\System32\\kernel32.dll\",loaded_addr=\"0x00007ff9c5310000\",codeRange=\"0x00007ff9c5311000~0x00007ff9c53913cd\"\n"
    },
    "event": "output",
    "seq": 15,
    "type": "event"
}
[DAP SERVER] | 2023-12-11 19:44:32.797 | [Info] (LLDBApiEventHandler.cpp, HandleTargetEvent, line: 445) | Target event handle finished, event type is eBroadcastBitModulesLoaded
[DAP SERVER] | 2023-12-11 19:44:32.797 | [Info] (LLDBApiEventHandler.cpp, ListenEvent, line: 80) | Description of event: 000000000441d8c0 Event: broadcaster = 0000000003f4e3b0 (lldb.target), type = 0x00000002 (modules-loaded), data = {kernel32.dll}
[DAP SERVER] | 2023-12-11 19:44:32.797 | [Info] (LLDBApiEventHandler.cpp, HandleTargetEvent, line: 422) | A target event occurred!
[DAP SERVER] | 2023-12-11 19:44:32.798 | [Info] (DebugSession.cpp, OnDebuggerEvent, line: 134) | send event: 
{
    "body": {
        "category": "console",
        "output": "library-loaded,target-name=\"C:\\Windows\\System32\\kernel32.dll\",host-name=\"C:\\Windows\\System32\\kernel32.dll\",loaded_addr=\"0x00007ff9c5310000\",codeRange=\"0x00007ff9c5311000~0x00007ff9c53913cd\"\n"
    },
    "event": "output",
    "seq": 16,
    "type": "event"
}
[DAP SERVER] | 2023-12-11 19:44:32.798 | [Info] (LLDBApiEventHandler.cpp, HandleTargetEvent, line: 445) | Target event handle finished, event type is eBroadcastBitModulesLoaded
[DAP SERVER] | 2023-12-11 19:44:32.798 | [Info] (LLDBApiEventHandler.cpp, ListenEvent, line: 80) | Description of event: 000000000441d040 Event: broadcaster = 0000000003f4e3b0 (lldb.target), type = 0x00000002 (modules-loaded), data = {KernelBase.dll}
[DAP SERVER] | 2023-12-11 19:44:32.798 | [Info] (LLDBApiEventHandler.cpp, HandleTargetEvent, line: 422) | A target event occurred!
[DAP SERVER] | 2023-12-11 19:44:32.798 | [Info] (DebugSession.cpp, OnDebuggerEvent, line: 134) | send event: 
{
    "body": {
        "category": "console",
        "output": "library-loaded,target-name=\"C:\\Windows\\System32\\KernelBase.dll\",host-name=\"C:\\Windows\\System32\\KernelBase.dll\",loaded_addr=\"0x00007ff9c4760000\",codeRange=\"0x00007ff9c4761000~0x00007ff9c48f0109\"\n"
    },
    "event": "output",
    "seq": 17,
    "type": "event"
}
[DAP SERVER] | 2023-12-11 19:44:32.798 | [Info] (LLDBApiEventHandler.cpp, HandleTargetEvent, line: 445) | Target event handle finished, event type is eBroadcastBitModulesLoaded
[DAP SERVER] | 2023-12-11 19:44:32.798 | [Info] (LLDBApiEventHandler.cpp, ListenEvent, line: 80) | Description of event: 000000000441cc80 Event: broadcaster = 0000000003f4e3b0 (lldb.target), type = 0x00000002 (modules-loaded), data = {KernelBase.dll}
[DAP SERVER] | 2023-12-11 19:44:32.798 | [Info] (LLDBApiEventHandler.cpp, HandleTargetEvent, line: 422) | A target event occurred!
[DAP SERVER] | 2023-12-11 19:44:32.798 | [Info] (DebugSession.cpp, OnDebuggerEvent, line: 134) | send event: 
{
    "body": {
        "category": "console",
        "output": "library-loaded,target-name=\"C:\\Windows\\System32\\KernelBase.dll\",host-name=\"C:\\Windows\\System32\\KernelBase.dll\",loaded_addr=\"0x00007ff9c4760000\",codeRange=\"0x00007ff9c4761000~0x00007ff9c48f0109\"\n"
    },
    "event": "output",
    "seq": 18,
    "type": "event"
}
[DAP SERVER] | 2023-12-11 19:44:32.798 | [Info] (LLDBApiEventHandler.cpp, HandleTargetEvent, line: 445) | Target event handle finished, event type is eBroadcastBitModulesLoaded
[DAP SERVER] | 2023-12-11 19:44:32.798 | [Info] (LLDBApiEventHandler.cpp, ListenEvent, line: 80) | Description of event: 0000000003e9e770 Event: broadcaster = 0000000003f4e3b0 (lldb.target), type = 0x00000002 (modules-loaded), data = {advapi32.dll}
[DAP SERVER] | 2023-12-11 19:44:32.798 | [Info] (LLDBApiEventHandler.cpp, HandleTargetEvent, line: 422) | A target event occurred!
[DAP SERVER] | 2023-12-11 19:44:32.798 | [Info] (DebugSession.cpp, OnDebuggerEvent, line: 134) | send event: 
{
    "body": {
        "category": "console",
        "output": "library-loaded,target-name=\"C:\\Windows\\System32\\advapi32.dll\",host-name=\"C:\\Windows\\System32\\advapi32.dll\",loaded_addr=\"0x00007ff9c71d0000\",codeRange=\"0x00007ff9c71d1000~0x00007ff9c723ac17\"\n"
    },
    "event": "output",
    "seq": 19,
    "type": "event"
}
[DAP SERVER] | 2023-12-11 19:44:32.798 | [Info] (LLDBApiEventHandler.cpp, HandleTargetEvent, line: 445) | Target event handle finished, event type is eBroadcastBitModulesLoaded
[DAP SERVER] | 2023-12-11 19:44:32.798 | [Info] (LLDBApiEventHandler.cpp, ListenEvent, line: 80) | Description of event: 00000000045dcea0 Event: broadcaster = 0000000003f4e3b0 (lldb.target), type = 0x00000002 (modules-loaded), data = {advapi32.dll}
[DAP SERVER] | 2023-12-11 19:44:32.798 | [Info] (LLDBApiEventHandler.cpp, HandleTargetEvent, line: 422) | A target event occurred!
[DAP SERVER] | 2023-12-11 19:44:32.798 | [Info] (DebugSession.cpp, OnDebuggerEvent, line: 134) | send event: 
{
    "body": {
        "category": "console",
        "output": "library-loaded,target-name=\"C:\\Windows\\System32\\advapi32.dll\",host-name=\"C:\\Windows\\System32\\advapi32.dll\",loaded_addr=\"0x00007ff9c71d0000\",codeRange=\"0x00007ff9c71d1000~0x00007ff9c723ac17\"\n"
    },
    "event": "output",
    "seq": 20,
    "type": "event"
}
[DAP SERVER] | 2023-12-11 19:44:32.798 | [Info] (LLDBApiEventHandler.cpp, HandleTargetEvent, line: 445) | Target event handle finished, event type is eBroadcastBitModulesLoaded
[DAP SERVER] | 2023-12-11 19:44:32.798 | [Info] (LLDBApiEventHandler.cpp, ListenEvent, line: 80) | Description of event: 00000000045df060 Event: broadcaster = 0000000003f4e3b0 (lldb.target), type = 0x00000002 (modules-loaded), data = {msvcrt.dll}
[DAP SERVER] | 2023-12-11 19:44:32.798 | [Info] (LLDBApiEventHandler.cpp, HandleTargetEvent, line: 422) | A target event occurred!
[DAP SERVER] | 2023-12-11 19:44:32.798 | [Info] (DebugSession.cpp, OnDebuggerEvent, line: 134) | send event: 
{
    "body": {
        "category": "console",
        "output": "library-loaded,target-name=\"C:\\Windows\\System32\\msvcrt.dll\",host-name=\"C:\\Windows\\System32\\msvcrt.dll\",loaded_addr=\"0x00007ff9c6ad0000\",codeRange=\"0x00007ff9c6ad1000~0x00007ff9c6b4b62f\"\n"
    },
    "event": "output",
    "seq": 21,
    "type": "event"
}
[DAP SERVER] | 2023-12-11 19:44:32.799 | [Info] (LLDBApiEventHandler.cpp, HandleTargetEvent, line: 445) | Target event handle finished, event type is eBroadcastBitModulesLoaded
[DAP SERVER] | 2023-12-11 19:44:32.799 | [Info] (LLDBApiEventHandler.cpp, ListenEvent, line: 80) | Description of event: 00000000045deaa0 Event: broadcaster = 0000000003f4e3b0 (lldb.target), type = 0x00000002 (modules-loaded), data = {msvcrt.dll}
[DAP SERVER] | 2023-12-11 19:44:32.799 | [Info] (LLDBApiEventHandler.cpp, HandleTargetEvent, line: 422) | A target event occurred!
[DAP SERVER] | 2023-12-11 19:44:32.799 | [Info] (DebugSession.cpp, OnDebuggerEvent, line: 134) | send event: 
{
    "body": {
        "category": "console",
        "output": "library-loaded,target-name=\"C:\\Windows\\System32\\msvcrt.dll\",host-name=\"C:\\Windows\\System32\\msvcrt.dll\",loaded_addr=\"0x00007ff9c6ad0000\",codeRange=\"0x00007ff9c6ad1000~0x00007ff9c6b4b62f\"\n"
    },
    "event": "output",
    "seq": 22,
    "type": "event"
}
[DAP SERVER] | 2023-12-11 19:44:32.799 | [Info] (LLDBApiEventHandler.cpp, HandleTargetEvent, line: 445) | Target event handle finished, event type is eBroadcastBitModulesLoaded
[DAP SERVER] | 2023-12-11 19:44:32.799 | [Info] (LLDBApiEventHandler.cpp, ListenEvent, line: 80) | Description of event: 00000000045dea20 Event: broadcaster = 0000000003f4e3b0 (lldb.target), type = 0x00000002 (modules-loaded), data = {sechost.dll}
[DAP SERVER] | 2023-12-11 19:44:32.799 | [Info] (LLDBApiEventHandler.cpp, HandleTargetEvent, line: 422) | A target event occurred!
[DAP SERVER] | 2023-12-11 19:44:32.799 | [Info] (DebugSession.cpp, OnDebuggerEvent, line: 134) | send event: 
{
    "body": {
        "category": "console",
        "output": "library-loaded,target-name=\"C:\\Windows\\System32\\sechost.dll\",host-name=\"C:\\Windows\\System32\\sechost.dll\",loaded_addr=\"0x00007ff9c6450000\",codeRange=\"0x00007ff9c6451000~0x00007ff9c64becbd\"\n"
    },
    "event": "output",
    "seq": 23,
    "type": "event"
}
[DAP SERVER] | 2023-12-11 19:44:32.799 | [Info] (LLDBApiEventHandler.cpp, HandleTargetEvent, line: 445) | Target event handle finished, event type is eBroadcastBitModulesLoaded
[DAP SERVER] | 2023-12-11 19:44:32.799 | [Info] (LLDBApiEventHandler.cpp, ListenEvent, line: 80) | Description of event: 00000000045dee20 Event: broadcaster = 0000000003f4e3b0 (lldb.target), type = 0x00000002 (modules-loaded), data = {sechost.dll}
[DAP SERVER] | 2023-12-11 19:44:32.799 | [Info] (LLDBApiEventHandler.cpp, HandleTargetEvent, line: 422) | A target event occurred!
[DAP SERVER] | 2023-12-11 19:44:32.799 | [Info] (DebugSession.cpp, OnDebuggerEvent, line: 134) | send event: 
{
    "body": {
        "category": "console",
        "output": "library-loaded,target-name=\"C:\\Windows\\System32\\sechost.dll\",host-name=\"C:\\Windows\\System32\\sechost.dll\",loaded_addr=\"0x00007ff9c6450000\",codeRange=\"0x00007ff9c6451000~0x00007ff9c64becbd\"\n"
    },
    "event": "output",
    "seq": 24,
    "type": "event"
}
[DAP SERVER] | 2023-12-11 19:44:32.799 | [Info] (LLDBApiEventHandler.cpp, HandleTargetEvent, line: 445) | Target event handle finished, event type is eBroadcastBitModulesLoaded
[DAP SERVER] | 2023-12-11 19:44:32.799 | [Info] (LLDBApiEventHandler.cpp, ListenEvent, line: 80) | Description of event: 00000000045dede0 Event: broadcaster = 0000000003f4e3b0 (lldb.target), type = 0x00000002 (modules-loaded), data = {rpcrt4.dll}
[DAP SERVER] | 2023-12-11 19:44:32.799 | [Info] (LLDBApiEventHandler.cpp, HandleTargetEvent, line: 422) | A target event occurred!
[DAP SERVER] | 2023-12-11 19:44:32.799 | [Info] (DebugSession.cpp, OnDebuggerEvent, line: 134) | send event: 
{
    "body": {
        "category": "console",
        "output": "library-loaded,target-name=\"C:\\Windows\\System32\\rpcrt4.dll\",host-name=\"C:\\Windows\\System32\\rpcrt4.dll\",loaded_addr=\"0x00007ff9c5020000\",codeRange=\"0x00007ff9c5021000~0x00007ff9c50f07cb\"\n"
    },
    "event": "output",
    "seq": 25,
    "type": "event"
}
[DAP SERVER] | 2023-12-11 19:44:32.799 | [Info] (LLDBApiEventHandler.cpp, HandleTargetEvent, line: 445) | Target event handle finished, event type is eBroadcastBitModulesLoaded
[DAP SERVER] | 2023-12-11 19:44:32.799 | [Info] (LLDBApiEventHandler.cpp, ListenEvent, line: 80) | Description of event: 00000000045df320 Event: broadcaster = 0000000003f4e3b0 (lldb.target), type = 0x00000002 (modules-loaded), data = {rpcrt4.dll}
[DAP SERVER] | 2023-12-11 19:44:32.799 | [Info] (LLDBApiEventHandler.cpp, HandleTargetEvent, line: 422) | A target event occurred!
[DAP SERVER] | 2023-12-11 19:44:32.799 | [Info] (DebugSession.cpp, OnDebuggerEvent, line: 134) | send event: 
{
    "body": {
        "category": "console",
        "output": "library-loaded,target-name=\"C:\\Windows\\System32\\rpcrt4.dll\",host-name=\"C:\\Windows\\System32\\rpcrt4.dll\",loaded_addr=\"0x00007ff9c5020000\",codeRange=\"0x00007ff9c5021000~0x00007ff9c50f07cb\"\n"
    },
    "event": "output",
    "seq": 26,
    "type": "event"
}
[DAP SERVER] | 2023-12-11 19:44:32.799 | [Info] (LLDBApiEventHandler.cpp, HandleTargetEvent, line: 445) | Target event handle finished, event type is eBroadcastBitModulesLoaded
[DAP SERVER] | 2023-12-11 19:44:32.799 | [Info] (LLDBApiEventHandler.cpp, ListenEvent, line: 80) | Description of event: 00000000045debe0 Event: broadcaster = 0000000003f4e3b0 (lldb.target), type = 0x00000002 (modules-loaded), data = {libboundscheck.dll}
[DAP SERVER] | 2023-12-11 19:44:32.799 | [Info] (LLDBApiEventHandler.cpp, HandleTargetEvent, line: 422) | A target event occurred!
[DAP SERVER] | 2023-12-11 19:44:32.799 | [Info] (DebugSession.cpp, OnDebuggerEvent, line: 134) | send event: 
{
    "body": {
        "category": "console",
        "output": "library-loaded,target-name=\"C:\\Users\\27439\\.sdk\\cangjie\\runtime\\lib\\windows_x86_64_llvm\\libboundscheck.dll\",host-name=\"C:\\Users\\27439\\.sdk\\cangjie\\runtime\\lib\\windows_x86_64_llvm\\libboundscheck.dll\",loaded_addr=\"0x00007ff9a9ba0000\",codeRange=\"0x00007ff9a9ba1000~0x00007ff9a9ba90b0\"\n"
    },
    "event": "output",
    "seq": 27,
    "type": "event"
}
[DAP SERVER] | 2023-12-11 19:44:32.799 | [Info] (LLDBApiEventHandler.cpp, HandleTargetEvent, line: 445) | Target event handle finished, event type is eBroadcastBitModulesLoaded
[DAP SERVER] | 2023-12-11 19:44:32.799 | [Info] (LLDBApiEventHandler.cpp, ListenEvent, line: 80) | Description of event: 00000000045df8e0 Event: broadcaster = 0000000003f4e3b0 (lldb.target), type = 0x00000002 (modules-loaded), data = {libboundscheck.dll}
[DAP SERVER] | 2023-12-11 19:44:32.800 | [Info] (LLDBApiEventHandler.cpp, HandleTargetEvent, line: 422) | A target event occurred!
[DAP SERVER] | 2023-12-11 19:44:32.800 | [Info] (DebugSession.cpp, OnDebuggerEvent, line: 134) | send event: 
{
    "body": {
        "category": "console",
        "output": "library-loaded,target-name=\"C:\\Users\\27439\\.sdk\\cangjie\\runtime\\lib\\windows_x86_64_llvm\\libboundscheck.dll\",host-name=\"C:\\Users\\27439\\.sdk\\cangjie\\runtime\\lib\\windows_x86_64_llvm\\libboundscheck.dll\",loaded_addr=\"0x00007ff9a9ba0000\",codeRange=\"0x00007ff9a9ba1000~0x00007ff9a9ba90b0\"\n"
    },
    "event": "output",
    "seq": 28,
    "type": "event"
}
[DAP SERVER] | 2023-12-11 19:44:32.800 | [Info] (LLDBApiEventHandler.cpp, HandleTargetEvent, line: 445) | Target event handle finished, event type is eBroadcastBitModulesLoaded
[DAP SERVER] | 2023-12-11 19:44:32.800 | [Info] (LLDBApiEventHandler.cpp, ListenEvent, line: 80) | Description of event: 00000000045dfc20 Event: broadcaster = 0000000003f4e3b0 (lldb.target), type = 0x00000002 (modules-loaded), data = {libcangjie-runtime.dll}
[DAP SERVER] | 2023-12-11 19:44:32.800 | [Info] (LLDBApiEventHandler.cpp, HandleTargetEvent, line: 422) | A target event occurred!
[DAP SERVER] | 2023-12-11 19:44:32.800 | [Info] (DebugSession.cpp, OnDebuggerEvent, line: 134) | send event: 
{
    "body": {
        "category": "console",
        "output": "library-loaded,target-name=\"C:\\Users\\27439\\.sdk\\cangjie\\runtime\\lib\\windows_x86_64_llvm\\libcangjie-runtime.dll\",host-name=\"C:\\Users\\27439\\.sdk\\cangjie\\runtime\\lib\\windows_x86_64_llvm\\libcangjie-runtime.dll\",loaded_addr=\"0x00007ff983620000\",codeRange=\"0x00007ff983621000~0x00007ff98368dd00\"\n"
    },
    "event": "output",
    "seq": 29,
    "type": "event"
}
[DAP SERVER] | 2023-12-11 19:44:32.800 | [Info] (LLDBApiEventHandler.cpp, HandleTargetEvent, line: 445) | Target event handle finished, event type is eBroadcastBitModulesLoaded
[DAP SERVER] | 2023-12-11 19:44:32.800 | [Info] (LLDBApiEventHandler.cpp, ListenEvent, line: 80) | Description of event: 00000000045dfe20 Event: broadcaster = 0000000003f4e3b0 (lldb.target), type = 0x00000002 (modules-loaded), data = {libcangjie-runtime.dll}
[DAP SERVER] | 2023-12-11 19:44:32.800 | [Info] (LLDBApiEventHandler.cpp, HandleTargetEvent, line: 422) | A target event occurred!
[DAP SERVER] | 2023-12-11 19:44:32.800 | [Info] (DebugSession.cpp, OnDebuggerEvent, line: 134) | send event: 
{
    "body": {
        "category": "console",
        "output": "library-loaded,target-name=\"C:\\Users\\27439\\.sdk\\cangjie\\runtime\\lib\\windows_x86_64_llvm\\libcangjie-runtime.dll\",host-name=\"C:\\Users\\27439\\.sdk\\cangjie\\runtime\\lib\\windows_x86_64_llvm\\libcangjie-runtime.dll\",loaded_addr=\"0x00007ff983620000\",codeRange=\"0x00007ff983621000~0x00007ff98368dd00\"\n"
    },
    "event": "output",
    "seq": 30,
    "type": "event"
}
[DAP SERVER] | 2023-12-11 19:44:32.800 | [Info] (LLDBApiEventHandler.cpp, HandleTargetEvent, line: 445) | Target event handle finished, event type is eBroadcastBitModulesLoaded
[DAP SERVER] | 2023-12-11 19:44:32.800 | [Info] (LLDBApiEventHandler.cpp, ListenEvent, line: 80) | Description of event: 00000000045df920 Event: broadcaster = 0000000003f4e3b0 (lldb.target), type = 0x00000002 (modules-loaded), data = {shlwapi.dll}
[DAP SERVER] | 2023-12-11 19:44:32.800 | [Info] (LLDBApiEventHandler.cpp, HandleTargetEvent, line: 422) | A target event occurred!
[DAP SERVER] | 2023-12-11 19:44:32.800 | [Info] (DebugSession.cpp, OnDebuggerEvent, line: 134) | send event: 
{
    "body": {
        "category": "console",
        "output": "library-loaded,target-name=\"C:\\Windows\\System32\\shlwapi.dll\",host-name=\"C:\\Windows\\System32\\shlwapi.dll\",loaded_addr=\"0x00007ff9c68c0000\",codeRange=\"0x00007ff9c68c1000~0x00007ff9c68f437d\"\n"
    },
    "event": "output",
    "seq": 31,
    "type": "event"
}
[DAP SERVER] | 2023-12-11 19:44:32.800 | [Info] (LLDBApiEventHandler.cpp, HandleTargetEvent, line: 445) | Target event handle finished, event type is eBroadcastBitModulesLoaded
[DAP SERVER] | 2023-12-11 19:44:32.800 | [Info] (LLDBApiEventHandler.cpp, ListenEvent, line: 80) | Description of event: 00000000045dfc60 Event: broadcaster = 0000000003f4e3b0 (lldb.target), type = 0x00000002 (modules-loaded), data = {shlwapi.dll}
[DAP SERVER] | 2023-12-11 19:44:32.800 | [Info] (LLDBApiEventHandler.cpp, HandleTargetEvent, line: 422) | A target event occurred!
[DAP SERVER] | 2023-12-11 19:44:32.800 | [Info] (DebugSession.cpp, OnDebuggerEvent, line: 134) | send event: 
{
    "body": {
        "category": "console",
        "output": "library-loaded,target-name=\"C:\\Windows\\System32\\shlwapi.dll\",host-name=\"C:\\Windows\\System32\\shlwapi.dll\",loaded_addr=\"0x00007ff9c68c0000\",codeRange=\"0x00007ff9c68c1000~0x00007ff9c68f437d\"\n"
    },
    "event": "output",
    "seq": 32,
    "type": "event"
}
[DAP SERVER] | 2023-12-11 19:44:32.800 | [Info] (LLDBApiEventHandler.cpp, HandleTargetEvent, line: 445) | Target event handle finished, event type is eBroadcastBitModulesLoaded
[DAP SERVER] | 2023-12-11 19:44:32.800 | [Info] (LLDBApiEventHandler.cpp, ListenEvent, line: 80) | Description of event: 00000000045dfce0 Event: broadcaster = 0000000003f4e3b0 (lldb.target), type = 0x00000002 (modules-loaded), data = {dbghelp.dll}
[DAP SERVER] | 2023-12-11 19:44:32.800 | [Info] (LLDBApiEventHandler.cpp, HandleTargetEvent, line: 422) | A target event occurred!
[DAP SERVER] | 2023-12-11 19:44:32.800 | [Info] (DebugSession.cpp, OnDebuggerEvent, line: 134) | send event: 
{
    "body": {
        "category": "console",
        "output": "library-loaded,target-name=\"C:\\Windows\\System32\\dbghelp.dll\",host-name=\"C:\\Windows\\System32\\dbghelp.dll\",loaded_addr=\"0x00007ff9ba760000\",codeRange=\"0x00007ff9ba761000~0x00007ff9ba8f2028\"\n"
    },
    "event": "output",
    "seq": 33,
    "type": "event"
}
[DAP SERVER] | 2023-12-11 19:44:32.800 | [Info] (LLDBApiEventHandler.cpp, HandleTargetEvent, line: 445) | Target event handle finished, event type is eBroadcastBitModulesLoaded
[DAP SERVER] | 2023-12-11 19:44:32.800 | [Info] (LLDBApiEventHandler.cpp, ListenEvent, line: 80) | Description of event: 00000000045dfd60 Event: broadcaster = 0000000003f4e3b0 (lldb.target), type = 0x00000002 (modules-loaded), data = {dbghelp.dll}
[DAP SERVER] | 2023-12-11 19:44:32.800 | [Info] (LLDBApiEventHandler.cpp, HandleTargetEvent, line: 422) | A target event occurred!
[DAP SERVER] | 2023-12-11 19:44:32.800 | [Info] (DebugSession.cpp, OnDebuggerEvent, line: 134) | send event: 
{
    "body": {
        "category": "console",
        "output": "library-loaded,target-name=\"C:\\Windows\\System32\\dbghelp.dll\",host-name=\"C:\\Windows\\System32\\dbghelp.dll\",loaded_addr=\"0x00007ff9ba760000\",codeRange=\"0x00007ff9ba761000~0x00007ff9ba8f2028\"\n"
    },
    "event": "output",
    "seq": 34,
    "type": "event"
}
[DAP SERVER] | 2023-12-11 19:44:32.800 | [Info] (LLDBApiEventHandler.cpp, HandleTargetEvent, line: 445) | Target event handle finished, event type is eBroadcastBitModulesLoaded
[DAP SERVER] | 2023-12-11 19:44:32.801 | [Info] (LLDBApiEventHandler.cpp, ListenEvent, line: 80) | Description of event: 00000000045e0620 Event: broadcaster = 0000000003f4e3b0 (lldb.target), type = 0x00000002 (modules-loaded), data = {ws2_32.dll}
[DAP SERVER] | 2023-12-11 19:44:32.801 | [Info] (LLDBApiEventHandler.cpp, HandleTargetEvent, line: 422) | A target event occurred!
[DAP SERVER] | 2023-12-11 19:44:32.801 | [Info] (DebugSession.cpp, OnDebuggerEvent, line: 134) | send event: 
{
    "body": {
        "category": "console",
        "output": "library-loaded,target-name=\"C:\\Windows\\System32\\ws2_32.dll\",host-name=\"C:\\Windows\\System32\\ws2_32.dll\",loaded_addr=\"0x00007ff9c7150000\",codeRange=\"0x00007ff9c7151000~0x00007ff9c7193a30\"\n"
    },
    "event": "output",
    "seq": 35,
    "type": "event"
}
[DAP SERVER] | 2023-12-11 19:44:32.801 | [Info] (LLDBApiEventHandler.cpp, HandleTargetEvent, line: 445) | Target event handle finished, event type is eBroadcastBitModulesLoaded
[DAP SERVER] | 2023-12-11 19:44:32.801 | [Info] (LLDBApiEventHandler.cpp, ListenEvent, line: 80) | Description of event: 00000000045e02a0 Event: broadcaster = 0000000003f4e3b0 (lldb.target), type = 0x00000002 (modules-loaded), data = {ws2_32.dll}
[DAP SERVER] | 2023-12-11 19:44:32.801 | [Info] (LLDBApiEventHandler.cpp, HandleTargetEvent, line: 422) | A target event occurred!
[DAP SERVER] | 2023-12-11 19:44:32.801 | [Info] (DebugSession.cpp, OnDebuggerEvent, line: 134) | send event: 
{
    "body": {
        "category": "console",
        "output": "library-loaded,target-name=\"C:\\Windows\\System32\\ws2_32.dll\",host-name=\"C:\\Windows\\System32\\ws2_32.dll\",loaded_addr=\"0x00007ff9c7150000\",codeRange=\"0x00007ff9c7151000~0x00007ff9c7193a30\"\n"
    },
    "event": "output",
    "seq": 36,
    "type": "event"
}
[DAP SERVER] | 2023-12-11 19:44:32.801 | [Info] (LLDBApiEventHandler.cpp, HandleTargetEvent, line: 445) | Target event handle finished, event type is eBroadcastBitModulesLoaded
[DAP SERVER] | 2023-12-11 19:44:32.801 | [Info] (LLDBApiEventHandler.cpp, ListenEvent, line: 80) | Description of event: 00000000045e03a0 Event: broadcaster = 0000000003f4e3b0 (lldb.target), type = 0x00000002 (modules-loaded), data = {ucrtbase.dll}
[DAP SERVER] | 2023-12-11 19:44:32.801 | [Info] (LLDBApiEventHandler.cpp, HandleTargetEvent, line: 422) | A target event occurred!
[DAP SERVER] | 2023-12-11 19:44:32.801 | [Info] (DebugSession.cpp, OnDebuggerEvent, line: 134) | send event: 
{
    "body": {
        "category": "console",
        "output": "library-loaded,target-name=\"C:\\Windows\\System32\\ucrtbase.dll\",host-name=\"C:\\Windows\\System32\\ucrtbase.dll\",loaded_addr=\"0x00007ff9c4640000\",codeRange=\"0x00007ff9c4641000~0x00007ff9c4703565\"\n"
    },
    "event": "output",
    "seq": 37,
    "type": "event"
}
[DAP SERVER] | 2023-12-11 19:44:32.801 | [Info] (LLDBApiEventHandler.cpp, HandleTargetEvent, line: 445) | Target event handle finished, event type is eBroadcastBitModulesLoaded
[DAP SERVER] | 2023-12-11 19:44:32.801 | [Info] (LLDBApiEventHandler.cpp, ListenEvent, line: 80) | Description of event: 00000000045e0a20 Event: broadcaster = 0000000003f4e3b0 (lldb.target), type = 0x00000002 (modules-loaded), data = {ucrtbase.dll}
[DAP SERVER] | 2023-12-11 19:44:32.801 | [Info] (LLDBApiEventHandler.cpp, HandleTargetEvent, line: 422) | A target event occurred!
[DAP SERVER] | 2023-12-11 19:44:32.801 | [Info] (DebugSession.cpp, OnDebuggerEvent, line: 134) | send event: 
{
    "body": {
        "category": "console",
        "output": "library-loaded,target-name=\"C:\\Windows\\System32\\ucrtbase.dll\",host-name=\"C:\\Windows\\System32\\ucrtbase.dll\",loaded_addr=\"0x00007ff9c4640000\",codeRange=\"0x00007ff9c4641000~0x00007ff9c4703565\"\n"
    },
    "event": "output",
    "seq": 38,
    "type": "event"
}
[DAP SERVER] | 2023-12-11 19:44:32.801 | [Info] (LLDBApiEventHandler.cpp, HandleTargetEvent, line: 445) | Target event handle finished, event type is eBroadcastBitModulesLoaded
[DAP SERVER] | 2023-12-11 19:44:32.801 | [Info] (LLDBApiEventHandler.cpp, ListenEvent, line: 80) | Description of event: 00000000045e1520 Event: broadcaster = 0000000003f4e3b0 (lldb.target), type = 0x00000002 (modules-loaded), data = {combase.dll}
[DAP SERVER] | 2023-12-11 19:44:32.801 | [Info] (LLDBApiEventHandler.cpp, HandleTargetEvent, line: 422) | A target event occurred!
[DAP SERVER] | 2023-12-11 19:44:32.801 | [Info] (DebugSession.cpp, OnDebuggerEvent, line: 134) | send event: 
{
    "body": {
        "category": "console",
        "output": "library-loaded,target-name=\"C:\\Windows\\System32\\combase.dll\",host-name=\"C:\\Windows\\System32\\combase.dll\",loaded_addr=\"0x00007ff9c6530000\",codeRange=\"0x00007ff9c6531000~0x00007ff9c6796f8c\"\n"
    },
    "event": "output",
    "seq": 39,
    "type": "event"
}
[DAP SERVER] | 2023-12-11 19:44:32.801 | [Info] (LLDBApiEventHandler.cpp, HandleTargetEvent, line: 445) | Target event handle finished, event type is eBroadcastBitModulesLoaded
[DAP SERVER] | 2023-12-11 19:44:32.801 | [Info] (LLDBApiEventHandler.cpp, ListenEvent, line: 80) | Description of event: 00000000045e1760 Event: broadcaster = 0000000003f4e3b0 (lldb.target), type = 0x00000002 (modules-loaded), data = {combase.dll}
[DAP SERVER] | 2023-12-11 19:44:32.801 | [Info] (LLDBApiEventHandler.cpp, HandleTargetEvent, line: 422) | A target event occurred!
[DAP SERVER] | 2023-12-11 19:44:32.801 | [Info] (DebugSession.cpp, OnDebuggerEvent, line: 134) | send event: 
{
    "body": {
        "category": "console",
        "output": "library-loaded,target-name=\"C:\\Windows\\System32\\combase.dll\",host-name=\"C:\\Windows\\System32\\combase.dll\",loaded_addr=\"0x00007ff9c6530000\",codeRange=\"0x00007ff9c6531000~0x00007ff9c6796f8c\"\n"
    },
    "event": "output",
    "seq": 40,
    "type": "event"
}
[DAP SERVER] | 2023-12-11 19:44:32.801 | [Info] (LLDBApiEventHandler.cpp, HandleTargetEvent, line: 445) | Target event handle finished, event type is eBroadcastBitModulesLoaded
[DAP SERVER] | 2023-12-11 19:44:32.801 | [Info] (LLDBApiEventHandler.cpp, ListenEvent, line: 80) | Description of event: 00000000045e0860 Event: broadcaster = 0000000003f4e3b0 (lldb.target), type = 0x00000002 (modules-loaded), data = {oleaut32.dll}
[DAP SERVER] | 2023-12-11 19:44:32.801 | [Info] (LLDBApiEventHandler.cpp, HandleTargetEvent, line: 422) | A target event occurred!
[DAP SERVER] | 2023-12-11 19:44:32.801 | [Info] (DebugSession.cpp, OnDebuggerEvent, line: 134) | send event: 
{
    "body": {
        "category": "console",
        "output": "library-loaded,target-name=\"C:\\Windows\\System32\\oleaut32.dll\",host-name=\"C:\\Windows\\System32\\oleaut32.dll\",loaded_addr=\"0x00007ff9c6f70000\",codeRange=\"0x00007ff9c6f71000~0x00007ff9c700e8cf\"\n"
    },
    "event": "output",
    "seq": 41,
    "type": "event"
}
[DAP SERVER] | 2023-12-11 19:44:32.802 | [Info] (LLDBApiEventHandler.cpp, HandleTargetEvent, line: 445) | Target event handle finished, event type is eBroadcastBitModulesLoaded
[DAP SERVER] | 2023-12-11 19:44:32.802 | [Info] (LLDBApiEventHandler.cpp, ListenEvent, line: 80) | Description of event: 00000000045e0ca0 Event: broadcaster = 0000000003f4e3b0 (lldb.target), type = 0x00000002 (modules-loaded), data = {oleaut32.dll}
[DAP SERVER] | 2023-12-11 19:44:32.802 | [Info] (LLDBApiEventHandler.cpp, HandleTargetEvent, line: 422) | A target event occurred!
[DAP SERVER] | 2023-12-11 19:44:32.802 | [Info] (DebugSession.cpp, OnDebuggerEvent, line: 134) | send event: 
{
    "body": {
        "category": "console",
        "output": "library-loaded,target-name=\"C:\\Windows\\System32\\oleaut32.dll\",host-name=\"C:\\Windows\\System32\\oleaut32.dll\",loaded_addr=\"0x00007ff9c6f70000\",codeRange=\"0x00007ff9c6f71000~0x00007ff9c700e8cf\"\n"
    },
    "event": "output",
    "seq": 42,
    "type": "event"
}
[DAP SERVER] | 2023-12-11 19:44:32.802 | [Info] (LLDBApiEventHandler.cpp, HandleTargetEvent, line: 445) | Target event handle finished, event type is eBroadcastBitModulesLoaded
[DAP SERVER] | 2023-12-11 19:44:32.802 | [Info] (LLDBApiEventHandler.cpp, ListenEvent, line: 80) | Description of event: 00000000045e0d60 Event: broadcaster = 0000000003f4e3b0 (lldb.target), type = 0x00000002 (modules-loaded), data = {msvcp_win.dll}
[DAP SERVER] | 2023-12-11 19:44:32.802 | [Info] (LLDBApiEventHandler.cpp, HandleTargetEvent, line: 422) | A target event occurred!
[DAP SERVER] | 2023-12-11 19:44:32.802 | [Info] (DebugSession.cpp, OnDebuggerEvent, line: 134) | send event: 
{
    "body": {
        "category": "console",
        "output": "library-loaded,target-name=\"C:\\Windows\\System32\\msvcp_win.dll\",host-name=\"C:\\Windows\\System32\\msvcp_win.dll\",loaded_addr=\"0x00007ff9c4b10000\",codeRange=\"0x00007ff9c4b11000~0x00007ff9c4b62e82\"\n"
    },
    "event": "output",
    "seq": 43,
    "type": "event"
}
[DAP SERVER] | 2023-12-11 19:44:32.802 | [Info] (LLDBApiEventHandler.cpp, HandleTargetEvent, line: 445) | Target event handle finished, event type is eBroadcastBitModulesLoaded
[DAP SERVER] | 2023-12-11 19:44:32.802 | [Info] (LLDBApiEventHandler.cpp, ListenEvent, line: 80) | Description of event: 00000000045e0ee0 Event: broadcaster = 0000000003f4e3b0 (lldb.target), type = 0x00000002 (modules-loaded), data = {msvcp_win.dll}
[DAP SERVER] | 2023-12-11 19:44:32.802 | [Info] (LLDBApiEventHandler.cpp, HandleTargetEvent, line: 422) | A target event occurred!
[DAP SERVER] | 2023-12-11 19:44:32.802 | [Info] (DebugSession.cpp, OnDebuggerEvent, line: 134) | send event: 
{
    "body": {
        "category": "console",
        "output": "library-loaded,target-name=\"C:\\Windows\\System32\\msvcp_win.dll\",host-name=\"C:\\Windows\\System32\\msvcp_win.dll\",loaded_addr=\"0x00007ff9c4b10000\",codeRange=\"0x00007ff9c4b11000~0x00007ff9c4b62e82\"\n"
    },
    "event": "output",
    "seq": 44,
    "type": "event"
}
[DAP SERVER] | 2023-12-11 19:44:32.802 | [Info] (LLDBApiEventHandler.cpp, HandleTargetEvent, line: 445) | Target event handle finished, event type is eBroadcastBitModulesLoaded
[DAP SERVER] | 2023-12-11 19:44:32.802 | [Info] (LLDBApiEventHandler.cpp, ListenEvent, line: 80) | Description of event: 00000000045e0ba0 Event: broadcaster = 0000000003f4e3b0 (lldb.target), type = 0x00000002 (modules-loaded), data = {main.exe}
[DAP SERVER] | 2023-12-11 19:44:32.802 | [Info] (LLDBApiEventHandler.cpp, HandleTargetEvent, line: 422) | A target event occurred!
[DAP SERVER] | 2023-12-11 19:44:32.802 | [Info] (DebugSession.cpp, OnDebuggerEvent, line: 134) | send event: 
{
    "body": {
        "category": "console",
        "output": "library-loaded,target-name=\"D:\\Code\\Cj\\untitled1\\build\\bin\\main.exe\",host-name=\"D:\\Code\\Cj\\untitled1\\build\\bin\\main.exe\",loaded_addr=\"0x00007ff75fa50000\",codeRange=\"0x00007ff75fa51000~0x00007ff75fa7e518\"\n"
    },
    "event": "output",
    "seq": 45,
    "type": "event"
}
[DAP SERVER] | 2023-12-11 19:44:32.802 | [Info] (LLDBApiEventHandler.cpp, HandleTargetEvent, line: 445) | Target event handle finished, event type is eBroadcastBitModulesLoaded
[DAP SERVER] | 2023-12-11 19:44:32.802 | [Info] (LLDBApiEventHandler.cpp, ListenEvent, line: 80) | Description of event: 00000000044b26a0 Event: broadcaster = 00000000044604b8 (lldb.process), type = 0x00000001 (state-changed), data = { process = 0000000004460480 (pid = 15816), state = running}
[DAP SERVER] | 2023-12-11 19:44:32.802 | [Info] (LLDBApiEventHandler.cpp, HandleProcessEvent, line: 110) | A process event occurred!
[DAP SERVER] | 2023-12-11 19:44:32.802 | [Info] (LLDBApiEventHandler.cpp, HandleProcessStateChangedEvent, line: 143) | Process state changed!
[DAP SERVER] | 2023-12-11 19:44:32.802 | [Info] (DebugSession.cpp, OnDebuggerEvent, line: 134) | send event: 
{
    "body": {
        "allThreadsContinued": true,
        "threadId": 0
    },
    "event": "continued",
    "seq": 46,
    "type": "event"
}
[DAP SERVER] | 2023-12-11 19:44:32.802 | [Info] (LLDBApiEventHandler.cpp, HandleProcessStateChangedEvent, line: 189) | Process state changed event handler finished, process state changed toeStateRunning
[DAP SERVER] | 2023-12-11 19:44:32.802 | [Info] (LLDBApiEventHandler.cpp, HandleProcessEvent, line: 138) | Process event handle finished, event type is eBroadcastBitStateChanged
[DAP SERVER] | 2023-12-11 19:44:32.802 | [Info] (LLDBApiEventHandler.cpp, ListenEvent, line: 80) | Description of event: 00000000045e0620 Event: broadcaster = 0000000003f4e3b0 (lldb.target), type = 0x00000002 (modules-loaded), data = {cryptsp.dll}
[DAP SERVER] | 2023-12-11 19:44:32.802 | [Info] (LLDBApiEventHandler.cpp, HandleTargetEvent, line: 422) | A target event occurred!
[DAP SERVER] | 2023-12-11 19:44:32.802 | [Info] (DebugSession.cpp, OnDebuggerEvent, line: 134) | send event: 
{
    "body": {
        "category": "console",
        "output": "library-loaded,target-name=\"C:\\Windows\\System32\\cryptsp.dll\",host-name=\"C:\\Windows\\System32\\cryptsp.dll\",loaded_addr=\"0x00007ff9c3df0000\",codeRange=\"0x00007ff9c3df1000~0x00007ff9c3dfe99c\"\n"
    },
    "event": "output",
    "seq": 47,
    "type": "event"
}
[DAP SERVER] | 2023-12-11 19:44:32.802 | [Info] (LLDBApiEventHandler.cpp, HandleTargetEvent, line: 445) | Target event handle finished, event type is eBroadcastBitModulesLoaded
[DAP SERVER] | 2023-12-11 19:44:32.803 | [Info] (LLDBApiEventHandler.cpp, ListenEvent, line: 80) | Description of event: 00000000045e15a0 Event: broadcaster = 0000000003f4e3b0 (lldb.target), type = 0x00000002 (modules-loaded), data = {cryptsp.dll}
[DAP SERVER] | 2023-12-11 19:44:32.803 | [Info] (LLDBApiEventHandler.cpp, HandleTargetEvent, line: 422) | A target event occurred!
[DAP SERVER] | 2023-12-11 19:44:32.803 | [Info] (DebugSession.cpp, OnDebuggerEvent, line: 134) | send event: 
{
    "body": {
        "category": "console",
        "output": "library-loaded,target-name=\"C:\\Windows\\System32\\cryptsp.dll\",host-name=\"C:\\Windows\\System32\\cryptsp.dll\",loaded_addr=\"0x00007ff9c3df0000\",codeRange=\"0x00007ff9c3df1000~0x00007ff9c3dfe99c\"\n"
    },
    "event": "output",
    "seq": 48,
    "type": "event"
}
[DAP SERVER] | 2023-12-11 19:44:32.803 | [Info] (LLDBApiEventHandler.cpp, HandleTargetEvent, line: 445) | Target event handle finished, event type is eBroadcastBitModulesLoaded
[DAP SERVER] | 2023-12-11 19:44:32.805 | [Info] (LLDBApiEventHandler.cpp, ListenEvent, line: 80) | Description of event: 00000000045e1060 Event: broadcaster = 0000000003f4e3b0 (lldb.target), type = 0x00000002 (modules-loaded), data = {rsaenh.dll}
[DAP SERVER] | 2023-12-11 19:44:32.805 | [Info] (LLDBApiEventHandler.cpp, HandleTargetEvent, line: 422) | A target event occurred!
[DAP SERVER] | 2023-12-11 19:44:32.805 | [Info] (DebugSession.cpp, OnChannelData, line: 45) | channel 0 receive data: 
Content-Length: 133

{"seq":9,"arguments":{"debugCommand":"process handle -p true -s false -n false SIGSEGV"},"type":"request","command":"debugInConsole"}
[DAP SERVER] | 2023-12-11 19:44:32.805 | [Info] (DebugSession.cpp, OnDebuggerEvent, line: 134) | send event: 
{
    "body": {
        "category": "console",
        "output": "library-loaded,target-name=\"C:\\Windows\\System32\\rsaenh.dll\",host-name=\"C:\\Windows\\System32\\rsaenh.dll\",loaded_addr=\"0x00007ff9c3650000\",codeRange=\"0x00007ff9c3651000~0x00007ff9c3674022\"\n"
    },
    "event": "output",
    "seq": 49,
    "type": "event"
}
[DAP SERVER] | 2023-12-11 19:44:32.805 | [Info] (MessageBuffer.cpp, GetBodyLength, line: 42) | Head length string: Content-Length: 133
[DAP SERVER] | 2023-12-11 19:44:32.805 | [Info] (LLDBApiEventHandler.cpp, HandleTargetEvent, line: 445) | Target event handle finished, event type is eBroadcastBitModulesLoaded
[DAP SERVER] | 2023-12-11 19:44:32.805 | [Info] (LLDBApiEventHandler.cpp, ListenEvent, line: 80) | Description of event: 00000000045e15a0 Event: broadcaster = 0000000003f4e3b0 (lldb.target), type = 0x00000002 (modules-loaded), data = {rsaenh.dll}
[DAP SERVER] | 2023-12-11 19:44:32.805 | [Info] (LLDBApiEventHandler.cpp, HandleTargetEvent, line: 422) | A target event occurred!
[DAP SERVER] | 2023-12-11 19:44:32.805 | [Info] (MessageBuffer.cpp, GetBodyLength, line: 57) | Get body length from head = 133
[DAP SERVER] | 2023-12-11 19:44:32.805 | [Info] (MessageBuffer.cpp, Pop, line: 116) | Head length = 19, body length = 133
[DAP SERVER] | 2023-12-11 19:44:32.805 | [Info] (DebugSession.cpp, OnDebuggerEvent, line: 134) | send event: 
{
    "body": {
        "category": "console",
        "output": "library-loaded,target-name=\"C:\\Windows\\System32\\rsaenh.dll\",host-name=\"C:\\Windows\\System32\\rsaenh.dll\",loaded_addr=\"0x00007ff9c3650000\",codeRange=\"0x00007ff9c3651000~0x00007ff9c3674022\"\n"
    },
    "event": "output",
    "seq": 50,
    "type": "event"
}
[DAP SERVER] | 2023-12-11 19:44:32.805 | [Info] (MessageBuffer.cpp, GetMessageType, line: 74) | Body string: 
{
    "arguments": {
        "debugCommand": "process handle -p true -s false -n false SIGSEGV"
    },
    "command": "debugInConsole",
    "seq": 9,
    "type": "request"
}
[DAP SERVER] | 2023-12-11 19:44:32.805 | [Info] (DebugSession.cpp, OnMessageBuffer, line: 69) | Pop request, command = debugInConsole, seq = 9
[DAP SERVER] | 2023-12-11 19:44:32.805 | [Info] (LLDBApiDebugger.cpp, OnDapRequest, line: 178) | request = debugInConsole, seq = 9
[DAP SERVER] | 2023-12-11 19:44:32.805 | [Info] (LLDBApiEventHandler.cpp, HandleTargetEvent, line: 445) | Target event handle finished, event type is eBroadcastBitModulesLoaded
[DAP SERVER] | 2023-12-11 19:44:32.805 | [Info] (LLDBApiDebugger.cpp, ExecCommand, line: 530) | Send Command to Debugger : process handle -p true -s false -n false SIGSEGV
[DAP SERVER] | 2023-12-11 19:44:32.806 | [Info] (LLDBApiDebugger.cpp, ExecCommand, line: 556) | Result of Command : Success, NAME         PASS   STOP   NOTIFY
===========  =====  =====  ======
SIGSEGV      true   false  false

[DAP SERVER] | 2023-12-11 19:44:32.806 | [Info] (DebugSession.cpp, OnDebuggerResponse, line: 152) | send response: 
{
    "body": {
        "output": "NAME         PASS   STOP   NOTIFY\n===========  =====  =====  ======\nSIGSEGV      true   false  false\n"
    },
    "command": "debugInConsole",
    "request_seq": 9,
    "seq": 51,
    "success": true,
    "type": "response"
}
[DAP SERVER] | 2023-12-11 19:44:32.806 | [Info] (LLDBApiDebugger.cpp, OnDapRequest, line: 213) | handle request end!
[DAP SERVER] | 2023-12-11 19:44:32.810 | [Info] (LLDBApiEventHandler.cpp, ListenEvent, line: 80) | Description of event: 00000000045e12a0 Event: broadcaster = 0000000003f4e3b0 (lldb.target), type = 0x00000002 (modules-loaded), data = {cryptbase.dll}
[DAP SERVER] | 2023-12-11 19:44:32.810 | [Info] (LLDBApiEventHandler.cpp, HandleTargetEvent, line: 422) | A target event occurred!
[DAP SERVER] | 2023-12-11 19:44:32.810 | [Info] (DebugSession.cpp, OnDebuggerEvent, line: 134) | send event: 
{
    "body": {
        "category": "console",
        "output": "library-loaded,target-name=\"C:\\Windows\\System32\\cryptbase.dll\",host-name=\"C:\\Windows\\System32\\cryptbase.dll\",loaded_addr=\"0x00007ff9c3de0000\",codeRange=\"0x00007ff9c3de1000~0x00007ff9c3de3903\"\n"
    },
    "event": "output",
    "seq": 52,
    "type": "event"
}
[DAP SERVER] | 2023-12-11 19:44:32.810 | [Info] (LLDBApiEventHandler.cpp, HandleTargetEvent, line: 445) | Target event handle finished, event type is eBroadcastBitModulesLoaded
[DAP SERVER] | 2023-12-11 19:44:32.810 | [Info] (LLDBApiEventHandler.cpp, ListenEvent, line: 80) | Description of event: 00000000045e1460 Event: broadcaster = 0000000003f4e3b0 (lldb.target), type = 0x00000002 (modules-loaded), data = {cryptbase.dll}
[DAP SERVER] | 2023-12-11 19:44:32.810 | [Info] (LLDBApiEventHandler.cpp, HandleTargetEvent, line: 422) | A target event occurred!
[DAP SERVER] | 2023-12-11 19:44:32.810 | [Info] (DebugSession.cpp, OnDebuggerEvent, line: 134) | send event: 
{
    "body": {
        "category": "console",
        "output": "library-loaded,target-name=\"C:\\Windows\\System32\\cryptbase.dll\",host-name=\"C:\\Windows\\System32\\cryptbase.dll\",loaded_addr=\"0x00007ff9c3de0000\",codeRange=\"0x00007ff9c3de1000~0x00007ff9c3de3903\"\n"
    },
    "event": "output",
    "seq": 53,
    "type": "event"
}
[DAP SERVER] | 2023-12-11 19:44:32.810 | [Info] (LLDBApiEventHandler.cpp, HandleTargetEvent, line: 445) | Target event handle finished, event type is eBroadcastBitModulesLoaded
[DAP SERVER] | 2023-12-11 19:44:32.814 | [Info] (LLDBApiEventHandler.cpp, ListenEvent, line: 80) | Description of event: 00000000045e12a0 Event: broadcaster = 0000000003f4e3b0 (lldb.target), type = 0x00000002 (modules-loaded), data = {bcryptprimitives.dll}
[DAP SERVER] | 2023-12-11 19:44:32.814 | [Info] (LLDBApiEventHandler.cpp, HandleTargetEvent, line: 422) | A target event occurred!
[DAP SERVER] | 2023-12-11 19:44:32.814 | [Info] (DebugSession.cpp, OnDebuggerEvent, line: 134) | send event: 
{
    "body": {
        "category": "console",
        "output": "library-loaded,target-name=\"C:\\Windows\\System32\\bcryptprimitives.dll\",host-name=\"C:\\Windows\\System32\\bcryptprimitives.dll\",loaded_addr=\"0x00007ff9c4dc0000\",codeRange=\"0x00007ff9c4dc1000~0x00007ff9c4e1cfbc\"\n"
    },
    "event": "output",
    "seq": 54,
    "type": "event"
}
[DAP SERVER] | 2023-12-11 19:44:32.814 | [Info] (LLDBApiEventHandler.cpp, HandleTargetEvent, line: 445) | Target event handle finished, event type is eBroadcastBitModulesLoaded
[DAP SERVER] | 2023-12-11 19:44:32.814 | [Info] (LLDBApiEventHandler.cpp, ListenEvent, line: 80) | Description of event: 00000000045e1460 Event: broadcaster = 0000000003f4e3b0 (lldb.target), type = 0x00000002 (modules-loaded), data = {bcryptprimitives.dll}
[DAP SERVER] | 2023-12-11 19:44:32.814 | [Info] (LLDBApiEventHandler.cpp, HandleTargetEvent, line: 422) | A target event occurred!
[DAP SERVER] | 2023-12-11 19:44:32.814 | [Info] (DebugSession.cpp, OnDebuggerEvent, line: 134) | send event: 
{
    "body": {
        "category": "console",
        "output": "library-loaded,target-name=\"C:\\Windows\\System32\\bcryptprimitives.dll\",host-name=\"C:\\Windows\\System32\\bcryptprimitives.dll\",loaded_addr=\"0x00007ff9c4dc0000\",codeRange=\"0x00007ff9c4dc1000~0x00007ff9c4e1cfbc\"\n"
    },
    "event": "output",
    "seq": 55,
    "type": "event"
}
[DAP SERVER] | 2023-12-11 19:44:32.814 | [Info] (LLDBApiEventHandler.cpp, HandleTargetEvent, line: 445) | Target event handle finished, event type is eBroadcastBitModulesLoaded
[DAP SERVER] | 2023-12-11 19:44:32.840 | [Info] (LLDBApiEventHandler.cpp, ListenEvent, line: 80) | Description of event: 00000000045e3fa0 Event: broadcaster = 0000000003f4e3b0 (lldb.target), type = 0x00000004 (modules-unloaded), data = {main.exe}
[DAP SERVER] | 2023-12-11 19:44:32.840 | [Info] (LLDBApiEventHandler.cpp, HandleTargetEvent, line: 422) | A target event occurred!
[DAP SERVER] | 2023-12-11 19:44:32.840 | [Info] (LLDBApiEventHandler.cpp, HandleTargetEvent, line: 445) | Target event handle finished, event type is eBroadcastBitModulesUnloaded
[DAP SERVER] | 2023-12-11 19:44:32.841 | [Info] (LLDBApiEventHandler.cpp, ListenEvent, line: 80) | Description of event: 00000000045e38e0 Event: broadcaster = 0000000003f4e3b0 (lldb.target), type = 0x00000001 (breakpoint-changed), data = {bkpt: 1 type: locations removed}
[DAP SERVER] | 2023-12-11 19:44:32.841 | [Info] (LLDBApiEventHandler.cpp, HandleBreakpointEvent, line: 509) | A breakpoint event occurred!
[DAP SERVER] | 2023-12-11 19:44:32.841 | [Info] (LLDBApiEventHandler.cpp, HandleBreakpointEvent, line: 559) | Breakpoint event handle finished, event type is eBreakpointEventTypeLocationsRemoved
[DAP SERVER] | 2023-12-11 19:44:32.841 | [Info] (LLDBApiEventHandler.cpp, ListenEvent, line: 80) | Description of event: 0000000004603800 Event: broadcaster = 00000000044604b8 (lldb.process), type = 0x00000001 (state-changed), data = { process = 0000000004460480 (pid = 15816), state = exited}
[DAP SERVER] | 2023-12-11 19:44:32.841 | [Info] (LLDBApiEventHandler.cpp, HandleProcessEvent, line: 110) | A process event occurred!
[DAP SERVER] | 2023-12-11 19:44:32.841 | [Info] (LLDBApiEventHandler.cpp, HandleProcessStateChangedEvent, line: 143) | Process state changed!
[DAP SERVER] | 2023-12-11 19:44:32.841 | [Info] (DebugSession.cpp, OnDebuggerEvent, line: 134) | send event: 
{
    "body": {
        "exitCode": 0
    },
    "event": "exited",
    "seq": 56,
    "type": "event"
}
[DAP SERVER] | 2023-12-11 19:44:32.841 | [Info] (DebugSession.cpp, OnDebuggerEvent, line: 134) | send event: 
{
    "body": {
        "restart": false
    },
    "event": "terminated",
    "seq": 57,
    "type": "event"
}
[DAP SERVER] | 2023-12-11 19:44:32.841 | [Info] (LLDBApiEventHandler.cpp, HandleProcessStateChangedEvent, line: 189) | Process state changed event handler finished, process state changed toeStateExited
[DAP SERVER] | 2023-12-11 19:44:32.841 | [Info] (LLDBApiEventHandler.cpp, HandleProcessEvent, line: 138) | Process event handle finished, event type is eBroadcastBitStateChanged
[DAP SERVER] | 2023-12-11 19:44:32.841 | [Info] (LLDBApiEventHandler.cpp, ListenEvent, line: 97) | Event listener exited.
[DAP SERVER] | 2023-12-11 19:44:32.860 | [Info] (DebugSession.cpp, OnChannelData, line: 45) | channel 0 receive data: 
Content-Length: 128

{"seq":10,"arguments":{"restart":false,"terminateDebuggee":true,"suspendDebuggee":null},"command":"disconnect","type":"request"}
[DAP SERVER] | 2023-12-11 19:44:32.860 | [Info] (MessageBuffer.cpp, GetBodyLength, line: 42) | Head length string: Content-Length: 128
[DAP SERVER] | 2023-12-11 19:44:32.860 | [Info] (DebugSession.cpp, OnChannelClose, line: 105) | DebugSession channel 0 closed
[DAP SERVER] | 2023-12-11 19:44:32.861 | [Info] (MessageBuffer.cpp, GetBodyLength, line: 57) | Get body length from head = 128
[DAP SERVER] | 2023-12-11 19:44:32.861 | [Info] (MessageBuffer.cpp, Pop, line: 116) | Head length = 19, body length = 128
[DAP SERVER] | 2023-12-11 19:44:32.861 | [Info] (MessageBuffer.cpp, GetMessageType, line: 74) | Body string: 
{
    "arguments": {
        "restart": false,
        "suspendDebuggee": null,
        "terminateDebuggee": true
    },
    "command": "disconnect",
    "seq": 10,
    "type": "request"
}
[DAP SERVER] | 2023-12-11 19:44:32.861 | [Info] (DebugSession.cpp, OnMessageBuffer, line: 69) | Pop request, command = disconnect, seq = 10
[DAP SERVER] | 2023-12-11 19:44:32.861 | [Info] (LLDBApiDebugger.cpp, OnDapRequest, line: 178) | request = disconnect, seq = 10
[DAP SERVER] | 2023-12-11 19:44:32.862 | [Info] (DebugSession.cpp, OnDebuggerExit, line: 116) | DebugSession session 1: debugger exited, exit code is 0, session closed
[DAP SERVER] | 2023-12-11 19:44:32.862 | [Info] (DebugSession.cpp, OnDebuggerResponse, line: 152) | send response: 
{
    "command": "disconnect",
    "request_seq": 10,
    "seq": 58,
    "success": true,
    "type": "response"
}
[DAP SERVER] | 2023-12-11 19:44:32.862 | [Info] (LLDBApiDebugger.cpp, OnDapRequest, line: 213) | handle request end!
[DAP SERVER] | 2023-12-11 19:44:32.862 | [Info] (DebugSession.cpp, OnMessageBuffer, line: 89) | OnMessageThread eixted.
[DAP SERVER] | 2023-12-11 19:44:32.862 | [Info] (DebugSession.cpp, Stop, line: 199) | Session stop, sessionId = 1
[DAP SERVER] | 2023-12-11 19:44:32.862 | [Info] (DebugSession.cpp, OnChannelClose, line: 108) | DebugSession session 1: channel closed, session closed
[DAP SERVER] | 2023-12-11 19:44:32.862 | [Error] (SocketServer.cpp, OnSessionClosed, line: 90) | debug session is already cleared!
