[DAP SERVER] | 2023-12-11 19:43:03.804 | [Info] (DapParamParser.cpp, ParseDebugOption, line: 142) | current channel type is socket.
[DAP SERVER] | 2023-12-11 19:43:03.804 | [Info] (DapParamParser.cpp, ParseDebugOption, line: 151) | current debugger is lldbapi.
[DAP SERVER] | 2023-12-11 19:43:03.911 | [Info] (SocketServer.cpp, OnChannelAccepted, line: 64) | SocketServer Accepted, channelServerId: 0, channelId: 0
[DAP SERVER] | 2023-12-11 19:43:03.922 | [Info] (TimeTravelDebugManager.cpp, TimeTravelDebugManager, line: 26) | Time travel debug manager initialized successfully.
[DAP SERVER] | 2023-12-11 19:43:03.923 | [Info] (DebugSession.cpp, Start, line: 186) | Session start, sessionId = 1
[DAP SERVER] | 2023-12-11 19:43:03.923 | [Info] (DebugSession.cpp, OnMessageBuffer, line: 52) | OnMessageThread start.
[DAP SERVER] | 2023-12-11 19:43:04.022 | [Info] (DebugSession.cpp, OnChannelData, line: 45) | channel 0 receive data: 
Content-Length: 523

{"command":"initialize","arguments":{"clientID":"vscode","clientName":"Visual Studio Code","adapterID":"cangjieDebug","pathFormat":"path","linesStartAt1":true,"columnsStartAt1":true,"supportsVariableType":true,"supportsVariablePaging":true,"supportsRunInTerminalRequest":true,"locale":"zh-cn","supportsProgressReporting":true,"supportsInvalidatedEvent":true,"supportsMemoryReferences":true,"supportsArgsCanBeInterpretedByShell":true,"supportsMemoryEvent":true,"supportsStartDebuggingRequest":true},"type":"request","seq":1}
[DAP SERVER] | 2023-12-11 19:43:04.022 | [Info] (MessageBuffer.cpp, GetBodyLength, line: 42) | Head length string: Content-Length: 523
[DAP SERVER] | 2023-12-11 19:43:04.022 | [Info] (MessageBuffer.cpp, GetBodyLength, line: 57) | Get body length from head = 523
[DAP SERVER] | 2023-12-11 19:43:04.022 | [Info] (MessageBuffer.cpp, Pop, line: 116) | Head length = 19, body length = 523
[DAP SERVER] | 2023-12-11 19:43:04.022 | [Info] (MessageBuffer.cpp, GetMessageType, line: 74) | Body string: 
{
    "arguments": {
        "adapterID": "cangjieDebug",
        "clientID": "vscode",
        "clientName": "Visual Studio Code",
        "columnsStartAt1": true,
        "linesStartAt1": true,
        "locale": "zh-cn",
        "pathFormat": "path",
        "supportsArgsCanBeInterpretedByShell": true,
        "supportsInvalidatedEvent": true,
        "supportsMemoryEvent": true,
        "supportsMemoryReferences": true,
        "supportsProgressReporting": true,
        "supportsRunInTerminalRequest": true,
        "supportsStartDebuggingRequest": true,
        "supportsVariablePaging": true,
        "supportsVariableType": true
    },
    "command": "initialize",
    "seq": 1,
    "type": "request"
}
[DAP SERVER] | 2023-12-11 19:43:04.023 | [Info] (DebugSession.cpp, OnMessageBuffer, line: 69) | Pop request, command = initialize, seq = 1
[DAP SERVER] | 2023-12-11 19:43:04.023 | [Info] (LLDBApiDebugger.cpp, OnDapRequest, line: 178) | request = initialize, seq = 1
[DAP SERVER] | 2023-12-11 19:43:04.023 | [Info] (DebugSession.cpp, OnDebuggerResponse, line: 152) | send response: 
{
    "body": {
        "additionalModuleColumns": [],
        "exceptionBreakpointFilters": [],
        "supportTerminateDebuggee": true,
        "supportedChecksumAlgorithms": [],
        "supportedTimeTravelRecordPointTypes": [
            "step",
            "breakpoint",
            "function breakpoint",
            "instruction breakpoint",
            "data breakpoint",
            "exception"
        ],
        "supportsConditionalBreakpoints": true,
        "supportsConfigurationDoneRequest": true,
        "supportsDataBreakpoints": true,
        "supportsDisassembleRequest": true,
        "supportsFunctionBreakpoints": true,
        "supportsHitConditionalBreakpoints": true,
        "supportsInstructionBreakpoints": true,
        "supportsReadMemoryRequest": true,
        "supportsSetExecutionPoint": true,
        "supportsSetVariable": true,
        "supportsSteppingGranularity": true,
        "supportsTimeTravelDebugging": false,
        "supportsWriteMemoryRequest": true
    },
    "command": "initialize",
    "request_seq": 1,
    "seq": 1,
    "success": true,
    "type": "response"
}
[DAP SERVER] | 2023-12-11 19:43:04.023 | [Info] (LLDBApiEventHandler.cpp, ListenEvent, line: 67) | Event listener started.
[DAP SERVER] | 2023-12-11 19:43:04.023 | [Info] (LLDBApiDebugger.cpp, OnDapRequest, line: 213) | handle request end!
[DAP SERVER] | 2023-12-11 19:43:04.025 | [Info] (DebugSession.cpp, OnChannelData, line: 45) | channel 0 receive data: 
Content-Length: 318

{"command":"launch","arguments":{"name":"Cangjie Debug (cjdb): launch","program":"D:/Code/Cj/untitled1/build/bin/main.exe","request":"launch","type":"cangjieDebug","externalConsole":false,"buildBeforeLaunch":true,"__configurationTarget":6,"__sessionId":"5f99955e-fc53-4a24-aa85-68226f5a5431"},"type":"request","seq":2}
[DAP SERVER] | 2023-12-11 19:43:04.025 | [Info] (MessageBuffer.cpp, GetBodyLength, line: 42) | Head length string: Content-Length: 318
[DAP SERVER] | 2023-12-11 19:43:04.025 | [Info] (MessageBuffer.cpp, GetBodyLength, line: 57) | Get body length from head = 318
[DAP SERVER] | 2023-12-11 19:43:04.025 | [Info] (MessageBuffer.cpp, Pop, line: 116) | Head length = 19, body length = 318
[DAP SERVER] | 2023-12-11 19:43:04.025 | [Info] (MessageBuffer.cpp, GetMessageType, line: 74) | Body string: 
{
    "arguments": {
        "__configurationTarget": 6,
        "__sessionId": "5f99955e-fc53-4a24-aa85-68226f5a5431",
        "buildBeforeLaunch": true,
        "externalConsole": false,
        "name": "Cangjie Debug (cjdb): launch",
        "program": "D:/Code/Cj/untitled1/build/bin/main.exe",
        "request": "launch",
        "type": "cangjieDebug"
    },
    "command": "launch",
    "seq": 2,
    "type": "request"
}
[DAP SERVER] | 2023-12-11 19:43:04.025 | [Info] (DebugSession.cpp, OnMessageBuffer, line: 69) | Pop request, command = launch, seq = 2
[DAP SERVER] | 2023-12-11 19:43:04.025 | [Info] (LLDBApiDebugger.cpp, OnDapRequest, line: 178) | request = launch, seq = 2
[DAP SERVER] | 2023-12-11 19:43:04.025 | [Info] (LaunchHelper.cpp, ParseParameters, line: 66) | Launch params:
 program: D:/Code/Cj/untitled1/build/bin/main.exe
 remote: NO_REMOTE
[DAP SERVER] | 2023-12-11 19:43:04.033 | [Info] (LLDBApiEventHandler.cpp, ListenEvent, line: 80) | Description of event: 000000000427fdb0 Event: broadcaster = 000000000432b9a0 (lldb.target), type = 0x00000002 (modules-loaded), data = {main.exe}
[DAP SERVER] | 2023-12-11 19:43:04.033 | [Info] (LLDBApiEventHandler.cpp, HandleTargetEvent, line: 422) | A target event occurred!
[DAP SERVER] | 2023-12-11 19:43:04.039 | [Info] (DebugSession.cpp, OnDebuggerEvent, line: 134) | send event: 
{
    "body": {
        "category": "console",
        "output": "library-loaded,target-name=\"D:\\Code\\Cj\\untitled1\\build\\bin\\main.exe\",host-name=\"D:\\Code\\Cj\\untitled1\\build\\bin\\main.exe\",loaded_addr=\"-\",codeRange=\"-~-\"\n"
    },
    "event": "output",
    "seq": 2,
    "type": "event"
}
[DAP SERVER] | 2023-12-11 19:43:04.041 | [Info] (LLDBApiEventHandler.cpp, HandleTargetEvent, line: 445) | Target event handle finished, event type is eBroadcastBitModulesLoaded
[DAP SERVER] | 2023-12-11 19:43:04.041 | [Info] (DebugSession.cpp, OnDebuggerRequest, line: 166) | send request: 
{
    "arguments": {
        "args": [],
        "cwd": "",
        "env": {},
        "kind": "integrated",
        "title": "cangjieDebug: main.exe"
    },
    "command": "runInTerminal",
    "seq": 3,
    "type": "request"
}
[DAP SERVER] | 2023-12-11 19:43:04.041 | [Info] (LLDBApiDebugger.cpp, OnDapRequest, line: 213) | handle request end!
[DAP SERVER] | 2023-12-11 19:43:04.088 | [Info] (DebugSession.cpp, OnChannelData, line: 45) | channel 0 receive data: 
Content-Length: 116

{"type":"response","seq":3,"command":"runInTerminal","request_seq":3,"success":true,"body":{"shellProcessId":22368}}
[DAP SERVER] | 2023-12-11 19:43:04.088 | [Info] (MessageBuffer.cpp, GetBodyLength, line: 42) | Head length string: Content-Length: 116
[DAP SERVER] | 2023-12-11 19:43:04.088 | [Info] (MessageBuffer.cpp, GetBodyLength, line: 57) | Get body length from head = 116
[DAP SERVER] | 2023-12-11 19:43:04.088 | [Info] (MessageBuffer.cpp, Pop, line: 116) | Head length = 19, body length = 116
[DAP SERVER] | 2023-12-11 19:43:04.088 | [Info] (MessageBuffer.cpp, GetMessageType, line: 74) | Body string: 
{
    "body": {
        "shellProcessId": 22368
    },
    "command": "runInTerminal",
    "request_seq": 3,
    "seq": 3,
    "success": true,
    "type": "response"
}
[DAP SERVER] | 2023-12-11 19:43:04.088 | [Info] (DebugSession.cpp, OnMessageBuffer, line: 82) | Pop response, command = runInTerminal, seq = 3, request_seq = 3
[DAP SERVER] | 2023-12-11 19:43:04.088 | [Info] (LLDBApiDebugger.cpp, OnDapResponse, line: 223) | response = runInTerminal, success = 1
[DAP SERVER] | 2023-12-11 19:43:04.099 | [Info] (DebugSession.cpp, OnDebuggerResponse, line: 152) | send response: 
{
    "command": "launch",
    "request_seq": 2,
    "seq": 4,
    "success": true,
    "type": "response"
}
[DAP SERVER] | 2023-12-11 19:43:04.100 | [Info] (DebugSession.cpp, OnDebuggerEvent, line: 134) | send event: 
{
    "event": "initialized",
    "seq": 5,
    "type": "event"
}
[DAP SERVER] | 2023-12-11 19:43:04.122 | [Info] (DebugSession.cpp, OnChannelData, line: 45) | channel 0 receive data: 
Content-Length: 204

{"command":"setBreakpoints","arguments":{"source":{"name":"main.cj","path":"d:\\Code\\Cj\\untitled1\\src\\main.cj"},"lines":[2],"breakpoints":[{"line":2}],"sourceModified":false},"type":"request","seq":4}
[DAP SERVER] | 2023-12-11 19:43:04.122 | [Info] (MessageBuffer.cpp, GetBodyLength, line: 42) | Head length string: Content-Length: 204
[DAP SERVER] | 2023-12-11 19:43:04.122 | [Info] (MessageBuffer.cpp, GetBodyLength, line: 57) | Get body length from head = 204
[DAP SERVER] | 2023-12-11 19:43:04.123 | [Info] (MessageBuffer.cpp, Pop, line: 116) | Head length = 19, body length = 204
[DAP SERVER] | 2023-12-11 19:43:04.123 | [Info] (MessageBuffer.cpp, GetMessageType, line: 74) | Body string: 
{
    "arguments": {
        "breakpoints": [
            {
                "line": 2
            }
        ],
        "lines": [
            2
        ],
        "source": {
            "name": "main.cj",
            "path": "d:\\Code\\Cj\\untitled1\\src\\main.cj"
        },
        "sourceModified": false
    },
    "command": "setBreakpoints",
    "seq": 4,
    "type": "request"
}
[DAP SERVER] | 2023-12-11 19:43:04.123 | [Info] (DebugSession.cpp, OnMessageBuffer, line: 69) | Pop request, command = setBreakpoints, seq = 4
[DAP SERVER] | 2023-12-11 19:43:04.123 | [Info] (LLDBApiDebugger.cpp, OnDapRequest, line: 178) | request = setBreakpoints, seq = 4
[DAP SERVER] | 2023-12-11 19:43:04.123 | [Warn] (SetBreakpointsApiHandler.cpp, RemoveBreakpoints, line: 95) | WARN: No file path exist, filePath: D:/Code/Cj/untitled1/src/main.cj
[DAP SERVER] | 2023-12-11 19:43:04.123 | [Info] (DebugSession.cpp, OnChannelData, line: 45) | channel 0 receive data: 
Content-Length: 92

{"command":"setFunctionBreakpoints","arguments":{"breakpoints":[]},"type":"request","seq":5}
[DAP SERVER] | 2023-12-11 19:43:04.123 | [Info] (LLDBApiEventHandler.cpp, ListenEvent, line: 80) | Description of event: 00000000047fd090 Event: broadcaster = 000000000432b9a0 (lldb.target), type = 0x00000001 (breakpoint-changed), data = {bkpt: 1 type: breakpoint added}
[DAP SERVER] | 2023-12-11 19:43:04.123 | [Info] (LLDBApiEventHandler.cpp, HandleBreakpointEvent, line: 509) | A breakpoint event occurred!
[DAP SERVER] | 2023-12-11 19:43:04.123 | [Info] (DebugSession.cpp, OnChannelData, line: 45) | channel 0 receive data: 
Content-Length: 88

{"command":"setDataBreakpoints","arguments":{"breakpoints":[]},"type":"request","seq":6}
[DAP SERVER] | 2023-12-11 19:43:04.123 | [Info] (DebugSession.cpp, OnChannelData, line: 45) | channel 0 receive data: 
Content-Length: 95

{"command":"setInstructionBreakpoints","arguments":{"breakpoints":[]},"type":"request","seq":7}
[DAP SERVER] | 2023-12-11 19:43:04.124 | [Info] (DebugSession.cpp, OnDebuggerResponse, line: 152) | send response: 
{
    "body": {
        "breakpoints": [
            {
                "id": 1,
                "line": 2,
                "source": {
                    "path": "d:/Code/Cj/untitled1/src/main.cj"
                },
                "verified": true
            }
        ]
    },
    "command": "setBreakpoints",
    "request_seq": 4,
    "seq": 6,
    "success": true,
    "type": "response"
}
[DAP SERVER] | 2023-12-11 19:43:04.124 | [Info] (DebugSession.cpp, OnDebuggerEvent, line: 134) | send event: 
{
    "body": {
        "breakpoint": {
            "id": 1,
            "instructionReference": "0x000000014002a3ea",
            "line": 2,
            "message": "Breakpoint",
            "source": {
                "name": "untitled1/default::main()",
                "path": "D:/Code/Cj/untitled1/src/untitled1/default"
            },
            "verified": true
        },
        "hitCount": 0,
        "ignoreCount": 0,
        "reason": "new"
    },
    "event": "breakpoint",
    "seq": 7,
    "type": "event"
}
[DAP SERVER] | 2023-12-11 19:43:04.124 | [Info] (LLDBApiDebugger.cpp, OnDapRequest, line: 213) | handle request end!
[DAP SERVER] | 2023-12-11 19:43:04.124 | [Info] (MessageBuffer.cpp, GetBodyLength, line: 42) | Head length string: Content-Length: 92
[DAP SERVER] | 2023-12-11 19:43:04.124 | [Info] (LLDBApiEventHandler.cpp, HandleBreakpointEvent, line: 559) | Breakpoint event handle finished, event type is eBreakpointEventTypeAdded
[DAP SERVER] | 2023-12-11 19:43:04.124 | [Info] (MessageBuffer.cpp, GetBodyLength, line: 57) | Get body length from head = 92
[DAP SERVER] | 2023-12-11 19:43:04.124 | [Info] (MessageBuffer.cpp, Pop, line: 116) | Head length = 18, body length = 92
[DAP SERVER] | 2023-12-11 19:43:04.124 | [Info] (MessageBuffer.cpp, GetMessageType, line: 74) | Body string: 
{
    "arguments": {
        "breakpoints": []
    },
    "command": "setFunctionBreakpoints",
    "seq": 5,
    "type": "request"
}
[DAP SERVER] | 2023-12-11 19:43:04.124 | [Info] (DebugSession.cpp, OnMessageBuffer, line: 69) | Pop request, command = setFunctionBreakpoints, seq = 5
[DAP SERVER] | 2023-12-11 19:43:04.124 | [Info] (LLDBApiDebugger.cpp, OnDapRequest, line: 178) | request = setFunctionBreakpoints, seq = 5
[DAP SERVER] | 2023-12-11 19:43:04.124 | [Info] (DebugSession.cpp, OnDebuggerResponse, line: 152) | send response: 
{
    "body": {
        "breakpoints": []
    },
    "command": "setFunctionBreakpoints",
    "request_seq": 5,
    "seq": 8,
    "success": true,
    "type": "response"
}
[DAP SERVER] | 2023-12-11 19:43:04.124 | [Info] (LLDBApiDebugger.cpp, OnDapRequest, line: 213) | handle request end!
[DAP SERVER] | 2023-12-11 19:43:04.124 | [Info] (MessageBuffer.cpp, GetBodyLength, line: 42) | Head length string: Content-Length: 88
[DAP SERVER] | 2023-12-11 19:43:04.125 | [Info] (MessageBuffer.cpp, GetBodyLength, line: 57) | Get body length from head = 88
[DAP SERVER] | 2023-12-11 19:43:04.125 | [Info] (MessageBuffer.cpp, Pop, line: 116) | Head length = 18, body length = 88
[DAP SERVER] | 2023-12-11 19:43:04.125 | [Info] (MessageBuffer.cpp, GetMessageType, line: 74) | Body string: 
{
    "arguments": {
        "breakpoints": []
    },
    "command": "setDataBreakpoints",
    "seq": 6,
    "type": "request"
}
[DAP SERVER] | 2023-12-11 19:43:04.125 | [Info] (DebugSession.cpp, OnMessageBuffer, line: 69) | Pop request, command = setDataBreakpoints, seq = 6
[DAP SERVER] | 2023-12-11 19:43:04.125 | [Info] (LLDBApiDebugger.cpp, OnDapRequest, line: 178) | request = setDataBreakpoints, seq = 6
[DAP SERVER] | 2023-12-11 19:43:04.125 | [Info] (DebugSession.cpp, OnDebuggerResponse, line: 152) | send response: 
{
    "body": {
        "breakpoints": []
    },
    "command": "setDataBreakpoints",
    "request_seq": 6,
    "seq": 9,
    "success": true,
    "type": "response"
}
[DAP SERVER] | 2023-12-11 19:43:04.125 | [Info] (LLDBApiDebugger.cpp, OnDapRequest, line: 213) | handle request end!
[DAP SERVER] | 2023-12-11 19:43:04.125 | [Info] (MessageBuffer.cpp, GetBodyLength, line: 42) | Head length string: Content-Length: 95
[DAP SERVER] | 2023-12-11 19:43:04.125 | [Info] (MessageBuffer.cpp, GetBodyLength, line: 57) | Get body length from head = 95
[DAP SERVER] | 2023-12-11 19:43:04.125 | [Info] (MessageBuffer.cpp, Pop, line: 116) | Head length = 18, body length = 95
[DAP SERVER] | 2023-12-11 19:43:04.125 | [Info] (MessageBuffer.cpp, GetMessageType, line: 74) | Body string: 
{
    "arguments": {
        "breakpoints": []
    },
    "command": "setInstructionBreakpoints",
    "seq": 7,
    "type": "request"
}
[DAP SERVER] | 2023-12-11 19:43:04.125 | [Info] (DebugSession.cpp, OnMessageBuffer, line: 69) | Pop request, command = setInstructionBreakpoints, seq = 7
[DAP SERVER] | 2023-12-11 19:43:04.125 | [Info] (LLDBApiDebugger.cpp, OnDapRequest, line: 178) | request = setInstructionBreakpoints, seq = 7
[DAP SERVER] | 2023-12-11 19:43:04.125 | [Info] (DebugSession.cpp, OnDebuggerResponse, line: 152) | send response: 
{
    "body": {
        "breakpoints": []
    },
    "command": "setInstructionBreakpoints",
    "request_seq": 7,
    "seq": 10,
    "success": true,
    "type": "response"
}
[DAP SERVER] | 2023-12-11 19:43:04.125 | [Info] (LLDBApiDebugger.cpp, OnDapRequest, line: 213) | handle request end!
[DAP SERVER] | 2023-12-11 19:43:04.161 | [Info] (DebugSession.cpp, OnChannelData, line: 45) | channel 0 receive data: 
Content-Length: 56

{"command":"configurationDone","type":"request","seq":8}
[DAP SERVER] | 2023-12-11 19:43:04.161 | [Info] (MessageBuffer.cpp, GetBodyLength, line: 42) | Head length string: Content-Length: 56
[DAP SERVER] | 2023-12-11 19:43:04.161 | [Info] (MessageBuffer.cpp, GetBodyLength, line: 57) | Get body length from head = 56
[DAP SERVER] | 2023-12-11 19:43:04.161 | [Info] (MessageBuffer.cpp, Pop, line: 116) | Head length = 18, body length = 56
[DAP SERVER] | 2023-12-11 19:43:04.162 | [Info] (MessageBuffer.cpp, GetMessageType, line: 74) | Body string: 
{
    "command": "configurationDone",
    "seq": 8,
    "type": "request"
}
[DAP SERVER] | 2023-12-11 19:43:04.162 | [Info] (DebugSession.cpp, OnMessageBuffer, line: 69) | Pop request, command = configurationDone, seq = 8
[DAP SERVER] | 2023-12-11 19:43:04.162 | [Info] (LLDBApiDebugger.cpp, OnDapRequest, line: 178) | request = configurationDone, seq = 8
[DAP SERVER] | 2023-12-11 19:43:04.205 | [Info] (LLDBApiEventHandler.cpp, ListenEvent, line: 80) | Description of event: 00000000047fea90 Event: broadcaster = 000000000432b9a0 (lldb.target), type = 0x00000001 (breakpoint-changed), data = {bkpt: 1 type: locations resolved}
[DAP SERVER] | 2023-12-11 19:43:04.205 | [Info] (LLDBApiEventHandler.cpp, HandleBreakpointEvent, line: 509) | A breakpoint event occurred!
[DAP SERVER] | 2023-12-11 19:43:04.205 | [Info] (LLDBApiEventHandler.cpp, HandleBreakpointEvent, line: 559) | Breakpoint event handle finished, event type is eBreakpointEventTypeLocationsResolved
[DAP SERVER] | 2023-12-11 19:43:04.205 | [Info] (LLDBApiEventHandler.cpp, ListenEvent, line: 80) | Description of event: 00000000047feb10 Event: broadcaster = 000000000432b9a0 (lldb.target), type = 0x00000002 (modules-loaded), data = {main.exe}
[DAP SERVER] | 2023-12-11 19:43:04.205 | [Info] (LLDBApiEventHandler.cpp, HandleTargetEvent, line: 422) | A target event occurred!
[DAP SERVER] | 2023-12-11 19:43:04.295 | [Info] (DebugSession.cpp, OnDebuggerResponse, line: 152) | send response: 
{
    "command": "configurationDone",
    "request_seq": 8,
    "seq": 12,
    "success": true,
    "type": "response"
}
[DAP SERVER] | 2023-12-11 19:43:04.295 | [Info] (DebugSession.cpp, OnDebuggerEvent, line: 134) | send event: 
{
    "body": {
        "category": "console",
        "output": "library-loaded,target-name=\"D:\\Code\\Cj\\untitled1\\build\\bin\\main.exe\",host-name=\"D:\\Code\\Cj\\untitled1\\build\\bin\\main.exe\",loaded_addr=\"0x00007ff70b070000\",codeRange=\"0x00007ff70b071000~0x00007ff70b09e518\"\n"
    },
    "event": "output",
    "seq": 11,
    "type": "event"
}
[DAP SERVER] | 2023-12-11 19:43:04.295 | [Info] (LLDBApiDebugger.cpp, OnDapRequest, line: 213) | handle request end!
[DAP SERVER] | 2023-12-11 19:43:04.295 | [Info] (LLDBApiEventHandler.cpp, HandleTargetEvent, line: 445) | Target event handle finished, event type is eBroadcastBitModulesLoaded
[DAP SERVER] | 2023-12-11 19:43:04.295 | [Info] (LLDBApiEventHandler.cpp, ListenEvent, line: 80) | Description of event: 00000000047fea90 Event: broadcaster = 000000000432b9a0 (lldb.target), type = 0x00000002 (modules-loaded), data = {ntdll.dll}
[DAP SERVER] | 2023-12-11 19:43:04.295 | [Info] (LLDBApiEventHandler.cpp, HandleTargetEvent, line: 422) | A target event occurred!
[DAP SERVER] | 2023-12-11 19:43:04.295 | [Info] (DebugSession.cpp, OnDebuggerEvent, line: 134) | send event: 
{
    "body": {
        "category": "console",
        "output": "library-loaded,target-name=\"C:\\Windows\\System32\\ntdll.dll\",host-name=\"C:\\Windows\\System32\\ntdll.dll\",loaded_addr=\"0x00007ff9c72d0000\",codeRange=\"0x00007ff9c72d1000~0x00007ff9c73fe22e\"\n"
    },
    "event": "output",
    "seq": 13,
    "type": "event"
}
[DAP SERVER] | 2023-12-11 19:43:04.295 | [Info] (LLDBApiEventHandler.cpp, HandleTargetEvent, line: 445) | Target event handle finished, event type is eBroadcastBitModulesLoaded
[DAP SERVER] | 2023-12-11 19:43:04.295 | [Info] (LLDBApiEventHandler.cpp, ListenEvent, line: 80) | Description of event: 00000000047fbc90 Event: broadcaster = 000000000432b9a0 (lldb.target), type = 0x00000002 (modules-loaded), data = {ntdll.dll}
[DAP SERVER] | 2023-12-11 19:43:04.295 | [Info] (LLDBApiEventHandler.cpp, HandleTargetEvent, line: 422) | A target event occurred!
[DAP SERVER] | 2023-12-11 19:43:04.296 | [Info] (DebugSession.cpp, OnDebuggerEvent, line: 134) | send event: 
{
    "body": {
        "category": "console",
        "output": "library-loaded,target-name=\"C:\\Windows\\System32\\ntdll.dll\",host-name=\"C:\\Windows\\System32\\ntdll.dll\",loaded_addr=\"0x00007ff9c72d0000\",codeRange=\"0x00007ff9c72d1000~0x00007ff9c73fe22e\"\n"
    },
    "event": "output",
    "seq": 14,
    "type": "event"
}
[DAP SERVER] | 2023-12-11 19:43:04.296 | [Info] (LLDBApiEventHandler.cpp, HandleTargetEvent, line: 445) | Target event handle finished, event type is eBroadcastBitModulesLoaded
[DAP SERVER] | 2023-12-11 19:43:04.296 | [Info] (LLDBApiEventHandler.cpp, ListenEvent, line: 80) | Description of event: 000000000427faf0 Event: broadcaster = 000000000432b9a0 (lldb.target), type = 0x00000002 (modules-loaded), data = {kernel32.dll}
[DAP SERVER] | 2023-12-11 19:43:04.296 | [Info] (LLDBApiEventHandler.cpp, HandleTargetEvent, line: 422) | A target event occurred!
[DAP SERVER] | 2023-12-11 19:43:04.296 | [Info] (DebugSession.cpp, OnDebuggerEvent, line: 134) | send event: 
{
    "body": {
        "category": "console",
        "output": "library-loaded,target-name=\"C:\\Windows\\System32\\kernel32.dll\",host-name=\"C:\\Windows\\System32\\kernel32.dll\",loaded_addr=\"0x00007ff9c5310000\",codeRange=\"0x00007ff9c5311000~0x00007ff9c53913cd\"\n"
    },
    "event": "output",
    "seq": 15,
    "type": "event"
}
[DAP SERVER] | 2023-12-11 19:43:04.296 | [Info] (LLDBApiEventHandler.cpp, HandleTargetEvent, line: 445) | Target event handle finished, event type is eBroadcastBitModulesLoaded
[DAP SERVER] | 2023-12-11 19:43:04.296 | [Info] (LLDBApiEventHandler.cpp, ListenEvent, line: 80) | Description of event: 00000000049ed050 Event: broadcaster = 000000000432b9a0 (lldb.target), type = 0x00000002 (modules-loaded), data = {kernel32.dll}
[DAP SERVER] | 2023-12-11 19:43:04.296 | [Info] (LLDBApiEventHandler.cpp, HandleTargetEvent, line: 422) | A target event occurred!
[DAP SERVER] | 2023-12-11 19:43:04.296 | [Info] (DebugSession.cpp, OnDebuggerEvent, line: 134) | send event: 
{
    "body": {
        "category": "console",
        "output": "library-loaded,target-name=\"C:\\Windows\\System32\\kernel32.dll\",host-name=\"C:\\Windows\\System32\\kernel32.dll\",loaded_addr=\"0x00007ff9c5310000\",codeRange=\"0x00007ff9c5311000~0x00007ff9c53913cd\"\n"
    },
    "event": "output",
    "seq": 16,
    "type": "event"
}
[DAP SERVER] | 2023-12-11 19:43:04.296 | [Info] (LLDBApiEventHandler.cpp, HandleTargetEvent, line: 445) | Target event handle finished, event type is eBroadcastBitModulesLoaded
[DAP SERVER] | 2023-12-11 19:43:04.296 | [Info] (LLDBApiEventHandler.cpp, ListenEvent, line: 80) | Description of event: 00000000049ec7d0 Event: broadcaster = 000000000432b9a0 (lldb.target), type = 0x00000002 (modules-loaded), data = {KernelBase.dll}
[DAP SERVER] | 2023-12-11 19:43:04.296 | [Info] (LLDBApiEventHandler.cpp, HandleTargetEvent, line: 422) | A target event occurred!
[DAP SERVER] | 2023-12-11 19:43:04.296 | [Info] (DebugSession.cpp, OnDebuggerEvent, line: 134) | send event: 
{
    "body": {
        "category": "console",
        "output": "library-loaded,target-name=\"C:\\Windows\\System32\\KernelBase.dll\",host-name=\"C:\\Windows\\System32\\KernelBase.dll\",loaded_addr=\"0x00007ff9c4760000\",codeRange=\"0x00007ff9c4761000~0x00007ff9c48f0109\"\n"
    },
    "event": "output",
    "seq": 17,
    "type": "event"
}
[DAP SERVER] | 2023-12-11 19:43:04.296 | [Info] (LLDBApiEventHandler.cpp, HandleTargetEvent, line: 445) | Target event handle finished, event type is eBroadcastBitModulesLoaded
[DAP SERVER] | 2023-12-11 19:43:04.296 | [Info] (LLDBApiEventHandler.cpp, ListenEvent, line: 80) | Description of event: 00000000049ed0d0 Event: broadcaster = 000000000432b9a0 (lldb.target), type = 0x00000002 (modules-loaded), data = {KernelBase.dll}
[DAP SERVER] | 2023-12-11 19:43:04.296 | [Info] (LLDBApiEventHandler.cpp, HandleTargetEvent, line: 422) | A target event occurred!
[DAP SERVER] | 2023-12-11 19:43:04.296 | [Info] (DebugSession.cpp, OnDebuggerEvent, line: 134) | send event: 
{
    "body": {
        "category": "console",
        "output": "library-loaded,target-name=\"C:\\Windows\\System32\\KernelBase.dll\",host-name=\"C:\\Windows\\System32\\KernelBase.dll\",loaded_addr=\"0x00007ff9c4760000\",codeRange=\"0x00007ff9c4761000~0x00007ff9c48f0109\"\n"
    },
    "event": "output",
    "seq": 18,
    "type": "event"
}
[DAP SERVER] | 2023-12-11 19:43:04.296 | [Info] (LLDBApiEventHandler.cpp, HandleTargetEvent, line: 445) | Target event handle finished, event type is eBroadcastBitModulesLoaded
[DAP SERVER] | 2023-12-11 19:43:04.296 | [Info] (LLDBApiEventHandler.cpp, ListenEvent, line: 80) | Description of event: 00000000049ecdd0 Event: broadcaster = 000000000432b9a0 (lldb.target), type = 0x00000002 (modules-loaded), data = {advapi32.dll}
[DAP SERVER] | 2023-12-11 19:43:04.296 | [Info] (LLDBApiEventHandler.cpp, HandleTargetEvent, line: 422) | A target event occurred!
[DAP SERVER] | 2023-12-11 19:43:04.297 | [Info] (DebugSession.cpp, OnDebuggerEvent, line: 134) | send event: 
{
    "body": {
        "category": "console",
        "output": "library-loaded,target-name=\"C:\\Windows\\System32\\advapi32.dll\",host-name=\"C:\\Windows\\System32\\advapi32.dll\",loaded_addr=\"0x00007ff9c71d0000\",codeRange=\"0x00007ff9c71d1000~0x00007ff9c723ac17\"\n"
    },
    "event": "output",
    "seq": 19,
    "type": "event"
}
[DAP SERVER] | 2023-12-11 19:43:04.297 | [Info] (LLDBApiEventHandler.cpp, HandleTargetEvent, line: 445) | Target event handle finished, event type is eBroadcastBitModulesLoaded
[DAP SERVER] | 2023-12-11 19:43:04.297 | [Info] (LLDBApiEventHandler.cpp, ListenEvent, line: 80) | Description of event: 00000000049ecd50 Event: broadcaster = 000000000432b9a0 (lldb.target), type = 0x00000002 (modules-loaded), data = {advapi32.dll}
[DAP SERVER] | 2023-12-11 19:43:04.297 | [Info] (LLDBApiEventHandler.cpp, HandleTargetEvent, line: 422) | A target event occurred!
[DAP SERVER] | 2023-12-11 19:43:04.297 | [Info] (DebugSession.cpp, OnDebuggerEvent, line: 134) | send event: 
{
    "body": {
        "category": "console",
        "output": "library-loaded,target-name=\"C:\\Windows\\System32\\advapi32.dll\",host-name=\"C:\\Windows\\System32\\advapi32.dll\",loaded_addr=\"0x00007ff9c71d0000\",codeRange=\"0x00007ff9c71d1000~0x00007ff9c723ac17\"\n"
    },
    "event": "output",
    "seq": 20,
    "type": "event"
}
[DAP SERVER] | 2023-12-11 19:43:04.297 | [Info] (LLDBApiEventHandler.cpp, HandleTargetEvent, line: 445) | Target event handle finished, event type is eBroadcastBitModulesLoaded
[DAP SERVER] | 2023-12-11 19:43:04.297 | [Info] (LLDBApiEventHandler.cpp, ListenEvent, line: 80) | Description of event: 00000000049ef390 Event: broadcaster = 000000000432b9a0 (lldb.target), type = 0x00000002 (modules-loaded), data = {msvcrt.dll}
[DAP SERVER] | 2023-12-11 19:43:04.297 | [Info] (LLDBApiEventHandler.cpp, HandleTargetEvent, line: 422) | A target event occurred!
[DAP SERVER] | 2023-12-11 19:43:04.297 | [Info] (DebugSession.cpp, OnDebuggerEvent, line: 134) | send event: 
{
    "body": {
        "category": "console",
        "output": "library-loaded,target-name=\"C:\\Windows\\System32\\msvcrt.dll\",host-name=\"C:\\Windows\\System32\\msvcrt.dll\",loaded_addr=\"0x00007ff9c6ad0000\",codeRange=\"0x00007ff9c6ad1000~0x00007ff9c6b4b62f\"\n"
    },
    "event": "output",
    "seq": 21,
    "type": "event"
}
[DAP SERVER] | 2023-12-11 19:43:04.297 | [Info] (LLDBApiEventHandler.cpp, HandleTargetEvent, line: 445) | Target event handle finished, event type is eBroadcastBitModulesLoaded
[DAP SERVER] | 2023-12-11 19:43:04.297 | [Info] (LLDBApiEventHandler.cpp, ListenEvent, line: 80) | Description of event: 00000000049ee750 Event: broadcaster = 000000000432b9a0 (lldb.target), type = 0x00000002 (modules-loaded), data = {msvcrt.dll}
[DAP SERVER] | 2023-12-11 19:43:04.297 | [Info] (LLDBApiEventHandler.cpp, HandleTargetEvent, line: 422) | A target event occurred!
[DAP SERVER] | 2023-12-11 19:43:04.297 | [Info] (DebugSession.cpp, OnDebuggerEvent, line: 134) | send event: 
{
    "body": {
        "category": "console",
        "output": "library-loaded,target-name=\"C:\\Windows\\System32\\msvcrt.dll\",host-name=\"C:\\Windows\\System32\\msvcrt.dll\",loaded_addr=\"0x00007ff9c6ad0000\",codeRange=\"0x00007ff9c6ad1000~0x00007ff9c6b4b62f\"\n"
    },
    "event": "output",
    "seq": 22,
    "type": "event"
}
[DAP SERVER] | 2023-12-11 19:43:04.297 | [Info] (LLDBApiEventHandler.cpp, HandleTargetEvent, line: 445) | Target event handle finished, event type is eBroadcastBitModulesLoaded
[DAP SERVER] | 2023-12-11 19:43:04.297 | [Info] (LLDBApiEventHandler.cpp, ListenEvent, line: 80) | Description of event: 00000000049ee890 Event: broadcaster = 000000000432b9a0 (lldb.target), type = 0x00000002 (modules-loaded), data = {sechost.dll}
[DAP SERVER] | 2023-12-11 19:43:04.297 | [Info] (LLDBApiEventHandler.cpp, HandleTargetEvent, line: 422) | A target event occurred!
[DAP SERVER] | 2023-12-11 19:43:04.297 | [Info] (DebugSession.cpp, OnDebuggerEvent, line: 134) | send event: 
{
    "body": {
        "category": "console",
        "output": "library-loaded,target-name=\"C:\\Windows\\System32\\sechost.dll\",host-name=\"C:\\Windows\\System32\\sechost.dll\",loaded_addr=\"0x00007ff9c6450000\",codeRange=\"0x00007ff9c6451000~0x00007ff9c64becbd\"\n"
    },
    "event": "output",
    "seq": 23,
    "type": "event"
}
[DAP SERVER] | 2023-12-11 19:43:04.297 | [Info] (LLDBApiEventHandler.cpp, HandleTargetEvent, line: 445) | Target event handle finished, event type is eBroadcastBitModulesLoaded
[DAP SERVER] | 2023-12-11 19:43:04.297 | [Info] (LLDBApiEventHandler.cpp, ListenEvent, line: 80) | Description of event: 00000000049f0290 Event: broadcaster = 000000000432b9a0 (lldb.target), type = 0x00000002 (modules-loaded), data = {sechost.dll}
[DAP SERVER] | 2023-12-11 19:43:04.298 | [Info] (LLDBApiEventHandler.cpp, HandleTargetEvent, line: 422) | A target event occurred!
[DAP SERVER] | 2023-12-11 19:43:04.298 | [Info] (DebugSession.cpp, OnDebuggerEvent, line: 134) | send event: 
{
    "body": {
        "category": "console",
        "output": "library-loaded,target-name=\"C:\\Windows\\System32\\sechost.dll\",host-name=\"C:\\Windows\\System32\\sechost.dll\",loaded_addr=\"0x00007ff9c6450000\",codeRange=\"0x00007ff9c6451000~0x00007ff9c64becbd\"\n"
    },
    "event": "output",
    "seq": 24,
    "type": "event"
}
[DAP SERVER] | 2023-12-11 19:43:04.298 | [Info] (LLDBApiEventHandler.cpp, HandleTargetEvent, line: 445) | Target event handle finished, event type is eBroadcastBitModulesLoaded
[DAP SERVER] | 2023-12-11 19:43:04.298 | [Info] (LLDBApiEventHandler.cpp, ListenEvent, line: 80) | Description of event: 00000000049efd90 Event: broadcaster = 000000000432b9a0 (lldb.target), type = 0x00000002 (modules-loaded), data = {rpcrt4.dll}
[DAP SERVER] | 2023-12-11 19:43:04.298 | [Info] (LLDBApiEventHandler.cpp, HandleTargetEvent, line: 422) | A target event occurred!
[DAP SERVER] | 2023-12-11 19:43:04.298 | [Info] (DebugSession.cpp, OnDebuggerEvent, line: 134) | send event: 
{
    "body": {
        "category": "console",
        "output": "library-loaded,target-name=\"C:\\Windows\\System32\\rpcrt4.dll\",host-name=\"C:\\Windows\\System32\\rpcrt4.dll\",loaded_addr=\"0x00007ff9c5020000\",codeRange=\"0x00007ff9c5021000~0x00007ff9c50f07cb\"\n"
    },
    "event": "output",
    "seq": 25,
    "type": "event"
}
[DAP SERVER] | 2023-12-11 19:43:04.298 | [Info] (LLDBApiEventHandler.cpp, HandleTargetEvent, line: 445) | Target event handle finished, event type is eBroadcastBitModulesLoaded
[DAP SERVER] | 2023-12-11 19:43:04.298 | [Info] (LLDBApiEventHandler.cpp, ListenEvent, line: 80) | Description of event: 00000000049f0550 Event: broadcaster = 000000000432b9a0 (lldb.target), type = 0x00000002 (modules-loaded), data = {rpcrt4.dll}
[DAP SERVER] | 2023-12-11 19:43:04.298 | [Info] (LLDBApiEventHandler.cpp, HandleTargetEvent, line: 422) | A target event occurred!
[DAP SERVER] | 2023-12-11 19:43:04.298 | [Info] (DebugSession.cpp, OnDebuggerEvent, line: 134) | send event: 
{
    "body": {
        "category": "console",
        "output": "library-loaded,target-name=\"C:\\Windows\\System32\\rpcrt4.dll\",host-name=\"C:\\Windows\\System32\\rpcrt4.dll\",loaded_addr=\"0x00007ff9c5020000\",codeRange=\"0x00007ff9c5021000~0x00007ff9c50f07cb\"\n"
    },
    "event": "output",
    "seq": 26,
    "type": "event"
}
[DAP SERVER] | 2023-12-11 19:43:04.298 | [Info] (LLDBApiEventHandler.cpp, HandleTargetEvent, line: 445) | Target event handle finished, event type is eBroadcastBitModulesLoaded
[DAP SERVER] | 2023-12-11 19:43:04.298 | [Info] (LLDBApiEventHandler.cpp, ListenEvent, line: 80) | Description of event: 00000000049efd10 Event: broadcaster = 000000000432b9a0 (lldb.target), type = 0x00000002 (modules-loaded), data = {libcangjie-runtime.dll}
[DAP SERVER] | 2023-12-11 19:43:04.298 | [Info] (LLDBApiEventHandler.cpp, HandleTargetEvent, line: 422) | A target event occurred!
[DAP SERVER] | 2023-12-11 19:43:04.298 | [Info] (DebugSession.cpp, OnDebuggerEvent, line: 134) | send event: 
{
    "body": {
        "category": "console",
        "output": "library-loaded,target-name=\"C:\\Users\\27439\\.sdk\\cangjie\\runtime\\lib\\windows_x86_64_llvm\\libcangjie-runtime.dll\",host-name=\"C:\\Users\\27439\\.sdk\\cangjie\\runtime\\lib\\windows_x86_64_llvm\\libcangjie-runtime.dll\",loaded_addr=\"0x00007ff99f460000\",codeRange=\"0x00007ff99f461000~0x00007ff99f4cdd00\"\n"
    },
    "event": "output",
    "seq": 27,
    "type": "event"
}
[DAP SERVER] | 2023-12-11 19:43:04.298 | [Info] (LLDBApiEventHandler.cpp, HandleTargetEvent, line: 445) | Target event handle finished, event type is eBroadcastBitModulesLoaded
[DAP SERVER] | 2023-12-11 19:43:04.298 | [Info] (LLDBApiEventHandler.cpp, ListenEvent, line: 80) | Description of event: 00000000049f0410 Event: broadcaster = 000000000432b9a0 (lldb.target), type = 0x00000002 (modules-loaded), data = {libcangjie-runtime.dll}
[DAP SERVER] | 2023-12-11 19:43:04.298 | [Info] (LLDBApiEventHandler.cpp, HandleTargetEvent, line: 422) | A target event occurred!
[DAP SERVER] | 2023-12-11 19:43:04.298 | [Info] (DebugSession.cpp, OnDebuggerEvent, line: 134) | send event: 
{
    "body": {
        "category": "console",
        "output": "library-loaded,target-name=\"C:\\Users\\27439\\.sdk\\cangjie\\runtime\\lib\\windows_x86_64_llvm\\libcangjie-runtime.dll\",host-name=\"C:\\Users\\27439\\.sdk\\cangjie\\runtime\\lib\\windows_x86_64_llvm\\libcangjie-runtime.dll\",loaded_addr=\"0x00007ff99f460000\",codeRange=\"0x00007ff99f461000~0x00007ff99f4cdd00\"\n"
    },
    "event": "output",
    "seq": 28,
    "type": "event"
}
[DAP SERVER] | 2023-12-11 19:43:04.298 | [Info] (LLDBApiEventHandler.cpp, HandleTargetEvent, line: 445) | Target event handle finished, event type is eBroadcastBitModulesLoaded
[DAP SERVER] | 2023-12-11 19:43:04.298 | [Info] (LLDBApiEventHandler.cpp, ListenEvent, line: 80) | Description of event: 00000000049efcd0 Event: broadcaster = 000000000432b9a0 (lldb.target), type = 0x00000002 (modules-loaded), data = {libboundscheck.dll}
[DAP SERVER] | 2023-12-11 19:43:04.298 | [Info] (LLDBApiEventHandler.cpp, HandleTargetEvent, line: 422) | A target event occurred!
[DAP SERVER] | 2023-12-11 19:43:04.299 | [Info] (DebugSession.cpp, OnDebuggerEvent, line: 134) | send event: 
{
    "body": {
        "category": "console",
        "output": "library-loaded,target-name=\"C:\\Users\\27439\\.sdk\\cangjie\\runtime\\lib\\windows_x86_64_llvm\\libboundscheck.dll\",host-name=\"C:\\Users\\27439\\.sdk\\cangjie\\runtime\\lib\\windows_x86_64_llvm\\libboundscheck.dll\",loaded_addr=\"0x00007ff9a6ac0000\",codeRange=\"0x00007ff9a6ac1000~0x00007ff9a6ac90b0\"\n"
    },
    "event": "output",
    "seq": 29,
    "type": "event"
}
[DAP SERVER] | 2023-12-11 19:43:04.299 | [Info] (LLDBApiEventHandler.cpp, HandleTargetEvent, line: 445) | Target event handle finished, event type is eBroadcastBitModulesLoaded
[DAP SERVER] | 2023-12-11 19:43:04.299 | [Info] (LLDBApiEventHandler.cpp, ListenEvent, line: 80) | Description of event: 00000000049effd0 Event: broadcaster = 000000000432b9a0 (lldb.target), type = 0x00000002 (modules-loaded), data = {libboundscheck.dll}
[DAP SERVER] | 2023-12-11 19:43:04.299 | [Info] (LLDBApiEventHandler.cpp, HandleTargetEvent, line: 422) | A target event occurred!
[DAP SERVER] | 2023-12-11 19:43:04.299 | [Info] (DebugSession.cpp, OnDebuggerEvent, line: 134) | send event: 
{
    "body": {
        "category": "console",
        "output": "library-loaded,target-name=\"C:\\Users\\27439\\.sdk\\cangjie\\runtime\\lib\\windows_x86_64_llvm\\libboundscheck.dll\",host-name=\"C:\\Users\\27439\\.sdk\\cangjie\\runtime\\lib\\windows_x86_64_llvm\\libboundscheck.dll\",loaded_addr=\"0x00007ff9a6ac0000\",codeRange=\"0x00007ff9a6ac1000~0x00007ff9a6ac90b0\"\n"
    },
    "event": "output",
    "seq": 30,
    "type": "event"
}
[DAP SERVER] | 2023-12-11 19:43:04.299 | [Info] (LLDBApiEventHandler.cpp, HandleTargetEvent, line: 445) | Target event handle finished, event type is eBroadcastBitModulesLoaded
[DAP SERVER] | 2023-12-11 19:43:04.299 | [Info] (LLDBApiEventHandler.cpp, ListenEvent, line: 80) | Description of event: 00000000049f0090 Event: broadcaster = 000000000432b9a0 (lldb.target), type = 0x00000002 (modules-loaded), data = {shlwapi.dll}
[DAP SERVER] | 2023-12-11 19:43:04.299 | [Info] (LLDBApiEventHandler.cpp, HandleTargetEvent, line: 422) | A target event occurred!
[DAP SERVER] | 2023-12-11 19:43:04.299 | [Info] (DebugSession.cpp, OnDebuggerEvent, line: 134) | send event: 
{
    "body": {
        "category": "console",
        "output": "library-loaded,target-name=\"C:\\Windows\\System32\\shlwapi.dll\",host-name=\"C:\\Windows\\System32\\shlwapi.dll\",loaded_addr=\"0x00007ff9c68c0000\",codeRange=\"0x00007ff9c68c1000~0x00007ff9c68f437d\"\n"
    },
    "event": "output",
    "seq": 31,
    "type": "event"
}
[DAP SERVER] | 2023-12-11 19:43:04.299 | [Info] (LLDBApiEventHandler.cpp, HandleTargetEvent, line: 445) | Target event handle finished, event type is eBroadcastBitModulesLoaded
[DAP SERVER] | 2023-12-11 19:43:04.299 | [Info] (LLDBApiEventHandler.cpp, ListenEvent, line: 80) | Description of event: 00000000049ef950 Event: broadcaster = 000000000432b9a0 (lldb.target), type = 0x00000002 (modules-loaded), data = {shlwapi.dll}
[DAP SERVER] | 2023-12-11 19:43:04.299 | [Info] (LLDBApiEventHandler.cpp, HandleTargetEvent, line: 422) | A target event occurred!
[DAP SERVER] | 2023-12-11 19:43:04.299 | [Info] (DebugSession.cpp, OnDebuggerEvent, line: 134) | send event: 
{
    "body": {
        "category": "console",
        "output": "library-loaded,target-name=\"C:\\Windows\\System32\\shlwapi.dll\",host-name=\"C:\\Windows\\System32\\shlwapi.dll\",loaded_addr=\"0x00007ff9c68c0000\",codeRange=\"0x00007ff9c68c1000~0x00007ff9c68f437d\"\n"
    },
    "event": "output",
    "seq": 32,
    "type": "event"
}
[DAP SERVER] | 2023-12-11 19:43:04.299 | [Info] (LLDBApiEventHandler.cpp, HandleTargetEvent, line: 445) | Target event handle finished, event type is eBroadcastBitModulesLoaded
[DAP SERVER] | 2023-12-11 19:43:04.299 | [Info] (LLDBApiEventHandler.cpp, ListenEvent, line: 80) | Description of event: 00000000049ef990 Event: broadcaster = 000000000432b9a0 (lldb.target), type = 0x00000002 (modules-loaded), data = {dbghelp.dll}
[DAP SERVER] | 2023-12-11 19:43:04.299 | [Info] (LLDBApiEventHandler.cpp, HandleTargetEvent, line: 422) | A target event occurred!
[DAP SERVER] | 2023-12-11 19:43:04.299 | [Info] (DebugSession.cpp, OnDebuggerEvent, line: 134) | send event: 
{
    "body": {
        "category": "console",
        "output": "library-loaded,target-name=\"C:\\Windows\\System32\\dbghelp.dll\",host-name=\"C:\\Windows\\System32\\dbghelp.dll\",loaded_addr=\"0x00007ff9ba760000\",codeRange=\"0x00007ff9ba761000~0x00007ff9ba8f2028\"\n"
    },
    "event": "output",
    "seq": 33,
    "type": "event"
}
[DAP SERVER] | 2023-12-11 19:43:04.299 | [Info] (LLDBApiEventHandler.cpp, HandleTargetEvent, line: 445) | Target event handle finished, event type is eBroadcastBitModulesLoaded
[DAP SERVER] | 2023-12-11 19:43:04.299 | [Info] (DebugSession.cpp, OnChannelData, line: 45) | channel 0 receive data: 
Content-Length: 133

{"command":"debugInConsole","arguments":{"debugCommand":"process handle -p true -s false -n false SIGSEGV"},"type":"request","seq":9}
[DAP SERVER] | 2023-12-11 19:43:04.299 | [Info] (LLDBApiEventHandler.cpp, ListenEvent, line: 80) | Description of event: 00000000049f1250 Event: broadcaster = 000000000432b9a0 (lldb.target), type = 0x00000002 (modules-loaded), data = {dbghelp.dll}
[DAP SERVER] | 2023-12-11 19:43:04.299 | [Info] (LLDBApiEventHandler.cpp, HandleTargetEvent, line: 422) | A target event occurred!
[DAP SERVER] | 2023-12-11 19:43:04.299 | [Info] (MessageBuffer.cpp, GetBodyLength, line: 42) | Head length string: Content-Length: 133
[DAP SERVER] | 2023-12-11 19:43:04.299 | [Info] (DebugSession.cpp, OnDebuggerEvent, line: 134) | send event: 
{
    "body": {
        "category": "console",
        "output": "library-loaded,target-name=\"C:\\Windows\\System32\\dbghelp.dll\",host-name=\"C:\\Windows\\System32\\dbghelp.dll\",loaded_addr=\"0x00007ff9ba760000\",codeRange=\"0x00007ff9ba761000~0x00007ff9ba8f2028\"\n"
    },
    "event": "output",
    "seq": 34,
    "type": "event"
}
[DAP SERVER] | 2023-12-11 19:43:04.299 | [Info] (LLDBApiEventHandler.cpp, HandleTargetEvent, line: 445) | Target event handle finished, event type is eBroadcastBitModulesLoaded
[DAP SERVER] | 2023-12-11 19:43:04.299 | [Info] (LLDBApiEventHandler.cpp, ListenEvent, line: 80) | Description of event: 00000000049f1490 Event: broadcaster = 000000000432b9a0 (lldb.target), type = 0x00000002 (modules-loaded), data = {ws2_32.dll}
[DAP SERVER] | 2023-12-11 19:43:04.299 | [Info] (LLDBApiEventHandler.cpp, HandleTargetEvent, line: 422) | A target event occurred!
[DAP SERVER] | 2023-12-11 19:43:04.299 | [Info] (MessageBuffer.cpp, GetBodyLength, line: 57) | Get body length from head = 133
[DAP SERVER] | 2023-12-11 19:43:04.299 | [Info] (MessageBuffer.cpp, Pop, line: 116) | Head length = 19, body length = 133
[DAP SERVER] | 2023-12-11 19:43:04.299 | [Info] (DebugSession.cpp, OnDebuggerEvent, line: 134) | send event: 
{
    "body": {
        "category": "console",
        "output": "library-loaded,target-name=\"C:\\Windows\\System32\\ws2_32.dll\",host-name=\"C:\\Windows\\System32\\ws2_32.dll\",loaded_addr=\"0x00007ff9c7150000\",codeRange=\"0x00007ff9c7151000~0x00007ff9c7193a30\"\n"
    },
    "event": "output",
    "seq": 35,
    "type": "event"
}
[DAP SERVER] | 2023-12-11 19:43:04.299 | [Info] (MessageBuffer.cpp, GetMessageType, line: 74) | Body string: 
{
    "arguments": {
        "debugCommand": "process handle -p true -s false -n false SIGSEGV"
    },
    "command": "debugInConsole",
    "seq": 9,
    "type": "request"
}
[DAP SERVER] | 2023-12-11 19:43:04.299 | [Info] (LLDBApiEventHandler.cpp, HandleTargetEvent, line: 445) | Target event handle finished, event type is eBroadcastBitModulesLoaded
[DAP SERVER] | 2023-12-11 19:43:04.299 | [Info] (DebugSession.cpp, OnMessageBuffer, line: 69) | Pop request, command = debugInConsole, seq = 9
[DAP SERVER] | 2023-12-11 19:43:04.299 | [Info] (LLDBApiDebugger.cpp, OnDapRequest, line: 178) | request = debugInConsole, seq = 9
[DAP SERVER] | 2023-12-11 19:43:04.299 | [Info] (LLDBApiEventHandler.cpp, ListenEvent, line: 80) | Description of event: 00000000049f0d10 Event: broadcaster = 000000000432b9a0 (lldb.target), type = 0x00000002 (modules-loaded), data = {ws2_32.dll}
[DAP SERVER] | 2023-12-11 19:43:04.299 | [Info] (LLDBApiEventHandler.cpp, HandleTargetEvent, line: 422) | A target event occurred!
[DAP SERVER] | 2023-12-11 19:43:04.299 | [Info] (LLDBApiDebugger.cpp, ExecCommand, line: 530) | Send Command to Debugger : process handle -p true -s false -n false SIGSEGV
[DAP SERVER] | 2023-12-11 19:43:04.299 | [Info] (DebugSession.cpp, OnDebuggerEvent, line: 134) | send event: 
{
    "body": {
        "category": "console",
        "output": "library-loaded,target-name=\"C:\\Windows\\System32\\ws2_32.dll\",host-name=\"C:\\Windows\\System32\\ws2_32.dll\",loaded_addr=\"0x00007ff9c7150000\",codeRange=\"0x00007ff9c7151000~0x00007ff9c7193a30\"\n"
    },
    "event": "output",
    "seq": 37,
    "type": "event"
}
[DAP SERVER] | 2023-12-11 19:43:04.299 | [Info] (LLDBApiEventHandler.cpp, HandleTargetEvent, line: 445) | Target event handle finished, event type is eBroadcastBitModulesLoaded
[DAP SERVER] | 2023-12-11 19:43:04.299 | [Info] (LLDBApiEventHandler.cpp, ListenEvent, line: 80) | Description of event: 00000000049f1050 Event: broadcaster = 000000000432b9a0 (lldb.target), type = 0x00000002 (modules-loaded), data = {ucrtbase.dll}
[DAP SERVER] | 2023-12-11 19:43:04.299 | [Info] (LLDBApiEventHandler.cpp, HandleTargetEvent, line: 422) | A target event occurred!
[DAP SERVER] | 2023-12-11 19:43:04.300 | [Info] (DebugSession.cpp, OnDebuggerEvent, line: 134) | send event: 
{
    "body": {
        "category": "console",
        "output": "library-loaded,target-name=\"C:\\Windows\\System32\\ucrtbase.dll\",host-name=\"C:\\Windows\\System32\\ucrtbase.dll\",loaded_addr=\"0x00007ff9c4640000\",codeRange=\"0x00007ff9c4641000~0x00007ff9c4703565\"\n"
    },
    "event": "output",
    "seq": 38,
    "type": "event"
}
[DAP SERVER] | 2023-12-11 19:43:04.300 | [Info] (LLDBApiEventHandler.cpp, HandleTargetEvent, line: 445) | Target event handle finished, event type is eBroadcastBitModulesLoaded
[DAP SERVER] | 2023-12-11 19:43:04.300 | [Info] (LLDBApiEventHandler.cpp, ListenEvent, line: 80) | Description of event: 00000000049f06d0 Event: broadcaster = 000000000432b9a0 (lldb.target), type = 0x00000002 (modules-loaded), data = {ucrtbase.dll}
[DAP SERVER] | 2023-12-11 19:43:04.300 | [Info] (DebugSession.cpp, OnChannelData, line: 45) | channel 0 receive data: 
Content-Length: 47

{"command":"threads","type":"request","seq":10}
[DAP SERVER] | 2023-12-11 19:43:04.300 | [Info] (LLDBApiEventHandler.cpp, HandleTargetEvent, line: 422) | A target event occurred!
[DAP SERVER] | 2023-12-11 19:43:04.300 | [Info] (DebugSession.cpp, OnDebuggerEvent, line: 134) | send event: 
{
    "body": {
        "category": "console",
        "output": "library-loaded,target-name=\"C:\\Windows\\System32\\ucrtbase.dll\",host-name=\"C:\\Windows\\System32\\ucrtbase.dll\",loaded_addr=\"0x00007ff9c4640000\",codeRange=\"0x00007ff9c4641000~0x00007ff9c4703565\"\n"
    },
    "event": "output",
    "seq": 39,
    "type": "event"
}
[DAP SERVER] | 2023-12-11 19:43:04.300 | [Info] (LLDBApiEventHandler.cpp, HandleTargetEvent, line: 445) | Target event handle finished, event type is eBroadcastBitModulesLoaded
[DAP SERVER] | 2023-12-11 19:43:04.300 | [Info] (LLDBApiEventHandler.cpp, ListenEvent, line: 80) | Description of event: 00000000049f0ed0 Event: broadcaster = 000000000432b9a0 (lldb.target), type = 0x00000002 (modules-loaded), data = {combase.dll}
[DAP SERVER] | 2023-12-11 19:43:04.300 | [Info] (LLDBApiEventHandler.cpp, HandleTargetEvent, line: 422) | A target event occurred!
[DAP SERVER] | 2023-12-11 19:43:04.300 | [Info] (DebugSession.cpp, OnDebuggerEvent, line: 134) | send event: 
{
    "body": {
        "category": "console",
        "output": "library-loaded,target-name=\"C:\\Windows\\System32\\combase.dll\",host-name=\"C:\\Windows\\System32\\combase.dll\",loaded_addr=\"0x00007ff9c6530000\",codeRange=\"0x00007ff9c6531000~0x00007ff9c6796f8c\"\n"
    },
    "event": "output",
    "seq": 40,
    "type": "event"
}
[DAP SERVER] | 2023-12-11 19:43:04.300 | [Info] (LLDBApiEventHandler.cpp, HandleTargetEvent, line: 445) | Target event handle finished, event type is eBroadcastBitModulesLoaded
[DAP SERVER] | 2023-12-11 19:43:04.300 | [Info] (LLDBApiEventHandler.cpp, ListenEvent, line: 80) | Description of event: 00000000049f0b10 Event: broadcaster = 000000000432b9a0 (lldb.target), type = 0x00000002 (modules-loaded), data = {combase.dll}
[DAP SERVER] | 2023-12-11 19:43:04.300 | [Info] (LLDBApiEventHandler.cpp, HandleTargetEvent, line: 422) | A target event occurred!
[DAP SERVER] | 2023-12-11 19:43:04.300 | [Info] (DebugSession.cpp, OnDebuggerEvent, line: 134) | send event: 
{
    "body": {
        "category": "console",
        "output": "library-loaded,target-name=\"C:\\Windows\\System32\\combase.dll\",host-name=\"C:\\Windows\\System32\\combase.dll\",loaded_addr=\"0x00007ff9c6530000\",codeRange=\"0x00007ff9c6531000~0x00007ff9c6796f8c\"\n"
    },
    "event": "output",
    "seq": 41,
    "type": "event"
}
[DAP SERVER] | 2023-12-11 19:43:04.300 | [Info] (LLDBApiEventHandler.cpp, HandleTargetEvent, line: 445) | Target event handle finished, event type is eBroadcastBitModulesLoaded
[DAP SERVER] | 2023-12-11 19:43:04.300 | [Info] (LLDBApiEventHandler.cpp, ListenEvent, line: 80) | Description of event: 00000000049f1110 Event: broadcaster = 000000000432b9a0 (lldb.target), type = 0x00000002 (modules-loaded), data = {oleaut32.dll}
[DAP SERVER] | 2023-12-11 19:43:04.300 | [Info] (LLDBApiEventHandler.cpp, HandleTargetEvent, line: 422) | A target event occurred!
[DAP SERVER] | 2023-12-11 19:43:04.300 | [Info] (DebugSession.cpp, OnDebuggerEvent, line: 134) | send event: 
{
    "body": {
        "category": "console",
        "output": "library-loaded,target-name=\"C:\\Windows\\System32\\oleaut32.dll\",host-name=\"C:\\Windows\\System32\\oleaut32.dll\",loaded_addr=\"0x00007ff9c6f70000\",codeRange=\"0x00007ff9c6f71000~0x00007ff9c700e8cf\"\n"
    },
    "event": "output",
    "seq": 42,
    "type": "event"
}
[DAP SERVER] | 2023-12-11 19:43:04.300 | [Info] (LLDBApiEventHandler.cpp, HandleTargetEvent, line: 445) | Target event handle finished, event type is eBroadcastBitModulesLoaded
[DAP SERVER] | 2023-12-11 19:43:04.301 | [Info] (LLDBApiEventHandler.cpp, ListenEvent, line: 80) | Description of event: 00000000049f07d0 Event: broadcaster = 000000000432b9a0 (lldb.target), type = 0x00000002 (modules-loaded), data = {oleaut32.dll}
[DAP SERVER] | 2023-12-11 19:43:04.301 | [Info] (LLDBApiEventHandler.cpp, HandleTargetEvent, line: 422) | A target event occurred!
[DAP SERVER] | 2023-12-11 19:43:04.301 | [Info] (DebugSession.cpp, OnDebuggerEvent, line: 134) | send event: 
{
    "body": {
        "category": "console",
        "output": "library-loaded,target-name=\"C:\\Windows\\System32\\oleaut32.dll\",host-name=\"C:\\Windows\\System32\\oleaut32.dll\",loaded_addr=\"0x00007ff9c6f70000\",codeRange=\"0x00007ff9c6f71000~0x00007ff9c700e8cf\"\n"
    },
    "event": "output",
    "seq": 43,
    "type": "event"
}
[DAP SERVER] | 2023-12-11 19:43:04.301 | [Info] (LLDBApiEventHandler.cpp, HandleTargetEvent, line: 445) | Target event handle finished, event type is eBroadcastBitModulesLoaded
[DAP SERVER] | 2023-12-11 19:43:04.301 | [Info] (LLDBApiEventHandler.cpp, ListenEvent, line: 80) | Description of event: 00000000049f0810 Event: broadcaster = 000000000432b9a0 (lldb.target), type = 0x00000002 (modules-loaded), data = {msvcp_win.dll}
[DAP SERVER] | 2023-12-11 19:43:04.301 | [Info] (LLDBApiEventHandler.cpp, HandleTargetEvent, line: 422) | A target event occurred!
[DAP SERVER] | 2023-12-11 19:43:04.301 | [Info] (DebugSession.cpp, OnDebuggerEvent, line: 134) | send event: 
{
    "body": {
        "category": "console",
        "output": "library-loaded,target-name=\"C:\\Windows\\System32\\msvcp_win.dll\",host-name=\"C:\\Windows\\System32\\msvcp_win.dll\",loaded_addr=\"0x00007ff9c4b10000\",codeRange=\"0x00007ff9c4b11000~0x00007ff9c4b62e82\"\n"
    },
    "event": "output",
    "seq": 44,
    "type": "event"
}
[DAP SERVER] | 2023-12-11 19:43:04.301 | [Info] (LLDBApiDebugger.cpp, ExecCommand, line: 556) | Result of Command : Success, NAME         PASS   STOP   NOTIFY
===========  =====  =====  ======
SIGSEGV      true   false  false

[DAP SERVER] | 2023-12-11 19:43:04.301 | [Info] (LLDBApiEventHandler.cpp, HandleTargetEvent, line: 445) | Target event handle finished, event type is eBroadcastBitModulesLoaded
[DAP SERVER] | 2023-12-11 19:43:04.301 | [Info] (DebugSession.cpp, OnDebuggerResponse, line: 152) | send response: 
{
    "body": {
        "output": "NAME         PASS   STOP   NOTIFY\n===========  =====  =====  ======\nSIGSEGV      true   false  false\n"
    },
    "command": "debugInConsole",
    "request_seq": 9,
    "seq": 36,
    "success": true,
    "type": "response"
}
[DAP SERVER] | 2023-12-11 19:43:04.301 | [Info] (LLDBApiEventHandler.cpp, ListenEvent, line: 80) | Description of event: 00000000049f2350 Event: broadcaster = 000000000432b9a0 (lldb.target), type = 0x00000002 (modules-loaded), data = {msvcp_win.dll}
[DAP SERVER] | 2023-12-11 19:43:04.301 | [Info] (LLDBApiEventHandler.cpp, HandleTargetEvent, line: 422) | A target event occurred!
[DAP SERVER] | 2023-12-11 19:43:04.301 | [Info] (DebugSession.cpp, OnDebuggerEvent, line: 134) | send event: 
{
    "body": {
        "category": "console",
        "output": "library-loaded,target-name=\"C:\\Windows\\System32\\msvcp_win.dll\",host-name=\"C:\\Windows\\System32\\msvcp_win.dll\",loaded_addr=\"0x00007ff9c4b10000\",codeRange=\"0x00007ff9c4b11000~0x00007ff9c4b62e82\"\n"
    },
    "event": "output",
    "seq": 45,
    "type": "event"
}
[DAP SERVER] | 2023-12-11 19:43:04.301 | [Info] (LLDBApiDebugger.cpp, OnDapRequest, line: 213) | handle request end!
[DAP SERVER] | 2023-12-11 19:43:04.301 | [Info] (MessageBuffer.cpp, GetBodyLength, line: 42) | Head length string: Content-Length: 47
[DAP SERVER] | 2023-12-11 19:43:04.301 | [Info] (LLDBApiEventHandler.cpp, HandleTargetEvent, line: 445) | Target event handle finished, event type is eBroadcastBitModulesLoaded
[DAP SERVER] | 2023-12-11 19:43:04.301 | [Info] (LLDBApiEventHandler.cpp, ListenEvent, line: 80) | Description of event: 00000000049f1750 Event: broadcaster = 000000000432b9a0 (lldb.target), type = 0x00000002 (modules-loaded), data = {main.exe}
[DAP SERVER] | 2023-12-11 19:43:04.301 | [Info] (LLDBApiEventHandler.cpp, HandleTargetEvent, line: 422) | A target event occurred!
[DAP SERVER] | 2023-12-11 19:43:04.301 | [Info] (DebugSession.cpp, OnDebuggerEvent, line: 134) | send event: 
{
    "body": {
        "category": "console",
        "output": "library-loaded,target-name=\"D:\\Code\\Cj\\untitled1\\build\\bin\\main.exe\",host-name=\"D:\\Code\\Cj\\untitled1\\build\\bin\\main.exe\",loaded_addr=\"0x00007ff70b070000\",codeRange=\"0x00007ff70b071000~0x00007ff70b09e518\"\n"
    },
    "event": "output",
    "seq": 46,
    "type": "event"
}
[DAP SERVER] | 2023-12-11 19:43:04.301 | [Info] (MessageBuffer.cpp, GetBodyLength, line: 57) | Get body length from head = 47
[DAP SERVER] | 2023-12-11 19:43:04.301 | [Info] (MessageBuffer.cpp, Pop, line: 116) | Head length = 18, body length = 47
[DAP SERVER] | 2023-12-11 19:43:04.301 | [Info] (LLDBApiEventHandler.cpp, HandleTargetEvent, line: 445) | Target event handle finished, event type is eBroadcastBitModulesLoaded
[DAP SERVER] | 2023-12-11 19:43:04.301 | [Info] (MessageBuffer.cpp, GetMessageType, line: 74) | Body string: 
{
    "command": "threads",
    "seq": 10,
    "type": "request"
}
[DAP SERVER] | 2023-12-11 19:43:04.301 | [Info] (LLDBApiEventHandler.cpp, ListenEvent, line: 80) | Description of event: 000000000491a200 Event: broadcaster = 000000000483e008 (lldb.process), type = 0x00000001 (state-changed), data = { process = 000000000483dfd0 (pid = 14080), state = running}
[DAP SERVER] | 2023-12-11 19:43:04.301 | [Info] (DebugSession.cpp, OnMessageBuffer, line: 69) | Pop request, command = threads, seq = 10
[DAP SERVER] | 2023-12-11 19:43:04.301 | [Info] (LLDBApiDebugger.cpp, OnDapRequest, line: 178) | request = threads, seq = 10
[DAP SERVER] | 2023-12-11 19:43:04.301 | [Info] (LLDBApiEventHandler.cpp, HandleProcessEvent, line: 110) | A process event occurred!
[DAP SERVER] | 2023-12-11 19:43:04.301 | [Info] (LLDBApiEventHandler.cpp, HandleProcessStateChangedEvent, line: 143) | Process state changed!
[DAP SERVER] | 2023-12-11 19:43:04.301 | [Info] (DebugSession.cpp, OnDebuggerEvent, line: 134) | send event: 
{
    "body": {
        "allThreadsContinued": true,
        "threadId": 0
    },
    "event": "continued",
    "seq": 48,
    "type": "event"
}
[DAP SERVER] | 2023-12-11 19:43:04.302 | [Info] (DebugSession.cpp, OnDebuggerResponse, line: 152) | send response: 
{
    "body": {
        "threads": [
            {
                "id": 1,
                "name": "Thread 1"
            },
            {
                "id": 2,
                "name": "Thread 2"
            },
            {
                "id": 3,
                "name": "Thread 3"
            },
            {
                "id": 4,
                "name": "Thread 4"
            }
        ]
    },
    "command": "threads",
    "request_seq": 10,
    "seq": 47,
    "success": true,
    "type": "response"
}
[DAP SERVER] | 2023-12-11 19:43:04.302 | [Info] (LLDBApiEventHandler.cpp, HandleProcessStateChangedEvent, line: 189) | Process state changed event handler finished, process state changed toeStateRunning
[DAP SERVER] | 2023-12-11 19:43:04.302 | [Info] (LLDBApiEventHandler.cpp, HandleProcessEvent, line: 138) | Process event handle finished, event type is eBroadcastBitStateChanged
[DAP SERVER] | 2023-12-11 19:43:04.302 | [Info] (LLDBApiDebugger.cpp, OnDapRequest, line: 213) | handle request end!
[DAP SERVER] | 2023-12-11 19:43:04.302 | [Info] (LLDBApiEventHandler.cpp, ListenEvent, line: 80) | Description of event: 00000000049f2150 Event: broadcaster = 000000000432b9a0 (lldb.target), type = 0x00000002 (modules-loaded), data = {cryptsp.dll}
[DAP SERVER] | 2023-12-11 19:43:04.302 | [Info] (LLDBApiEventHandler.cpp, HandleTargetEvent, line: 422) | A target event occurred!
[DAP SERVER] | 2023-12-11 19:43:04.302 | [Info] (DebugSession.cpp, OnDebuggerEvent, line: 134) | send event: 
{
    "body": {
        "category": "console",
        "output": "library-loaded,target-name=\"C:\\Windows\\System32\\cryptsp.dll\",host-name=\"C:\\Windows\\System32\\cryptsp.dll\",loaded_addr=\"0x00007ff9c3df0000\",codeRange=\"0x00007ff9c3df1000~0x00007ff9c3dfe99c\"\n"
    },
    "event": "output",
    "seq": 49,
    "type": "event"
}
[DAP SERVER] | 2023-12-11 19:43:04.302 | [Info] (LLDBApiEventHandler.cpp, HandleTargetEvent, line: 445) | Target event handle finished, event type is eBroadcastBitModulesLoaded
[DAP SERVER] | 2023-12-11 19:43:04.302 | [Info] (LLDBApiEventHandler.cpp, ListenEvent, line: 80) | Description of event: 00000000049f1f50 Event: broadcaster = 000000000432b9a0 (lldb.target), type = 0x00000002 (modules-loaded), data = {cryptsp.dll}
[DAP SERVER] | 2023-12-11 19:43:04.302 | [Info] (LLDBApiEventHandler.cpp, HandleTargetEvent, line: 422) | A target event occurred!
[DAP SERVER] | 2023-12-11 19:43:04.302 | [Info] (DebugSession.cpp, OnDebuggerEvent, line: 134) | send event: 
{
    "body": {
        "category": "console",
        "output": "library-loaded,target-name=\"C:\\Windows\\System32\\cryptsp.dll\",host-name=\"C:\\Windows\\System32\\cryptsp.dll\",loaded_addr=\"0x00007ff9c3df0000\",codeRange=\"0x00007ff9c3df1000~0x00007ff9c3dfe99c\"\n"
    },
    "event": "output",
    "seq": 50,
    "type": "event"
}
[DAP SERVER] | 2023-12-11 19:43:04.302 | [Info] (LLDBApiEventHandler.cpp, HandleTargetEvent, line: 445) | Target event handle finished, event type is eBroadcastBitModulesLoaded
[DAP SERVER] | 2023-12-11 19:43:04.303 | [Info] (LLDBApiEventHandler.cpp, ListenEvent, line: 80) | Description of event: 00000000049f1850 Event: broadcaster = 000000000432b9a0 (lldb.target), type = 0x00000002 (modules-loaded), data = {rsaenh.dll}
[DAP SERVER] | 2023-12-11 19:43:04.303 | [Info] (LLDBApiEventHandler.cpp, HandleTargetEvent, line: 422) | A target event occurred!
[DAP SERVER] | 2023-12-11 19:43:04.303 | [Info] (DebugSession.cpp, OnDebuggerEvent, line: 134) | send event: 
{
    "body": {
        "category": "console",
        "output": "library-loaded,target-name=\"C:\\Windows\\System32\\rsaenh.dll\",host-name=\"C:\\Windows\\System32\\rsaenh.dll\",loaded_addr=\"0x00007ff9c3650000\",codeRange=\"0x00007ff9c3651000~0x00007ff9c3674022\"\n"
    },
    "event": "output",
    "seq": 51,
    "type": "event"
}
[DAP SERVER] | 2023-12-11 19:43:04.304 | [Info] (LLDBApiEventHandler.cpp, HandleTargetEvent, line: 445) | Target event handle finished, event type is eBroadcastBitModulesLoaded
[DAP SERVER] | 2023-12-11 19:43:04.304 | [Info] (LLDBApiEventHandler.cpp, ListenEvent, line: 80) | Description of event: 00000000049f1b90 Event: broadcaster = 000000000432b9a0 (lldb.target), type = 0x00000002 (modules-loaded), data = {rsaenh.dll}
[DAP SERVER] | 2023-12-11 19:43:04.304 | [Info] (LLDBApiEventHandler.cpp, HandleTargetEvent, line: 422) | A target event occurred!
[DAP SERVER] | 2023-12-11 19:43:04.304 | [Info] (DebugSession.cpp, OnDebuggerEvent, line: 134) | send event: 
{
    "body": {
        "category": "console",
        "output": "library-loaded,target-name=\"C:\\Windows\\System32\\rsaenh.dll\",host-name=\"C:\\Windows\\System32\\rsaenh.dll\",loaded_addr=\"0x00007ff9c3650000\",codeRange=\"0x00007ff9c3651000~0x00007ff9c3674022\"\n"
    },
    "event": "output",
    "seq": 52,
    "type": "event"
}
[DAP SERVER] | 2023-12-11 19:43:04.304 | [Info] (LLDBApiEventHandler.cpp, HandleTargetEvent, line: 445) | Target event handle finished, event type is eBroadcastBitModulesLoaded
[DAP SERVER] | 2023-12-11 19:43:04.307 | [Info] (LLDBApiEventHandler.cpp, ListenEvent, line: 80) | Description of event: 00000000049f2410 Event: broadcaster = 000000000432b9a0 (lldb.target), type = 0x00000002 (modules-loaded), data = {cryptbase.dll}
[DAP SERVER] | 2023-12-11 19:43:04.307 | [Info] (LLDBApiEventHandler.cpp, HandleTargetEvent, line: 422) | A target event occurred!
[DAP SERVER] | 2023-12-11 19:43:04.307 | [Info] (DebugSession.cpp, OnDebuggerEvent, line: 134) | send event: 
{
    "body": {
        "category": "console",
        "output": "library-loaded,target-name=\"C:\\Windows\\System32\\cryptbase.dll\",host-name=\"C:\\Windows\\System32\\cryptbase.dll\",loaded_addr=\"0x00007ff9c3de0000\",codeRange=\"0x00007ff9c3de1000~0x00007ff9c3de3903\"\n"
    },
    "event": "output",
    "seq": 53,
    "type": "event"
}
[DAP SERVER] | 2023-12-11 19:43:04.307 | [Info] (LLDBApiEventHandler.cpp, HandleTargetEvent, line: 445) | Target event handle finished, event type is eBroadcastBitModulesLoaded
[DAP SERVER] | 2023-12-11 19:43:04.307 | [Info] (LLDBApiEventHandler.cpp, ListenEvent, line: 80) | Description of event: 00000000049f2310 Event: broadcaster = 000000000432b9a0 (lldb.target), type = 0x00000002 (modules-loaded), data = {cryptbase.dll}
[DAP SERVER] | 2023-12-11 19:43:04.307 | [Info] (LLDBApiEventHandler.cpp, HandleTargetEvent, line: 422) | A target event occurred!
[DAP SERVER] | 2023-12-11 19:43:04.307 | [Info] (DebugSession.cpp, OnDebuggerEvent, line: 134) | send event: 
{
    "body": {
        "category": "console",
        "output": "library-loaded,target-name=\"C:\\Windows\\System32\\cryptbase.dll\",host-name=\"C:\\Windows\\System32\\cryptbase.dll\",loaded_addr=\"0x00007ff9c3de0000\",codeRange=\"0x00007ff9c3de1000~0x00007ff9c3de3903\"\n"
    },
    "event": "output",
    "seq": 54,
    "type": "event"
}
[DAP SERVER] | 2023-12-11 19:43:04.307 | [Info] (LLDBApiEventHandler.cpp, HandleTargetEvent, line: 445) | Target event handle finished, event type is eBroadcastBitModulesLoaded
[DAP SERVER] | 2023-12-11 19:43:04.309 | [Info] (LLDBApiEventHandler.cpp, ListenEvent, line: 80) | Description of event: 00000000049f2190 Event: broadcaster = 000000000432b9a0 (lldb.target), type = 0x00000002 (modules-loaded), data = {bcryptprimitives.dll}
[DAP SERVER] | 2023-12-11 19:43:04.309 | [Info] (LLDBApiEventHandler.cpp, HandleTargetEvent, line: 422) | A target event occurred!
[DAP SERVER] | 2023-12-11 19:43:04.309 | [Info] (DebugSession.cpp, OnDebuggerEvent, line: 134) | send event: 
{
    "body": {
        "category": "console",
        "output": "library-loaded,target-name=\"C:\\Windows\\System32\\bcryptprimitives.dll\",host-name=\"C:\\Windows\\System32\\bcryptprimitives.dll\",loaded_addr=\"0x00007ff9c4dc0000\",codeRange=\"0x00007ff9c4dc1000~0x00007ff9c4e1cfbc\"\n"
    },
    "event": "output",
    "seq": 55,
    "type": "event"
}
[DAP SERVER] | 2023-12-11 19:43:04.310 | [Info] (LLDBApiEventHandler.cpp, HandleTargetEvent, line: 445) | Target event handle finished, event type is eBroadcastBitModulesLoaded
[DAP SERVER] | 2023-12-11 19:43:04.310 | [Info] (LLDBApiEventHandler.cpp, ListenEvent, line: 80) | Description of event: 00000000049f1850 Event: broadcaster = 000000000432b9a0 (lldb.target), type = 0x00000002 (modules-loaded), data = {bcryptprimitives.dll}
[DAP SERVER] | 2023-12-11 19:43:04.310 | [Info] (LLDBApiEventHandler.cpp, HandleTargetEvent, line: 422) | A target event occurred!
[DAP SERVER] | 2023-12-11 19:43:04.310 | [Info] (DebugSession.cpp, OnDebuggerEvent, line: 134) | send event: 
{
    "body": {
        "category": "console",
        "output": "library-loaded,target-name=\"C:\\Windows\\System32\\bcryptprimitives.dll\",host-name=\"C:\\Windows\\System32\\bcryptprimitives.dll\",loaded_addr=\"0x00007ff9c4dc0000\",codeRange=\"0x00007ff9c4dc1000~0x00007ff9c4e1cfbc\"\n"
    },
    "event": "output",
    "seq": 56,
    "type": "event"
}
[DAP SERVER] | 2023-12-11 19:43:04.310 | [Info] (LLDBApiEventHandler.cpp, HandleTargetEvent, line: 445) | Target event handle finished, event type is eBroadcastBitModulesLoaded
[DAP SERVER] | 2023-12-11 19:43:04.317 | [Info] (LLDBApiEventHandler.cpp, ListenEvent, line: 80) | Description of event: 00000000049cb860 Event: broadcaster = 000000000483e008 (lldb.process), type = 0x00000001 (state-changed), data = { process = 000000000483dfd0 (pid = 14080), state = stopped}
[DAP SERVER] | 2023-12-11 19:43:04.317 | [Info] (LLDBApiEventHandler.cpp, HandleProcessEvent, line: 110) | A process event occurred!
[DAP SERVER] | 2023-12-11 19:43:04.317 | [Info] (LLDBApiEventHandler.cpp, HandleProcessStateChangedEvent, line: 143) | Process state changed!
[DAP SERVER] | 2023-12-11 19:43:04.318 | [Info] (DebugSession.cpp, OnDebuggerEvent, line: 134) | send event: 
{
    "body": {
        "allThreadsStopped": true,
        "hitBreakpointIds": [
            1
        ],
        "reason": "breakpoint",
        "threadId": 1
    },
    "event": "stopped",
    "seq": 57,
    "type": "event"
}
[DAP SERVER] | 2023-12-11 19:43:04.318 | [Info] (TimeTravelDebugManager.cpp, SetRecordNodeContainer, line: 224) | Number of record points is 1
[DAP SERVER] | 2023-12-11 19:43:04.318 | [Info] (LLDBApiEventHandler.cpp, HandleProcessStateChangedEvent, line: 189) | Process state changed event handler finished, process state changed toeStateStopped
[DAP SERVER] | 2023-12-11 19:43:04.318 | [Info] (LLDBApiEventHandler.cpp, HandleProcessEvent, line: 138) | Process event handle finished, event type is eBroadcastBitStateChanged
[DAP SERVER] | 2023-12-11 19:43:04.330 | [Info] (DebugSession.cpp, OnChannelData, line: 45) | channel 0 receive data: 
Content-Length: 47

{"command":"threads","type":"request","seq":11}
[DAP SERVER] | 2023-12-11 19:43:04.330 | [Info] (MessageBuffer.cpp, GetBodyLength, line: 42) | Head length string: Content-Length: 47
[DAP SERVER] | 2023-12-11 19:43:04.330 | [Info] (MessageBuffer.cpp, GetBodyLength, line: 57) | Get body length from head = 47
[DAP SERVER] | 2023-12-11 19:43:04.330 | [Info] (MessageBuffer.cpp, Pop, line: 116) | Head length = 18, body length = 47
[DAP SERVER] | 2023-12-11 19:43:04.330 | [Info] (MessageBuffer.cpp, GetMessageType, line: 74) | Body string: 
{
    "command": "threads",
    "seq": 11,
    "type": "request"
}
[DAP SERVER] | 2023-12-11 19:43:04.330 | [Info] (DebugSession.cpp, OnMessageBuffer, line: 69) | Pop request, command = threads, seq = 11
[DAP SERVER] | 2023-12-11 19:43:04.330 | [Info] (LLDBApiDebugger.cpp, OnDapRequest, line: 178) | request = threads, seq = 11
[DAP SERVER] | 2023-12-11 19:43:04.330 | [Info] (DebugSession.cpp, OnDebuggerResponse, line: 152) | send response: 
{
    "body": {
        "threads": [
            {
                "id": 1,
                "name": "Thread 1"
            },
            {
                "id": 2,
                "name": "Thread 2"
            },
            {
                "id": 3,
                "name": "Thread 3"
            },
            {
                "id": 4,
                "name": "Thread 4"
            },
            {
                "id": 5,
                "name": "Thread 5"
            },
            {
                "id": 6,
                "name": "Thread 6"
            },
            {
                "id": 7,
                "name": "Thread 7"
            },
            {
                "id": 8,
                "name": "Thread 8"
            }
        ]
    },
    "command": "threads",
    "request_seq": 11,
    "seq": 58,
    "success": true,
    "type": "response"
}
[DAP SERVER] | 2023-12-11 19:43:04.331 | [Info] (LLDBApiDebugger.cpp, OnDapRequest, line: 213) | handle request end!
[DAP SERVER] | 2023-12-11 19:43:04.335 | [Info] (DebugSession.cpp, OnChannelData, line: 45) | channel 0 receive data: 
Content-Length: 104

{"command":"stackTrace","arguments":{"threadId":1,"startFrame":0,"levels":20},"type":"request","seq":12}
[DAP SERVER] | 2023-12-11 19:43:04.335 | [Info] (MessageBuffer.cpp, GetBodyLength, line: 42) | Head length string: Content-Length: 104
[DAP SERVER] | 2023-12-11 19:43:04.335 | [Info] (MessageBuffer.cpp, GetBodyLength, line: 57) | Get body length from head = 104
[DAP SERVER] | 2023-12-11 19:43:04.335 | [Info] (MessageBuffer.cpp, Pop, line: 116) | Head length = 19, body length = 104
[DAP SERVER] | 2023-12-11 19:43:04.335 | [Info] (MessageBuffer.cpp, GetMessageType, line: 74) | Body string: 
{
    "arguments": {
        "levels": 20,
        "startFrame": 0,
        "threadId": 1
    },
    "command": "stackTrace",
    "seq": 12,
    "type": "request"
}
[DAP SERVER] | 2023-12-11 19:43:04.335 | [Info] (DebugSession.cpp, OnMessageBuffer, line: 69) | Pop request, command = stackTrace, seq = 12
[DAP SERVER] | 2023-12-11 19:43:04.335 | [Info] (LLDBApiDebugger.cpp, OnDapRequest, line: 178) | request = stackTrace, seq = 12
[DAP SERVER] | 2023-12-11 19:43:04.360 | [Info] (DebugSession.cpp, OnDebuggerResponse, line: 152) | send response: 
{
    "body": {
        "stackFrames": [
            {
                "column": 0,
                "id": 1000,
                "instructionPointerReference": "0x00007ff70b09a3ea",
                "line": 2,
                "name": "untitled1/default::main()",
                "source": {
                    "path": "D:/Code/Cj/untitled1/src/main.cj"
                }
            },
            {
                "column": 0,
                "id": 1001,
                "instructionPointerReference": "0x00007ff70b09a46e",
                "line": 14,
                "name": "user.main",
                "source": {
                    "name": "@user.main",
                    "sourceReference": 1000
                }
            },
            {
                "column": 0,
                "id": 1002,
                "instructionPointerReference": "0x00007ff70b09a52e",
                "line": 17,
                "name": "cj_entry$",
                "source": {
                    "name": "@cj_entry$",
                    "sourceReference": 1001
                }
            },
            {
                "column": 0,
                "id": 1003,
                "instructionPointerReference": "0x00007ff99f4615df",
                "line": 118,
                "name": "CJ_MCC_N2CStub",
                "source": {
                    "name": "@CJ_MCC_N2CStub",
                    "sourceReference": 1002
                }
            },
            {
                "column": 0,
                "id": 1004,
                "instructionPointerReference": "0x00007ff99f480d52",
                "line": 277,
                "name": "RunCJTask",
                "source": {
                    "name": "@RunCJTask",
                    "sourceReference": 1003
                }
            },
            {
                "column": 0,
                "id": 1005,
                "instructionPointerReference": "0x00007ff99f462c90",
                "line": 10,
                "name": "CJ_CJThreadEntry",
                "source": {
                    "name": "@CJ_CJThreadEntry",
                    "sourceReference": 1004
                }
            }
        ],
        "totalFrames": 6
    },
    "command": "stackTrace",
    "request_seq": 12,
    "seq": 59,
    "success": true,
    "type": "response"
}
[DAP SERVER] | 2023-12-11 19:43:04.361 | [Info] (LLDBApiDebugger.cpp, OnDapRequest, line: 213) | handle request end!
[DAP SERVER] | 2023-12-11 19:43:04.777 | [Info] (DebugSession.cpp, OnChannelData, line: 45) | channel 0 receive data: 
Content-Length: 75

{"command":"scopes","arguments":{"frameId":1000},"type":"request","seq":13}
[DAP SERVER] | 2023-12-11 19:43:04.778 | [Info] (MessageBuffer.cpp, GetBodyLength, line: 42) | Head length string: Content-Length: 75
[DAP SERVER] | 2023-12-11 19:43:04.778 | [Info] (MessageBuffer.cpp, GetBodyLength, line: 57) | Get body length from head = 75
[DAP SERVER] | 2023-12-11 19:43:04.778 | [Info] (MessageBuffer.cpp, Pop, line: 116) | Head length = 18, body length = 75
[DAP SERVER] | 2023-12-11 19:43:04.778 | [Info] (MessageBuffer.cpp, GetMessageType, line: 74) | Body string: 
{
    "arguments": {
        "frameId": 1000
    },
    "command": "scopes",
    "seq": 13,
    "type": "request"
}
[DAP SERVER] | 2023-12-11 19:43:04.778 | [Info] (DebugSession.cpp, OnMessageBuffer, line: 69) | Pop request, command = scopes, seq = 13
[DAP SERVER] | 2023-12-11 19:43:04.778 | [Info] (LLDBApiDebugger.cpp, OnDapRequest, line: 178) | request = scopes, seq = 13
[DAP SERVER] | 2023-12-11 19:43:04.778 | [Info] (DebugSession.cpp, OnDebuggerResponse, line: 152) | send response: 
{
    "body": {
        "scopes": [
            {
                "expensive": false,
                "name": "Locals",
                "presentationHint": "locals",
                "variablesReference": 1006
            },
            {
                "expensive": false,
                "name": "Statics",
                "presentationHint": "statics",
                "variablesReference": 1007
            },
            {
                "expensive": false,
                "name": "Globals",
                "presentationHint": "globals",
                "variablesReference": 1008
            },
            {
                "expensive": false,
                "name": "Registers",
                "presentationHint": "registers",
                "variablesReference": 1009
            }
        ]
    },
    "command": "scopes",
    "request_seq": 13,
    "seq": 60,
    "success": true,
    "type": "response"
}
[DAP SERVER] | 2023-12-11 19:43:04.778 | [Info] (LLDBApiDebugger.cpp, OnDapRequest, line: 213) | handle request end!
[DAP SERVER] | 2023-12-11 19:43:04.781 | [Info] (DebugSession.cpp, OnChannelData, line: 45) | channel 0 receive data: 
Content-Length: 112

{"command":"variables","arguments":{"variablesReference":1006,"start":0,"count":1000},"type":"request","seq":14}
[DAP SERVER] | 2023-12-11 19:43:04.781 | [Info] (MessageBuffer.cpp, GetBodyLength, line: 42) | Head length string: Content-Length: 112
[DAP SERVER] | 2023-12-11 19:43:04.781 | [Info] (MessageBuffer.cpp, GetBodyLength, line: 57) | Get body length from head = 112
[DAP SERVER] | 2023-12-11 19:43:04.781 | [Info] (MessageBuffer.cpp, Pop, line: 116) | Head length = 19, body length = 112
[DAP SERVER] | 2023-12-11 19:43:04.781 | [Info] (MessageBuffer.cpp, GetMessageType, line: 74) | Body string: 
{
    "arguments": {
        "count": 1000,
        "start": 0,
        "variablesReference": 1006
    },
    "command": "variables",
    "seq": 14,
    "type": "request"
}
[DAP SERVER] | 2023-12-11 19:43:04.781 | [Info] (DebugSession.cpp, OnMessageBuffer, line: 69) | Pop request, command = variables, seq = 14
[DAP SERVER] | 2023-12-11 19:43:04.781 | [Info] (LLDBApiDebugger.cpp, OnDapRequest, line: 178) | request = variables, seq = 14
[DAP SERVER] | 2023-12-11 19:43:04.781 | [Info] (DebugSession.cpp, OnDebuggerResponse, line: 152) | send response: 
{
    "body": {
        "variables": []
    },
    "command": "variables",
    "request_seq": 14,
    "seq": 61,
    "success": true,
    "type": "response"
}
[DAP SERVER] | 2023-12-11 19:43:04.781 | [Info] (LLDBApiDebugger.cpp, OnDapRequest, line: 213) | handle request end!
[DAP SERVER] | 2023-12-11 19:43:05.385 | [Info] (DebugSession.cpp, OnChannelData, line: 45) | channel 0 receive data: 
Content-Length: 105

{"command":"disconnect","arguments":{"restart":false,"terminateDebuggee":true},"type":"request","seq":15}
[DAP SERVER] | 2023-12-11 19:43:05.385 | [Info] (MessageBuffer.cpp, GetBodyLength, line: 42) | Head length string: Content-Length: 105
[DAP SERVER] | 2023-12-11 19:43:05.385 | [Info] (MessageBuffer.cpp, GetBodyLength, line: 57) | Get body length from head = 105
[DAP SERVER] | 2023-12-11 19:43:05.385 | [Info] (MessageBuffer.cpp, Pop, line: 116) | Head length = 19, body length = 105
[DAP SERVER] | 2023-12-11 19:43:05.385 | [Info] (MessageBuffer.cpp, GetMessageType, line: 74) | Body string: 
{
    "arguments": {
        "restart": false,
        "terminateDebuggee": true
    },
    "command": "disconnect",
    "seq": 15,
    "type": "request"
}
[DAP SERVER] | 2023-12-11 19:43:05.385 | [Info] (DebugSession.cpp, OnMessageBuffer, line: 69) | Pop request, command = disconnect, seq = 15
[DAP SERVER] | 2023-12-11 19:43:05.385 | [Info] (LLDBApiDebugger.cpp, OnDapRequest, line: 178) | request = disconnect, seq = 15
[DAP SERVER] | 2023-12-11 19:43:08.399 | [Info] (DebugSession.cpp, OnChannelClose, line: 105) | DebugSession channel 0 closed
[DAP SERVER] | 2023-12-11 19:43:10.388 | [Info] (DebugSession.cpp, OnDebuggerExit, line: 116) | DebugSession session 1: debugger exited, exit code is 0, session closed
[DAP SERVER] | 2023-12-11 19:43:10.389 | [Info] (DebugSession.cpp, OnDebuggerResponse, line: 152) | send response: 
{
    "command": "disconnect",
    "request_seq": 15,
    "seq": 62,
    "success": true,
    "type": "response"
}
[DAP SERVER] | 2023-12-11 19:43:10.389 | [Info] (LLDBApiDebugger.cpp, OnDapRequest, line: 213) | handle request end!
[DAP SERVER] | 2023-12-11 19:43:10.389 | [Info] (DebugSession.cpp, OnMessageBuffer, line: 89) | OnMessageThread eixted.
[DAP SERVER] | 2023-12-11 19:43:10.389 | [Info] (DebugSession.cpp, Stop, line: 199) | Session stop, sessionId = 1
[DAP SERVER] | 2023-12-11 19:43:10.389 | [Info] (DebugSession.cpp, OnChannelClose, line: 108) | DebugSession session 1: channel closed, session closed
[DAP SERVER] | 2023-12-11 19:43:10.389 | [Error] (SocketServer.cpp, OnSessionClosed, line: 90) | debug session is already cleared!
