kotlin version: 2.1.0
error message: org.jetbrains.kotlin.backend.common.BackendException: Backend Internal error: Exception during IR lowering
File being compiled: D:/code/intellij/intellij-cangjie-cangnova/src/main/kotlin/cn/cangnova/cangjie/psi/CjExtend.kt
The root cause java.lang.RuntimeException was thrown at: org.jetbrains.kotlin.backend.jvm.codegen.FunctionCodegen.generate(FunctionCodegen.kt:48)
	at org.jetbrains.kotlin.backend.common.CodegenUtil.reportBackendException(CodegenUtil.kt:253)
	at org.jetbrains.kotlin.backend.common.CodegenUtil.reportBackendException$default(CodegenUtil.kt:236)
	at org.jetbrains.kotlin.backend.common.phaser.PerformByIrFilePhase.invokeSequential(performByIrFile.kt:55)
	at org.jetbrains.kotlin.backend.common.phaser.PerformByIrFilePhase.invoke(performByIrFile.kt:42)
	at org.jetbrains.kotlin.backend.common.phaser.PerformByIrFilePhase.invoke(performByIrFile.kt:28)
	at org.jetbrains.kotlin.backend.common.phaser.NamedCompilerPhase.phaseBody(CompilerPhase.kt:166)
	at org.jetbrains.kotlin.backend.common.phaser.AbstractNamedCompilerPhase.invoke(CompilerPhase.kt:113)
	at org.jetbrains.kotlin.backend.common.phaser.CompositePhase.invoke(PhaseBuilders.kt:27)
	at org.jetbrains.kotlin.backend.common.phaser.CompositePhase.invoke(PhaseBuilders.kt:14)
	at org.jetbrains.kotlin.backend.common.phaser.NamedCompilerPhase.phaseBody(CompilerPhase.kt:166)
	at org.jetbrains.kotlin.backend.common.phaser.AbstractNamedCompilerPhase.invoke(CompilerPhase.kt:113)
	at org.jetbrains.kotlin.backend.common.phaser.CompilerPhaseKt.invokeToplevel(CompilerPhase.kt:62)
	at org.jetbrains.kotlin.backend.jvm.JvmIrCodegenFactory.invokeCodegen(JvmIrCodegenFactory.kt:371)
	at org.jetbrains.kotlin.codegen.CodegenFactory.generateModule(CodegenFactory.kt:47)
	at org.jetbrains.kotlin.backend.jvm.JvmIrCodegenFactory.generateModuleInFrontendIRMode(JvmIrCodegenFactory.kt:433)
	at org.jetbrains.kotlin.cli.jvm.compiler.pipeline.JvmCompilerPipelineKt.generateCodeFromIr(jvmCompilerPipeline.kt:192)
	at org.jetbrains.kotlin.cli.jvm.compiler.pipeline.JvmCompilerPipelineKt.runBackend(jvmCompilerPipeline.kt:80)
	at org.jetbrains.kotlin.cli.jvm.compiler.pipeline.JvmCompilerPipelineLightTreeKt.compileModule(jvmCompilerPipelineLightTree.kt:264)
	at org.jetbrains.kotlin.cli.jvm.compiler.pipeline.JvmCompilerPipelineLightTreeKt.compileSingleModuleUsingFrontendIrAndLightTree(jvmCompilerPipelineLightTree.kt:231)
	at org.jetbrains.kotlin.cli.jvm.compiler.pipeline.JvmCompilerPipelineLightTreeKt.compileModulesUsingFrontendIrAndLightTree(jvmCompilerPipelineLightTree.kt:86)
	at org.jetbrains.kotlin.cli.jvm.K2JVMCompiler.doExecute(K2JVMCompiler.kt:146)
	at org.jetbrains.kotlin.cli.jvm.K2JVMCompiler.doExecute(K2JVMCompiler.kt:43)
	at org.jetbrains.kotlin.cli.common.CLICompiler.execImpl(CLICompiler.kt:102)
	at org.jetbrains.kotlin.cli.common.CLICompiler.exec(CLICompiler.kt:316)
	at org.jetbrains.kotlin.incremental.IncrementalJvmCompilerRunner.runCompiler(IncrementalJvmCompilerRunner.kt:464)
	at org.jetbrains.kotlin.incremental.IncrementalJvmCompilerRunner.runCompiler(IncrementalJvmCompilerRunner.kt:73)
	at org.jetbrains.kotlin.incremental.IncrementalCompilerRunner.doCompile(IncrementalCompilerRunner.kt:506)
	at org.jetbrains.kotlin.incremental.IncrementalCompilerRunner.compileImpl(IncrementalCompilerRunner.kt:423)
	at org.jetbrains.kotlin.incremental.IncrementalCompilerRunner.compileNonIncrementally(IncrementalCompilerRunner.kt:301)
	at org.jetbrains.kotlin.incremental.IncrementalCompilerRunner.compile(IncrementalCompilerRunner.kt:129)
	at org.jetbrains.kotlin.daemon.CompileServiceImplBase.execIncrementalCompiler(CompileServiceImpl.kt:674)
	at org.jetbrains.kotlin.daemon.CompileServiceImplBase.access$execIncrementalCompiler(CompileServiceImpl.kt:91)
	at org.jetbrains.kotlin.daemon.CompileServiceImpl.compile(CompileServiceImpl.kt:1659)
	at jdk.internal.reflect.GeneratedMethodAccessor12.invoke(Unknown Source)
	at java.base/jdk.internal.reflect.DelegatingMethodAccessorImpl.invoke(DelegatingMethodAccessorImpl.java:43)
	at java.base/java.lang.reflect.Method.invoke(Method.java:569)
	at java.rmi/sun.rmi.server.UnicastServerRef.dispatch(UnicastServerRef.java:360)
	at java.rmi/sun.rmi.transport.Transport$1.run(Transport.java:200)
	at java.rmi/sun.rmi.transport.Transport$1.run(Transport.java:197)
	at java.base/java.security.AccessController.doPrivileged(AccessController.java:712)
	at java.rmi/sun.rmi.transport.Transport.serviceCall(Transport.java:196)
	at java.rmi/sun.rmi.transport.tcp.TCPTransport.handleMessages(TCPTransport.java:587)
	at java.rmi/sun.rmi.transport.tcp.TCPTransport$ConnectionHandler.run0(TCPTransport.java:828)
	at java.rmi/sun.rmi.transport.tcp.TCPTransport$ConnectionHandler.lambda$run$0(TCPTransport.java:705)
	at java.base/java.security.AccessController.doPrivileged(AccessController.java:399)
	at java.rmi/sun.rmi.transport.tcp.TCPTransport$ConnectionHandler.run(TCPTransport.java:704)
	at java.base/java.util.concurrent.ThreadPoolExecutor.runWorker(ThreadPoolExecutor.java:1136)
	at java.base/java.util.concurrent.ThreadPoolExecutor$Worker.run(ThreadPoolExecutor.java:635)
	at java.base/java.lang.Thread.run(Thread.java:840)
Caused by: java.lang.RuntimeException: Exception while generating code for:
FUN name:getSupernames visibility:private modality:FINAL <> ($this:cn.cangnova.cangjie.psi.CjExtend) returnType:kotlin.String
  $this: VALUE_PARAMETER name:<this> type:cn.cangnova.cangjie.psi.CjExtend
  BLOCK_BODY
    VAR name:list type:@[Nullable(value = <null>)] cn.cangnova.cangjie.psi.CjSuperTypeList [val]
      BLOCK type=@[Nullable(value = <null>)] cn.cangnova.cangjie.psi.CjSuperTypeList origin=FOLDED_ELVIS
        WHEN type=@[Nullable(value = <null>)] cn.cangnova.cangjie.psi.CjSuperTypeList origin=FOLDED_ELVIS
          BRANCH
            if: COMPOSITE type=kotlin.Boolean origin=null
              VAR IR_TEMPORARY_VARIABLE name:tmp0_elvis_lhs type:@[EnhancedNullability] @[Nullable(value = <null>)] cn.cangnova.cangjie.psi.CjSuperTypeList? [val]
                CALL 'protected/*protected and package*/ open fun findChildByType <T> (p0: @[NotNull(value = <null>, exception = <null>)] @[EnhancedNullability] com.intellij.psi.tree.IElementType): @[Nullable(value = <null>)] @[EnhancedNullability] T of cn.cangnova.cangjie.psi.CjExtend.findChildByType? [fake_override] declared in cn.cangnova.cangjie.psi.CjExtend' type=@[EnhancedNullability] @[Nullable(value = <null>)] cn.cangnova.cangjie.psi.CjSuperTypeList? origin=null
                  <T>: @[FlexibleNullability] cn.cangnova.cangjie.psi.CjSuperTypeList?
                  $this: GET_VAR '<this>: cn.cangnova.cangjie.psi.CjExtend declared in cn.cangnova.cangjie.psi.CjExtend.getSupernames' type=cn.cangnova.cangjie.psi.CjExtend origin=null
                  p0: GET_FIELD 'FIELD IR_EXTERNAL_JAVA_DECLARATION_STUB name:SUPER_TYPE_LIST type:@[FlexibleNullability] com.intellij.psi.tree.IElementType? visibility:public [final,static] declared in cn.cangnova.cangjie.psi.CjNodeTypes' type=@[FlexibleNullability] com.intellij.psi.tree.IElementType? superQualifierSymbol=cn.cangnova.cangjie.psi.CjNodeTypes origin=null
              CALL 'public final fun not (): kotlin.Boolean [operator] declared in kotlin.Boolean' type=kotlin.Boolean origin=null
                $this: CALL 'public final fun EQEQ (arg0: kotlin.Any?, arg1: kotlin.Any?): kotlin.Boolean declared in kotlin.internal.ir' type=kotlin.Boolean origin=null
                  arg0: GET_VAR 'val tmp0_elvis_lhs: @[EnhancedNullability] @[Nullable(value = <null>)] cn.cangnova.cangjie.psi.CjSuperTypeList? [val] declared in cn.cangnova.cangjie.psi.CjExtend.getSupernames' type=@[EnhancedNullability] @[Nullable(value = <null>)] cn.cangnova.cangjie.psi.CjSuperTypeList? origin=null
                  arg1: CONST Null type=kotlin.Nothing? value=null
            then: GET_VAR 'val tmp0_elvis_lhs: @[EnhancedNullability] @[Nullable(value = <null>)] cn.cangnova.cangjie.psi.CjSuperTypeList? [val] declared in cn.cangnova.cangjie.psi.CjExtend.getSupernames' type=@[EnhancedNullability] @[Nullable(value = <null>)] cn.cangnova.cangjie.psi.CjSuperTypeList? origin=null
          BRANCH
            if: CONST Boolean type=kotlin.Boolean value=true
            then: RETURN type=kotlin.Nothing from='private final fun getSupernames (): kotlin.String declared in cn.cangnova.cangjie.psi.CjExtend'
              CONST String type=kotlin.String value="null"
    VAR name:names type:kotlin.collections.List<@[FlexibleNullability] @[NlsSafe] kotlin.String?> [val]
      CALL 'public final fun map <T, R> (transform: kotlin.Function1<T of kotlin.collections.ArraysKt.map, R of kotlin.collections.ArraysKt.map>): kotlin.collections.List<R of kotlin.collections.ArraysKt.map> [inline] declared in kotlin.collections.ArraysKt' type=kotlin.collections.List<@[FlexibleNullability] @[NlsSafe] kotlin.String?> origin=null
        <T>: cn.cangnova.cangjie.psi.CjSuperTypeEntry
        <R>: @[FlexibleNullability] @[NlsSafe] kotlin.String?
        $receiver: CALL 'public final fun getChildrenOfType <T> (): kotlin.Array<T of cn.cangnova.cangjie.psi.psiUtil.PsiElementKt.getChildrenOfType> [inline] declared in cn.cangnova.cangjie.psi.psiUtil.PsiElementKt' type=kotlin.Array<cn.cangnova.cangjie.psi.CjSuperTypeEntry> origin=null
          <T>: cn.cangnova.cangjie.psi.CjSuperTypeEntry
          $receiver: GET_VAR 'val list: @[Nullable(value = <null>)] cn.cangnova.cangjie.psi.CjSuperTypeList [val] declared in cn.cangnova.cangjie.psi.CjExtend.getSupernames' type=@[Nullable(value = <null>)] cn.cangnova.cangjie.psi.CjSuperTypeList origin=null
        transform: BLOCK type=kotlin.Function1<cn.cangnova.cangjie.psi.CjSuperTypeEntry, @[FlexibleNullability] @[NlsSafe] kotlin.String?> origin=LAMBDA
          COMPOSITE type=kotlin.Unit origin=null
          FUNCTION_REFERENCE 'private final fun getSupernames$lambda$2 (it: cn.cangnova.cangjie.psi.CjSuperTypeEntry): @[FlexibleNullability] @[NlsSafe] kotlin.String? declared in cn.cangnova.cangjie.psi.CjExtend' type=kotlin.Function1<cn.cangnova.cangjie.psi.CjSuperTypeEntry, @[FlexibleNullability] @[NlsSafe] kotlin.String?> origin=INLINE_LAMBDA reflectionTarget=null
    RETURN type=kotlin.Nothing from='private final fun getSupernames (): kotlin.String declared in cn.cangnova.cangjie.psi.CjExtend'
      CALL 'public final fun joinToString$default <T> (separator: kotlin.CharSequence?, prefix: kotlin.CharSequence?, postfix: kotlin.CharSequence?, limit: kotlin.Int, truncated: kotlin.CharSequence?, transform: kotlin.Function1<T of kotlin.collections.CollectionsKt.joinToString$default, kotlin.CharSequence>?, $mask0: kotlin.Int, $handler: kotlin.Any?): kotlin.String declared in kotlin.collections.CollectionsKt' type=kotlin.String origin=DEFAULT_DISPATCH_CALL
        <T>: @[FlexibleNullability] @[NlsSafe] kotlin.String?
        $receiver: GET_VAR 'val names: kotlin.collections.List<@[FlexibleNullability] @[NlsSafe] kotlin.String?> [val] declared in cn.cangnova.cangjie.psi.CjExtend.getSupernames' type=kotlin.collections.List<@[FlexibleNullability] @[NlsSafe] kotlin.String?> origin=null
        separator: COMPOSITE type=kotlin.CharSequence? origin=DEFAULT_VALUE
          CONST Null type=kotlin.CharSequence? value=null
        prefix: COMPOSITE type=kotlin.CharSequence? origin=DEFAULT_VALUE
          CONST Null type=kotlin.CharSequence? value=null
        postfix: COMPOSITE type=kotlin.CharSequence? origin=DEFAULT_VALUE
          CONST Null type=kotlin.CharSequence? value=null
        limit: COMPOSITE type=kotlin.Int origin=DEFAULT_VALUE
          CONST Int type=kotlin.Int value=0
        truncated: COMPOSITE type=kotlin.CharSequence? origin=DEFAULT_VALUE
          CONST Null type=kotlin.CharSequence? value=null
        transform: COMPOSITE type=kotlin.Function1<T of kotlin.collections.CollectionsKt.joinToString$default, kotlin.CharSequence>? origin=DEFAULT_VALUE
          CONST Null type=kotlin.Function1<T of kotlin.collections.CollectionsKt.joinToString$default, kotlin.CharSequence>? value=null
        $mask0: CONST Int type=kotlin.Int value=63
        $handler: CONST Null type=kotlin.Any? value=null

	at org.jetbrains.kotlin.backend.jvm.codegen.FunctionCodegen.generate(FunctionCodegen.kt:48)
	at org.jetbrains.kotlin.backend.jvm.codegen.FunctionCodegen.generate$default(FunctionCodegen.kt:41)
	at org.jetbrains.kotlin.backend.jvm.codegen.ClassCodegen.generateMethodNode(ClassCodegen.kt:407)
	at org.jetbrains.kotlin.backend.jvm.codegen.ClassCodegen.generateMethod(ClassCodegen.kt:424)
	at org.jetbrains.kotlin.backend.jvm.codegen.ClassCodegen.generate(ClassCodegen.kt:169)
	at org.jetbrains.kotlin.backend.jvm.FileCodegen.lower(JvmPhases.kt:39)
	at org.jetbrains.kotlin.backend.common.phaser.PhaseFactoriesKt.createFilePhase$lambda$4(PhaseFactories.kt:71)
	at org.jetbrains.kotlin.backend.common.phaser.PhaseBuildersKt$createSimpleNamedCompilerPhase$1.phaseBody(PhaseBuilders.kt:69)
	at org.jetbrains.kotlin.backend.common.phaser.SimpleNamedCompilerPhase.phaseBody(CompilerPhase.kt:226)
	at org.jetbrains.kotlin.backend.common.phaser.AbstractNamedCompilerPhase.invoke(CompilerPhase.kt:113)
	at org.jetbrains.kotlin.backend.common.phaser.PerformByIrFilePhase.invokeSequential(performByIrFile.kt:52)
	... 46 more
Caused by: java.lang.OutOfMemoryError: GC overhead limit exceeded


