kotlin version: 2.1.0
error message: org.jetbrains.kotlin.backend.common.BackendException: Backend Internal error: Exception during IR lowering
File being compiled: D:/code/intellij/intellij-cangjie-cangnova/src/main/kotlin/cn/cangnova/cangjie/psi/CjFile.kt
The root cause java.lang.RuntimeException was thrown at: org.jetbrains.kotlin.backend.jvm.codegen.FunctionCodegen.generate(FunctionCodegen.kt:48)
	at org.jetbrains.kotlin.backend.common.CodegenUtil.reportBackendException(CodegenUtil.kt:253)
	at org.jetbrains.kotlin.backend.common.CodegenUtil.reportBackendException$default(CodegenUtil.kt:236)
	at org.jetbrains.kotlin.backend.common.phaser.PerformByIrFilePhase.invokeSequential(performByIrFile.kt:55)
	at org.jetbrains.kotlin.backend.common.phaser.PerformByIrFilePhase.invoke(performByIrFile.kt:42)
	at org.jetbrains.kotlin.backend.common.phaser.PerformByIrFilePhase.invoke(performByIrFile.kt:28)
	at org.jetbrains.kotlin.backend.common.phaser.NamedCompilerPhase.phaseBody(CompilerPhase.kt:166)
	at org.jetbrains.kotlin.backend.common.phaser.AbstractNamedCompilerPhase.invoke(CompilerPhase.kt:113)
	at org.jetbrains.kotlin.backend.common.phaser.CompositePhase.invoke(PhaseBuilders.kt:27)
	at org.jetbrains.kotlin.backend.common.phaser.CompositePhase.invoke(PhaseBuilders.kt:14)
	at org.jetbrains.kotlin.backend.common.phaser.NamedCompilerPhase.phaseBody(CompilerPhase.kt:166)
	at org.jetbrains.kotlin.backend.common.phaser.AbstractNamedCompilerPhase.invoke(CompilerPhase.kt:113)
	at org.jetbrains.kotlin.backend.common.phaser.CompilerPhaseKt.invokeToplevel(CompilerPhase.kt:62)
	at org.jetbrains.kotlin.backend.jvm.JvmIrCodegenFactory.invokeCodegen(JvmIrCodegenFactory.kt:371)
	at org.jetbrains.kotlin.codegen.CodegenFactory.generateModule(CodegenFactory.kt:47)
	at org.jetbrains.kotlin.backend.jvm.JvmIrCodegenFactory.generateModuleInFrontendIRMode(JvmIrCodegenFactory.kt:433)
	at org.jetbrains.kotlin.cli.jvm.compiler.pipeline.JvmCompilerPipelineKt.generateCodeFromIr(jvmCompilerPipeline.kt:192)
	at org.jetbrains.kotlin.cli.jvm.compiler.pipeline.JvmCompilerPipelineKt.runBackend(jvmCompilerPipeline.kt:80)
	at org.jetbrains.kotlin.cli.jvm.compiler.pipeline.JvmCompilerPipelineLightTreeKt.compileModule(jvmCompilerPipelineLightTree.kt:264)
	at org.jetbrains.kotlin.cli.jvm.compiler.pipeline.JvmCompilerPipelineLightTreeKt.compileSingleModuleUsingFrontendIrAndLightTree(jvmCompilerPipelineLightTree.kt:231)
	at org.jetbrains.kotlin.cli.jvm.compiler.pipeline.JvmCompilerPipelineLightTreeKt.compileModulesUsingFrontendIrAndLightTree(jvmCompilerPipelineLightTree.kt:86)
	at org.jetbrains.kotlin.cli.jvm.K2JVMCompiler.doExecute(K2JVMCompiler.kt:146)
	at org.jetbrains.kotlin.cli.jvm.K2JVMCompiler.doExecute(K2JVMCompiler.kt:43)
	at org.jetbrains.kotlin.cli.common.CLICompiler.execImpl(CLICompiler.kt:102)
	at org.jetbrains.kotlin.cli.common.CLICompiler.exec(CLICompiler.kt:316)
	at org.jetbrains.kotlin.incremental.IncrementalJvmCompilerRunner.runCompiler(IncrementalJvmCompilerRunner.kt:464)
	at org.jetbrains.kotlin.incremental.IncrementalJvmCompilerRunner.runCompiler(IncrementalJvmCompilerRunner.kt:73)
	at org.jetbrains.kotlin.incremental.IncrementalCompilerRunner.doCompile(IncrementalCompilerRunner.kt:506)
	at org.jetbrains.kotlin.incremental.IncrementalCompilerRunner.compileImpl(IncrementalCompilerRunner.kt:423)
	at org.jetbrains.kotlin.incremental.IncrementalCompilerRunner.compileNonIncrementally(IncrementalCompilerRunner.kt:301)
	at org.jetbrains.kotlin.incremental.IncrementalCompilerRunner.compile(IncrementalCompilerRunner.kt:129)
	at org.jetbrains.kotlin.daemon.CompileServiceImplBase.execIncrementalCompiler(CompileServiceImpl.kt:674)
	at org.jetbrains.kotlin.daemon.CompileServiceImplBase.access$execIncrementalCompiler(CompileServiceImpl.kt:91)
	at org.jetbrains.kotlin.daemon.CompileServiceImpl.compile(CompileServiceImpl.kt:1659)
	at java.base/jdk.internal.reflect.NativeMethodAccessorImpl.invoke0(Native Method)
	at java.base/jdk.internal.reflect.NativeMethodAccessorImpl.invoke(NativeMethodAccessorImpl.java:77)
	at java.base/jdk.internal.reflect.DelegatingMethodAccessorImpl.invoke(DelegatingMethodAccessorImpl.java:43)
	at java.base/java.lang.reflect.Method.invoke(Method.java:569)
	at java.rmi/sun.rmi.server.UnicastServerRef.dispatch(UnicastServerRef.java:360)
	at java.rmi/sun.rmi.transport.Transport$1.run(Transport.java:200)
	at java.rmi/sun.rmi.transport.Transport$1.run(Transport.java:197)
	at java.base/java.security.AccessController.doPrivileged(AccessController.java:712)
	at java.rmi/sun.rmi.transport.Transport.serviceCall(Transport.java:196)
	at java.rmi/sun.rmi.transport.tcp.TCPTransport.handleMessages(TCPTransport.java:587)
	at java.rmi/sun.rmi.transport.tcp.TCPTransport$ConnectionHandler.run0(TCPTransport.java:828)
	at java.rmi/sun.rmi.transport.tcp.TCPTransport$ConnectionHandler.lambda$run$0(TCPTransport.java:705)
	at java.base/java.security.AccessController.doPrivileged(AccessController.java:399)
	at java.rmi/sun.rmi.transport.tcp.TCPTransport$ConnectionHandler.run(TCPTransport.java:704)
	at java.base/java.util.concurrent.ThreadPoolExecutor.runWorker(ThreadPoolExecutor.java:1136)
	at java.base/java.util.concurrent.ThreadPoolExecutor$Worker.run(ThreadPoolExecutor.java:635)
	at java.base/java.lang.Thread.run(Thread.java:840)
Caused by: java.lang.RuntimeException: Exception while generating code for:
FUN name:<get-declarations> visibility:public modality:OPEN <> ($this:cn.cangnova.cangjie.psi.CjCommonFile) returnType:kotlin.collections.List<cn.cangnova.cangjie.psi.CjDeclaration>
  correspondingProperty: PROPERTY name:declarations visibility:public modality:OPEN [val]
  overridden:
    public abstract fun <get-declarations> (): kotlin.collections.List<cn.cangnova.cangjie.psi.CjDeclaration> declared in cn.cangnova.cangjie.psi.CjDeclarationContainer
  $this: VALUE_PARAMETER name:<this> type:cn.cangnova.cangjie.psi.CjCommonFile
  BLOCK_BODY
    VAR name:stub type:cn.cangnova.cangjie.psi.stubs.CangJieFileStub? [val]
      CALL 'public open fun getStub (): cn.cangnova.cangjie.psi.stubs.CangJieFileStub? declared in cn.cangnova.cangjie.psi.CjCommonFile' type=cn.cangnova.cangjie.psi.stubs.CangJieFileStub? origin=GET_PROPERTY
        $this: GET_VAR '<this>: cn.cangnova.cangjie.psi.CjCommonFile declared in cn.cangnova.cangjie.psi.CjCommonFile.<get-declarations>' type=cn.cangnova.cangjie.psi.CjCommonFile origin=null
    RETURN type=kotlin.Nothing from='public open fun <get-declarations> (): kotlin.collections.List<cn.cangnova.cangjie.psi.CjDeclaration> declared in cn.cangnova.cangjie.psi.CjCommonFile'
      BLOCK type=kotlin.collections.List<cn.cangnova.cangjie.psi.CjDeclaration> origin=FOLDED_ELVIS
        WHEN type=kotlin.collections.List<cn.cangnova.cangjie.psi.CjDeclaration> origin=FOLDED_ELVIS
          BRANCH
            if: CALL 'public final fun ANDAND (arg0: kotlin.Boolean, arg1: kotlin.Boolean): kotlin.Boolean declared in kotlin.internal.ir' type=kotlin.Boolean origin=null
              arg0: CALL 'public final fun ANDAND (arg0: kotlin.Boolean, arg1: kotlin.Boolean): kotlin.Boolean declared in kotlin.internal.ir' type=kotlin.Boolean origin=null
                arg0: COMPOSITE type=kotlin.Boolean origin=null
                  CALL 'public final fun not (): kotlin.Boolean [operator] declared in kotlin.Boolean' type=kotlin.Boolean origin=null
                    $this: CALL 'public final fun EQEQ (arg0: kotlin.Any?, arg1: kotlin.Any?): kotlin.Boolean declared in kotlin.internal.ir' type=kotlin.Boolean origin=null
                      arg0: GET_VAR 'val stub: cn.cangnova.cangjie.psi.stubs.CangJieFileStub? [val] declared in cn.cangnova.cangjie.psi.CjCommonFile.<get-declarations>' type=cn.cangnova.cangjie.psi.stubs.CangJieFileStub? origin=null
                      arg1: CONST Null type=kotlin.Nothing? value=null
                arg1: COMPOSITE type=kotlin.Boolean origin=null
                  VAR IR_TEMPORARY_VARIABLE name:tmp1_safe_receiver type:@[EnhancedNullability] @[FlexibleArrayElementVariance] @[NotNull(value = <null>, exception = <null>)] kotlin.Array<out @[FlexibleNullability] cn.cangnova.cangjie.psi.CjDeclaration?> [val]
                    CALL 'public abstract fun getChildrenByType <E> (p0: @[NotNull(value = <null>, exception = <null>)] @[EnhancedNullability] com.intellij.psi.tree.TokenSet, p1: @[NotNull(value = <null>, exception = <null>)] @[EnhancedNullability] com.intellij.util.ArrayFactory<out @[FlexibleNullability] E of cn.cangnova.cangjie.psi.stubs.CangJieFileStub.getChildrenByType?>): @[NotNull(value = <null>, exception = <null>)] @[EnhancedNullability] @[FlexibleArrayElementVariance] kotlin.Array<out @[FlexibleNullability] E of cn.cangnova.cangjie.psi.stubs.CangJieFileStub.getChildrenByType?> [fake_override] declared in cn.cangnova.cangjie.psi.stubs.CangJieFileStub' type=@[EnhancedNullability] @[FlexibleArrayElementVariance] @[NotNull(value = <null>, exception = <null>)] kotlin.Array<out @[FlexibleNullability] cn.cangnova.cangjie.psi.CjDeclaration?> origin=null
                      <E>: @[FlexibleNullability] cn.cangnova.cangjie.psi.CjDeclaration?
                      $this: GET_VAR 'val stub: cn.cangnova.cangjie.psi.stubs.CangJieFileStub? [val] declared in cn.cangnova.cangjie.psi.CjCommonFile.<get-declarations>' type=cn.cangnova.cangjie.psi.stubs.CangJieFileStub? origin=null
                      p0: CALL 'public final fun <get-FILE_DECLARATION_TYPES> (): @[NotNull(value = <null>, exception = <null>)] com.intellij.psi.tree.TokenSet declared in cn.cangnova.cangjie.psi.CjFile.Companion' type=@[NotNull(value = <null>, exception = <null>)] com.intellij.psi.tree.TokenSet origin=GET_PROPERTY
                        $this: GET_FIELD 'FIELD FIELD_FOR_OBJECT_INSTANCE name:Companion type:cn.cangnova.cangjie.psi.CjFile.Companion visibility:public [final,static] declared in cn.cangnova.cangjie.psi.CjFile' type=cn.cangnova.cangjie.psi.CjFile.Companion origin=null
                      p1: CALL 'public final fun <get-ARRAY_FACTORY> (): com.intellij.util.ArrayFactory<cn.cangnova.cangjie.psi.CjDeclaration> declared in cn.cangnova.cangjie.psi.CjDeclaration.Companion' type=com.intellij.util.ArrayFactory<cn.cangnova.cangjie.psi.CjDeclaration> origin=GET_PROPERTY
                        $this: GET_FIELD 'FIELD FIELD_FOR_OBJECT_INSTANCE name:Companion type:cn.cangnova.cangjie.psi.CjDeclaration.Companion visibility:public [final,static] declared in cn.cangnova.cangjie.psi.CjDeclaration' type=cn.cangnova.cangjie.psi.CjDeclaration.Companion origin=null
                  CALL 'public final fun not (): kotlin.Boolean [operator] declared in kotlin.Boolean' type=kotlin.Boolean origin=null
                    $this: CALL 'public final fun EQEQ (arg0: kotlin.Any?, arg1: kotlin.Any?): kotlin.Boolean declared in kotlin.internal.ir' type=kotlin.Boolean origin=null
                      arg0: GET_VAR 'val tmp1_safe_receiver: @[EnhancedNullability] @[FlexibleArrayElementVariance] @[NotNull(value = <null>, exception = <null>)] kotlin.Array<out @[FlexibleNullability] cn.cangnova.cangjie.psi.CjDeclaration?> [val] declared in cn.cangnova.cangjie.psi.CjCommonFile.<get-declarations>' type=@[EnhancedNullability] @[FlexibleArrayElementVariance] @[NotNull(value = <null>, exception = <null>)] kotlin.Array<out @[FlexibleNullability] cn.cangnova.cangjie.psi.CjDeclaration?> origin=null
                      arg1: CONST Null type=kotlin.Nothing? value=null
              arg1: COMPOSITE type=kotlin.Boolean origin=null
                VAR IR_TEMPORARY_VARIABLE name:tmp2_elvis_lhs type:kotlin.collections.List<@[FlexibleNullability] cn.cangnova.cangjie.psi.CjDeclaration?> [val]
                  CALL 'public final fun toList <T> (): kotlin.collections.List<T of kotlin.collections.ArraysKt.toList> declared in kotlin.collections.ArraysKt' type=kotlin.collections.List<@[FlexibleNullability] cn.cangnova.cangjie.psi.CjDeclaration?> origin=null
                    <T>: @[FlexibleNullability] cn.cangnova.cangjie.psi.CjDeclaration?
                    $receiver: GET_VAR 'val tmp1_safe_receiver: @[EnhancedNullability] @[FlexibleArrayElementVariance] @[NotNull(value = <null>, exception = <null>)] kotlin.Array<out @[FlexibleNullability] cn.cangnova.cangjie.psi.CjDeclaration?> [val] declared in cn.cangnova.cangjie.psi.CjCommonFile.<get-declarations>' type=@[EnhancedNullability] @[FlexibleArrayElementVariance] @[NotNull(value = <null>, exception = <null>)] kotlin.Array<out @[FlexibleNullability] cn.cangnova.cangjie.psi.CjDeclaration?>? origin=null
                CALL 'public final fun not (): kotlin.Boolean [operator] declared in kotlin.Boolean' type=kotlin.Boolean origin=null
                  $this: CALL 'public final fun EQEQ (arg0: kotlin.Any?, arg1: kotlin.Any?): kotlin.Boolean declared in kotlin.internal.ir' type=kotlin.Boolean origin=null
                    arg0: GET_VAR 'val tmp2_elvis_lhs: kotlin.collections.List<@[FlexibleNullability] cn.cangnova.cangjie.psi.CjDeclaration?> [val] declared in cn.cangnova.cangjie.psi.CjCommonFile.<get-declarations>' type=kotlin.collections.List<@[FlexibleNullability] cn.cangnova.cangjie.psi.CjDeclaration?> origin=null
                    arg1: CONST Null type=kotlin.Nothing? value=null
            then: GET_VAR 'val tmp2_elvis_lhs: kotlin.collections.List<@[FlexibleNullability] cn.cangnova.cangjie.psi.CjDeclaration?> [val] declared in cn.cangnova.cangjie.psi.CjCommonFile.<get-declarations>' type=kotlin.collections.List<@[FlexibleNullability] cn.cangnova.cangjie.psi.CjDeclaration?> origin=null
          BRANCH
            if: CONST Boolean type=kotlin.Boolean value=true
            then: CALL 'public final fun apply <T> (block: @[ExtensionFunctionType] kotlin.Function1<T of kotlin.StandardKt.apply, kotlin.Unit>): T of kotlin.StandardKt.apply [inline] declared in kotlin.StandardKt' type=kotlin.collections.MutableList<@[FlexibleNullability] cn.cangnova.cangjie.psi.CjDeclaration?> origin=null
              <T>: kotlin.collections.MutableList<@[FlexibleNullability] cn.cangnova.cangjie.psi.CjDeclaration?>
              $receiver: CALL 'public final fun toMutableList <T> (): kotlin.collections.MutableList<T of kotlin.collections.CollectionsKt.toMutableList> declared in kotlin.collections.CollectionsKt' type=kotlin.collections.MutableList<@[FlexibleNullability] cn.cangnova.cangjie.psi.CjDeclaration?> origin=null
                <T>: @[FlexibleNullability] cn.cangnova.cangjie.psi.CjDeclaration?
                $receiver: BLOCK type=@[FlexibleMutability] @[Unmodifiable] @[NotNull(value = <null>, exception = <null>)] kotlin.collections.MutableList<@[FlexibleNullability] cn.cangnova.cangjie.psi.CjDeclaration?> origin=null
                  VAR IR_TEMPORARY_VARIABLE name:tmp0 type:kotlin.Any? [val]
                    CALL 'public open fun getChildrenOfTypeAsList <T> (p0: @[Nullable(value = <null>)] @[EnhancedNullability] com.intellij.psi.PsiElement?, p1: @[NotNull(value = <null>, exception = <null>)] @[EnhancedNullability] java.lang.Class<out @[FlexibleNullability] T of com.intellij.psi.util.PsiTreeUtil.getChildrenOfTypeAsList?>): @[Unmodifiable] @[NotNull(value = <null>, exception = <null>)] @[EnhancedNullability] @[FlexibleMutability] kotlin.collections.MutableList<@[FlexibleNullability] T of com.intellij.psi.util.PsiTreeUtil.getChildrenOfTypeAsList?> declared in com.intellij.psi.util.PsiTreeUtil' type=@[EnhancedNullability] @[FlexibleMutability] @[Unmodifiable] @[NotNull(value = <null>, exception = <null>)] kotlin.collections.MutableList<@[FlexibleNullability] cn.cangnova.cangjie.psi.CjDeclaration?> origin=null
                      <T>: @[FlexibleNullability] cn.cangnova.cangjie.psi.CjDeclaration?
                      p0: GET_VAR '<this>: cn.cangnova.cangjie.psi.CjCommonFile declared in cn.cangnova.cangjie.psi.CjCommonFile.<get-declarations>' type=cn.cangnova.cangjie.psi.CjCommonFile origin=null
                      p1: CALL 'public final fun <get-java> <T> (): java.lang.Class<T of kotlin.jvm.JvmClassMappingKt.<get-java>> declared in kotlin.jvm.JvmClassMappingKt' type=java.lang.Class<cn.cangnova.cangjie.psi.CjDeclaration> origin=GET_PROPERTY
                        <T>: cn.cangnova.cangjie.psi.CjDeclaration
                        $receiver: CLASS_REFERENCE 'CLASS INTERFACE name:CjDeclaration modality:ABSTRACT visibility:public superTypes:[cn.cangnova.cangjie.psi.CjExpression; cn.cangnova.cangjie.psi.CjModifierListOwner]' type=kotlin.reflect.KClass<cn.cangnova.cangjie.psi.CjDeclaration>
                  CALL 'public final fun checkNotNullExpressionValue (value: kotlin.Any?, expression: kotlin.String): kotlin.Unit declared in kotlin.jvm.internal.Intrinsics' type=kotlin.Unit origin=null
                    value: GET_VAR 'val tmp0: kotlin.Any? [val] declared in cn.cangnova.cangjie.psi.CjCommonFile.<get-declarations>' type=kotlin.Any? origin=null
                    expression: CONST String type=kotlin.String value="getChildrenOfTypeAsList(...)"
                  GET_VAR 'val tmp0: kotlin.Any? [val] declared in cn.cangnova.cangjie.psi.CjCommonFile.<get-declarations>' type=kotlin.Any? origin=null
              block: BLOCK type=@[ExtensionFunctionType] kotlin.Function1<kotlin.collections.MutableList<@[FlexibleNullability] cn.cangnova.cangjie.psi.CjDeclaration?>, kotlin.Unit> origin=LAMBDA
                COMPOSITE type=kotlin.Unit origin=null
                FUNCTION_REFERENCE 'private final fun _get_declarations_$lambda$9 (): kotlin.Unit declared in cn.cangnova.cangjie.psi.CjCommonFile' type=@[ExtensionFunctionType] kotlin.Function1<kotlin.collections.MutableList<@[FlexibleNullability] cn.cangnova.cangjie.psi.CjDeclaration?>, kotlin.Unit> origin=INLINE_LAMBDA reflectionTarget=null

	at org.jetbrains.kotlin.backend.jvm.codegen.FunctionCodegen.generate(FunctionCodegen.kt:48)
	at org.jetbrains.kotlin.backend.jvm.codegen.FunctionCodegen.generate$default(FunctionCodegen.kt:41)
	at org.jetbrains.kotlin.backend.jvm.codegen.ClassCodegen.generateMethodNode(ClassCodegen.kt:407)
	at org.jetbrains.kotlin.backend.jvm.codegen.ClassCodegen.generateMethod(ClassCodegen.kt:424)
	at org.jetbrains.kotlin.backend.jvm.codegen.ClassCodegen.generate(ClassCodegen.kt:169)
	at org.jetbrains.kotlin.backend.jvm.FileCodegen.lower(JvmPhases.kt:39)
	at org.jetbrains.kotlin.backend.common.phaser.PhaseFactoriesKt.createFilePhase$lambda$4(PhaseFactories.kt:71)
	at org.jetbrains.kotlin.backend.common.phaser.PhaseBuildersKt$createSimpleNamedCompilerPhase$1.phaseBody(PhaseBuilders.kt:69)
	at org.jetbrains.kotlin.backend.common.phaser.SimpleNamedCompilerPhase.phaseBody(CompilerPhase.kt:226)
	at org.jetbrains.kotlin.backend.common.phaser.AbstractNamedCompilerPhase.invoke(CompilerPhase.kt:113)
	at org.jetbrains.kotlin.backend.common.phaser.PerformByIrFilePhase.invokeSequential(performByIrFile.kt:52)
	... 47 more
Caused by: java.lang.OutOfMemoryError: GC overhead limit exceeded


